******************************************************************************
                  TI ARM Linker Unix v18.1.5                   
******************************************************************************
>> Linked Mon Apr 22 16:51:49 2019

OUTPUT FILE NAME:   <acsnb-sensor-tiva.out>
ENTRY POINT SYMBOL: "_c_int00"  address: 00007101


MEMORY CONFIGURATION

         name            origin    length      used     unused   attr    fill
----------------------  --------  ---------  --------  --------  ----  --------
  FLASH                 00000000   00040000  0000bdf2  0003420e  R  X
  SRAM                  20000000   00008000  00006382  00001c7e  RW X


SEGMENT ALLOCATION MAP

run origin  load origin   length   init length attrs members
----------  ----------- ---------- ----------- ----- -------
00000000    00000000    0000bdf8   0000bdf8    r-x
  00000000    00000000    0000003c   0000003c    r-- .resetVecs
  00000040    00000040    0000910a   0000910a    r-x .text
  0000914c    0000914c    000029a4   000029a4    r-- .const
  0000baf0    0000baf0    00000308   00000308    r-- .cinit
20000000    20000000    00000360   00000000    rw-
  20000000    20000000    00000360   00000000    rw- .vecs
20000380    20000380    00004ab0   00000000    rw-
  20000380    20000380    00004ab0   00000000    rw- .bss
20005000    20005000    00001578   00000000    rw-
  20005000    20005000    00001272   00000000    rw- .data
  20006278    20006278    00000300   00000000    rw- .stack


SECTION ALLOCATION MAP

 output                                  attributes/
section   page    origin      length       input sections
--------  ----  ----------  ----------   ----------------
.resetVecs 
*          0    00000000    0000003c     
                  00000000    0000003c     acsnb-sensor-tiva_pem4f.oem4f (.resetVecs)

.text      0    00000040    0000910a     
                  00000040    00000753     acsnb-sensor-tiva.obj (.text:taskI2Ccommon)
                  00000793    00000001     --HOLE-- [fill = 0]
                  00000794    00000004     driverlib.lib : i2c.obj (.text:I2CMasterControl)
                  00000798    00000430     sysbios.aem4f : BIOS.obj (.text:ti_sysbios_family_arm_m3_Hwi_excDumpRegs__I)
                  00000bc8    0000034c     ti.targets.arm.rtsarm.aem4f : System.oem4f (.text:xdc_runtime_System_doPrint__I)
                  00000f14    00000004     driverlib.lib : i2c.obj (.text:I2CMasterDataGet)
                  00000f18    0000031c     sysbios.aem4f : BIOS.obj (.text:ti_sysbios_knl_Semaphore_pend__E)
                  00001234    000002d0     acsnb-sensor-tiva.obj (.text:main)
                  00001504    00000294     acsnb-sensor-tiva.obj (.text:setupAD7746)
                  00001798    00000294     acsnb-sensor-tiva.obj (.text:slaveTaskFxn)
                  00001a2c    00000004     driverlib.lib : i2c.obj (.text:I2CMasterDataPut)
                  00001a30    0000026c     sysbios.aem4f : BIOS.obj (.text:ti_sysbios_heaps_HeapMem_free__E)
                  00001c9c    00000004     driverlib.lib : ssi.obj (.text:SSIIntClear)
                  00001ca0    00000250     sysbios.aem4f : BIOS.obj (.text:ti_sysbios_heaps_HeapMem_alloc__E)
                  00001ef0    00000240     acsnb-sensor-tiva.obj (.text:readAD7746)
                  00002130    00000208     sysbios.aem4f : BIOS.obj (.text:ti_sysbios_knl_Task_sleep__E)
                  00002338    000001fc                   : BIOS.obj (.text:ti_sysbios_family_arm_m3_Hwi_excHandlerMax__I)
                  00002534    000001e8     acsnb-sensor-tiva_pem4f.oem4f (.text:xdc_runtime_System_printfExtend__I)
                  0000271c    000001d0     acsnb-sensor-tiva.obj (.text:readSi7020)
                  000028ec    000001b6     rtsv7M4_T_le_v4SPD16_eabi.lib : fd_add_t2.asm.obj (.text)
                  00002aa2    00000006     driverlib.lib : gpio.obj (.text:GPIOIntClear)
                  00002aa8    0000018c     sysbios.aem4f : BIOS.obj (.text:ti_sysbios_family_arm_lm4_Timer_start__E)
                  00002c34    00000004     rtsv7M4_T_le_v4SPD16_eabi.lib : exit.c.obj (.text:abort:abort)
                  00002c38    00000178     sysbios.aem4f : BIOS.obj (.text:ti_sysbios_family_arm_lm4_TimestampProvider_get64__E)
                  00002db0    00000174                   : BIOS.obj (.text:ti_sysbios_family_arm_m3_Hwi_excBusFault__I)
                  00002f24    00000004     acsnb-sensor-tiva_pem4f.oem4f (.text:ti_sysbios_BIOS_RtsGateProxy_enter__E)
                  00002f28    00000164     sysbios.aem4f : BIOS.obj (.text:ti_sysbios_family_arm_m3_Hwi_excUsageFault__I)
                  0000308c    00000158     acsnb-sensor-tiva.obj (.text:switchPCA9536)
                  000031e4    00000150     drivers_tivaware.aem4f : GPIOTiva.oem4f (.text:GPIO_setConfig)
                  00003334    00000004     acsnb-sensor-tiva_pem4f.oem4f (.text:ti_sysbios_BIOS_RtsGateProxy_leave__E)
                  00003338    00000148     sysbios.aem4f : BIOS.obj (.text:ti_sysbios_family_arm_m3_Hwi_excMemFault__I)
                  00003480    00000140                   : BIOS.obj (.text:ti_sysbios_knl_Semaphore_post__E)
                  000035c0    0000013c                   : BIOS.obj (.text:ti_sysbios_heaps_HeapMem_Instance_init__E)
                  000036fc    00000004                   : BIOS.obj (.text:ti_sysbios_family_arm_lm4_Timer_masterEnable__I)
                  00003700    0000013c                   : BIOS.obj (.text:ti_sysbios_knl_Clock_workFunc__E)
                  0000383c    00000004     acsnb-sensor-tiva_pem4f.oem4f (.text:ti_sysbios_family_arm_m3_Hwi_destruct)
                  00003840    00000138     sysbios.aem4f : BIOS.obj (.text:ti_sysbios_family_arm_m3_Hwi_dispatchC__I)
                  00003978    00000138     acsnb-sensor-tiva_pem4f.oem4f (.text:ti_uia_loggers_LoggerStopMode_writeMemoryRange__E)
                  00003ab0    00000136     rtsv7M4_T_le_v4SPD16_eabi.lib : fd_div_t2.asm.obj (.text)
                  00003be6    00000130     driverlib.lib : gpio.obj (.text:GPIOPadConfigSet)
                  00003d16    00000002     drivers_tivaware.aem4f : SPITivaDMA.oem4f (.text:SPITivaDMA_serviceISR)
                  00003d18    0000011c     sysbios.aem4f : BIOS.obj (.text:ti_sysbios_knl_Swi_run__I)
                  00003e34    00000118     ti.targets.arm.rtsarm.aem4f : Error.oem4f (.text:xdc_runtime_Error_policyDefault__E)
                  00003f4c    0000010c     acsnb-sensor-tiva_pem4f.oem4f (.text:ti_uia_loggers_LoggerStopMode_write8__E)
                  00004058    00000100     Boot.aem4f : Boot_sysctl.oem4f (.text:ti_catalog_arm_cortexm4_tiva_ce_Boot_sysCtlClockSetI__I)
                  00004158    00000100     ti.targets.arm.rtsarm.aem4f : Core-mem.oem4f (.text:xdc_runtime_Core_createObject__I)
                  00004258    000000fc     rtsv7M4_T_le_v4SPD16_eabi.lib : fd_mul_t2.asm.obj (.text)
                  00004354    000000fc     acsnb-sensor-tiva.obj (.text:triggerAD7746capacitance)
                  00004450    000000f8     ti.targets.arm.rtsarm.aem4f : Startup.oem4f (.text:xdc_runtime_Startup_startMods__I)
                  00004548    000000f7     acsnb-sensor-tiva.obj (.text:setupHDC1080)
                  0000463f    00000001     --HOLE-- [fill = 0]
                  00004640    000000f5     acsnb-sensor-tiva.obj (.text:setupPCA9536)
                  00004735    00000001     --HOLE-- [fill = 0]
                  00004736    00000002     rtsv7M4_T_le_v4SPD16_eabi.lib : _lock.c.obj (.text:_nop)
                  00004738    000000f4     sysbios.aem4f : m3_Hwi_asm.obj (.text:ti_sysbios_family_arm_m3_Hwi_dispatch__I)
                  0000482c    000000f4     acsnb-sensor-tiva_pem4f.oem4f (.text:ti_uia_loggers_LoggerStopMode_write4__E)
                  00004920    000000e8     acsnb-sensor-tiva_pem4f.oem4f (.text:ti_uia_loggers_LoggerStopMode_write1__E)
                  00004a08    000000e8     acsnb-sensor-tiva_pem4f.oem4f (.text:ti_uia_loggers_LoggerStopMode_write2__E)
                  00004af0    000000e0     drivers_tivaware.aem4f : I2CTiva.oem4f (.text:I2CTiva_open)
                  00004bd0    000000d8                            : SPITivaDMA.oem4f (.text:SPITivaDMA_open)
                  00004ca8    000000d8     sysbios.aem4f : BIOS.obj (.text:ti_sysbios_family_arm_lm4_TimestampProvider_get32__E)
                  00004d80    000000d8     acsnb-sensor-tiva_pem4f.oem4f (.text:ti_uia_loggers_LoggerStopMode_write0__E)
                  00004e58    000000d6     drivers_tivaware.aem4f : I2CTiva.oem4f (.text:I2CTiva_hwiFxn)
                  00004f2e    00000002     rtsv7M4_T_le_v4SPD16_eabi.lib : div0.asm.obj (.text)
                  00004f30    000000cc     sysbios.aem4f : BIOS.obj (.text:ti_sysbios_knl_Task_schedule__I)
                  00004ffc    000000cc     ti.targets.arm.rtsarm.aem4f : Core-smem.oem4f (.text:xdc_runtime_Core_constructObject__I)
                  000050c8    000000c0     drivers_tivaware.aem4f : SPITivaDMA.oem4f (.text:SPITivaDMA_configDMA)
                  00005188    000000bc     sysbios.aem4f : BIOS.obj (.text:ti_sysbios_family_arm_m3_Hwi_excDebugMon__I)
                  00005244    00000004     acsnb-sensor-tiva_pem4f.oem4f (.text:ti_sysbios_family_arm_m3_TaskSupport_Module__startupDone__S)
                  00005248    000000bc     sysbios.aem4f : BIOS.obj (.text:ti_sysbios_family_arm_m3_Hwi_excHardFault__I)
                  00005304    00000004     acsnb-sensor-tiva_pem4f.oem4f (.text:ti_sysbios_heaps_HeapMem_Module_GateProxy_enter__E)
                  00005308    000000bc     sysbios.aem4f : BIOS.obj (.text:ti_sysbios_knl_Task_startCore__E)
                  000053c4    00000004     acsnb-sensor-tiva_pem4f.oem4f (.text:ti_sysbios_heaps_HeapMem_Module_GateProxy_leave__E)
                  000053c8    000000bc     sysbios.aem4f : BIOS.obj (.text:ti_sysbios_utils_Load_updateLoads__E)
                  00005484    00000004     acsnb-sensor-tiva_pem4f.oem4f (.text:ti_sysbios_knl_Clock_TimerProxy_getMaxTicks__E)
                  00005488    000000b4     sysbios.aem4f : BIOS.obj (.text:ti_sysbios_gates_GateMutex_enter__E)
                  0000553c    00000004     acsnb-sensor-tiva_pem4f.oem4f (.text:ti_sysbios_knl_Clock_TimerProxy_getPeriod__E)
                  00005540    000000b4     sysbios.aem4f : BIOS.obj (.text:ti_sysbios_knl_Task_checkStacks__E)
                  000055f4    00000004     acsnb-sensor-tiva_pem4f.oem4f (.text:ti_sysbios_knl_Queue_destruct)
                  000055f8    000000b0     sysbios.aem4f : BIOS.obj (.text:ti_sysbios_utils_Load_idleFxn__E)
                  000056a8    000000ac                   : BIOS.obj (.text:ti_sysbios_family_arm_lm4_Timer_enableTiva__I)
                  00005754    00000004     acsnb-sensor-tiva_pem4f.oem4f (.text:ti_sysbios_knl_Semaphore_destruct)
                  00005758    000000ac     sysbios.aem4f : BIOS.obj (.text:ti_sysbios_knl_Swi_post__E)
                  00005804    00000004     ti.uia.loggers.aem4f : LoggerStopMode.oem4f (.text:ti_uia_loggers_LoggerStopMode_getContents__E)
                  00005808    000000a8     sysbios.aem4f : BIOS.obj (.text:ti_sysbios_family_arm_lm4_Timer_enableTimers__I)
                  000058b0    000000a8                   : BIOS.obj (.text:ti_sysbios_knl_Task_blockI__E)
                  00005958    000000a8                   : BIOS.obj (.text:ti_sysbios_knl_Task_postInit__I)
                  00005a00    000000a4     drivers_tivaware.aem4f : SPITivaDMA.oem4f (.text:SPITivaDMA_initHw)
                  00005aa4    000000a0     auto_init.aem4f : auto_init.oem4f (.text)
                  00005b44    000000a0     ti.targets.arm.rtsarm.aem4f : Text.oem4f (.text:xdc_runtime_Text_putMod__E)
                  00005be4    0000009f     acsnb-sensor-tiva.obj (.text:triggerAD7746temperature)
                  00005c83    00000001     --HOLE-- [fill = 0]
                  00005c84    0000009c     rtsv7M4_T_le_v4SPD16_eabi.lib : memcpy_t2.asm.obj (.text)
                  00005d20    0000009c     sysbios.aem4f : BIOS.obj (.text:ti_sysbios_knl_Semaphore_Instance_init__E)
                  00005dbc    0000009a     ti.targets.arm.rtsarm.aem4f : Text.oem4f (.text:xdc_runtime_Text_putSite__E)
                  00005e56    00000002     acsnb-sensor-tiva_pem4f.oem4f (.text:ti_sysbios_BIOS_nullFunc__I)
                  00005e58    00000098     Boot.aem4f : Boot.oem4f (.text:ti_catalog_arm_cortexm4_tiva_ce_Boot_sysCtlClockSet__E)
                  00005ef0    00000094     sysbios.aem4f : BIOS.obj (.text:ti_sysbios_family_arm_m3_Hwi_Instance_init__E)
                  00005f84    00000004     acsnb-sensor-tiva_pem4f.oem4f (.text:ti_uia_loggers_LoggerStopMode_getFilterLevel__E)
                  00005f88    00000094     sysbios.aem4f : BIOS.obj (.text:ti_sysbios_family_arm_m3_Hwi_initNVIC__E)
                  0000601c    00000004     ti.uia.loggers.aem4f : LoggerStopMode.oem4f (.text:ti_uia_loggers_LoggerStopMode_getInstanceId__E)
                  00006020    00000094     sysbios.aem4f : BIOS.obj (.text:ti_sysbios_knl_Task_exit__E)
                  000060b4    00000004     ti.uia.loggers.aem4f : LoggerStopMode.oem4f (.text:ti_uia_loggers_LoggerStopMode_getMaxLength__E)
                  000060b8    00000090     sysbios.aem4f : BIOS.obj (.text:ti_sysbios_knl_Task_unblockI__E)
                  00006148    00000090     ti.uia.loggers.aem4f : LoggerStopMode.oem4f (.text:ti_uia_loggers_LoggerStopMode_initQueueDescriptor__E)
                  000061d8    0000008c     drivers_tivaware.aem4f : GPIOTiva.oem4f (.text:GPIO_init)
                  00006264    0000008c     sysbios.aem4f : m3_TaskSupport_asm.obj (.text:ti_sysbios_family_arm_m3_TaskSupport_buildTaskStack)
                  000062f0    00000086     rtsv7M4_T_le_v4SPD16_eabi.lib : fd_cmp_t2.asm.obj (.text:__aeabi_cdcmple)
                  00006376    00000086                                   : fd_cmp_t2.asm.obj (.text:__aeabi_cdrcmple)
                  000063fc    00000084     EK_TM4C123.obj (.text:EK_TM4C123_initDMA)
                  00006480    00000084     sysbios.aem4f : BIOS.obj (.text:ti_sysbios_family_arm_m3_Hwi_postInit__I)
                  00006504    00000084     driverlib.lib : udma.obj (.text:uDMAChannelTransferSet)
                  00006588    0000007e     drivers_tivaware.aem4f : I2CTiva.oem4f (.text:I2CTiva_transfer)
                  00006606    0000007a     rtsv7M4_T_le_v4SPD16_eabi.lib : memset_t2.asm.obj (.text)
                  00006680    00000074     ti.uia.runtime.aem4f : QueueDescriptor.oem4f (.text:ti_uia_runtime_QueueDescriptor_addToList__E)
                  000066f4    0000006e     rtsv7M4_T_le_v4SPD16_eabi.lib : fd_tos_t2.asm.obj (.text)
                  00006762    00000002     acsnb-sensor-tiva_pem4f.oem4f (.text:ti_uia_loggers_LoggerStopMode_setFilterLevel__E)
                  00006764    0000006d     ti.targets.arm.rtsarm.aem4f : System.oem4f (.text:xdc_runtime_System_formatNum__I)
                  000067d1    00000001     --HOLE-- [fill = 0]
                  000067d2    00000002     ti.uia.loggers.aem4f : LoggerStopMode.oem4f (.text:ti_uia_loggers_LoggerStopMode_setPriority__E)
                  000067d4    0000006c     acsnb-sensor-tiva.obj (.text:taskI2C1)
                  00006840    0000006c     acsnb-sensor-tiva.obj (.text:taskI2C2)
                  000068ac    0000006c     acsnb-sensor-tiva.obj (.text:taskI2C3)
                  00006918    0000006c     acsnb-sensor-tiva.obj (.text:taskI2C4)
                  00006984    0000006c     acsnb-sensor-tiva.obj (.text:taskI2C5)
                  000069f0    0000006c     sysbios.aem4f : BIOS.obj (.text:ti_sysbios_knl_Swi_restoreHwi__E)
                  00006a5c    0000006c     ti.targets.arm.rtsarm.aem4f : Error.oem4f (.text:xdc_runtime_Error_print__E)
                  00006ac8    0000006c                                 : Memory.oem4f (.text:xdc_runtime_Memory_alloc__E)
                  00006b34    00000068     rtsv7M4_T_le_v4SPD16_eabi.lib : copy_decompress_lzss.c.obj (.text:decompress:lzss:__TI_decompress_lzss)
                  00006b9c    00000068     acsnb-sensor-tiva.obj (.text:taskI2C0)
                  00006c04    00000066     ti.uia.loggers.aem4f : LoggerStopMode.oem4f (.text:ti_uia_loggers_LoggerStopMode_flush__E)
                  00006c6a    00000066     ti.targets.arm.rtsarm.aem4f : Core-mem.oem4f (.text:xdc_runtime_Core_deleteObject__I)
                  00006cd0    00000064     drivers_tivaware.aem4f : GPIOTiva.oem4f (.text:GPIO_hwiIntFxn)
                  00006d34    00000004     ti.uia.loggers.aem4f : LoggerStopMode.oem4f (.text:ti_uia_loggers_LoggerStopMode_getPriority__E)
                  00006d38    00000064     sysbios.aem4f : BIOS.obj (.text:ti_sysbios_family_arm_lm4_Timer_Module_startup__E)
                  00006d9c    00000064     acsnb-sensor-tiva_pem4f.oem4f (.text:ti_sysbios_family_arm_m3_Hwi_create)
                  00006e00    00000062     drivers_tivaware.aem4f : I2CTiva.oem4f (.text:I2CTiva_primeTransfer)
                  00006e62    00000062                            : SPITivaDMA.oem4f (.text:SPITivaDMA_transfer)
                  00006ec4    00000004     ti.uia.loggers.aem4f : LoggerStopMode.oem4f (.text:ti_uia_loggers_LoggerStopMode_getTransferType__E)
                  00006ec8    00000060     sysbios.aem4f : BIOS.obj (.text:ti_sysbios_family_arm_lm4_Timer_isrStub__E)
                  00006f28    00000060                   : BIOS.obj (.text:ti_sysbios_knl_Clock_logTick__E)
                  00006f88    00000060                   : BIOS.obj (.text:ti_sysbios_utils_Load_logCPULoad__I)
                  00006fe8    0000005c                   : BIOS.obj (.text:ti_sysbios_knl_Swi_schedule__I)
                  00007044    00000004     ti.targets.arm.rtsarm.aem4f : Error.oem4f (.text:xdc_runtime_Error_getSite__E)
                  00007048    0000005c     sysbios.aem4f : BIOS.obj (.text:ti_sysbios_knl_Task_Module_startup__E)
                  000070a4    0000005b     ti.targets.arm.rtsarm.aem4f : Text.oem4f (.text:xdc_runtime_Text_putLab__E)
                  000070ff    00000001     --HOLE-- [fill = 0]
                  00007100    00000058     boot.aem4f : boot.oem4f (.text)
                  00007158    00000058     acsnb-sensor-tiva_pem4f.oem4f (.text:ti_sysbios_family_arm_m3_Hwi_construct)
                  000071b0    00000058     sysbios.aem4f : m3_Hwi_asm_switch.obj (.text:ti_sysbios_family_arm_m3_Hwi_initStacks__E)
                  00007208    00000056     driverlib.lib : gpio.obj (.text:GPIOIntTypeSet)
                  0000725e    00000002     acsnb-sensor-tiva_pem4f.oem4f (.text:xdc_runtime_Startup_reset__I)
                  00007260    00000054     rtsv7M4_T_le_v4SPD16_eabi.lib : hostwrite.c.obj (.text:HOSTwrite)
                  000072b4    00000054     ti.targets.arm.rtsarm.aem4f : Assert.oem4f (.text:xdc_runtime_Assert_raise__I)
                  00007308    00000050     drivers_tivaware.aem4f : GPIOTiva.oem4f (.text:GPIO_setCallback)
                  00007358    00000050                            : GPIOTiva.oem4f (.text:GPIO_write)
                  000073a8    00000050     driverlib.lib : sysctl.obj (.text:SysCtlPeripheralReset)
                  000073f8    00000050     sysbios.aem4f : BIOS.obj (.text:ti_sysbios_family_arm_m3_Hwi_Module_startup__E)
                  00007448    00000050     ti.targets.arm.rtsarm.aem4f : Startup.oem4f (.text:xdc_runtime_Startup_exec__E)
                  00007498    00000050                                 : Text.oem4f (.text:xdc_runtime_Text_visitRope2__I)
                  000074e8    0000004c     rtsv7M4_T_le_v4SPD16_eabi.lib : cpy_tbl.c.obj (.text:copy_in)
                  00007534    00000004     acsnb-sensor-tiva_pem4f.oem4f (.text:xdc_runtime_System_Module_GateProxy_enter__E)
                  00007538    0000004c     sysbios.aem4f : BIOS.obj (.text:ti_sysbios_heaps_HeapMem_getStats__E)
                  00007584    00000004     acsnb-sensor-tiva_pem4f.oem4f (.text:xdc_runtime_System_Module_GateProxy_leave__E)
                  00007588    0000004c     sysbios.aem4f : BIOS.obj (.text:ti_sysbios_knl_Swi_runLoop__I)
                  000075d4    00000004     ti.targets.arm.rtsarm.aem4f : System.oem4f (.text:xdc_runtime_System_aprintf_va__F)
                  000075d8    0000004c     sysbios.aem4f : BIOS.obj (.text:ti_sysbios_knl_Task_allBlockedFunction__I)
                  00007624    0000004c     ti.uia.loggers.aem4f : LoggerStopMode.oem4f (.text:ti_uia_loggers_LoggerStopMode_Module_startup__E)
                  00007670    00000048     driverlib.lib : gpio.obj (.text:GPIOPinConfigure)
                  000076b8    00000048                   : i2c.obj (.text:I2CMasterInitExpClk)
                  00007700    00000048     rtsv7M4_T_le_v4SPD16_eabi.lib : fd_toi_t2.asm.obj (.text)
                  00007748    00000048     sysbios.aem4f : BIOS.obj (.text:ti_sysbios_family_arm_m3_Hwi_disableInterrupt__E)
                  00007790    00000048                   : BIOS.obj (.text:ti_sysbios_family_arm_m3_Hwi_enableInterrupt__E)
                  000077d8    00000048                   : BIOS.obj (.text:ti_sysbios_family_arm_m3_Hwi_excReserved__I)
                  00007820    00000046     ti.targets.arm.rtsarm.aem4f : Core-params.oem4f (.text:xdc_runtime_Core_assignParams__I)
                  00007866    00000044     drivers_tivaware.aem4f : SPITivaDMA.oem4f (.text:SPITivaDMA_hwiFxn)
                  000078aa    00000044     rtsv7M4_T_le_v4SPD16_eabi.lib : fd_tou_t2.asm.obj (.text)
                  000078ee    00000002     --HOLE-- [fill = 0]
                  000078f0    00000044     sysbios.aem4f : BIOS.obj (.text:ti_sysbios_family_arm_lm4_Timer_stop__E)
                  00007934    00000004     ti.targets.arm.rtsarm.aem4f : System.oem4f (.text:xdc_runtime_System_printf_va__F)
                  00007938    00000044     sysbios.aem4f : BIOS.obj (.text:ti_sysbios_family_arm_m3_Hwi_getStackInfo__E)
                  0000797c    00000044     ti.uia.loggers.aem4f : LoggerStopMode.oem4f (.text:ti_uia_loggers_LoggerStopMode_initBuffer__I)
                  000079c0    00000044     ti.targets.arm.rtsarm.aem4f : Error.oem4f (.text:xdc_runtime_Error_setX__E)
                  00007a04    00000044                                 : SysMin.oem4f (.text:xdc_runtime_SysMin_flush__E)
                  00007a48    00000044                                 : Text.oem4f (.text:xdc_runtime_Text_xprintf__I)
                  00007a8c    00000042     drivers_tivaware.aem4f : SPITivaDMA.oem4f (.text:SPITivaDMA_transferCancel)
                  00007ace    00000040     rtsv7M4_T_le_v4SPD16_eabi.lib : u_divt2.asm.obj (.text)
                  00007b0e    00000002     --HOLE-- [fill = 0]
                  00007b10    00000040     sysbios.aem4f : BIOS.obj (.text:ti_sysbios_family_arm_lm4_Timer_startup__E)
                  00007b50    0000003c     drivers_tivaware.aem4f : SPITivaDMA.oem4f (.text:SPITivaDMA_close)
                  00007b8c    0000003c     driverlib.lib : ssi.obj (.text:SSIConfigSetExpClk)
                  00007bc8    0000003c     EK_TM4C123.obj (.text:dmaErrorHwi$0)
                  00007c04    00000004     --HOLE-- [fill = 0]
                  00007c08    0000003c     sysbios.aem4f : BIOS.obj (.text:ti_sysbios_family_arm_m3_Hwi_excSvCall__I)
                  00007c44    00000004     --HOLE-- [fill = 0]
                  00007c48    0000003c                   : BIOS.obj (.text:ti_sysbios_heaps_HeapMem_init__I)
                  00007c84    00000004     --HOLE-- [fill = 0]
                  00007c88    0000003c                   : BIOS.obj (.text:ti_sysbios_knl_Swi_startup__E)
                  00007cc4    0000003a     drivers_tivaware.aem4f : I2CTiva.oem4f (.text:I2CTiva_completeTransfer)
                  00007cfe    00000002     --HOLE-- [fill = 0]
                  00007d00    00000038                            : I2C.oem4f (.text:I2C_init)
                  00007d38    00000038                            : SPI.oem4f (.text:SPI_init)
                  00007d70    00000038     rtsv7M4_T_le_v4SPD16_eabi.lib : trgmsg.c.obj (.text:__TI_writemsg)
                  00007da8    00000038                                   : fs_tod_t2.asm.obj (.text)
                  00007de0    00000038     sysbios.aem4f : BIOS.obj (.text:ti_sysbios_family_arm_m3_Hwi_excNoIsr__I)
                  00007e18    00000038                   : BIOS.obj (.text:ti_sysbios_knl_Task_processVitalTaskFlag__I)
                  00007e50    00000038     ti.targets.arm.rtsarm.aem4f : SysMin.oem4f (.text:xdc_runtime_SysMin_putch__E)
                  00007e88    00000038                                 : System.oem4f (.text:xdc_runtime_System_atexit__E)
                  00007ec0    00000036     drivers_tivaware.aem4f : I2CTiva.oem4f (.text:I2CTiva_close)
                  00007ef6    00000002     --HOLE-- [fill = 0]
                  00007ef8    00000034     driverlib.lib : sysctl.obj (.text:SysCtlPeripheralEnable)
                  00007f2c    00000034     rtsv7M4_T_le_v4SPD16_eabi.lib : trgmsg.c.obj (.text:__TI_readmsg)
                  00007f60    00000034     sysbios.aem4f : BIOS.obj (.text:ti_sysbios_family_arm_m3_Hwi_Instance_finalize__E)
                  00007f94    00000004     --HOLE-- [fill = 0]
                  00007f98    00000034                   : BIOS.obj (.text:ti_sysbios_family_arm_m3_Hwi_excNmi__I)
                  00007fcc    00000004     --HOLE-- [fill = 0]
                  00007fd0    00000034                   : BIOS.obj (.text:ti_sysbios_hal_Hwi_checkStack)
                  00008004    00000034     ti.uia.loggers.aem4f : LoggerStopMode.oem4f (.text:ti_uia_loggers_LoggerStopMode_reset__E)
                  00008038    00000034     ti.targets.arm.rtsarm.aem4f : Core-label.oem4f (.text:xdc_runtime_Core_assignLabel__I)
                  0000806c    00000033                                 : Text.oem4f (.text:xdc_runtime_Text_printVisFxn__I)
                  0000809f    00000001     --HOLE-- [fill = 0]
                  000080a0    00000032     sysbios.aem4f : BIOS.obj (.text:ti_sysbios_hal_Hwi_initStack)
                  000080d2    00000006     driverlib.lib : gpio.obj (.text:GPIOPinWrite)
                  000080d8    00000032     sysbios.aem4f : BIOS.obj (.text:ti_sysbios_knl_Semaphore_pendTimeout__I)
                  0000810a    00000002     --HOLE-- [fill = 0]
                  0000810c    00000030     drivers_tivaware.aem4f : GPIOTiva.oem4f (.text:GPIO_disableInt)
                  0000813c    00000030                            : GPIOTiva.oem4f (.text:GPIO_enableInt)
                  0000816c    00000030                            : I2C.oem4f (.text:I2C_open)
                  0000819c    00000030                            : SPI.oem4f (.text:SPI_open)
                  000081cc    00000030     acsnb-sensor-tiva_pem4f.oem4f (.text:ti_sysbios_BIOS_atExitFunc__I)
                  000081fc    00000004     --HOLE-- [fill = 0]
                  00008200    00000030     sysbios.aem4f : BIOS.obj (.text:ti_sysbios_family_arm_m3_TaskSupport_start__E)
                  00008230    00000030     acsnb-sensor-tiva_pem4f.oem4f (.text:ti_sysbios_gates_GateHwi_Object__create__S)
                  00008260    00000030     acsnb-sensor-tiva_pem4f.oem4f (.text:ti_sysbios_gates_GateMutex_Object__create__S)
                  00008290    00000030     acsnb-sensor-tiva_pem4f.oem4f (.text:ti_sysbios_heaps_HeapMem_Object__create__S)
                  000082c0    00000030     acsnb-sensor-tiva_pem4f.oem4f (.text:ti_sysbios_knl_Semaphore_construct)
                  000082f0    00000030     sysbios.aem4f : BIOS.obj (.text:ti_sysbios_utils_Load_updateCurrentThreadTime__E)
                  00008320    00000030     acsnb-sensor-tiva_pem4f.oem4f (.text:ti_uia_loggers_LoggerStopMode_Object__create__S)
                  00008350    00000030     ti.targets.arm.rtsarm.aem4f : SysMin.oem4f (.text:xdc_runtime_SysMin_abort__E)
                  00008380    00000030                                 : System.oem4f (.text:xdc_runtime_System_processAtExit__E)
                  000083b0    0000002e     rtsv7M4_T_le_v4SPD16_eabi.lib : i_tofd_t2.asm.obj (.text)
                  000083de    00000002     --HOLE-- [fill = 0]
                  000083e0    0000002c     acsnb-sensor-tiva_pem4f.oem4f (.text:ti_sysbios_knl_Clock_doTick__I)
                  0000840c    0000002c     acsnb-sensor-tiva_pem4f.oem4f (.text:ti_sysbios_knl_Queue_construct)
                  00008438    0000002c     sysbios.aem4f : BIOS.obj (.text:ti_sysbios_knl_Task_restore__E)
                  00008464    0000002c     driverlib.lib : udma.obj (.text:uDMAChannelAssign)
                  00008490    0000002c     ti.targets.arm.rtsarm.aem4f : Text.oem4f (.text:xdc_runtime_Text_cordText__E)
                  000084bc    0000002a     driverlib.lib : gpio.obj (.text:GPIODirModeSet)
                  000084e6    0000002a     ti.targets.arm.rtsarm.aem4f : System.oem4f (.text:xdc_runtime_System_putchar__I)
                  00008510    00000028     sysbios.aem4f : BIOS.obj (.text:ti_sysbios_knl_Swi_Module_startup__E)
                  00008538    00000026                   : m3_Hwi_asm.obj (.text:ti_sysbios_family_arm_m3_Hwi_pendSV__I)
                  0000855e    00000026     ti.targets.arm.rtsarm.aem4f : System.oem4f (.text:xdc_runtime_System_avprintf__E)
                  00008584    00000024     acsnb-sensor-tiva_pem4f.oem4f (.text:ti_sysbios_BIOS_registerRTSLock__I)
                  000085a8    00000024     acsnb-sensor-tiva_pem4f.oem4f (.text:ti_sysbios_BIOS_removeRTSLock__I)
                  000085cc    00000024     acsnb-sensor-tiva_pem4f.oem4f (.text:ti_sysbios_BIOS_startFunc__I)
                  000085f0    00000024     sysbios.aem4f : BIOS.obj (.text:ti_sysbios_family_arm_m3_Hwi_doTaskRestore__I)
                  00008614    00000024     acsnb-sensor-tiva_pem4f.oem4f (.text:ti_sysbios_gates_GateMutex_Object__delete__S)
                  00008638    00000024     sysbios.aem4f : BIOS.obj (.text:ti_sysbios_knl_Clock_Module_startup__E)
                  0000865c    00000024     driverlib.lib : udma.obj (.text:uDMAChannelControlSet)
                  00008680    00000024     ti.targets.arm.rtsarm.aem4f : System.oem4f (.text:xdc_runtime_System_vprintf__E)
                  000086a4    00000004     --HOLE-- [fill = 0]
                  000086a8    00000022     sysbios.aem4f : BIOS.obj (.text:ti_sysbios_family_arm_lm4_Timer_write__I)
                  000086ca    00000022     acsnb-sensor-tiva_pem4f.oem4f (.text:xdc_runtime_SysMin_output__I)
                  000086ec    00000020     drivers_tivaware.aem4f : GPIOTiva.oem4f (.text:GPIO_clearInt)
                  0000870c    00000020     acsnb-sensor-tiva_pem4f.oem4f (.text:ti_sysbios_BIOS_rtsLock__I)
                  0000872c    00000004     --HOLE-- [fill = 0]
                  00008730    00000020     sysbios.aem4f : BIOS.obj (.text:ti_sysbios_family_arm_m3_Hwi_clearInterrupt__E)
                  00008750    00000020                   : m3_Hwi_asm.obj (.text:ti_sysbios_family_arm_m3_Hwi_excHandlerAsm__I)
                  00008770    00000020                   : BIOS.obj (.text:ti_sysbios_family_arm_m3_Hwi_excHandler__I)
                  00008790    00000020     acsnb-sensor-tiva_pem4f.oem4f (.text:ti_sysbios_gates_GateHwi_Object__delete__S)
                  000087b0    00000020     acsnb-sensor-tiva_pem4f.oem4f (.text:ti_sysbios_heaps_HeapMem_Object__delete__S)
                  000087d0    00000020     sysbios.aem4f : BIOS.obj (.text:ti_sysbios_knl_Idle_run__E)
                  000087f0    00000020     acsnb-sensor-tiva_pem4f.oem4f (.text:ti_sysbios_knl_Semaphore_Object__destruct__S)
                  00008810    00000020     acsnb-sensor-tiva_pem4f.oem4f (.text:ti_uia_loggers_LoggerStopMode_Object__delete__S)
                  00008830    00000020     ti.targets.arm.rtsarm.aem4f : Registry.oem4f (.text:xdc_runtime_Registry_findById__E)
                  00008850    00000020                                 : SysMin.oem4f (.text:xdc_runtime_SysMin_Module_startup__E)
                  00008870    0000001e     acsnb-sensor-tiva_pem4f.oem4f (.text:ti_sysbios_BIOS_errorRaiseHook__I)
                  0000888e    0000001e     sysbios.aem4f : m3_Hwi_asm_switch.obj (.text:ti_sysbios_family_xxx_Hwi_switchAndRunFunc)
                  000088ac    0000001c     drivers_tivaware.aem4f : GPIOTiva.oem4f (.text:getGpioIntIndex)
                  000088c8    0000001c     acsnb-sensor-tiva_pem4f.oem4f (.text:ti_sysbios_family_arm_m3_Hwi_Object__destruct__S)
                  000088e4    00000004     --HOLE-- [fill = 0]
                  000088e8    0000001c     sysbios.aem4f : BIOS.obj (.text:ti_sysbios_gates_GateMutex_Instance_init__E)
                  00008904    0000001c     acsnb-sensor-tiva_pem4f.oem4f (.text:ti_sysbios_knl_Queue_Object__destruct__S)
                  00008920    0000001c     sysbios.aem4f : BIOS.obj (.text:ti_sysbios_knl_Task_enter__I)
                  0000893c    0000001c     ti.uia.loggers.aem4f : LoggerStopMode.oem4f (.text:ti_uia_loggers_LoggerStopMode_Instance_init__E)
                  00008958    0000001c     ti.targets.arm.rtsarm.aem4f : Error.oem4f (.text:xdc_runtime_Error_raiseX__E)
                  00008974    0000001c                                 : Memory.oem4f (.text:xdc_runtime_Memory_valloc__E)
                  00008990    0000001c                                 : SysMin.oem4f (.text:xdc_runtime_SysMin_exit__E)
                  000089ac    0000001c                                 : System.oem4f (.text:xdc_runtime_System_abort__E)
                  000089c8    0000001a     acsnb-sensor-tiva_pem4f.oem4f (.text:ti_sysbios_family_arm_m3_Hwi_Handle__label__S)
                  000089e2    0000001a     acsnb-sensor-tiva_pem4f.oem4f (.text:ti_sysbios_gates_GateHwi_Handle__label__S)
                  000089fc    0000001a     acsnb-sensor-tiva_pem4f.oem4f (.text:ti_sysbios_gates_GateMutex_Handle__label__S)
                  00008a16    0000001a     acsnb-sensor-tiva_pem4f.oem4f (.text:ti_sysbios_heaps_HeapMem_Handle__label__S)
                  00008a30    0000001a     acsnb-sensor-tiva_pem4f.oem4f (.text:ti_sysbios_knl_Swi_Handle__label__S)
                  00008a4a    0000001a     acsnb-sensor-tiva_pem4f.oem4f (.text:ti_sysbios_knl_Task_Handle__label__S)
                  00008a64    00000004     --HOLE-- [fill = 0]
                  00008a68    0000001a     sysbios.aem4f : BIOS.obj (.text:ti_sysbios_knl_Task_sleepTimeout__I)
                  00008a82    0000001a     acsnb-sensor-tiva_pem4f.oem4f (.text:ti_uia_loggers_LoggerStopMode_Handle__label__S)
                  00008a9c    0000001a     acsnb-sensor-tiva_pem4f.oem4f (.text:xdc_runtime_System_aprintf__E)
                  00008ab6    0000001a     acsnb-sensor-tiva_pem4f.oem4f (.text:xdc_runtime_System_printf__E)
                  00008ad0    00000018     rtsv7M4_T_le_v4SPD16_eabi.lib : args_main.c.obj (.text:_args_main)
                  00008ae8    00000018     acsnb-sensor-tiva_pem4f.oem4f (.text:ti_sysbios_BIOS_rtsUnlock__I)
                  00008b00    00000018     acsnb-sensor-tiva_pem4f.oem4f (.text:ti_sysbios_family_arm_lm4_Timer_Module__startupDone__F)
                  00008b18    00000018     acsnb-sensor-tiva_pem4f.oem4f (.text:ti_sysbios_family_arm_m3_Hwi_Module__startupDone__F)
                  00008b30    00000018     sysbios.aem4f : m3_TaskSupport_asm.obj (.text:ti_sysbios_family_arm_m3_TaskSupport_swap__E)
                  00008b48    00000018                   : BIOS.obj (.text:ti_sysbios_gates_GateMutex_leave__E)
                  00008b60    00000018     driverlib.lib : udma.obj (.text:uDMAChannelDisable)
                  00008b78    00000018                   : udma.obj (.text:uDMAChannelEnable)
                  00008b90    00000018                   : udma.obj (.text:uDMAChannelIsEnabled)
                  00008ba8    00000018     ti.targets.arm.rtsarm.aem4f : Error.oem4f (.text:xdc_runtime_Error_check__E)
                  00008bc0    00000018                                 : System.oem4f (.text:xdc_runtime_System_exit__E)
                  00008bd8    00000018                                 : Text.oem4f (.text:xdc_runtime_Text_ropeText__E)
                  00008bf0    00000016     driverlib.lib : i2c.obj (.text:I2CMasterErr)
                  00008c06    00000016     acsnb-sensor-tiva_pem4f.oem4f (.text:ti_sysbios_BIOS_exitFunc__I)
                  00008c1c    00000016     ti.uia.loggers.aem4f : LoggerStopMode.oem4f (.text:ti_uia_loggers_LoggerStopMode_disable__E)
                  00008c32    00000016                          : LoggerStopMode.oem4f (.text:ti_uia_loggers_LoggerStopMode_enable__E)
                  00008c48    00000014     drivers_tivaware.aem4f : SPI.oem4f (.text:SPI_Params_init)
                  00008c5c    00000014     rtsv7M4_T_le_v4SPD16_eabi.lib : strlen.c.obj (.text:strlen)
                  00008c70    00000014     acsnb-sensor-tiva_pem4f.oem4f (.text:ti_sysbios_family_arm_m3_Hwi_Object__get__S)
                  00008c84    00000004     --HOLE-- [fill = 0]
                  00008c88    00000014     sysbios.aem4f : BIOS.obj (.text:ti_sysbios_family_arm_m3_Hwi_switchFromBootStack__E)
                  00008c9c    00000014     acsnb-sensor-tiva_pem4f.oem4f (.text:ti_sysbios_heaps_HeapMem_Object__get__S)
                  00008cb0    00000014     acsnb-sensor-tiva_pem4f.oem4f (.text:ti_sysbios_knl_Swi_Object__get__S)
                  00008cc4    00000012     driverlib.lib : gpio.obj (.text:GPIOPinTypeI2C)
                  00008cd6    00000012                   : gpio.obj (.text:GPIOPinTypeI2CSCL)
                  00008ce8    00000012                   : gpio.obj (.text:GPIOPinTypeSSI)
                  00008cfa    00000012                   : ssi.obj (.text:SSIDataGetNonBlocking)
                  00008d0c    00000004     --HOLE-- [fill = 0]
                  00008d10    00000012     sysbios.aem4f : BIOS.obj (.text:ti_sysbios_hal_Hwi_Module_startup__E)
                  00008d22    00000012     acsnb-sensor-tiva_pem4f.oem4f (.text:xdc_runtime_Startup_exec__I)
                  00008d34    00000010     drivers_tivaware.aem4f : I2C.oem4f (.text:I2C_Params_init)
                  00008d44    00000010     acsnb-sensor-tiva.obj (.text:sens0cvtDoneItr)
                  00008d54    00000010     acsnb-sensor-tiva.obj (.text:sens1cvtDoneItr)
                  00008d64    00000010     acsnb-sensor-tiva.obj (.text:sens2cvtDoneItr)
                  00008d74    00000010     acsnb-sensor-tiva.obj (.text:sens3cvtDoneItr)
                  00008d84    00000010     acsnb-sensor-tiva.obj (.text:sens4cvtDoneItr)
                  00008d94    00000004     --HOLE-- [fill = 0]
                  00008d98    00000010     sysbios.aem4f : BIOS.obj (.text:ti_sysbios_BIOS_getCpuFreq__E)
                  00008da8    00000010                   : BIOS.obj (.text:ti_sysbios_BIOS_setThreadType__E)
                  00008db8    00000010                   : BIOS.obj (.text:ti_sysbios_BIOS_start__E)
                  00008dc8    00000010                   : BIOS.obj (.text:ti_sysbios_family_arm_lm4_TimestampProvider_rolloverFunc__E)
                  00008dd8    00000010                   : m3_TaskSupport_asm.obj (.text:ti_sysbios_family_arm_m3_TaskSupport_glue)
                  00008de8    00000010                   : BIOS.obj (.text:ti_sysbios_gates_GateMutex_Instance_finalize__E)
                  00008df8    00000010                   : BIOS.obj (.text:ti_sysbios_knl_Semaphore_Instance_finalize__E)
                  00008e08    00000010                   : BIOS.obj (.text:ti_sysbios_knl_Swi_disable__E)
                  00008e18    00000010     acsnb-sensor-tiva_pem4f.oem4f (.text:ti_sysbios_knl_Task_Object__get__S)
                  00008e28    00000010     sysbios.aem4f : BIOS.obj (.text:ti_sysbios_knl_Task_disable__E)
                  00008e38    00000010     acsnb-sensor-tiva_pem4f.oem4f (.text:ti_uia_loggers_LoggerStopMode_Object__get__S)
                  00008e48    00000010     ti.uia.loggers.aem4f : LoggerStopMode.oem4f (.text:ti_uia_loggers_LoggerStopMode_isEmpty__E)
                  00008e58    00000010     driverlib.lib : udma.obj (.text:uDMAEnable)
                  00008e68    00000010     ti.targets.arm.rtsarm.aem4f : Gate.oem4f (.text:xdc_runtime_Gate_leaveSystem__E)
                  00008e78    00000010                                 : Memory.oem4f (.text:xdc_runtime_Memory_free__E)
                  00008e88    00000010                                 : SysMin.oem4f (.text:xdc_runtime_SysMin_ready__E)
                  00008e98    00000010                                 : System.oem4f (.text:xdc_runtime_System_vsnprintf__E)
                  00008ea8    00000010     acsnb-sensor-tiva_pem4f.oem4f (.text:xdc_runtime_Text_visitRope__I)
                  00008eb8    0000000e     driverlib.lib : gpio.obj (.text:GPIOIntDisable)
                  00008ec6    0000000e                   : gpio.obj (.text:GPIOIntStatus)
                  00008ed4    0000000e     rtsv7M4_T_le_v4SPD16_eabi.lib : copy_decompress_none.c.obj (.text:decompress:none:__TI_decompress_none)
                  00008ee2    00000006     driverlib.lib : i2c.obj (.text:I2CMasterIntDisable)
                  00008ee8    0000000e     sysbios.aem4f : BIOS.obj (.text:ti_sysbios_knl_Idle_loop__E)
                  00008ef6    00000002     --HOLE-- [fill = 0]
                  00008ef8    0000000e                   : BIOS.obj (.text:ti_sysbios_knl_Queue_empty__E)
                  00008f06    00000002     --HOLE-- [fill = 0]
                  00008f08    0000000c     acsnb-sensor-tiva_pem4f.oem4f (.text:.bootCodeSection:ti_catalog_arm_cortexm4_tiva_ce_Boot_init__I)
                  00008f14    0000000c     driverlib.lib : gpio.obj (.text:GPIOIntEnable)
                  00008f20    0000000c     rtsv7M4_T_le_v4SPD16_eabi.lib : _lock.c.obj (.text:_register_lock)
                  00008f2c    0000000c                                   : _lock.c.obj (.text:_register_unlock)
                  00008f38    0000000c                                   : copy_zero_init.c.obj (.text:decompress:ZI:__TI_zero_init)
                  00008f44    0000000c     acsnb-sensor-tiva.obj (.text:sens5cvtDoneItr)
                  00008f50    0000000c     sysbios.aem4f : BIOS.obj (.text:ti_sysbios_family_arm_lm4_Timer_getMaxTicks__E)
                  00008f5c    00000004     --HOLE-- [fill = 0]
                  00008f60    0000000c                   : BIOS.obj (.text:ti_sysbios_family_arm_lm4_TimestampProvider_startTimer__E)
                  00008f6c    0000000c     acsnb-sensor-tiva_pem4f.oem4f (.text:ti_sysbios_family_arm_m3_Hwi_Params__init__S)
                  00008f78    0000000c     sysbios.aem4f : BIOS.obj (.text:ti_sysbios_family_arm_m3_Hwi_disableFxn__E)
                  00008f84    00000004     --HOLE-- [fill = 0]
                  00008f88    0000000c                   : BIOS.obj (.text:ti_sysbios_family_arm_m3_TaskSupport_checkStack__E)
                  00008f94    00000004     --HOLE-- [fill = 0]
                  00008f98    0000000c                   : BIOS.obj (.text:ti_sysbios_gates_GateHwi_enter__E)
                  00008fa4    0000000c     acsnb-sensor-tiva_pem4f.oem4f (.text:ti_sysbios_knl_Queue_Object__get__S)
                  00008fb0    0000000c     acsnb-sensor-tiva_pem4f.oem4f (.text:ti_sysbios_knl_Semaphore_Params__init__S)
                  00008fbc    0000000c     driverlib.lib : udma.obj (.text:uDMAControlBaseSet)
                  00008fc8    0000000c                   : udma.obj (.text:uDMAErrorStatusClear)
                  00008fd4    0000000c                   : udma.obj (.text:uDMAErrorStatusGet)
                  00008fe0    0000000c                   : udma.obj (.text:uDMAIntStatus)
                  00008fec    0000000c     ti.targets.arm.rtsarm.aem4f : Error.oem4f (.text:xdc_runtime_Error_init__E)
                  00008ff8    0000000c                                 : Gate.oem4f (.text:xdc_runtime_Gate_enterSystem__E)
                  00009004    0000000c                                 : Memory.oem4f (.text:xdc_runtime_Memory_calloc__E)
                  00009010    0000000c                                 : Memory.oem4f (.text:xdc_runtime_Memory_getMaxDefaultTypeAlign__E)
                  0000901c    0000000a     driverlib.lib : i2c.obj (.text:I2CMasterDisable)
                  00009026    0000000a                   : i2c.obj (.text:I2CMasterEnable)
                  00009030    0000000a     drivers_tivaware.aem4f : I2CTiva.oem4f (.text:I2CTiva_init)
                  0000903a    0000000a                            : I2C.oem4f (.text:I2C_transfer)
                  00009044    0000000a                            : SPITivaDMA.oem4f (.text:SPITivaDMA_init)
                  0000904e    0000000a                            : SPI.oem4f (.text:SPI_transfer)
                  00009058    0000000a     driverlib.lib : ssi.obj (.text:SSIDMADisable)
                  00009062    0000000a                   : ssi.obj (.text:SSIDisable)
                  0000906c    0000000a                   : ssi.obj (.text:SSIEnable)
                  00009076    0000000a                   : ssi.obj (.text:SSIIntDisable)
                  00009080    0000000a     acsnb-sensor-tiva_pem4f.oem4f (.text:xdc_runtime_IHeap_alloc)
                  0000908a    0000000a     acsnb-sensor-tiva_pem4f.oem4f (.text:xdc_runtime_IHeap_free)
                  00009094    00000008     driverlib.lib : i2c.obj (.text:I2CMasterIntClear)
                  0000909c    00000008                   : i2c.obj (.text:I2CMasterSlaveAddrSet)
                  000090a4    00000008     drivers_tivaware.aem4f : I2CTiva.oem4f (.text:I2CTiva_blockingCallback)
                  000090ac    00000008     driverlib.lib : ssi.obj (.text:SSIDMAEnable)
                  000090b4    00000008                   : ssi.obj (.text:SSIIntEnable)
                  000090bc    00000008     sysbios.aem4f : BIOS.obj (.text:ti_sysbios_family_arm_lm4_Timer_masterDisable__I)
                  000090c4    00000004     --HOLE-- [fill = 0]
                  000090c8    00000008                   : BIOS.obj (.text:ti_sysbios_family_arm_m3_Hwi_doSwiRestore__I)
                  000090d0    00000008                   : BIOS.obj (.text:ti_sysbios_family_arm_m3_Hwi_startup__E)
                  000090d8    00000006     driverlib.lib : i2c.obj (.text:I2CMasterIntEnable)
                  000090de    00000006     drivers_tivaware.aem4f : I2CTiva.oem4f (.text:I2CTiva_control)
                  000090e4    00000006                            : SPITivaDMA.oem4f (.text:SPITivaDMA_control)
                  000090ea    00000006                            : SPITivaDMA.oem4f (.text:SPITivaDMA_transferCallback)
                  000090f0    00000006     Boot.aem4f : Boot_sysctl.oem4f (.text:ti_catalog_arm_cortexm4_tiva_ce_Boot_sysCtlDelayI__I)
                  000090f6    00000002     --HOLE-- [fill = 0]
                  000090f8    00000006     sysbios.aem4f : BIOS.obj (.text:ti_sysbios_family_arm_lm4_TimestampProvider_Module_startup__E)
                  000090fe    00000002     --HOLE-- [fill = 0]
                  00009100    00000006                   : BIOS.obj (.text:ti_sysbios_family_arm_m3_Hwi_restoreFxn__E)
                  00009106    00000002     --HOLE-- [fill = 0]
                  00009108    00000006                   : BIOS.obj (.text:ti_sysbios_gates_GateHwi_leave__E)
                  0000910e    00000002     --HOLE-- [fill = 0]
                  00009110    00000006                   : BIOS.obj (.text:ti_sysbios_heaps_HeapMem_isBlocking__E)
                  00009116    00000002     --HOLE-- [fill = 0]
                  00009118    00000006                   : BIOS.obj (.text:ti_sysbios_knl_Queue_Instance_init__E)
                  0000911e    00000006     ti.targets.arm.rtsarm.aem4f : System.oem4f (.text:xdc_runtime_System_Module_startup__E)
                  00009124    00000004     --HOLE-- [fill = 0]
                  00009128    00000004     sysbios.aem4f : BIOS.obj (.text:ti_sysbios_family_arm_lm4_Timer_getPeriod__E)
                  0000912c    00000004     --HOLE-- [fill = 0]
                  00009130    00000004                   : BIOS.obj (.text:ti_sysbios_gates_GateHwi_query__E)
                  00009134    00000004     --HOLE-- [fill = 0]
                  00009138    00000004                   : BIOS.obj (.text:ti_sysbios_gates_GateMutex_query__E)
                  0000913c    00000004     --HOLE-- [fill = 0]
                  00009140    00000004                   : BIOS.obj (.text:ti_sysbios_knl_Task_startup__E)
                  00009144    00000004     --HOLE-- [fill = 0]
                  00009148    00000002                   : BIOS.obj (.text:ti_sysbios_gates_GateHwi_Instance_init__E)

.const     0    0000914c    000029a4     
                  0000914c    00001fdd     acsnb-sensor-tiva_pem4f.oem4f (.const:xdc_runtime_Text_charTab__A)
                  0000b129    00000001     acsnb-sensor-tiva_pem4f.oem4f (.const:xdc_runtime_Error_policy__C)
                  0000b12a    00000104     acsnb-sensor-tiva_pem4f.oem4f (.const:xdc_runtime_Text_nodeTab__A)
                  0000b22e    00000002     acsnb-sensor-tiva_pem4f.oem4f (.const:ti_catalog_arm_cortexm4_tiva_ce_Boot_Module__id__C)
                  0000b230    00000090     driverlib.lib : gpio.obj (.const:g_pui32GPIOBaseAddrs)
                  0000b2c0    00000064     drivers_tivaware.aem4f : SPITivaDMA.oem4f (.const)
                  0000b324    00000060     acsnb-sensor-tiva_pem4f.oem4f (.const:ti_uia_loggers_LoggerStopMode_Module__FXNS__C)
                  0000b384    00000054     drivers_tivaware.aem4f : GPIOTiva.oem4f (.const:.string)
                  0000b3d8    00000054     EK_TM4C123.obj (.const:I2C_config)
                  0000b42c    00000048     acsnb-sensor-tiva_pem4f.oem4f (.const:.string)
                  0000b474    00000048     drivers_tivaware.aem4f : GPIOTiva.oem4f (.const:gpioBaseAddresses)
                  0000b4bc    00000048     EK_TM4C123.obj (.const:i2cTivaHWAttrs)
                  0000b504    00000030     acsnb-sensor-tiva_pem4f.oem4f (.const:ti_sysbios_family_arm_m3_Hwi_Object__PARAMS__C)
                  0000b534    00000028     EK_TM4C123.obj (.const:spiTivaDMAHWAttrs)
                  0000b55c    00000028     acsnb-sensor-tiva_pem4f.oem4f (.const:ti_sysbios_heaps_HeapMem_Module__FXNS__C)
                  0000b584    00000028     acsnb-sensor-tiva_pem4f.oem4f (.const:ti_uia_loggers_LoggerStopMode_Object__PARAMS__C)
                  0000b5ac    00000028     acsnb-sensor-tiva_pem4f.oem4f (.const:xdc_runtime_Startup_sfxnTab__A)
                  0000b5d4    00000024     acsnb-sensor-tiva_pem4f.oem4f (.const:ti_sysbios_gates_GateHwi_Module__FXNS__C)
                  0000b5f8    00000024     acsnb-sensor-tiva_pem4f.oem4f (.const:ti_sysbios_gates_GateMutex_Module__FXNS__C)
                  0000b61c    00000024     acsnb-sensor-tiva_pem4f.oem4f (.const:ti_sysbios_heaps_HeapMem_Object__PARAMS__C)
                  0000b640    00000024     acsnb-sensor-tiva_pem4f.oem4f (.const:ti_sysbios_knl_Semaphore_Object__PARAMS__C)
                  0000b664    00000020     drivers_tivaware.aem4f : SPI.oem4f (.const)
                  0000b684    00000020     acsnb-sensor-tiva_pem4f.oem4f (.const:ti_sysbios_family_arm_m3_Hwi_Object__DESC__C)
                  0000b6a4    00000020     acsnb-sensor-tiva_pem4f.oem4f (.const:ti_sysbios_gates_GateHwi_Object__DESC__C)
                  0000b6c4    00000020     acsnb-sensor-tiva_pem4f.oem4f (.const:ti_sysbios_gates_GateMutex_Object__DESC__C)
                  0000b6e4    00000020     acsnb-sensor-tiva_pem4f.oem4f (.const:ti_sysbios_heaps_HeapMem_Object__DESC__C)
                  0000b704    00000020     acsnb-sensor-tiva_pem4f.oem4f (.const:ti_sysbios_knl_Queue_Object__DESC__C)
                  0000b724    00000020     acsnb-sensor-tiva_pem4f.oem4f (.const:ti_sysbios_knl_Semaphore_Object__DESC__C)
                  0000b744    00000020     acsnb-sensor-tiva_pem4f.oem4f (.const:ti_uia_loggers_LoggerStopMode_Object__DESC__C)
                  0000b764    0000001c     drivers_tivaware.aem4f : I2CTiva.oem4f (.const)
                  0000b780    00000018     EK_TM4C123.obj (.const:SPI_config)
                  0000b798    00000018     acsnb-sensor-tiva_pem4f.oem4f (.const:ti_sysbios_gates_GateHwi_Object__PARAMS__C)
                  0000b7b0    00000018     acsnb-sensor-tiva_pem4f.oem4f (.const:ti_sysbios_gates_GateMutex_Object__PARAMS__C)
                  0000b7c8    00000018     acsnb-sensor-tiva_pem4f.oem4f (.const:ti_sysbios_knl_Queue_Object__PARAMS__C)
                  0000b7e0    00000014     EK_TM4C123.obj (.const:GPIOTiva_config)
                  0000b7f4    00000014     acsnb-sensor-tiva_pem4f.oem4f (.const:xdc_runtime_Startup_firstFxns__A)
                  0000b808    00000014     acsnb-sensor-tiva_pem4f.oem4f (.const:xdc_runtime_Startup_sfxnRts__A)
                  0000b81c    00000010     drivers_tivaware.aem4f : I2C.oem4f (.const)
                  0000b82c    00000008     acsnb-sensor-tiva_pem4f.oem4f (.const:ti_sysbios_family_arm_m3_Hwi_excHookFuncs__A)
                  0000b834    00000008     acsnb-sensor-tiva_pem4f.oem4f (.const:ti_sysbios_knl_Idle_funcList__A)
                  0000b83c    00000008     acsnb-sensor-tiva_pem4f.oem4f (.const:ti_sysbios_knl_Idle_funcList__C)
                  0000b844    00000008     acsnb-sensor-tiva_pem4f.oem4f (.const:xdc_runtime_Startup_firstFxns__C)
                  0000b84c    00000008     acsnb-sensor-tiva_pem4f.oem4f (.const:xdc_runtime_Startup_lastFxns__C)
                  0000b854    00000004     acsnb-sensor-tiva_pem4f.oem4f (.const:ti_catalog_arm_cortexm4_tiva_ce_Boot_A_mustUseEnhancedClockMode__C)
                  0000b858    00000004     acsnb-sensor-tiva_pem4f.oem4f (.const:ti_catalog_arm_cortexm4_tiva_ce_Boot_Module__diagsEnabled__C)
                  0000b85c    00000004     acsnb-sensor-tiva_pem4f.oem4f (.const:ti_catalog_arm_cortexm4_tiva_ce_Boot_Module__diagsIncluded__C)
                  0000b860    00000004     acsnb-sensor-tiva_pem4f.oem4f (.const:ti_catalog_arm_cortexm4_tiva_ce_Boot_Module__diagsMask__C)
                  0000b864    00000004     acsnb-sensor-tiva_pem4f.oem4f (.const:ti_sysbios_family_arm_lm4_Timer_enableFunc__C)
                  0000b868    00000004     acsnb-sensor-tiva_pem4f.oem4f (.const:ti_sysbios_family_arm_lm4_Timer_numTimerDevices__C)
                  0000b86c    00000004     acsnb-sensor-tiva_pem4f.oem4f (.const:ti_sysbios_family_arm_lm4_Timer_startupNeeded__C)
                  0000b870    00000004     acsnb-sensor-tiva_pem4f.oem4f (.const:ti_sysbios_family_arm_m3_Hwi_E_NMI__C)
                  0000b874    00000004     acsnb-sensor-tiva_pem4f.oem4f (.const:ti_sysbios_family_arm_m3_Hwi_E_alreadyDefined__C)
                  0000b878    00000004     acsnb-sensor-tiva_pem4f.oem4f (.const:ti_sysbios_family_arm_m3_Hwi_E_busFault__C)
                  0000b87c    00000004     acsnb-sensor-tiva_pem4f.oem4f (.const:ti_sysbios_family_arm_m3_Hwi_E_debugMon__C)
                  0000b880    00000004     acsnb-sensor-tiva_pem4f.oem4f (.const:ti_sysbios_family_arm_m3_Hwi_E_hardFault__C)
                  0000b884    00000004     acsnb-sensor-tiva_pem4f.oem4f (.const:ti_sysbios_family_arm_m3_Hwi_E_memFault__C)
                  0000b888    00000004     acsnb-sensor-tiva_pem4f.oem4f (.const:ti_sysbios_family_arm_m3_Hwi_E_noIsr__C)
                  0000b88c    00000004     acsnb-sensor-tiva_pem4f.oem4f (.const:ti_sysbios_family_arm_m3_Hwi_E_reserved__C)
                  0000b890    00000004     acsnb-sensor-tiva_pem4f.oem4f (.const:ti_sysbios_family_arm_m3_Hwi_E_svCall__C)
                  0000b894    00000004     acsnb-sensor-tiva_pem4f.oem4f (.const:ti_sysbios_family_arm_m3_Hwi_E_usageFault__C)
                  0000b898    00000004     acsnb-sensor-tiva_pem4f.oem4f (.const:ti_sysbios_family_arm_m3_Hwi_LD_end__C)
                  0000b89c    00000004     acsnb-sensor-tiva_pem4f.oem4f (.const:ti_sysbios_family_arm_m3_Hwi_LM_begin__C)
                  0000b8a0    00000004     acsnb-sensor-tiva_pem4f.oem4f (.const:ti_sysbios_family_arm_m3_Hwi_Module__diagsEnabled__C)
                  0000b8a4    00000004     acsnb-sensor-tiva_pem4f.oem4f (.const:ti_sysbios_family_arm_m3_Hwi_Module__diagsIncluded__C)
                  0000b8a8    00000004     acsnb-sensor-tiva_pem4f.oem4f (.const:ti_sysbios_family_arm_m3_Hwi_Module__diagsMask__C)
                  0000b8ac    00000004     acsnb-sensor-tiva_pem4f.oem4f (.const:ti_sysbios_family_arm_m3_Hwi_Module__loggerFxn1__C)
                  0000b8b0    00000004     acsnb-sensor-tiva_pem4f.oem4f (.const:ti_sysbios_family_arm_m3_Hwi_Module__loggerFxn8__C)
                  0000b8b4    00000004     acsnb-sensor-tiva_pem4f.oem4f (.const:ti_sysbios_family_arm_m3_Hwi_Module__loggerObj__C)
                  0000b8b8    00000004     acsnb-sensor-tiva_pem4f.oem4f (.const:ti_sysbios_family_arm_m3_Hwi_NUM_INTERRUPTS__C)
                  0000b8bc    00000004     acsnb-sensor-tiva_pem4f.oem4f (.const:ti_sysbios_family_arm_m3_Hwi_Object__count__C)
                  0000b8c0    00000004     acsnb-sensor-tiva_pem4f.oem4f (.const:ti_sysbios_family_arm_m3_Hwi_ccr__C)
                  0000b8c4    00000004     acsnb-sensor-tiva_pem4f.oem4f (.const:ti_sysbios_family_arm_m3_Hwi_excHandlerFunc__C)
                  0000b8c8    00000004     acsnb-sensor-tiva_pem4f.oem4f (.const:ti_sysbios_family_arm_m3_Hwi_excHookFuncs__C)
                  0000b8cc    00000004     acsnb-sensor-tiva_pem4f.oem4f (.const:ti_sysbios_family_arm_m3_Hwi_nullIsrFunc__C)
                  0000b8d0    00000004     acsnb-sensor-tiva_pem4f.oem4f (.const:ti_sysbios_family_arm_m3_Hwi_priGroup__C)
                  0000b8d4    00000004     acsnb-sensor-tiva_pem4f.oem4f (.const:ti_sysbios_gates_GateMutex_A_badContext__C)
                  0000b8d8    00000004     acsnb-sensor-tiva_pem4f.oem4f (.const:ti_sysbios_gates_GateMutex_Instance_State_sem__O)
                  0000b8dc    00000004     acsnb-sensor-tiva_pem4f.oem4f (.const:ti_sysbios_gates_GateMutex_Module__diagsEnabled__C)
                  0000b8e0    00000004     acsnb-sensor-tiva_pem4f.oem4f (.const:ti_sysbios_gates_GateMutex_Module__diagsIncluded__C)
                  0000b8e4    00000004     acsnb-sensor-tiva_pem4f.oem4f (.const:ti_sysbios_gates_GateMutex_Module__diagsMask__C)
                  0000b8e8    00000004     acsnb-sensor-tiva_pem4f.oem4f (.const:ti_sysbios_hal_Hwi_E_stackOverflow__C)
                  0000b8ec    00000004     acsnb-sensor-tiva_pem4f.oem4f (.const:ti_sysbios_heaps_HeapMem_A_align__C)
                  0000b8f0    00000004     acsnb-sensor-tiva_pem4f.oem4f (.const:ti_sysbios_heaps_HeapMem_A_heapSize__C)
                  0000b8f4    00000004     acsnb-sensor-tiva_pem4f.oem4f (.const:ti_sysbios_heaps_HeapMem_A_invalidFree__C)
                  0000b8f8    00000004     acsnb-sensor-tiva_pem4f.oem4f (.const:ti_sysbios_heaps_HeapMem_A_zeroBlock__C)
                  0000b8fc    00000004     acsnb-sensor-tiva_pem4f.oem4f (.const:ti_sysbios_heaps_HeapMem_E_memory__C)
                  0000b900    00000004     acsnb-sensor-tiva_pem4f.oem4f (.const:ti_sysbios_heaps_HeapMem_Module__diagsEnabled__C)
                  0000b904    00000004     acsnb-sensor-tiva_pem4f.oem4f (.const:ti_sysbios_heaps_HeapMem_Module__diagsIncluded__C)
                  0000b908    00000004     acsnb-sensor-tiva_pem4f.oem4f (.const:ti_sysbios_heaps_HeapMem_Module__diagsMask__C)
                  0000b90c    00000004     acsnb-sensor-tiva_pem4f.oem4f (.const:ti_sysbios_heaps_HeapMem_Module__gateObj__C)
                  0000b910    00000004     acsnb-sensor-tiva_pem4f.oem4f (.const:ti_sysbios_heaps_HeapMem_Object__count__C)
                  0000b914    00000004     acsnb-sensor-tiva_pem4f.oem4f (.const:ti_sysbios_heaps_HeapMem_reqAlign__C)
                  0000b918    00000004     acsnb-sensor-tiva_pem4f.oem4f (.const:ti_sysbios_knl_Clock_LM_begin__C)
                  0000b91c    00000004     acsnb-sensor-tiva_pem4f.oem4f (.const:ti_sysbios_knl_Clock_LM_tick__C)
                  0000b920    00000004     acsnb-sensor-tiva_pem4f.oem4f (.const:ti_sysbios_knl_Clock_LW_delayed__C)
                  0000b924    00000004     acsnb-sensor-tiva_pem4f.oem4f (.const:ti_sysbios_knl_Clock_Module_State_clockQ__O)
                  0000b928    00000004     acsnb-sensor-tiva_pem4f.oem4f (.const:ti_sysbios_knl_Clock_Module__diagsEnabled__C)
                  0000b92c    00000004     acsnb-sensor-tiva_pem4f.oem4f (.const:ti_sysbios_knl_Clock_Module__diagsIncluded__C)
                  0000b930    00000004     acsnb-sensor-tiva_pem4f.oem4f (.const:ti_sysbios_knl_Clock_Module__diagsMask__C)
                  0000b934    00000004     acsnb-sensor-tiva_pem4f.oem4f (.const:ti_sysbios_knl_Clock_Module__loggerFxn1__C)
                  0000b938    00000004     acsnb-sensor-tiva_pem4f.oem4f (.const:ti_sysbios_knl_Clock_Module__loggerFxn2__C)
                  0000b93c    00000004     acsnb-sensor-tiva_pem4f.oem4f (.const:ti_sysbios_knl_Clock_Module__loggerObj__C)
                  0000b940    00000004     acsnb-sensor-tiva_pem4f.oem4f (.const:ti_sysbios_knl_Semaphore_A_badContext__C)
                  0000b944    00000004     acsnb-sensor-tiva_pem4f.oem4f (.const:ti_sysbios_knl_Semaphore_A_noEvents__C)
                  0000b948    00000004     acsnb-sensor-tiva_pem4f.oem4f (.const:ti_sysbios_knl_Semaphore_A_overflow__C)
                  0000b94c    00000004     acsnb-sensor-tiva_pem4f.oem4f (.const:ti_sysbios_knl_Semaphore_A_pendTaskDisabled__C)
                  0000b950    00000004     acsnb-sensor-tiva_pem4f.oem4f (.const:ti_sysbios_knl_Semaphore_Instance_State_pendQ__O)
                  0000b954    00000004     acsnb-sensor-tiva_pem4f.oem4f (.const:ti_sysbios_knl_Semaphore_LM_pend__C)
                  0000b958    00000004     acsnb-sensor-tiva_pem4f.oem4f (.const:ti_sysbios_knl_Semaphore_LM_post__C)
                  0000b95c    00000004     acsnb-sensor-tiva_pem4f.oem4f (.const:ti_sysbios_knl_Semaphore_Module__diagsEnabled__C)
                  0000b960    00000004     acsnb-sensor-tiva_pem4f.oem4f (.const:ti_sysbios_knl_Semaphore_Module__diagsIncluded__C)
                  0000b964    00000004     acsnb-sensor-tiva_pem4f.oem4f (.const:ti_sysbios_knl_Semaphore_Module__diagsMask__C)
                  0000b968    00000004     acsnb-sensor-tiva_pem4f.oem4f (.const:ti_sysbios_knl_Semaphore_Module__loggerFxn2__C)
                  0000b96c    00000004     acsnb-sensor-tiva_pem4f.oem4f (.const:ti_sysbios_knl_Semaphore_Module__loggerFxn4__C)
                  0000b970    00000004     acsnb-sensor-tiva_pem4f.oem4f (.const:ti_sysbios_knl_Semaphore_Module__loggerObj__C)
                  0000b974    00000004     acsnb-sensor-tiva_pem4f.oem4f (.const:ti_sysbios_knl_Swi_LD_end__C)
                  0000b978    00000004     acsnb-sensor-tiva_pem4f.oem4f (.const:ti_sysbios_knl_Swi_LM_begin__C)
                  0000b97c    00000004     acsnb-sensor-tiva_pem4f.oem4f (.const:ti_sysbios_knl_Swi_LM_post__C)
                  0000b980    00000004     acsnb-sensor-tiva_pem4f.oem4f (.const:ti_sysbios_knl_Swi_Module__diagsEnabled__C)
                  0000b984    00000004     acsnb-sensor-tiva_pem4f.oem4f (.const:ti_sysbios_knl_Swi_Module__diagsIncluded__C)
                  0000b988    00000004     acsnb-sensor-tiva_pem4f.oem4f (.const:ti_sysbios_knl_Swi_Module__diagsMask__C)
                  0000b98c    00000004     acsnb-sensor-tiva_pem4f.oem4f (.const:ti_sysbios_knl_Swi_Module__loggerFxn1__C)
                  0000b990    00000004     acsnb-sensor-tiva_pem4f.oem4f (.const:ti_sysbios_knl_Swi_Module__loggerFxn4__C)
                  0000b994    00000004     acsnb-sensor-tiva_pem4f.oem4f (.const:ti_sysbios_knl_Swi_Module__loggerObj__C)
                  0000b998    00000004     acsnb-sensor-tiva_pem4f.oem4f (.const:ti_sysbios_knl_Swi_Object__count__C)
                  0000b99c    00000004     acsnb-sensor-tiva_pem4f.oem4f (.const:ti_sysbios_knl_Task_A_badTimeout__C)
                  0000b9a0    00000004     acsnb-sensor-tiva_pem4f.oem4f (.const:ti_sysbios_knl_Task_A_sleepTaskDisabled__C)
                  0000b9a4    00000004     acsnb-sensor-tiva_pem4f.oem4f (.const:ti_sysbios_knl_Task_E_spOutOfBounds__C)
                  0000b9a8    00000004     acsnb-sensor-tiva_pem4f.oem4f (.const:ti_sysbios_knl_Task_E_stackOverflow__C)
                  0000b9ac    00000004     acsnb-sensor-tiva_pem4f.oem4f (.const:ti_sysbios_knl_Task_LD_block__C)
                  0000b9b0    00000004     acsnb-sensor-tiva_pem4f.oem4f (.const:ti_sysbios_knl_Task_LD_exit__C)
                  0000b9b4    00000004     acsnb-sensor-tiva_pem4f.oem4f (.const:ti_sysbios_knl_Task_LD_ready__C)
                  0000b9b8    00000004     acsnb-sensor-tiva_pem4f.oem4f (.const:ti_sysbios_knl_Task_LM_sleep__C)
                  0000b9bc    00000004     acsnb-sensor-tiva_pem4f.oem4f (.const:ti_sysbios_knl_Task_LM_switch__C)
                  0000b9c0    00000004     acsnb-sensor-tiva_pem4f.oem4f (.const:ti_sysbios_knl_Task_Module_State_inactiveQ__O)
                  0000b9c4    00000004     acsnb-sensor-tiva_pem4f.oem4f (.const:ti_sysbios_knl_Task_Module__diagsEnabled__C)
                  0000b9c8    00000004     acsnb-sensor-tiva_pem4f.oem4f (.const:ti_sysbios_knl_Task_Module__diagsIncluded__C)
                  0000b9cc    00000004     acsnb-sensor-tiva_pem4f.oem4f (.const:ti_sysbios_knl_Task_Module__diagsMask__C)
                  0000b9d0    00000004     acsnb-sensor-tiva_pem4f.oem4f (.const:ti_sysbios_knl_Task_Module__loggerFxn2__C)
                  0000b9d4    00000004     acsnb-sensor-tiva_pem4f.oem4f (.const:ti_sysbios_knl_Task_Module__loggerFxn4__C)
                  0000b9d8    00000004     acsnb-sensor-tiva_pem4f.oem4f (.const:ti_sysbios_knl_Task_Module__loggerObj__C)
                  0000b9dc    00000004     acsnb-sensor-tiva_pem4f.oem4f (.const:ti_sysbios_knl_Task_Object__count__C)
                  0000b9e0    00000004     acsnb-sensor-tiva_pem4f.oem4f (.const:ti_sysbios_knl_Task_allBlockedFunc__C)
                  0000b9e4    00000004     acsnb-sensor-tiva_pem4f.oem4f (.const:ti_sysbios_knl_Task_numConstructedTasks__C)
                  0000b9e8    00000004     acsnb-sensor-tiva_pem4f.oem4f (.const:ti_sysbios_utils_Load_LS_cpuLoad__C)
                  0000b9ec    00000004     acsnb-sensor-tiva_pem4f.oem4f (.const:ti_sysbios_utils_Load_Module__diagsEnabled__C)
                  0000b9f0    00000004     acsnb-sensor-tiva_pem4f.oem4f (.const:ti_sysbios_utils_Load_Module__diagsIncluded__C)
                  0000b9f4    00000004     acsnb-sensor-tiva_pem4f.oem4f (.const:ti_sysbios_utils_Load_Module__diagsMask__C)
                  0000b9f8    00000004     acsnb-sensor-tiva_pem4f.oem4f (.const:ti_sysbios_utils_Load_Module__loggerFxn1__C)
                  0000b9fc    00000004     acsnb-sensor-tiva_pem4f.oem4f (.const:ti_sysbios_utils_Load_Module__loggerObj__C)
                  0000ba00    00000004     acsnb-sensor-tiva_pem4f.oem4f (.const:ti_sysbios_utils_Load_postUpdate__C)
                  0000ba04    00000004     acsnb-sensor-tiva_pem4f.oem4f (.const:ti_sysbios_utils_Load_windowInMs__C)
                  0000ba08    00000004     acsnb-sensor-tiva_pem4f.oem4f (.const:ti_uia_loggers_LoggerStopMode_Module__diagsEnabled__C)
                  0000ba0c    00000004     acsnb-sensor-tiva_pem4f.oem4f (.const:ti_uia_loggers_LoggerStopMode_Module__diagsIncluded__C)
                  0000ba10    00000004     acsnb-sensor-tiva_pem4f.oem4f (.const:ti_uia_loggers_LoggerStopMode_Module__diagsMask__C)
                  0000ba14    00000004     acsnb-sensor-tiva_pem4f.oem4f (.const:ti_uia_loggers_LoggerStopMode_Object__count__C)
                  0000ba18    00000004     acsnb-sensor-tiva_pem4f.oem4f (.const:ti_uia_runtime_ILoggerSnapshot_Interface__BASE__C)
                  0000ba1c    00000004     acsnb-sensor-tiva_pem4f.oem4f (.const:ti_uia_runtime_IUIATransfer_Interface__BASE__C)
                  0000ba20    00000004     acsnb-sensor-tiva_pem4f.oem4f (.const:xdc_runtime_Assert_E_assertFailed__C)
                  0000ba24    00000004     acsnb-sensor-tiva_pem4f.oem4f (.const:xdc_runtime_Core_A_initializedParams__C)
                  0000ba28    00000004     acsnb-sensor-tiva_pem4f.oem4f (.const:xdc_runtime_Core_Module__diagsEnabled__C)
                  0000ba2c    00000004     acsnb-sensor-tiva_pem4f.oem4f (.const:xdc_runtime_Core_Module__diagsIncluded__C)
                  0000ba30    00000004     acsnb-sensor-tiva_pem4f.oem4f (.const:xdc_runtime_Core_Module__diagsMask__C)
                  0000ba34    00000004     acsnb-sensor-tiva_pem4f.oem4f (.const:xdc_runtime_Error_E_memory__C)
                  0000ba38    00000004     acsnb-sensor-tiva_pem4f.oem4f (.const:xdc_runtime_Error_Module__diagsEnabled__C)
                  0000ba3c    00000004     acsnb-sensor-tiva_pem4f.oem4f (.const:xdc_runtime_Error_Module__diagsIncluded__C)
                  0000ba40    00000004     acsnb-sensor-tiva_pem4f.oem4f (.const:xdc_runtime_Error_Module__diagsMask__C)
                  0000ba44    00000004     acsnb-sensor-tiva_pem4f.oem4f (.const:xdc_runtime_Error_Module__loggerFxn8__C)
                  0000ba48    00000004     acsnb-sensor-tiva_pem4f.oem4f (.const:xdc_runtime_Error_Module__loggerObj__C)
                  0000ba4c    00000004     acsnb-sensor-tiva_pem4f.oem4f (.const:xdc_runtime_Error_policyFxn__C)
                  0000ba50    00000004     acsnb-sensor-tiva_pem4f.oem4f (.const:xdc_runtime_Error_raiseHook__C)
                  0000ba54    00000004     acsnb-sensor-tiva_pem4f.oem4f (.const:xdc_runtime_IFilterLogger_Interface__BASE__C)
                  0000ba58    00000004     acsnb-sensor-tiva_pem4f.oem4f (.const:xdc_runtime_IGateProvider_Interface__BASE__C)
                  0000ba5c    00000004     acsnb-sensor-tiva_pem4f.oem4f (.const:xdc_runtime_IHeap_Interface__BASE__C)
                  0000ba60    00000004     acsnb-sensor-tiva_pem4f.oem4f (.const:xdc_runtime_ILogger_Interface__BASE__C)
                  0000ba64    00000004     acsnb-sensor-tiva_pem4f.oem4f (.const:xdc_runtime_IModule_Interface__BASE__C)
                  0000ba68    00000004     acsnb-sensor-tiva_pem4f.oem4f (.const:xdc_runtime_Log_L_error__C)
                  0000ba6c    00000004     acsnb-sensor-tiva_pem4f.oem4f (.const:xdc_runtime_Memory_defaultHeapInstance__C)
                  0000ba70    00000004     acsnb-sensor-tiva_pem4f.oem4f (.const:xdc_runtime_Startup_execImpl__C)
                  0000ba74    00000004     acsnb-sensor-tiva_pem4f.oem4f (.const:xdc_runtime_Startup_lastFxns__A)
                  0000ba78    00000004     acsnb-sensor-tiva_pem4f.oem4f (.const:xdc_runtime_Startup_maxPasses__C)
                  0000ba7c    00000004     acsnb-sensor-tiva_pem4f.oem4f (.const:xdc_runtime_Startup_sfxnRts__C)
                  0000ba80    00000004     acsnb-sensor-tiva_pem4f.oem4f (.const:xdc_runtime_Startup_sfxnTab__C)
                  0000ba84    00000004     acsnb-sensor-tiva_pem4f.oem4f (.const:xdc_runtime_SysMin_bufSize__C)
                  0000ba88    00000004     acsnb-sensor-tiva_pem4f.oem4f (.const:xdc_runtime_SysMin_outputFunc__C)
                  0000ba8c    00000004     acsnb-sensor-tiva_pem4f.oem4f (.const:xdc_runtime_System_Module__gateObj__C)
                  0000ba90    00000004     acsnb-sensor-tiva_pem4f.oem4f (.const:xdc_runtime_System_abortFxn__C)
                  0000ba94    00000004     acsnb-sensor-tiva_pem4f.oem4f (.const:xdc_runtime_System_exitFxn__C)
                  0000ba98    00000004     acsnb-sensor-tiva_pem4f.oem4f (.const:xdc_runtime_System_extendFxn__C)
                  0000ba9c    00000004     acsnb-sensor-tiva_pem4f.oem4f (.const:xdc_runtime_System_maxAtexitHandlers__C)
                  0000baa0    00000004     acsnb-sensor-tiva_pem4f.oem4f (.const:xdc_runtime_Text_charTab__C)
                  0000baa4    00000004     acsnb-sensor-tiva_pem4f.oem4f (.const:xdc_runtime_Text_nameEmpty__C)
                  0000baa8    00000004     acsnb-sensor-tiva_pem4f.oem4f (.const:xdc_runtime_Text_nameStatic__C)
                  0000baac    00000004     acsnb-sensor-tiva_pem4f.oem4f (.const:xdc_runtime_Text_nameUnknown__C)
                  0000bab0    00000004     acsnb-sensor-tiva_pem4f.oem4f (.const:xdc_runtime_Text_nodeTab__C)
                  0000bab4    00000004     acsnb-sensor-tiva_pem4f.oem4f (.const:xdc_runtime_Text_visitRopeFxn__C)
                  0000bab8    00000002     acsnb-sensor-tiva_pem4f.oem4f (.const:ti_sysbios_family_arm_lm4_TimestampProvider_useClockTimer__C)
                  0000baba    00000002     acsnb-sensor-tiva_pem4f.oem4f (.const:ti_sysbios_family_arm_m3_Hwi_Module__id__C)
                  0000babc    00000002     acsnb-sensor-tiva_pem4f.oem4f (.const:ti_sysbios_family_arm_m3_Hwi_Module__loggerDefined__C)
                  0000babe    00000002     acsnb-sensor-tiva_pem4f.oem4f (.const:ti_sysbios_gates_GateMutex_Module__id__C)
                  0000bac0    00000002     acsnb-sensor-tiva_pem4f.oem4f (.const:ti_sysbios_hal_Hwi_Module__id__C)
                  0000bac2    00000002     acsnb-sensor-tiva_pem4f.oem4f (.const:ti_sysbios_heaps_HeapMem_Module__id__C)
                  0000bac4    00000002     acsnb-sensor-tiva_pem4f.oem4f (.const:ti_sysbios_knl_Clock_Module__id__C)
                  0000bac6    00000002     acsnb-sensor-tiva_pem4f.oem4f (.const:ti_sysbios_knl_Clock_Module__loggerDefined__C)
                  0000bac8    00000002     acsnb-sensor-tiva_pem4f.oem4f (.const:ti_sysbios_knl_Semaphore_Module__id__C)
                  0000baca    00000002     acsnb-sensor-tiva_pem4f.oem4f (.const:ti_sysbios_knl_Semaphore_Module__loggerDefined__C)
                  0000bacc    00000002     acsnb-sensor-tiva_pem4f.oem4f (.const:ti_sysbios_knl_Swi_Module__id__C)
                  0000bace    00000002     acsnb-sensor-tiva_pem4f.oem4f (.const:ti_sysbios_knl_Swi_Module__loggerDefined__C)
                  0000bad0    00000002     acsnb-sensor-tiva_pem4f.oem4f (.const:ti_sysbios_knl_Task_Module__id__C)
                  0000bad2    00000002     acsnb-sensor-tiva_pem4f.oem4f (.const:ti_sysbios_knl_Task_Module__loggerDefined__C)
                  0000bad4    00000002     acsnb-sensor-tiva_pem4f.oem4f (.const:ti_sysbios_utils_Load_Module__id__C)
                  0000bad6    00000002     acsnb-sensor-tiva_pem4f.oem4f (.const:ti_sysbios_utils_Load_Module__loggerDefined__C)
                  0000bad8    00000002     acsnb-sensor-tiva_pem4f.oem4f (.const:ti_sysbios_utils_Load_updateInIdle__C)
                  0000bada    00000002     acsnb-sensor-tiva_pem4f.oem4f (.const:ti_uia_loggers_LoggerStopMode_Module__id__C)
                  0000badc    00000002     acsnb-sensor-tiva_pem4f.oem4f (.const:ti_uia_loggers_LoggerStopMode_isTimestampEnabled__C)
                  0000bade    00000002     acsnb-sensor-tiva_pem4f.oem4f (.const:xdc_runtime_Core_Module__id__C)
                  0000bae0    00000002     acsnb-sensor-tiva_pem4f.oem4f (.const:xdc_runtime_Error_Module__loggerDefined__C)
                  0000bae2    00000002     acsnb-sensor-tiva_pem4f.oem4f (.const:xdc_runtime_Error_maxDepth__C)
                  0000bae4    00000002     acsnb-sensor-tiva_pem4f.oem4f (.const:xdc_runtime_Memory_Module__id__C)
                  0000bae6    00000002     acsnb-sensor-tiva_pem4f.oem4f (.const:xdc_runtime_SysMin_flushAtExit__C)
                  0000bae8    00000002     acsnb-sensor-tiva_pem4f.oem4f (.const:xdc_runtime_Text_charCnt__C)
                  0000baea    00000002     acsnb-sensor-tiva_pem4f.oem4f (.const:xdc_runtime_Text_isLoaded__C)
                  0000baec    00000002     acsnb-sensor-tiva_pem4f.oem4f (.const:xdc_runtime_Text_registryModsLastId__C)
                  0000baee    00000002     acsnb-sensor-tiva_pem4f.oem4f (.const:xdc_runtime_Text_unnamedModsLastId__C)

.cinit     0    0000baf0    00000308     
                  0000baf0    000002ce     (.cinit..data.load) [load image, compression = lzss]
                  0000bdbe    00000002     --HOLE-- [fill = 0]
                  0000bdc0    0000000c     (__TI_handler_table)
                  0000bdcc    00000004     --HOLE-- [fill = 0]
                  0000bdd0    00000008     (.cinit..bss.load) [load image, compression = zero_init]
                  0000bdd8    00000008     (.cinit..vecs.load) [load image, compression = zero_init]
                  0000bde0    00000018     (__TI_cinit_table)

.init_array 
*          0    00000000    00000000     UNINITIALIZED

.bss       0    20000380    00004ab0     UNINITIALIZED
                  20000380    00002300     acsnb-sensor-tiva_pem4f.oem4f (.bss:taskStackSection)
                  20002680    00001000     (.common:ti_sysbios_heaps_HeapMem_Instance_State_0_buf__A)
                  20003680    00000400     (.common:ti_uia_loggers_LoggerStopMode_Instance_State_1_packetArray__A)
                  20003a80    00000400     (.common:ti_uia_loggers_LoggerStopMode_Instance_State_2_packetArray__A)
                  20003e80    00000400     (.common:xdc_runtime_SysMin_Module_State_0_outbuf__A)
                  20004280    00000360     (.common:ti_sysbios_family_arm_m3_Hwi_dispatchTable)
                  200045e0    00000300     (.common:i2cTivaObjects)
                  200048e0    00000008     (.common:parmbuf)
                  200048e8    00000004     (.common:gpioInterruptVectors)
                  200048ec    00000014     --HOLE--
                  20004900    00000200     (.common:ti_uia_loggers_LoggerStopMode_Instance_State_0_packetArray__A)
                  20004b00    00000120     rtsv7M4_T_le_v4SPD16_eabi.lib : trgmsg.c.obj (.bss:_CIOBUF_)
                  20004c20    00000090     drivers_tivaware.aem4f : GPIOTiva.oem4f (.bss:gpioCallbackInfo)
                  20004cb0    0000004c     (.common:spiTivaDMAObjects)
                  20004cfc    00000004     --HOLE--
                  20004d00    00000030     (.common:ti_uia_loggers_LoggerStopMode_Instance_State_0_hdr__A)
                  20004d30    00000010     --HOLE--
                  20004d40    00000004     (.common:spiTivaDMAscratchBuf)
                  20004d44    0000003c     --HOLE--
                  20004d80    00000030     (.common:ti_uia_loggers_LoggerStopMode_Instance_State_1_hdr__A)
                  20004db0    00000050     --HOLE--
                  20004e00    00000030     (.common:ti_uia_loggers_LoggerStopMode_Instance_State_2_hdr__A)

.data      0    20005000    00001272     UNINITIALIZED
                  20005000    00000800     EK_TM4C123.obj (.data:$O1$$)
                  20005800    000002b8     acsnb-sensor-tiva.obj (.data:$O2$$)
                  20005ab8    00000260     acsnb-sensor-tiva_pem4f.oem4f (.data:ti_sysbios_knl_Task_Object__table__V)
                  20005d18    0000009c     acsnb-sensor-tiva_pem4f.oem4f (.data:ti_uia_loggers_LoggerStopMode_Object__table__V)
                  20005db4    00000098     acsnb-sensor-tiva_pem4f.oem4f (.data:ti_sysbios_utils_Load_Module__state__V)
                  20005e4c    00000080     acsnb-sensor-tiva_pem4f.oem4f (.data:ti_sysbios_family_arm_lm4_Timer_Object__table__V)
                  20005ecc    00000080     acsnb-sensor-tiva_pem4f.oem4f (.data:ti_sysbios_knl_Swi_Module_State_0_readyQ__A)
                  20005f4c    00000044     acsnb-sensor-tiva_pem4f.oem4f (.data:ti_sysbios_knl_Task_Module__state__V)
                  20005f90    00000038     acsnb-sensor-tiva_pem4f.oem4f (.data:ti_sysbios_gates_GateMutex_Object__table__V)
                  20005fc8    00000034     acsnb-sensor-tiva_pem4f.oem4f (.data:ti_sysbios_family_arm_m3_Hwi_Module__state__V)
                  20005ffc    00000030     acsnb-sensor-tiva_pem4f.oem4f (.data:ti_sysbios_family_arm_lm4_Timer_Module_State_0_device__A)
[...]
0000b93c  ti_sysbios_knl_Clock_Module__loggerObj__C                         
0000b940  ti_sysbios_knl_Semaphore_A_badContext__C                          
0000b944  ti_sysbios_knl_Semaphore_A_noEvents__C                            
0000b948  ti_sysbios_knl_Semaphore_A_overflow__C                            
0000b94c  ti_sysbios_knl_Semaphore_A_pendTaskDisabled__C                    
0000b950  ti_sysbios_knl_Semaphore_Instance_State_pendQ__O                  
0000b954  ti_sysbios_knl_Semaphore_LM_pend__C                               
0000b958  ti_sysbios_knl_Semaphore_LM_post__C                               
0000b95c  ti_sysbios_knl_Semaphore_Module__diagsEnabled__C                  
0000b960  ti_sysbios_knl_Semaphore_Module__diagsIncluded__C                 
0000b964  ti_sysbios_knl_Semaphore_Module__diagsMask__C                     
0000b968  ti_sysbios_knl_Semaphore_Module__loggerFxn2__C                    
0000b96c  ti_sysbios_knl_Semaphore_Module__loggerFxn4__C                    
0000b970  ti_sysbios_knl_Semaphore_Module__loggerObj__C                     
0000b974  ti_sysbios_knl_Swi_LD_end__C                                      
0000b978  ti_sysbios_knl_Swi_LM_begin__C                                    
0000b97c  ti_sysbios_knl_Swi_LM_post__C                                     
0000b980  ti_sysbios_knl_Swi_Module__diagsEnabled__C                        
0000b984  ti_sysbios_knl_Swi_Module__diagsIncluded__C                       
0000b988  ti_sysbios_knl_Swi_Module__diagsMask__C                           
0000b98c  ti_sysbios_knl_Swi_Module__loggerFxn1__C                          
0000b990  ti_sysbios_knl_Swi_Module__loggerFxn4__C                          
0000b994  ti_sysbios_knl_Swi_Module__loggerObj__C                           
0000b998  ti_sysbios_knl_Swi_Object__count__C                               
0000b99c  ti_sysbios_knl_Task_A_badTimeout__C                               
0000b9a0  ti_sysbios_knl_Task_A_sleepTaskDisabled__C                        
0000b9a4  ti_sysbios_knl_Task_E_spOutOfBounds__C                            
0000b9a8  ti_sysbios_knl_Task_E_stackOverflow__C                            
0000b9ac  ti_sysbios_knl_Task_LD_block__C                                   
0000b9b0  ti_sysbios_knl_Task_LD_exit__C                                    
0000b9b4  ti_sysbios_knl_Task_LD_ready__C                                   
0000b9b8  ti_sysbios_knl_Task_LM_sleep__C                                   
0000b9bc  ti_sysbios_knl_Task_LM_switch__C                                  
0000b9c0  ti_sysbios_knl_Task_Module_State_inactiveQ__O                     
0000b9c4  ti_sysbios_knl_Task_Module__diagsEnabled__C                       
0000b9c8  ti_sysbios_knl_Task_Module__diagsIncluded__C                      
0000b9cc  ti_sysbios_knl_Task_Module__diagsMask__C                          
0000b9d0  ti_sysbios_knl_Task_Module__loggerFxn2__C                         
0000b9d4  ti_sysbios_knl_Task_Module__loggerFxn4__C                         
0000b9d8  ti_sysbios_knl_Task_Module__loggerObj__C                          
0000b9dc  ti_sysbios_knl_Task_Object__count__C                              
0000b9e0  ti_sysbios_knl_Task_allBlockedFunc__C                             
0000b9e4  ti_sysbios_knl_Task_numConstructedTasks__C                        
0000b9e8  ti_sysbios_utils_Load_LS_cpuLoad__C                               
0000b9ec  ti_sysbios_utils_Load_Module__diagsEnabled__C                     
0000b9f0  ti_sysbios_utils_Load_Module__diagsIncluded__C                    
0000b9f4  ti_sysbios_utils_Load_Module__diagsMask__C                        
0000b9f8  ti_sysbios_utils_Load_Module__loggerFxn1__C                       
0000b9fc  ti_sysbios_utils_Load_Module__loggerObj__C                        
0000ba00  ti_sysbios_utils_Load_postUpdate__C                               
0000ba04  ti_sysbios_utils_Load_windowInMs__C                               
0000ba08  ti_uia_loggers_LoggerStopMode_Module__diagsEnabled__C             
0000ba0c  ti_uia_loggers_LoggerStopMode_Module__diagsIncluded__C            
0000ba10  ti_uia_loggers_LoggerStopMode_Module__diagsMask__C                
0000ba14  ti_uia_loggers_LoggerStopMode_Object__count__C                    
0000ba18  ti_uia_runtime_ILoggerSnapshot_Interface__BASE__C                 
0000ba1c  ti_uia_runtime_IUIATransfer_Interface__BASE__C                    
0000ba20  xdc_runtime_Assert_E_assertFailed__C                              
0000ba24  xdc_runtime_Core_A_initializedParams__C                           
0000ba28  xdc_runtime_Core_Module__diagsEnabled__C                          
0000ba2c  xdc_runtime_Core_Module__diagsIncluded__C                         
0000ba30  xdc_runtime_Core_Module__diagsMask__C                             
0000ba34  xdc_runtime_Error_E_memory__C                                     
0000ba38  xdc_runtime_Error_Module__diagsEnabled__C                         
0000ba3c  xdc_runtime_Error_Module__diagsIncluded__C                        
0000ba40  xdc_runtime_Error_Module__diagsMask__C                            
0000ba44  xdc_runtime_Error_Module__loggerFxn8__C                           
0000ba48  xdc_runtime_Error_Module__loggerObj__C                            
0000ba4c  xdc_runtime_Error_policyFxn__C                                    
0000ba50  xdc_runtime_Error_raiseHook__C                                    
0000ba54  xdc_runtime_IFilterLogger_Interface__BASE__C                      
0000ba58  xdc_runtime_IGateProvider_Interface__BASE__C                      
0000ba5c  xdc_runtime_IHeap_Interface__BASE__C                              
0000ba60  xdc_runtime_ILogger_Interface__BASE__C                            
0000ba64  xdc_runtime_IModule_Interface__BASE__C                            
0000ba68  xdc_runtime_Log_L_error__C                                        
0000ba6c  xdc_runtime_Memory_defaultHeapInstance__C                         
0000ba70  xdc_runtime_Startup_execImpl__C                                   
0000ba74  xdc_runtime_Startup_lastFxns__A                                   
0000ba78  xdc_runtime_Startup_maxPasses__C                                  
0000ba7c  xdc_runtime_Startup_sfxnRts__C                                    
0000ba80  xdc_runtime_Startup_sfxnTab__C                                    
0000ba84  xdc_runtime_SysMin_bufSize__C                                     
0000ba88  xdc_runtime_SysMin_outputFunc__C                                  
0000ba8c  xdc_runtime_System_Module__gateObj__C                             
0000ba90  xdc_runtime_System_abortFxn__C                                    
0000ba94  xdc_runtime_System_exitFxn__C                                     
0000ba98  xdc_runtime_System_extendFxn__C                                   
0000ba9c  xdc_runtime_System_maxAtexitHandlers__C                           
0000baa0  xdc_runtime_Text_charTab__C                                       
0000baa4  xdc_runtime_Text_nameEmpty__C                                     
0000baa8  xdc_runtime_Text_nameStatic__C                                    
0000baac  xdc_runtime_Text_nameUnknown__C                                   
0000bab0  xdc_runtime_Text_nodeTab__C                                       
0000bab4  xdc_runtime_Text_visitRopeFxn__C                                  
0000bab8  ti_sysbios_family_arm_lm4_TimestampProvider_useClockTimer__C      
0000baba  ti_sysbios_family_arm_m3_Hwi_Module__id__C                        
0000babc  ti_sysbios_family_arm_m3_Hwi_Module__loggerDefined__C             
0000babe  ti_sysbios_gates_GateMutex_Module__id__C                          
0000bac0  ti_sysbios_hal_Hwi_Module__id__C                                  
0000bac2  ti_sysbios_heaps_HeapMem_Module__id__C                            
0000bac4  ti_sysbios_knl_Clock_Module__id__C                                
0000bac6  ti_sysbios_knl_Clock_Module__loggerDefined__C                     
0000bac8  ti_sysbios_knl_Semaphore_Module__id__C                            
0000baca  ti_sysbios_knl_Semaphore_Module__loggerDefined__C                 
0000bacc  ti_sysbios_knl_Swi_Module__id__C                                  
0000bace  ti_sysbios_knl_Swi_Module__loggerDefined__C                       
0000bad0  ti_sysbios_knl_Task_Module__id__C                                 
0000bad2  ti_sysbios_knl_Task_Module__loggerDefined__C                      
0000bad4  ti_sysbios_utils_Load_Module__id__C                               
0000bad6  ti_sysbios_utils_Load_Module__loggerDefined__C                    
0000bad8  ti_sysbios_utils_Load_updateInIdle__C                             
0000bada  ti_uia_loggers_LoggerStopMode_Module__id__C                       
0000badc  ti_uia_loggers_LoggerStopMode_isTimestampEnabled__C               
0000bade  xdc_runtime_Core_Module__id__C                                    
0000bae0  xdc_runtime_Error_Module__loggerDefined__C                        
0000bae2  xdc_runtime_Error_maxDepth__C                                     
0000bae4  xdc_runtime_Memory_Module__id__C                                  
0000bae6  xdc_runtime_SysMin_flushAtExit__C                                 
0000bae8  xdc_runtime_Text_charCnt__C                                       
0000baea  xdc_runtime_Text_isLoaded__C                                      
0000baec  xdc_runtime_Text_registryModsLastId__C                            
0000baee  xdc_runtime_Text_unnamedModsLastId__C                             
0000baf0  __TI_static_base__                                                
0000bdc0  __TI_Handler_Table_Base                                           
0000bdcc  __TI_Handler_Table_Limit                                          
0000bde0  __TI_CINIT_Base                                                   
0000bdf8  __TI_CINIT_Limit                                                  
20000000  ti_sysbios_family_arm_m3_Hwi_ramVectors                           
20000380  ti_sysbios_knl_Task_Instance_State_0_stack__A                     
20000780  ti_sysbios_knl_Task_Instance_State_1_stack__A                     
20000b80  ti_sysbios_knl_Task_Instance_State_2_stack__A                     
20000f80  ti_sysbios_knl_Task_Instance_State_3_stack__A                     
20001380  ti_sysbios_knl_Task_Instance_State_4_stack__A                     
20001780  ti_sysbios_knl_Task_Instance_State_5_stack__A                     
20001b80  ti_sysbios_knl_Task_Instance_State_6_stack__A                     
20001e80  ti_sysbios_knl_Task_Instance_State_7_stack__A                     
20002680  ti_sysbios_heaps_HeapMem_Instance_State_0_buf__A                  
20003680  ti_uia_loggers_LoggerStopMode_Instance_State_1_packetArray__A     
20003a80  ti_uia_loggers_LoggerStopMode_Instance_State_2_packetArray__A     
20003e80  xdc_runtime_SysMin_Module_State_0_outbuf__A                       
20004280  ti_sysbios_family_arm_m3_Hwi_dispatchTable                        
200045e0  i2cTivaObjects                                                    
200048e0  parmbuf                                                           
20004900  ti_uia_loggers_LoggerStopMode_Instance_State_0_packetArray__A     
20004b00  __CIOBUF_                                                         
20004cb0  spiTivaDMAObjects                                                 
20004d00  ti_uia_loggers_LoggerStopMode_Instance_State_0_hdr__A             
20004d40  spiTivaDMAscratchBuf                                              
20004d80  ti_uia_loggers_LoggerStopMode_Instance_State_1_hdr__A             
20004e00  ti_uia_loggers_LoggerStopMode_Instance_State_2_hdr__A             
20005800  adAllSensorConversionTime                                         
20005801  switchcmd0                                                        
20005802  switchcmd1                                                        
20005803  switchcmd2                                                        
20005804  switchcmd3                                                        
20005805  switchcmd4                                                        
20005806  switchcmd5                                                        
20005807  switchNew0                                                        
20005808  switchNew1                                                        
20005809  switchNew2                                                        
2000580a  switchNew3                                                        
2000580b  switchNew4                                                        
2000580c  switchNew5                                                        
2000580d  intflag0                                                          
2000580e  intflag1                                                          
2000580f  intflag2                                                          
20005810  intflag3                                                          
20005811  intflag4                                                          
20005812  intflag5                                                          
20005814  i2c0                                                              
20005818  i2c1                                                              
2000581c  i2c2                                                              
20005820  i2c3                                                              
20005824  i2c4                                                              
20005828  i2c5                                                              
2000582c  slaveSpi                                                          
20005830  currentSwitchPosition                                             
20005834  semHandle                                                         
20005838  adGetAllCaps                                                      
20005840  i2cParams0                                                        
20005850  i2cParams1                                                        
20005860  i2cParams2                                                        
20005870  i2cParams3                                                        
20005880  i2cParams4                                                        
20005890  i2cParams5                                                        
200058a0  slaveTransaction1                                                 
200058b4  i2cTransaction0                                                   
200058d0  i2cTransaction1                                                   
200058ec  i2cTransaction2                                                   
20005908  i2cTransaction3                                                   
20005924  i2cTransaction4                                                   
20005940  i2cTransaction5                                                   
2000595c  semStruct                                                         
20005978  slaveSpiParams                                                    
20005998  filter                                                            
200059c8  spiMessageOut                                                     
20005a3f  spiMessageIn                                                      
20005ab8  ti_sysbios_knl_Task_Object__table__V                              
20005d18  ti_uia_loggers_LoggerStopMode_Object__table__V                    
20005db4  ti_sysbios_utils_Load_Module__state__V                            
20005e4c  ti_sysbios_family_arm_lm4_Timer_Object__table__V                  
20005ecc  ti_sysbios_knl_Swi_Module_State_0_readyQ__A                       
20005f4c  ti_sysbios_knl_Task_Module__state__V                              
20005f90  ti_sysbios_gates_GateMutex_Object__table__V                       
20005fc8  ti_sysbios_family_arm_m3_Hwi_Module__state__V                     
20005ffc  ti_sysbios_family_arm_lm4_Timer_Module_State_0_device__A          
2000602c  ti_sysbios_family_arm_m3_Hwi_Object__table__V                     
2000605c  ti_sysbios_knl_Swi_Object__table__V                               
2000608c  ti_sysbios_knl_Clock_Module__state__V                             
200060b8  gpioPinConfigs                                                    
200060e0  ti_sysbios_BIOS_Module__state__V                                  
20006104  ti_sysbios_knl_Task_Module_State_0_readyQ__A                      
20006124  xdc_runtime_System_Module_State_0_atexitHandlers__A               
20006144  ti_sysbios_knl_Swi_Module__state__V                               
20006160  gpioCallbackFunctions                                             
20006178  ti_sysbios_family_arm_lm4_Timer_Module_State_0_handles__A         
20006190  ti_sysbios_heaps_HeapMem_Object__table__V                         
200061a8  ti_sysbios_family_arm_lm4_Timer_Module__state__V                  
200061b4  ti_sysbios_knl_Task_Module__root__V                               
200061c0  ti_uia_runtime_QueueDescriptor_Module__state__V                   
200061cc  xdc_runtime_SysMin_Module__state__V                               
200061d8  _lock                                                             
200061dc  _unlock                                                           
200061e0  ti_uia_runtime_QueueDescriptor_gPtrToFirstDescriptor              
200061e4  ti_uia_runtime_QueueDescriptor_gUpdateCount                       
200061e8  ti_sysbios_family_arm_lm4_TimestampProvider_Module__state__V      
200061f0  ti_sysbios_family_arm_m3_Hwi_Module__root__V                      
200061f8  ti_sysbios_gates_GateHwi_Module__root__V                          
20006200  ti_sysbios_gates_GateMutex_Module__root__V                        
20006208  ti_sysbios_heaps_HeapMem_Module__root__V                          
20006210  ti_sysbios_knl_Queue_Module__root__V                              
20006218  ti_sysbios_knl_Semaphore_Module__root__V                          
20006220  ti_uia_loggers_LoggerStopMode_Module__root__V                     
20006228  xdc_runtime_Registry_Module__state__V                             
20006230  xdc_runtime_Startup_Module__state__V                              
20006238  xdc_runtime_System_Module__state__V                               
20006246  ti_sysbios_family_arm_m3_Hwi_Module_State_0_excActive__A          
20006250  main_func_sp                                                      
20006254  ti_sysbios_family_arm_m3_Hwi_Module_State_0_excContext__A         
20006258  ti_sysbios_family_arm_m3_Hwi_Module_State_0_excStack__A           
2000625c  ti_sysbios_gates_GateHwi_Object__table__V                         
20006260  ti_sysbios_knl_Task_Module_State_0_idleTask__A                    
20006264  ti_sysbios_utils_Load_Module_State_0_runningTask__A               
20006268  ti_sysbios_utils_Load_Module_State_0_taskStartTime__A             
2000626c  xdc_runtime_Memory_Module__state__V                               
20006270  xdc_runtime_Error_Module__state__V                                
20006278  __stack                                                           
20006478  __STACK_TOP                                                       
20006578  __STACK_END                                                       
e000e000  ti_sysbios_family_arm_m3_Hwi_nvic                                 
ffffffff  __TI_pprof_out_hndl                                               
ffffffff  __TI_prof_data_size                                               
ffffffff  __TI_prof_data_start                                              
ffffffff  __binit__                                                         
ffffffff  __c_args__                                                        
ffffffff  binit                                                             
UNDEFED   SHT$$INIT_ARRAY$$Base                                             
UNDEFED   SHT$$INIT_ARRAY$$Limit                                            

[821 symbols]
