******************************************************************************
                  TI ARM Linker Unix v18.1.5                   
******************************************************************************
>> Linked Wed May  1 11:53:02 2019

OUTPUT FILE NAME:   <acsnb-sensor-tiva.out>
ENTRY POINT SYMBOL: "_c_int00"  address: 000070b1


MEMORY CONFIGURATION

         name            origin    length      used     unused   attr    fill
----------------------  --------  ---------  --------  --------  ----  --------
  FLASH                 00000000   00040000  0000bda2  0003425e  R  X
  SRAM                  20000000   00008000  00006382  00001c7e  RW X


SEGMENT ALLOCATION MAP

run origin  load origin   length   init length attrs members
----------  ----------- ---------- ----------- ----- -------
00000000    00000000    0000bda8   0000bda8    r-x
  00000000    00000000    0000003c   0000003c    r-- .resetVecs
  00000040    00000040    000090ba   000090ba    r-x .text
  000090fc    000090fc    000029a4   000029a4    r-- .const
  0000baa0    0000baa0    00000308   00000308    r-- .cinit
20000000    20000000    00000360   00000000    rw-
  20000000    20000000    00000360   00000000    rw- .vecs
20000380    20000380    00004ab0   00000000    rw-
  20000380    20000380    00004ab0   00000000    rw- .bss
20005000    20005000    00001578   00000000    rw-
  20005000    20005000    00001272   00000000    rw- .data
  20006278    20006278    00000300   00000000    rw- .stack


SECTION ALLOCATION MAP

 output                                  attributes/
section   page    origin      length       input sections
--------  ----  ----------  ----------   ----------------
.resetVecs 
*          0    00000000    0000003c     
                  00000000    0000003c     acsnb-sensor-tiva_pem4f.oem4f (.resetVecs)

.text      0    00000040    000090ba     
                  00000040    0000074f     acsnb-sensor-tiva.obj (.text:taskI2Ccommon)
                  0000078f    00000001     --HOLE-- [fill = 0]
                  00000790    00000430     sysbios.aem4f : BIOS.obj (.text:ti_sysbios_family_arm_m3_Hwi_excDumpRegs__I)
                  00000bc0    0000034c     ti.targets.arm.rtsarm.aem4f : System.oem4f (.text:xdc_runtime_System_doPrint__I)
                  00000f0c    00000004     driverlib.lib : i2c.obj (.text:I2CMasterControl)
                  00000f10    0000031c     sysbios.aem4f : BIOS.obj (.text:ti_sysbios_knl_Semaphore_pend__E)
                  0000122c    000002d0     acsnb-sensor-tiva.obj (.text:main)
                  000014fc    00000294     acsnb-sensor-tiva.obj (.text:setupAD7746)
                  00001790    0000026c     sysbios.aem4f : BIOS.obj (.text:ti_sysbios_heaps_HeapMem_free__E)
                  000019fc    00000250     acsnb-sensor-tiva.obj (.text:slaveTaskFxn)
                  00001c4c    00000004     driverlib.lib : i2c.obj (.text:I2CMasterDataGet)
                  00001c50    00000250     sysbios.aem4f : BIOS.obj (.text:ti_sysbios_heaps_HeapMem_alloc__E)
                  00001ea0    00000240     acsnb-sensor-tiva.obj (.text:readAD7746)
                  000020e0    00000208     sysbios.aem4f : BIOS.obj (.text:ti_sysbios_knl_Task_sleep__E)
                  000022e8    000001fc                   : BIOS.obj (.text:ti_sysbios_family_arm_m3_Hwi_excHandlerMax__I)
                  000024e4    000001e8     acsnb-sensor-tiva_pem4f.oem4f (.text:xdc_runtime_System_printfExtend__I)
                  000026cc    000001d0     acsnb-sensor-tiva.obj (.text:readSi7020)
                  0000289c    000001b6     rtsv7M4_T_le_v4SPD16_eabi.lib : fd_add_t2.asm.obj (.text)
                  00002a52    00000006     driverlib.lib : gpio.obj (.text:GPIOIntClear)
                  00002a58    0000018c     sysbios.aem4f : BIOS.obj (.text:ti_sysbios_family_arm_lm4_Timer_start__E)
                  00002be4    00000004     driverlib.lib : i2c.obj (.text:I2CMasterDataPut)
                  00002be8    00000178     sysbios.aem4f : BIOS.obj (.text:ti_sysbios_family_arm_lm4_TimestampProvider_get64__E)
                  00002d60    00000174                   : BIOS.obj (.text:ti_sysbios_family_arm_m3_Hwi_excBusFault__I)
                  00002ed4    00000004     driverlib.lib : ssi.obj (.text:SSIIntClear)
                  00002ed8    00000164     sysbios.aem4f : BIOS.obj (.text:ti_sysbios_family_arm_m3_Hwi_excUsageFault__I)
                  0000303c    00000158     acsnb-sensor-tiva.obj (.text:switchPCA9536)
                  00003194    00000150     drivers_tivaware.aem4f : GPIOTiva.oem4f (.text:GPIO_setConfig)
                  000032e4    00000004     rtsv7M4_T_le_v4SPD16_eabi.lib : exit.c.obj (.text:abort:abort)
                  000032e8    00000148     sysbios.aem4f : BIOS.obj (.text:ti_sysbios_family_arm_m3_Hwi_excMemFault__I)
                  00003430    00000140                   : BIOS.obj (.text:ti_sysbios_knl_Semaphore_post__E)
                  00003570    0000013c                   : BIOS.obj (.text:ti_sysbios_heaps_HeapMem_Instance_init__E)
                  000036ac    00000004     acsnb-sensor-tiva_pem4f.oem4f (.text:ti_sysbios_BIOS_RtsGateProxy_enter__E)
                  000036b0    0000013c     sysbios.aem4f : BIOS.obj (.text:ti_sysbios_knl_Clock_workFunc__E)
                  000037ec    00000004     acsnb-sensor-tiva_pem4f.oem4f (.text:ti_sysbios_BIOS_RtsGateProxy_leave__E)
                  000037f0    00000138     sysbios.aem4f : BIOS.obj (.text:ti_sysbios_family_arm_m3_Hwi_dispatchC__I)
                  00003928    00000138     acsnb-sensor-tiva_pem4f.oem4f (.text:ti_uia_loggers_LoggerStopMode_writeMemoryRange__E)
                  00003a60    00000136     rtsv7M4_T_le_v4SPD16_eabi.lib : fd_div_t2.asm.obj (.text)
                  00003b96    00000130     driverlib.lib : gpio.obj (.text:GPIOPadConfigSet)
                  00003cc6    00000002     drivers_tivaware.aem4f : SPITivaDMA.oem4f (.text:SPITivaDMA_serviceISR)
                  00003cc8    0000011c     sysbios.aem4f : BIOS.obj (.text:ti_sysbios_knl_Swi_run__I)
                  00003de4    00000118     ti.targets.arm.rtsarm.aem4f : Error.oem4f (.text:xdc_runtime_Error_policyDefault__E)
                  00003efc    0000010c     acsnb-sensor-tiva_pem4f.oem4f (.text:ti_uia_loggers_LoggerStopMode_write8__E)
                  00004008    00000100     Boot.aem4f : Boot_sysctl.oem4f (.text:ti_catalog_arm_cortexm4_tiva_ce_Boot_sysCtlClockSetI__I)
                  00004108    00000100     ti.targets.arm.rtsarm.aem4f : Core-mem.oem4f (.text:xdc_runtime_Core_createObject__I)
                  00004208    000000fc     rtsv7M4_T_le_v4SPD16_eabi.lib : fd_mul_t2.asm.obj (.text)
                  00004304    000000fc     acsnb-sensor-tiva.obj (.text:triggerAD7746capacitance)
                  00004400    000000f8     ti.targets.arm.rtsarm.aem4f : Startup.oem4f (.text:xdc_runtime_Startup_startMods__I)
                  000044f8    000000f7     acsnb-sensor-tiva.obj (.text:setupHDC1080)
                  000045ef    00000001     --HOLE-- [fill = 0]
                  000045f0    000000f5     acsnb-sensor-tiva.obj (.text:setupPCA9536)
                  000046e5    00000001     --HOLE-- [fill = 0]
                  000046e6    00000002     rtsv7M4_T_le_v4SPD16_eabi.lib : _lock.c.obj (.text:_nop)
                  000046e8    000000f4     sysbios.aem4f : m3_Hwi_asm.obj (.text:ti_sysbios_family_arm_m3_Hwi_dispatch__I)
                  000047dc    000000f4     acsnb-sensor-tiva_pem4f.oem4f (.text:ti_uia_loggers_LoggerStopMode_write4__E)
                  000048d0    000000e8     acsnb-sensor-tiva_pem4f.oem4f (.text:ti_uia_loggers_LoggerStopMode_write1__E)
                  000049b8    000000e8     acsnb-sensor-tiva_pem4f.oem4f (.text:ti_uia_loggers_LoggerStopMode_write2__E)
                  00004aa0    000000e0     drivers_tivaware.aem4f : I2CTiva.oem4f (.text:I2CTiva_open)
                  00004b80    000000d8                            : SPITivaDMA.oem4f (.text:SPITivaDMA_open)
                  00004c58    000000d8     sysbios.aem4f : BIOS.obj (.text:ti_sysbios_family_arm_lm4_TimestampProvider_get32__E)
                  00004d30    000000d8     acsnb-sensor-tiva_pem4f.oem4f (.text:ti_uia_loggers_LoggerStopMode_write0__E)
                  00004e08    000000d6     drivers_tivaware.aem4f : I2CTiva.oem4f (.text:I2CTiva_hwiFxn)
                  00004ede    00000002     rtsv7M4_T_le_v4SPD16_eabi.lib : div0.asm.obj (.text)
                  00004ee0    000000cc     sysbios.aem4f : BIOS.obj (.text:ti_sysbios_knl_Task_schedule__I)
                  00004fac    000000cc     ti.targets.arm.rtsarm.aem4f : Core-smem.oem4f (.text:xdc_runtime_Core_constructObject__I)
                  00005078    000000c0     drivers_tivaware.aem4f : SPITivaDMA.oem4f (.text:SPITivaDMA_configDMA)
                  00005138    000000bc     sysbios.aem4f : BIOS.obj (.text:ti_sysbios_family_arm_m3_Hwi_excDebugMon__I)
                  000051f4    00000004                   : BIOS.obj (.text:ti_sysbios_family_arm_lm4_Timer_masterEnable__I)
                  000051f8    000000bc                   : BIOS.obj (.text:ti_sysbios_family_arm_m3_Hwi_excHardFault__I)
                  000052b4    00000004     acsnb-sensor-tiva_pem4f.oem4f (.text:ti_sysbios_family_arm_m3_Hwi_destruct)
                  000052b8    000000bc     sysbios.aem4f : BIOS.obj (.text:ti_sysbios_knl_Task_startCore__E)
                  00005374    00000004     acsnb-sensor-tiva_pem4f.oem4f (.text:ti_sysbios_family_arm_m3_TaskSupport_Module__startupDone__S)
                  00005378    000000bc     sysbios.aem4f : BIOS.obj (.text:ti_sysbios_utils_Load_updateLoads__E)
                  00005434    00000004     acsnb-sensor-tiva_pem4f.oem4f (.text:ti_sysbios_heaps_HeapMem_Module_GateProxy_enter__E)
                  00005438    000000b4     sysbios.aem4f : BIOS.obj (.text:ti_sysbios_gates_GateMutex_enter__E)
                  000054ec    00000004     acsnb-sensor-tiva_pem4f.oem4f (.text:ti_sysbios_heaps_HeapMem_Module_GateProxy_leave__E)
                  000054f0    000000b4     sysbios.aem4f : BIOS.obj (.text:ti_sysbios_knl_Task_checkStacks__E)
                  000055a4    00000004     acsnb-sensor-tiva_pem4f.oem4f (.text:ti_sysbios_knl_Clock_TimerProxy_getMaxTicks__E)
                  000055a8    000000b0     sysbios.aem4f : BIOS.obj (.text:ti_sysbios_utils_Load_idleFxn__E)
                  00005658    000000ac                   : BIOS.obj (.text:ti_sysbios_family_arm_lm4_Timer_enableTiva__I)
                  00005704    00000004     acsnb-sensor-tiva_pem4f.oem4f (.text:ti_sysbios_knl_Clock_TimerProxy_getPeriod__E)
                  00005708    000000ac     sysbios.aem4f : BIOS.obj (.text:ti_sysbios_knl_Swi_post__E)
                  000057b4    00000004     acsnb-sensor-tiva_pem4f.oem4f (.text:ti_sysbios_knl_Queue_destruct)
                  000057b8    000000a8     sysbios.aem4f : BIOS.obj (.text:ti_sysbios_family_arm_lm4_Timer_enableTimers__I)
                  00005860    000000a8                   : BIOS.obj (.text:ti_sysbios_knl_Task_blockI__E)
                  00005908    000000a8                   : BIOS.obj (.text:ti_sysbios_knl_Task_postInit__I)
                  000059b0    000000a4     drivers_tivaware.aem4f : SPITivaDMA.oem4f (.text:SPITivaDMA_initHw)
                  00005a54    000000a0     auto_init.aem4f : auto_init.oem4f (.text)
                  00005af4    000000a0     ti.targets.arm.rtsarm.aem4f : Text.oem4f (.text:xdc_runtime_Text_putMod__E)
                  00005b94    0000009f     acsnb-sensor-tiva.obj (.text:triggerAD7746temperature)
                  00005c33    00000001     --HOLE-- [fill = 0]
                  00005c34    0000009c     rtsv7M4_T_le_v4SPD16_eabi.lib : memcpy_t2.asm.obj (.text)
                  00005cd0    0000009c     sysbios.aem4f : BIOS.obj (.text:ti_sysbios_knl_Semaphore_Instance_init__E)
                  00005d6c    0000009a     ti.targets.arm.rtsarm.aem4f : Text.oem4f (.text:xdc_runtime_Text_putSite__E)
                  00005e06    00000002     acsnb-sensor-tiva_pem4f.oem4f (.text:ti_sysbios_BIOS_nullFunc__I)
                  00005e08    00000098     Boot.aem4f : Boot.oem4f (.text:ti_catalog_arm_cortexm4_tiva_ce_Boot_sysCtlClockSet__E)
                  00005ea0    00000094     sysbios.aem4f : BIOS.obj (.text:ti_sysbios_family_arm_m3_Hwi_Instance_init__E)
                  00005f34    00000004     acsnb-sensor-tiva_pem4f.oem4f (.text:ti_sysbios_knl_Semaphore_destruct)
                  00005f38    00000094     sysbios.aem4f : BIOS.obj (.text:ti_sysbios_family_arm_m3_Hwi_initNVIC__E)
                  00005fcc    00000004     ti.uia.loggers.aem4f : LoggerStopMode.oem4f (.text:ti_uia_loggers_LoggerStopMode_getContents__E)
                  00005fd0    00000094     sysbios.aem4f : BIOS.obj (.text:ti_sysbios_knl_Task_exit__E)
                  00006064    00000004     acsnb-sensor-tiva_pem4f.oem4f (.text:ti_uia_loggers_LoggerStopMode_getFilterLevel__E)
                  00006068    00000090     sysbios.aem4f : BIOS.obj (.text:ti_sysbios_knl_Task_unblockI__E)
                  000060f8    00000090     ti.uia.loggers.aem4f : LoggerStopMode.oem4f (.text:ti_uia_loggers_LoggerStopMode_initQueueDescriptor__E)
                  00006188    0000008c     drivers_tivaware.aem4f : GPIOTiva.oem4f (.text:GPIO_init)
                  00006214    0000008c     sysbios.aem4f : m3_TaskSupport_asm.obj (.text:ti_sysbios_family_arm_m3_TaskSupport_buildTaskStack)
                  000062a0    00000086     rtsv7M4_T_le_v4SPD16_eabi.lib : fd_cmp_t2.asm.obj (.text:__aeabi_cdcmple)
                  00006326    00000086                                   : fd_cmp_t2.asm.obj (.text:__aeabi_cdrcmple)
                  000063ac    00000084     EK_TM4C123.obj (.text:EK_TM4C123_initDMA)
                  00006430    00000084     sysbios.aem4f : BIOS.obj (.text:ti_sysbios_family_arm_m3_Hwi_postInit__I)
                  000064b4    00000084     driverlib.lib : udma.obj (.text:uDMAChannelTransferSet)
                  00006538    0000007e     drivers_tivaware.aem4f : I2CTiva.oem4f (.text:I2CTiva_transfer)
                  000065b6    0000007a     rtsv7M4_T_le_v4SPD16_eabi.lib : memset_t2.asm.obj (.text)
                  00006630    00000074     ti.uia.runtime.aem4f : QueueDescriptor.oem4f (.text:ti_uia_runtime_QueueDescriptor_addToList__E)
                  000066a4    0000006e     rtsv7M4_T_le_v4SPD16_eabi.lib : fd_tos_t2.asm.obj (.text)
                  00006712    00000002     acsnb-sensor-tiva_pem4f.oem4f (.text:ti_uia_loggers_LoggerStopMode_setFilterLevel__E)
                  00006714    0000006d     ti.targets.arm.rtsarm.aem4f : System.oem4f (.text:xdc_runtime_System_formatNum__I)
                  00006781    00000001     --HOLE-- [fill = 0]
                  00006782    00000002     ti.uia.loggers.aem4f : LoggerStopMode.oem4f (.text:ti_uia_loggers_LoggerStopMode_setPriority__E)
                  00006784    0000006c     acsnb-sensor-tiva.obj (.text:taskI2C1)
                  000067f0    0000006c     acsnb-sensor-tiva.obj (.text:taskI2C2)
                  0000685c    0000006c     acsnb-sensor-tiva.obj (.text:taskI2C3)
                  000068c8    0000006c     acsnb-sensor-tiva.obj (.text:taskI2C4)
                  00006934    0000006c     acsnb-sensor-tiva.obj (.text:taskI2C5)
                  000069a0    0000006c     sysbios.aem4f : BIOS.obj (.text:ti_sysbios_knl_Swi_restoreHwi__E)
                  00006a0c    0000006c     ti.targets.arm.rtsarm.aem4f : Error.oem4f (.text:xdc_runtime_Error_print__E)
                  00006a78    0000006c                                 : Memory.oem4f (.text:xdc_runtime_Memory_alloc__E)
                  00006ae4    00000068     rtsv7M4_T_le_v4SPD16_eabi.lib : copy_decompress_lzss.c.obj (.text:decompress:lzss:__TI_decompress_lzss)
                  00006b4c    00000068     acsnb-sensor-tiva.obj (.text:taskI2C0)
                  00006bb4    00000066     ti.uia.loggers.aem4f : LoggerStopMode.oem4f (.text:ti_uia_loggers_LoggerStopMode_flush__E)
                  00006c1a    00000066     ti.targets.arm.rtsarm.aem4f : Core-mem.oem4f (.text:xdc_runtime_Core_deleteObject__I)
                  00006c80    00000064     drivers_tivaware.aem4f : GPIOTiva.oem4f (.text:GPIO_hwiIntFxn)
                  00006ce4    00000004     ti.uia.loggers.aem4f : LoggerStopMode.oem4f (.text:ti_uia_loggers_LoggerStopMode_getInstanceId__E)
                  00006ce8    00000064     sysbios.aem4f : BIOS.obj (.text:ti_sysbios_family_arm_lm4_Timer_Module_startup__E)
                  00006d4c    00000064     acsnb-sensor-tiva_pem4f.oem4f (.text:ti_sysbios_family_arm_m3_Hwi_create)
                  00006db0    00000062     drivers_tivaware.aem4f : I2CTiva.oem4f (.text:I2CTiva_primeTransfer)
                  00006e12    00000062                            : SPITivaDMA.oem4f (.text:SPITivaDMA_transfer)
                  00006e74    00000004     ti.uia.loggers.aem4f : LoggerStopMode.oem4f (.text:ti_uia_loggers_LoggerStopMode_getMaxLength__E)
                  00006e78    00000060     sysbios.aem4f : BIOS.obj (.text:ti_sysbios_family_arm_lm4_Timer_isrStub__E)
                  00006ed8    00000060                   : BIOS.obj (.text:ti_sysbios_knl_Clock_logTick__E)
                  00006f38    00000060                   : BIOS.obj (.text:ti_sysbios_utils_Load_logCPULoad__I)
                  00006f98    0000005c                   : BIOS.obj (.text:ti_sysbios_knl_Swi_schedule__I)
                  00006ff4    00000004     ti.uia.loggers.aem4f : LoggerStopMode.oem4f (.text:ti_uia_loggers_LoggerStopMode_getPriority__E)
                  00006ff8    0000005c     sysbios.aem4f : BIOS.obj (.text:ti_sysbios_knl_Task_Module_startup__E)
                  00007054    0000005b     ti.targets.arm.rtsarm.aem4f : Text.oem4f (.text:xdc_runtime_Text_putLab__E)
                  000070af    00000001     --HOLE-- [fill = 0]
                  000070b0    00000058     boot.aem4f : boot.oem4f (.text)
                  00007108    00000058     acsnb-sensor-tiva_pem4f.oem4f (.text:ti_sysbios_family_arm_m3_Hwi_construct)
                  00007160    00000058     sysbios.aem4f : m3_Hwi_asm_switch.obj (.text:ti_sysbios_family_arm_m3_Hwi_initStacks__E)
                  000071b8    00000056     driverlib.lib : gpio.obj (.text:GPIOIntTypeSet)
                  0000720e    00000002     acsnb-sensor-tiva_pem4f.oem4f (.text:xdc_runtime_Startup_reset__I)
                  00007210    00000054     rtsv7M4_T_le_v4SPD16_eabi.lib : hostwrite.c.obj (.text:HOSTwrite)
                  00007264    00000054     ti.targets.arm.rtsarm.aem4f : Assert.oem4f (.text:xdc_runtime_Assert_raise__I)
                  000072b8    00000050     drivers_tivaware.aem4f : GPIOTiva.oem4f (.text:GPIO_setCallback)
                  00007308    00000050                            : GPIOTiva.oem4f (.text:GPIO_write)
                  00007358    00000050     driverlib.lib : sysctl.obj (.text:SysCtlPeripheralReset)
                  000073a8    00000050     sysbios.aem4f : BIOS.obj (.text:ti_sysbios_family_arm_m3_Hwi_Module_startup__E)
                  000073f8    00000050     ti.targets.arm.rtsarm.aem4f : Startup.oem4f (.text:xdc_runtime_Startup_exec__E)
                  00007448    00000050                                 : Text.oem4f (.text:xdc_runtime_Text_visitRope2__I)
                  00007498    0000004c     rtsv7M4_T_le_v4SPD16_eabi.lib : cpy_tbl.c.obj (.text:copy_in)
                  000074e4    00000004     ti.uia.loggers.aem4f : LoggerStopMode.oem4f (.text:ti_uia_loggers_LoggerStopMode_getTransferType__E)
                  000074e8    0000004c     sysbios.aem4f : BIOS.obj (.text:ti_sysbios_heaps_HeapMem_getStats__E)
                  00007534    00000004     ti.targets.arm.rtsarm.aem4f : Error.oem4f (.text:xdc_runtime_Error_getSite__E)
                  00007538    0000004c     sysbios.aem4f : BIOS.obj (.text:ti_sysbios_knl_Swi_runLoop__I)
                  00007584    00000004     acsnb-sensor-tiva_pem4f.oem4f (.text:xdc_runtime_System_Module_GateProxy_enter__E)
                  00007588    0000004c     sysbios.aem4f : BIOS.obj (.text:ti_sysbios_knl_Task_allBlockedFunction__I)
                  000075d4    0000004c     ti.uia.loggers.aem4f : LoggerStopMode.oem4f (.text:ti_uia_loggers_LoggerStopMode_Module_startup__E)
                  00007620    00000048     driverlib.lib : gpio.obj (.text:GPIOPinConfigure)
                  00007668    00000048                   : i2c.obj (.text:I2CMasterInitExpClk)
                  000076b0    00000048     rtsv7M4_T_le_v4SPD16_eabi.lib : fd_toi_t2.asm.obj (.text)
                  000076f8    00000048     sysbios.aem4f : BIOS.obj (.text:ti_sysbios_family_arm_m3_Hwi_disableInterrupt__E)
                  00007740    00000048                   : BIOS.obj (.text:ti_sysbios_family_arm_m3_Hwi_enableInterrupt__E)
                  00007788    00000048                   : BIOS.obj (.text:ti_sysbios_family_arm_m3_Hwi_excReserved__I)
                  000077d0    00000046     ti.targets.arm.rtsarm.aem4f : Core-params.oem4f (.text:xdc_runtime_Core_assignParams__I)
                  00007816    00000044     drivers_tivaware.aem4f : SPITivaDMA.oem4f (.text:SPITivaDMA_hwiFxn)
                  0000785a    00000044     rtsv7M4_T_le_v4SPD16_eabi.lib : fd_tou_t2.asm.obj (.text)
                  0000789e    00000002     --HOLE-- [fill = 0]
                  000078a0    00000044     sysbios.aem4f : BIOS.obj (.text:ti_sysbios_family_arm_lm4_Timer_stop__E)
                  000078e4    00000004     acsnb-sensor-tiva_pem4f.oem4f (.text:xdc_runtime_System_Module_GateProxy_leave__E)
                  000078e8    00000044     sysbios.aem4f : BIOS.obj (.text:ti_sysbios_family_arm_m3_Hwi_getStackInfo__E)
                  0000792c    00000044     ti.uia.loggers.aem4f : LoggerStopMode.oem4f (.text:ti_uia_loggers_LoggerStopMode_initBuffer__I)
                  00007970    00000044     ti.targets.arm.rtsarm.aem4f : Error.oem4f (.text:xdc_runtime_Error_setX__E)
                  000079b4    00000044                                 : SysMin.oem4f (.text:xdc_runtime_SysMin_flush__E)
                  000079f8    00000044                                 : Text.oem4f (.text:xdc_runtime_Text_xprintf__I)
                  00007a3c    00000042     drivers_tivaware.aem4f : SPITivaDMA.oem4f (.text:SPITivaDMA_transferCancel)
                  00007a7e    00000040     rtsv7M4_T_le_v4SPD16_eabi.lib : u_divt2.asm.obj (.text)
                  00007abe    00000002     --HOLE-- [fill = 0]
                  00007ac0    00000040     sysbios.aem4f : BIOS.obj (.text:ti_sysbios_family_arm_lm4_Timer_startup__E)
                  00007b00    0000003c     drivers_tivaware.aem4f : SPITivaDMA.oem4f (.text:SPITivaDMA_close)
                  00007b3c    0000003c     driverlib.lib : ssi.obj (.text:SSIConfigSetExpClk)
                  00007b78    0000003c     EK_TM4C123.obj (.text:dmaErrorHwi$0)
                  00007bb4    00000004     ti.targets.arm.rtsarm.aem4f : System.oem4f (.text:xdc_runtime_System_aprintf_va__F)
                  00007bb8    0000003c     sysbios.aem4f : BIOS.obj (.text:ti_sysbios_family_arm_m3_Hwi_excSvCall__I)
                  00007bf4    00000004     ti.targets.arm.rtsarm.aem4f : System.oem4f (.text:xdc_runtime_System_printf_va__F)
                  00007bf8    0000003c     sysbios.aem4f : BIOS.obj (.text:ti_sysbios_heaps_HeapMem_init__I)
                  00007c34    00000004     --HOLE-- [fill = 0]
                  00007c38    0000003c                   : BIOS.obj (.text:ti_sysbios_knl_Swi_startup__E)
                  00007c74    0000003a     drivers_tivaware.aem4f : I2CTiva.oem4f (.text:I2CTiva_completeTransfer)
                  00007cae    00000002     --HOLE-- [fill = 0]
                  00007cb0    00000038                            : I2C.oem4f (.text:I2C_init)
                  00007ce8    00000038                            : SPI.oem4f (.text:SPI_init)
                  00007d20    00000038     rtsv7M4_T_le_v4SPD16_eabi.lib : trgmsg.c.obj (.text:__TI_writemsg)
                  00007d58    00000038                                   : fs_tod_t2.asm.obj (.text)
                  00007d90    00000038     sysbios.aem4f : BIOS.obj (.text:ti_sysbios_family_arm_m3_Hwi_excNoIsr__I)
                  00007dc8    00000038                   : BIOS.obj (.text:ti_sysbios_knl_Task_processVitalTaskFlag__I)
                  00007e00    00000038     ti.targets.arm.rtsarm.aem4f : SysMin.oem4f (.text:xdc_runtime_SysMin_putch__E)
                  00007e38    00000038                                 : System.oem4f (.text:xdc_runtime_System_atexit__E)
                  00007e70    00000036     drivers_tivaware.aem4f : I2CTiva.oem4f (.text:I2CTiva_close)
                  00007ea6    00000002     --HOLE-- [fill = 0]
                  00007ea8    00000034     driverlib.lib : sysctl.obj (.text:SysCtlPeripheralEnable)
                  00007edc    00000034     rtsv7M4_T_le_v4SPD16_eabi.lib : trgmsg.c.obj (.text:__TI_readmsg)
                  00007f10    00000034     sysbios.aem4f : BIOS.obj (.text:ti_sysbios_family_arm_m3_Hwi_Instance_finalize__E)
                  00007f44    00000004     --HOLE-- [fill = 0]
                  00007f48    00000034                   : BIOS.obj (.text:ti_sysbios_family_arm_m3_Hwi_excNmi__I)
                  00007f7c    00000004     --HOLE-- [fill = 0]
                  00007f80    00000034                   : BIOS.obj (.text:ti_sysbios_hal_Hwi_checkStack)
                  00007fb4    00000034     ti.uia.loggers.aem4f : LoggerStopMode.oem4f (.text:ti_uia_loggers_LoggerStopMode_reset__E)
                  00007fe8    00000034     ti.targets.arm.rtsarm.aem4f : Core-label.oem4f (.text:xdc_runtime_Core_assignLabel__I)
                  0000801c    00000033                                 : Text.oem4f (.text:xdc_runtime_Text_printVisFxn__I)
                  0000804f    00000001     --HOLE-- [fill = 0]
                  00008050    00000032     sysbios.aem4f : BIOS.obj (.text:ti_sysbios_hal_Hwi_initStack)
                  00008082    00000006     driverlib.lib : gpio.obj (.text:GPIOPinWrite)
                  00008088    00000032     sysbios.aem4f : BIOS.obj (.text:ti_sysbios_knl_Semaphore_pendTimeout__I)
                  000080ba    00000002     --HOLE-- [fill = 0]
                  000080bc    00000030     drivers_tivaware.aem4f : GPIOTiva.oem4f (.text:GPIO_disableInt)
                  000080ec    00000030                            : GPIOTiva.oem4f (.text:GPIO_enableInt)
                  0000811c    00000030                            : I2C.oem4f (.text:I2C_open)
                  0000814c    00000030                            : SPI.oem4f (.text:SPI_open)
                  0000817c    00000030     acsnb-sensor-tiva_pem4f.oem4f (.text:ti_sysbios_BIOS_atExitFunc__I)
                  000081ac    00000004     --HOLE-- [fill = 0]
                  000081b0    00000030     sysbios.aem4f : BIOS.obj (.text:ti_sysbios_family_arm_m3_TaskSupport_start__E)
                  000081e0    00000030     acsnb-sensor-tiva_pem4f.oem4f (.text:ti_sysbios_gates_GateHwi_Object__create__S)
                  00008210    00000030     acsnb-sensor-tiva_pem4f.oem4f (.text:ti_sysbios_gates_GateMutex_Object__create__S)
                  00008240    00000030     acsnb-sensor-tiva_pem4f.oem4f (.text:ti_sysbios_heaps_HeapMem_Object__create__S)
                  00008270    00000030     acsnb-sensor-tiva_pem4f.oem4f (.text:ti_sysbios_knl_Semaphore_construct)
                  000082a0    00000030     sysbios.aem4f : BIOS.obj (.text:ti_sysbios_utils_Load_updateCurrentThreadTime__E)
                  000082d0    00000030     acsnb-sensor-tiva_pem4f.oem4f (.text:ti_uia_loggers_LoggerStopMode_Object__create__S)
                  00008300    00000030     ti.targets.arm.rtsarm.aem4f : SysMin.oem4f (.text:xdc_runtime_SysMin_abort__E)
                  00008330    00000030                                 : System.oem4f (.text:xdc_runtime_System_processAtExit__E)
                  00008360    0000002e     rtsv7M4_T_le_v4SPD16_eabi.lib : i_tofd_t2.asm.obj (.text)
                  0000838e    00000002     --HOLE-- [fill = 0]
                  00008390    0000002c     acsnb-sensor-tiva_pem4f.oem4f (.text:ti_sysbios_knl_Clock_doTick__I)
                  000083bc    0000002c     acsnb-sensor-tiva_pem4f.oem4f (.text:ti_sysbios_knl_Queue_construct)
                  000083e8    0000002c     sysbios.aem4f : BIOS.obj (.text:ti_sysbios_knl_Task_restore__E)
                  00008414    0000002c     driverlib.lib : udma.obj (.text:uDMAChannelAssign)
                  00008440    0000002c     ti.targets.arm.rtsarm.aem4f : Text.oem4f (.text:xdc_runtime_Text_cordText__E)
                  0000846c    0000002a     driverlib.lib : gpio.obj (.text:GPIODirModeSet)
                  00008496    0000002a     ti.targets.arm.rtsarm.aem4f : System.oem4f (.text:xdc_runtime_System_putchar__I)
                  000084c0    00000028     sysbios.aem4f : BIOS.obj (.text:ti_sysbios_knl_Swi_Module_startup__E)
                  000084e8    00000026                   : m3_Hwi_asm.obj (.text:ti_sysbios_family_arm_m3_Hwi_pendSV__I)
                  0000850e    00000026     ti.targets.arm.rtsarm.aem4f : System.oem4f (.text:xdc_runtime_System_avprintf__E)
                  00008534    00000024     acsnb-sensor-tiva_pem4f.oem4f (.text:ti_sysbios_BIOS_registerRTSLock__I)
                  00008558    00000024     acsnb-sensor-tiva_pem4f.oem4f (.text:ti_sysbios_BIOS_removeRTSLock__I)
                  0000857c    00000024     acsnb-sensor-tiva_pem4f.oem4f (.text:ti_sysbios_BIOS_startFunc__I)
                  000085a0    00000024     sysbios.aem4f : BIOS.obj (.text:ti_sysbios_family_arm_m3_Hwi_doTaskRestore__I)
                  000085c4    00000024     acsnb-sensor-tiva_pem4f.oem4f (.text:ti_sysbios_gates_GateMutex_Object__delete__S)
                  000085e8    00000024     sysbios.aem4f : BIOS.obj (.text:ti_sysbios_knl_Clock_Module_startup__E)
                  0000860c    00000024     driverlib.lib : udma.obj (.text:uDMAChannelControlSet)
                  00008630    00000024     ti.targets.arm.rtsarm.aem4f : System.oem4f (.text:xdc_runtime_System_vprintf__E)
                  00008654    00000004     --HOLE-- [fill = 0]
                  00008658    00000022     sysbios.aem4f : BIOS.obj (.text:ti_sysbios_family_arm_lm4_Timer_write__I)
                  0000867a    00000022     acsnb-sensor-tiva_pem4f.oem4f (.text:xdc_runtime_SysMin_output__I)
                  0000869c    00000020     drivers_tivaware.aem4f : GPIOTiva.oem4f (.text:GPIO_clearInt)
                  000086bc    00000020     acsnb-sensor-tiva_pem4f.oem4f (.text:ti_sysbios_BIOS_rtsLock__I)
                  000086dc    00000004     --HOLE-- [fill = 0]
                  000086e0    00000020     sysbios.aem4f : BIOS.obj (.text:ti_sysbios_family_arm_m3_Hwi_clearInterrupt__E)
                  00008700    00000020                   : m3_Hwi_asm.obj (.text:ti_sysbios_family_arm_m3_Hwi_excHandlerAsm__I)
                  00008720    00000020                   : BIOS.obj (.text:ti_sysbios_family_arm_m3_Hwi_excHandler__I)
                  00008740    00000020     acsnb-sensor-tiva_pem4f.oem4f (.text:ti_sysbios_gates_GateHwi_Object__delete__S)
                  00008760    00000020     acsnb-sensor-tiva_pem4f.oem4f (.text:ti_sysbios_heaps_HeapMem_Object__delete__S)
                  00008780    00000020     sysbios.aem4f : BIOS.obj (.text:ti_sysbios_knl_Idle_run__E)
                  000087a0    00000020     acsnb-sensor-tiva_pem4f.oem4f (.text:ti_sysbios_knl_Semaphore_Object__destruct__S)
                  000087c0    00000020     acsnb-sensor-tiva_pem4f.oem4f (.text:ti_uia_loggers_LoggerStopMode_Object__delete__S)
                  000087e0    00000020     ti.targets.arm.rtsarm.aem4f : Registry.oem4f (.text:xdc_runtime_Registry_findById__E)
                  00008800    00000020                                 : SysMin.oem4f (.text:xdc_runtime_SysMin_Module_startup__E)
                  00008820    0000001e     acsnb-sensor-tiva_pem4f.oem4f (.text:ti_sysbios_BIOS_errorRaiseHook__I)
                  0000883e    0000001e     sysbios.aem4f : m3_Hwi_asm_switch.obj (.text:ti_sysbios_family_xxx_Hwi_switchAndRunFunc)
                  0000885c    0000001c     drivers_tivaware.aem4f : GPIOTiva.oem4f (.text:getGpioIntIndex)
                  00008878    0000001c     acsnb-sensor-tiva_pem4f.oem4f (.text:ti_sysbios_family_arm_m3_Hwi_Object__destruct__S)
                  00008894    00000004     --HOLE-- [fill = 0]
                  00008898    0000001c     sysbios.aem4f : BIOS.obj (.text:ti_sysbios_gates_GateMutex_Instance_init__E)
                  000088b4    0000001c     acsnb-sensor-tiva_pem4f.oem4f (.text:ti_sysbios_knl_Queue_Object__destruct__S)
                  000088d0    0000001c     sysbios.aem4f : BIOS.obj (.text:ti_sysbios_knl_Task_enter__I)
                  000088ec    0000001c     ti.uia.loggers.aem4f : LoggerStopMode.oem4f (.text:ti_uia_loggers_LoggerStopMode_Instance_init__E)
                  00008908    0000001c     ti.targets.arm.rtsarm.aem4f : Error.oem4f (.text:xdc_runtime_Error_raiseX__E)
                  00008924    0000001c                                 : Memory.oem4f (.text:xdc_runtime_Memory_valloc__E)
                  00008940    0000001c                                 : SysMin.oem4f (.text:xdc_runtime_SysMin_exit__E)
                  0000895c    0000001c                                 : System.oem4f (.text:xdc_runtime_System_abort__E)
                  00008978    0000001a     acsnb-sensor-tiva_pem4f.oem4f (.text:ti_sysbios_family_arm_m3_Hwi_Handle__label__S)
                  00008992    0000001a     acsnb-sensor-tiva_pem4f.oem4f (.text:ti_sysbios_gates_GateHwi_Handle__label__S)
                  000089ac    0000001a     acsnb-sensor-tiva_pem4f.oem4f (.text:ti_sysbios_gates_GateMutex_Handle__label__S)
                  000089c6    0000001a     acsnb-sensor-tiva_pem4f.oem4f (.text:ti_sysbios_heaps_HeapMem_Handle__label__S)
                  000089e0    0000001a     acsnb-sensor-tiva_pem4f.oem4f (.text:ti_sysbios_knl_Swi_Handle__label__S)
                  000089fa    0000001a     acsnb-sensor-tiva_pem4f.oem4f (.text:ti_sysbios_knl_Task_Handle__label__S)
                  00008a14    00000004     --HOLE-- [fill = 0]
                  00008a18    0000001a     sysbios.aem4f : BIOS.obj (.text:ti_sysbios_knl_Task_sleepTimeout__I)
                  00008a32    0000001a     acsnb-sensor-tiva_pem4f.oem4f (.text:ti_uia_loggers_LoggerStopMode_Handle__label__S)
                  00008a4c    0000001a     acsnb-sensor-tiva_pem4f.oem4f (.text:xdc_runtime_System_aprintf__E)
                  00008a66    0000001a     acsnb-sensor-tiva_pem4f.oem4f (.text:xdc_runtime_System_printf__E)
                  00008a80    00000018     rtsv7M4_T_le_v4SPD16_eabi.lib : args_main.c.obj (.text:_args_main)
                  00008a98    00000018     acsnb-sensor-tiva_pem4f.oem4f (.text:ti_sysbios_BIOS_rtsUnlock__I)
                  00008ab0    00000018     acsnb-sensor-tiva_pem4f.oem4f (.text:ti_sysbios_family_arm_lm4_Timer_Module__startupDone__F)
                  00008ac8    00000018     acsnb-sensor-tiva_pem4f.oem4f (.text:ti_sysbios_family_arm_m3_Hwi_Module__startupDone__F)
                  00008ae0    00000018     sysbios.aem4f : m3_TaskSupport_asm.obj (.text:ti_sysbios_family_arm_m3_TaskSupport_swap__E)
                  00008af8    00000018                   : BIOS.obj (.text:ti_sysbios_gates_GateMutex_leave__E)
                  00008b10    00000018     driverlib.lib : udma.obj (.text:uDMAChannelDisable)
                  00008b28    00000018                   : udma.obj (.text:uDMAChannelEnable)
                  00008b40    00000018                   : udma.obj (.text:uDMAChannelIsEnabled)
                  00008b58    00000018     ti.targets.arm.rtsarm.aem4f : Error.oem4f (.text:xdc_runtime_Error_check__E)
                  00008b70    00000018                                 : System.oem4f (.text:xdc_runtime_System_exit__E)
                  00008b88    00000018                                 : Text.oem4f (.text:xdc_runtime_Text_ropeText__E)
                  00008ba0    00000016     driverlib.lib : i2c.obj (.text:I2CMasterErr)
                  00008bb6    00000016     acsnb-sensor-tiva_pem4f.oem4f (.text:ti_sysbios_BIOS_exitFunc__I)
                  00008bcc    00000016     ti.uia.loggers.aem4f : LoggerStopMode.oem4f (.text:ti_uia_loggers_LoggerStopMode_disable__E)
                  00008be2    00000016                          : LoggerStopMode.oem4f (.text:ti_uia_loggers_LoggerStopMode_enable__E)
                  00008bf8    00000014     drivers_tivaware.aem4f : SPI.oem4f (.text:SPI_Params_init)
                  00008c0c    00000014     rtsv7M4_T_le_v4SPD16_eabi.lib : strlen.c.obj (.text:strlen)
                  00008c20    00000014     acsnb-sensor-tiva_pem4f.oem4f (.text:ti_sysbios_family_arm_m3_Hwi_Object__get__S)
                  00008c34    00000004     --HOLE-- [fill = 0]
                  00008c38    00000014     sysbios.aem4f : BIOS.obj (.text:ti_sysbios_family_arm_m3_Hwi_switchFromBootStack__E)
                  00008c4c    00000014     acsnb-sensor-tiva_pem4f.oem4f (.text:ti_sysbios_heaps_HeapMem_Object__get__S)
                  00008c60    00000014     acsnb-sensor-tiva_pem4f.oem4f (.text:ti_sysbios_knl_Swi_Object__get__S)
                  00008c74    00000012     driverlib.lib : gpio.obj (.text:GPIOPinTypeI2C)
                  00008c86    00000012                   : gpio.obj (.text:GPIOPinTypeI2CSCL)
                  00008c98    00000012                   : gpio.obj (.text:GPIOPinTypeSSI)
                  00008caa    00000012                   : ssi.obj (.text:SSIDataGetNonBlocking)
                  00008cbc    00000004     --HOLE-- [fill = 0]
                  00008cc0    00000012     sysbios.aem4f : BIOS.obj (.text:ti_sysbios_hal_Hwi_Module_startup__E)
                  00008cd2    00000012     acsnb-sensor-tiva_pem4f.oem4f (.text:xdc_runtime_Startup_exec__I)
                  00008ce4    00000010     drivers_tivaware.aem4f : I2C.oem4f (.text:I2C_Params_init)
                  00008cf4    00000010     acsnb-sensor-tiva.obj (.text:sens0cvtDoneItr)
                  00008d04    00000010     acsnb-sensor-tiva.obj (.text:sens1cvtDoneItr)
                  00008d14    00000010     acsnb-sensor-tiva.obj (.text:sens2cvtDoneItr)
                  00008d24    00000010     acsnb-sensor-tiva.obj (.text:sens3cvtDoneItr)
                  00008d34    00000010     acsnb-sensor-tiva.obj (.text:sens4cvtDoneItr)
                  00008d44    00000004     --HOLE-- [fill = 0]
                  00008d48    00000010     sysbios.aem4f : BIOS.obj (.text:ti_sysbios_BIOS_getCpuFreq__E)
                  00008d58    00000010                   : BIOS.obj (.text:ti_sysbios_BIOS_setThreadType__E)
                  00008d68    00000010                   : BIOS.obj (.text:ti_sysbios_BIOS_start__E)
                  00008d78    00000010                   : BIOS.obj (.text:ti_sysbios_family_arm_lm4_TimestampProvider_rolloverFunc__E)
                  00008d88    00000010                   : m3_TaskSupport_asm.obj (.text:ti_sysbios_family_arm_m3_TaskSupport_glue)
                  00008d98    00000010                   : BIOS.obj (.text:ti_sysbios_gates_GateMutex_Instance_finalize__E)
                  00008da8    00000010                   : BIOS.obj (.text:ti_sysbios_knl_Semaphore_Instance_finalize__E)
                  00008db8    00000010                   : BIOS.obj (.text:ti_sysbios_knl_Swi_disable__E)
                  00008dc8    00000010     acsnb-sensor-tiva_pem4f.oem4f (.text:ti_sysbios_knl_Task_Object__get__S)
                  00008dd8    00000010     sysbios.aem4f : BIOS.obj (.text:ti_sysbios_knl_Task_disable__E)
                  00008de8    00000010     acsnb-sensor-tiva_pem4f.oem4f (.text:ti_uia_loggers_LoggerStopMode_Object__get__S)
                  00008df8    00000010     ti.uia.loggers.aem4f : LoggerStopMode.oem4f (.text:ti_uia_loggers_LoggerStopMode_isEmpty__E)
                  00008e08    00000010     driverlib.lib : udma.obj (.text:uDMAEnable)
                  00008e18    00000010     ti.targets.arm.rtsarm.aem4f : Gate.oem4f (.text:xdc_runtime_Gate_leaveSystem__E)
                  00008e28    00000010                                 : Memory.oem4f (.text:xdc_runtime_Memory_free__E)
                  00008e38    00000010                                 : SysMin.oem4f (.text:xdc_runtime_SysMin_ready__E)
                  00008e48    00000010                                 : System.oem4f (.text:xdc_runtime_System_vsnprintf__E)
                  00008e58    00000010     acsnb-sensor-tiva_pem4f.oem4f (.text:xdc_runtime_Text_visitRope__I)
                  00008e68    0000000e     driverlib.lib : gpio.obj (.text:GPIOIntDisable)
                  00008e76    0000000e                   : gpio.obj (.text:GPIOIntStatus)
                  00008e84    0000000e     rtsv7M4_T_le_v4SPD16_eabi.lib : copy_decompress_none.c.obj (.text:decompress:none:__TI_decompress_none)
                  00008e92    00000006     driverlib.lib : i2c.obj (.text:I2CMasterIntDisable)
                  00008e98    0000000e     sysbios.aem4f : BIOS.obj (.text:ti_sysbios_knl_Idle_loop__E)
                  00008ea6    00000002     --HOLE-- [fill = 0]
                  00008ea8    0000000e                   : BIOS.obj (.text:ti_sysbios_knl_Queue_empty__E)
                  00008eb6    00000002     --HOLE-- [fill = 0]
                  00008eb8    0000000c     acsnb-sensor-tiva_pem4f.oem4f (.text:.bootCodeSection:ti_catalog_arm_cortexm4_tiva_ce_Boot_init__I)
                  00008ec4    0000000c     driverlib.lib : gpio.obj (.text:GPIOIntEnable)
                  00008ed0    0000000c     rtsv7M4_T_le_v4SPD16_eabi.lib : _lock.c.obj (.text:_register_lock)
                  00008edc    0000000c                                   : _lock.c.obj (.text:_register_unlock)
                  00008ee8    0000000c                                   : copy_zero_init.c.obj (.text:decompress:ZI:__TI_zero_init)
                  00008ef4    0000000c     acsnb-sensor-tiva.obj (.text:sens5cvtDoneItr)
                  00008f00    0000000c     sysbios.aem4f : BIOS.obj (.text:ti_sysbios_family_arm_lm4_Timer_getMaxTicks__E)
                  00008f0c    00000004     --HOLE-- [fill = 0]
                  00008f10    0000000c                   : BIOS.obj (.text:ti_sysbios_family_arm_lm4_TimestampProvider_startTimer__E)
                  00008f1c    0000000c     acsnb-sensor-tiva_pem4f.oem4f (.text:ti_sysbios_family_arm_m3_Hwi_Params__init__S)
                  00008f28    0000000c     sysbios.aem4f : BIOS.obj (.text:ti_sysbios_family_arm_m3_Hwi_disableFxn__E)
                  00008f34    00000004     --HOLE-- [fill = 0]
                  00008f38    0000000c                   : BIOS.obj (.text:ti_sysbios_family_arm_m3_TaskSupport_checkStack__E)
                  00008f44    00000004     --HOLE-- [fill = 0]
                  00008f48    0000000c                   : BIOS.obj (.text:ti_sysbios_gates_GateHwi_enter__E)
                  00008f54    0000000c     acsnb-sensor-tiva_pem4f.oem4f (.text:ti_sysbios_knl_Queue_Object__get__S)
                  00008f60    0000000c     acsnb-sensor-tiva_pem4f.oem4f (.text:ti_sysbios_knl_Semaphore_Params__init__S)
                  00008f6c    0000000c     driverlib.lib : udma.obj (.text:uDMAControlBaseSet)
                  00008f78    0000000c                   : udma.obj (.text:uDMAErrorStatusClear)
                  00008f84    0000000c                   : udma.obj (.text:uDMAErrorStatusGet)
                  00008f90    0000000c                   : udma.obj (.text:uDMAIntStatus)
                  00008f9c    0000000c     ti.targets.arm.rtsarm.aem4f : Error.oem4f (.text:xdc_runtime_Error_init__E)
                  00008fa8    0000000c                                 : Gate.oem4f (.text:xdc_runtime_Gate_enterSystem__E)
                  00008fb4    0000000c                                 : Memory.oem4f (.text:xdc_runtime_Memory_calloc__E)
                  00008fc0    0000000c                                 : Memory.oem4f (.text:xdc_runtime_Memory_getMaxDefaultTypeAlign__E)
                  00008fcc    0000000a     driverlib.lib : i2c.obj (.text:I2CMasterDisable)
                  00008fd6    0000000a                   : i2c.obj (.text:I2CMasterEnable)
                  00008fe0    0000000a     drivers_tivaware.aem4f : I2CTiva.oem4f (.text:I2CTiva_init)
                  00008fea    0000000a                            : I2C.oem4f (.text:I2C_transfer)
                  00008ff4    0000000a                            : SPITivaDMA.oem4f (.text:SPITivaDMA_init)
                  00008ffe    0000000a                            : SPI.oem4f (.text:SPI_transfer)
                  00009008    0000000a     driverlib.lib : ssi.obj (.text:SSIDMADisable)
                  00009012    0000000a                   : ssi.obj (.text:SSIDisable)
                  0000901c    0000000a                   : ssi.obj (.text:SSIEnable)
                  00009026    0000000a                   : ssi.obj (.text:SSIIntDisable)
                  00009030    0000000a     acsnb-sensor-tiva_pem4f.oem4f (.text:xdc_runtime_IHeap_alloc)
                  0000903a    0000000a     acsnb-sensor-tiva_pem4f.oem4f (.text:xdc_runtime_IHeap_free)
                  00009044    00000008     driverlib.lib : i2c.obj (.text:I2CMasterIntClear)
                  0000904c    00000008                   : i2c.obj (.text:I2CMasterSlaveAddrSet)
                  00009054    00000008     drivers_tivaware.aem4f : I2CTiva.oem4f (.text:I2CTiva_blockingCallback)
                  0000905c    00000008     driverlib.lib : ssi.obj (.text:SSIDMAEnable)
                  00009064    00000008                   : ssi.obj (.text:SSIIntEnable)
                  0000906c    00000008     sysbios.aem4f : BIOS.obj (.text:ti_sysbios_family_arm_lm4_Timer_masterDisable__I)
                  00009074    00000004     --HOLE-- [fill = 0]
                  00009078    00000008                   : BIOS.obj (.text:ti_sysbios_family_arm_m3_Hwi_doSwiRestore__I)
                  00009080    00000008                   : BIOS.obj (.text:ti_sysbios_family_arm_m3_Hwi_startup__E)
                  00009088    00000006     driverlib.lib : i2c.obj (.text:I2CMasterIntEnable)
                  0000908e    00000006     drivers_tivaware.aem4f : I2CTiva.oem4f (.text:I2CTiva_control)
                  00009094    00000006                            : SPITivaDMA.oem4f (.text:SPITivaDMA_control)
                  0000909a    00000006                            : SPITivaDMA.oem4f (.text:SPITivaDMA_transferCallback)
                  000090a0    00000006     Boot.aem4f : Boot_sysctl.oem4f (.text:ti_catalog_arm_cortexm4_tiva_ce_Boot_sysCtlDelayI__I)
                  000090a6    00000002     --HOLE-- [fill = 0]
                  000090a8    00000006     sysbios.aem4f : BIOS.obj (.text:ti_sysbios_family_arm_lm4_TimestampProvider_Module_startup__E)
                  000090ae    00000002     --HOLE-- [fill = 0]
                  000090b0    00000006                   : BIOS.obj (.text:ti_sysbios_family_arm_m3_Hwi_restoreFxn__E)
                  000090b6    00000002     --HOLE-- [fill = 0]
                  000090b8    00000006                   : BIOS.obj (.text:ti_sysbios_gates_GateHwi_leave__E)
                  000090be    00000002     --HOLE-- [fill = 0]
                  000090c0    00000006                   : BIOS.obj (.text:ti_sysbios_heaps_HeapMem_isBlocking__E)
                  000090c6    00000002     --HOLE-- [fill = 0]
                  000090c8    00000006                   : BIOS.obj (.text:ti_sysbios_knl_Queue_Instance_init__E)
                  000090ce    00000006     ti.targets.arm.rtsarm.aem4f : System.oem4f (.text:xdc_runtime_System_Module_startup__E)
                  000090d4    00000004     --HOLE-- [fill = 0]
                  000090d8    00000004     sysbios.aem4f : BIOS.obj (.text:ti_sysbios_family_arm_lm4_Timer_getPeriod__E)
                  000090dc    00000004     --HOLE-- [fill = 0]
                  000090e0    00000004                   : BIOS.obj (.text:ti_sysbios_gates_GateHwi_query__E)
                  000090e4    00000004     --HOLE-- [fill = 0]
                  000090e8    00000004                   : BIOS.obj (.text:ti_sysbios_gates_GateMutex_query__E)
                  000090ec    00000004     --HOLE-- [fill = 0]
                  000090f0    00000004                   : BIOS.obj (.text:ti_sysbios_knl_Task_startup__E)
                  000090f4    00000004     --HOLE-- [fill = 0]
                  000090f8    00000002                   : BIOS.obj (.text:ti_sysbios_gates_GateHwi_Instance_init__E)

.const     0    000090fc    000029a4     
                  000090fc    00001fdd     acsnb-sensor-tiva_pem4f.oem4f (.const:xdc_runtime_Text_charTab__A)
                  0000b0d9    00000001     acsnb-sensor-tiva_pem4f.oem4f (.const:xdc_runtime_Error_policy__C)
                  0000b0da    00000104     acsnb-sensor-tiva_pem4f.oem4f (.const:xdc_runtime_Text_nodeTab__A)
                  0000b1de    00000002     acsnb-sensor-tiva_pem4f.oem4f (.const:ti_catalog_arm_cortexm4_tiva_ce_Boot_Module__id__C)
                  0000b1e0    00000090     driverlib.lib : gpio.obj (.const:g_pui32GPIOBaseAddrs)
                  0000b270    00000064     drivers_tivaware.aem4f : SPITivaDMA.oem4f (.const)
                  0000b2d4    00000060     acsnb-sensor-tiva_pem4f.oem4f (.const:ti_uia_loggers_LoggerStopMode_Module__FXNS__C)
                  0000b334    00000054     drivers_tivaware.aem4f : GPIOTiva.oem4f (.const:.string)
                  0000b388    00000054     EK_TM4C123.obj (.const:I2C_config)
                  0000b3dc    00000048     acsnb-sensor-tiva_pem4f.oem4f (.const:.string)
                  0000b424    00000048     drivers_tivaware.aem4f : GPIOTiva.oem4f (.const:gpioBaseAddresses)
                  0000b46c    00000048     EK_TM4C123.obj (.const:i2cTivaHWAttrs)
                  0000b4b4    00000030     acsnb-sensor-tiva_pem4f.oem4f (.const:ti_sysbios_family_arm_m3_Hwi_Object__PARAMS__C)
                  0000b4e4    00000028     EK_TM4C123.obj (.const:spiTivaDMAHWAttrs)
                  0000b50c    00000028     acsnb-sensor-tiva_pem4f.oem4f (.const:ti_sysbios_heaps_HeapMem_Module__FXNS__C)
                  0000b534    00000028     acsnb-sensor-tiva_pem4f.oem4f (.const:ti_uia_loggers_LoggerStopMode_Object__PARAMS__C)
                  0000b55c    00000028     acsnb-sensor-tiva_pem4f.oem4f (.const:xdc_runtime_Startup_sfxnTab__A)
                  0000b584    00000024     acsnb-sensor-tiva_pem4f.oem4f (.const:ti_sysbios_gates_GateHwi_Module__FXNS__C)
                  0000b5a8    00000024     acsnb-sensor-tiva_pem4f.oem4f (.const:ti_sysbios_gates_GateMutex_Module__FXNS__C)
                  0000b5cc    00000024     acsnb-sensor-tiva_pem4f.oem4f (.const:ti_sysbios_heaps_HeapMem_Object__PARAMS__C)
                  0000b5f0    00000024     acsnb-sensor-tiva_pem4f.oem4f (.const:ti_sysbios_knl_Semaphore_Object__PARAMS__C)
                  0000b614    00000020     drivers_tivaware.aem4f : SPI.oem4f (.const)
                  0000b634    00000020     acsnb-sensor-tiva_pem4f.oem4f (.const:ti_sysbios_family_arm_m3_Hwi_Object__DESC__C)
                  0000b654    00000020     acsnb-sensor-tiva_pem4f.oem4f (.const:ti_sysbios_gates_GateHwi_Object__DESC__C)
                  0000b674    00000020     acsnb-sensor-tiva_pem4f.oem4f (.const:ti_sysbios_gates_GateMutex_Object__DESC__C)
                  0000b694    00000020     acsnb-sensor-tiva_pem4f.oem4f (.const:ti_sysbios_heaps_HeapMem_Object__DESC__C)
                  0000b6b4    00000020     acsnb-sensor-tiva_pem4f.oem4f (.const:ti_sysbios_knl_Queue_Object__DESC__C)
                  0000b6d4    00000020     acsnb-sensor-tiva_pem4f.oem4f (.const:ti_sysbios_knl_Semaphore_Object__DESC__C)
                  0000b6f4    00000020     acsnb-sensor-tiva_pem4f.oem4f (.const:ti_uia_loggers_LoggerStopMode_Object__DESC__C)
                  0000b714    0000001c     drivers_tivaware.aem4f : I2CTiva.oem4f (.const)
                  0000b730    00000018     EK_TM4C123.obj (.const:SPI_config)
                  0000b748    00000018     acsnb-sensor-tiva_pem4f.oem4f (.const:ti_sysbios_gates_GateHwi_Object__PARAMS__C)
                  0000b760    00000018     acsnb-sensor-tiva_pem4f.oem4f (.const:ti_sysbios_gates_GateMutex_Object__PARAMS__C)
                  0000b778    00000018     acsnb-sensor-tiva_pem4f.oem4f (.const:ti_sysbios_knl_Queue_Object__PARAMS__C)
                  0000b790    00000014     EK_TM4C123.obj (.const:GPIOTiva_config)
                  0000b7a4    00000014     acsnb-sensor-tiva_pem4f.oem4f (.const:xdc_runtime_Startup_firstFxns__A)
                  0000b7b8    00000014     acsnb-sensor-tiva_pem4f.oem4f (.const:xdc_runtime_Startup_sfxnRts__A)
                  0000b7cc    00000010     drivers_tivaware.aem4f : I2C.oem4f (.const)
                  0000b7dc    00000008     acsnb-sensor-tiva_pem4f.oem4f (.const:ti_sysbios_family_arm_m3_Hwi_excHookFuncs__A)
                  0000b7e4    00000008     acsnb-sensor-tiva_pem4f.oem4f (.const:ti_sysbios_knl_Idle_funcList__A)
                  0000b7ec    00000008     acsnb-sensor-tiva_pem4f.oem4f (.const:ti_sysbios_knl_Idle_funcList__C)
                  0000b7f4    00000008     acsnb-sensor-tiva_pem4f.oem4f (.const:xdc_runtime_Startup_firstFxns__C)
                  0000b7fc    00000008     acsnb-sensor-tiva_pem4f.oem4f (.const:xdc_runtime_Startup_lastFxns__C)
                  0000b804    00000004     acsnb-sensor-tiva_pem4f.oem4f (.const:ti_catalog_arm_cortexm4_tiva_ce_Boot_A_mustUseEnhancedClockMode__C)
                  0000b808    00000004     acsnb-sensor-tiva_pem4f.oem4f (.const:ti_catalog_arm_cortexm4_tiva_ce_Boot_Module__diagsEnabled__C)
                  0000b80c    00000004     acsnb-sensor-tiva_pem4f.oem4f (.const:ti_catalog_arm_cortexm4_tiva_ce_Boot_Module__diagsIncluded__C)
                  0000b810    00000004     acsnb-sensor-tiva_pem4f.oem4f (.const:ti_catalog_arm_cortexm4_tiva_ce_Boot_Module__diagsMask__C)
                  0000b814    00000004     acsnb-sensor-tiva_pem4f.oem4f (.const:ti_sysbios_family_arm_lm4_Timer_enableFunc__C)
                  0000b818    00000004     acsnb-sensor-tiva_pem4f.oem4f (.const:ti_sysbios_family_arm_lm4_Timer_numTimerDevices__C)
                  0000b81c    00000004     acsnb-sensor-tiva_pem4f.oem4f (.const:ti_sysbios_family_arm_lm4_Timer_startupNeeded__C)
                  0000b820    00000004     acsnb-sensor-tiva_pem4f.oem4f (.const:ti_sysbios_family_arm_m3_Hwi_E_NMI__C)
                  0000b824    00000004     acsnb-sensor-tiva_pem4f.oem4f (.const:ti_sysbios_family_arm_m3_Hwi_E_alreadyDefined__C)
                  0000b828    00000004     acsnb-sensor-tiva_pem4f.oem4f (.const:ti_sysbios_family_arm_m3_Hwi_E_busFault__C)
                  0000b82c    00000004     acsnb-sensor-tiva_pem4f.oem4f (.const:ti_sysbios_family_arm_m3_Hwi_E_debugMon__C)
                  0000b830    00000004     acsnb-sensor-tiva_pem4f.oem4f (.const:ti_sysbios_family_arm_m3_Hwi_E_hardFault__C)
                  0000b834    00000004     acsnb-sensor-tiva_pem4f.oem4f (.const:ti_sysbios_family_arm_m3_Hwi_E_memFault__C)
                  0000b838    00000004     acsnb-sensor-tiva_pem4f.oem4f (.const:ti_sysbios_family_arm_m3_Hwi_E_noIsr__C)
                  0000b83c    00000004     acsnb-sensor-tiva_pem4f.oem4f (.const:ti_sysbios_family_arm_m3_Hwi_E_reserved__C)
                  0000b840    00000004     acsnb-sensor-tiva_pem4f.oem4f (.const:ti_sysbios_family_arm_m3_Hwi_E_svCall__C)
                  0000b844    00000004     acsnb-sensor-tiva_pem4f.oem4f (.const:ti_sysbios_family_arm_m3_Hwi_E_usageFault__C)
                  0000b848    00000004     acsnb-sensor-tiva_pem4f.oem4f (.const:ti_sysbios_family_arm_m3_Hwi_LD_end__C)
                  0000b84c    00000004     acsnb-sensor-tiva_pem4f.oem4f (.const:ti_sysbios_family_arm_m3_Hwi_LM_begin__C)
                  0000b850    00000004     acsnb-sensor-tiva_pem4f.oem4f (.const:ti_sysbios_family_arm_m3_Hwi_Module__diagsEnabled__C)
                  0000b854    00000004     acsnb-sensor-tiva_pem4f.oem4f (.const:ti_sysbios_family_arm_m3_Hwi_Module__diagsIncluded__C)
                  0000b858    00000004     acsnb-sensor-tiva_pem4f.oem4f (.const:ti_sysbios_family_arm_m3_Hwi_Module__diagsMask__C)
                  0000b85c    00000004     acsnb-sensor-tiva_pem4f.oem4f (.const:ti_sysbios_family_arm_m3_Hwi_Module__loggerFxn1__C)
                  0000b860    00000004     acsnb-sensor-tiva_pem4f.oem4f (.const:ti_sysbios_family_arm_m3_Hwi_Module__loggerFxn8__C)
                  0000b864    00000004     acsnb-sensor-tiva_pem4f.oem4f (.const:ti_sysbios_family_arm_m3_Hwi_Module__loggerObj__C)
                  0000b868    00000004     acsnb-sensor-tiva_pem4f.oem4f (.const:ti_sysbios_family_arm_m3_Hwi_NUM_INTERRUPTS__C)
                  0000b86c    00000004     acsnb-sensor-tiva_pem4f.oem4f (.const:ti_sysbios_family_arm_m3_Hwi_Object__count__C)
                  0000b870    00000004     acsnb-sensor-tiva_pem4f.oem4f (.const:ti_sysbios_family_arm_m3_Hwi_ccr__C)
                  0000b874    00000004     acsnb-sensor-tiva_pem4f.oem4f (.const:ti_sysbios_family_arm_m3_Hwi_excHandlerFunc__C)
                  0000b878    00000004     acsnb-sensor-tiva_pem4f.oem4f (.const:ti_sysbios_family_arm_m3_Hwi_excHookFuncs__C)
                  0000b87c    00000004     acsnb-sensor-tiva_pem4f.oem4f (.const:ti_sysbios_family_arm_m3_Hwi_nullIsrFunc__C)
                  0000b880    00000004     acsnb-sensor-tiva_pem4f.oem4f (.const:ti_sysbios_family_arm_m3_Hwi_priGroup__C)
                  0000b884    00000004     acsnb-sensor-tiva_pem4f.oem4f (.const:ti_sysbios_gates_GateMutex_A_badContext__C)
                  0000b888    00000004     acsnb-sensor-tiva_pem4f.oem4f (.const:ti_sysbios_gates_GateMutex_Instance_State_sem__O)
                  0000b88c    00000004     acsnb-sensor-tiva_pem4f.oem4f (.const:ti_sysbios_gates_GateMutex_Module__diagsEnabled__C)
                  0000b890    00000004     acsnb-sensor-tiva_pem4f.oem4f (.const:ti_sysbios_gates_GateMutex_Module__diagsIncluded__C)
                  0000b894    00000004     acsnb-sensor-tiva_pem4f.oem4f (.const:ti_sysbios_gates_GateMutex_Module__diagsMask__C)
                  0000b898    00000004     acsnb-sensor-tiva_pem4f.oem4f (.const:ti_sysbios_hal_Hwi_E_stackOverflow__C)
                  0000b89c    00000004     acsnb-sensor-tiva_pem4f.oem4f (.const:ti_sysbios_heaps_HeapMem_A_align__C)
                  0000b8a0    00000004     acsnb-sensor-tiva_pem4f.oem4f (.const:ti_sysbios_heaps_HeapMem_A_heapSize__C)
                  0000b8a4    00000004     acsnb-sensor-tiva_pem4f.oem4f (.const:ti_sysbios_heaps_HeapMem_A_invalidFree__C)
                  0000b8a8    00000004     acsnb-sensor-tiva_pem4f.oem4f (.const:ti_sysbios_heaps_HeapMem_A_zeroBlock__C)
                  0000b8ac    00000004     acsnb-sensor-tiva_pem4f.oem4f (.const:ti_sysbios_heaps_HeapMem_E_memory__C)
                  0000b8b0    00000004     acsnb-sensor-tiva_pem4f.oem4f (.const:ti_sysbios_heaps_HeapMem_Module__diagsEnabled__C)
                  0000b8b4    00000004     acsnb-sensor-tiva_pem4f.oem4f (.const:ti_sysbios_heaps_HeapMem_Module__diagsIncluded__C)
                  0000b8b8    00000004     acsnb-sensor-tiva_pem4f.oem4f (.const:ti_sysbios_heaps_HeapMem_Module__diagsMask__C)
                  0000b8bc    00000004     acsnb-sensor-tiva_pem4f.oem4f (.const:ti_sysbios_heaps_HeapMem_Module__gateObj__C)
                  0000b8c0    00000004     acsnb-sensor-tiva_pem4f.oem4f (.const:ti_sysbios_heaps_HeapMem_Object__count__C)
                  0000b8c4    00000004     acsnb-sensor-tiva_pem4f.oem4f (.const:ti_sysbios_heaps_HeapMem_reqAlign__C)
                  0000b8c8    00000004     acsnb-sensor-tiva_pem4f.oem4f (.const:ti_sysbios_knl_Clock_LM_begin__C)
                  0000b8cc    00000004     acsnb-sensor-tiva_pem4f.oem4f (.const:ti_sysbios_knl_Clock_LM_tick__C)
                  0000b8d0    00000004     acsnb-sensor-tiva_pem4f.oem4f (.const:ti_sysbios_knl_Clock_LW_delayed__C)
                  0000b8d4    00000004     acsnb-sensor-tiva_pem4f.oem4f (.const:ti_sysbios_knl_Clock_Module_State_clockQ__O)
                  0000b8d8    00000004     acsnb-sensor-tiva_pem4f.oem4f (.const:ti_sysbios_knl_Clock_Module__diagsEnabled__C)
                  0000b8dc    00000004     acsnb-sensor-tiva_pem4f.oem4f (.const:ti_sysbios_knl_Clock_Module__diagsIncluded__C)
                  0000b8e0    00000004     acsnb-sensor-tiva_pem4f.oem4f (.const:ti_sysbios_knl_Clock_Module__diagsMask__C)
                  0000b8e4    00000004     acsnb-sensor-tiva_pem4f.oem4f (.const:ti_sysbios_knl_Clock_Module__loggerFxn1__C)
                  0000b8e8    00000004     acsnb-sensor-tiva_pem4f.oem4f (.const:ti_sysbios_knl_Clock_Module__loggerFxn2__C)
                  0000b8ec    00000004     acsnb-sensor-tiva_pem4f.oem4f (.const:ti_sysbios_knl_Clock_Module__loggerObj__C)
                  0000b8f0    00000004     acsnb-sensor-tiva_pem4f.oem4f (.const:ti_sysbios_knl_Semaphore_A_badContext__C)
                  0000b8f4    00000004     acsnb-sensor-tiva_pem4f.oem4f (.const:ti_sysbios_knl_Semaphore_A_noEvents__C)
                  0000b8f8    00000004     acsnb-sensor-tiva_pem4f.oem4f (.const:ti_sysbios_knl_Semaphore_A_overflow__C)
                  0000b8fc    00000004     acsnb-sensor-tiva_pem4f.oem4f (.const:ti_sysbios_knl_Semaphore_A_pendTaskDisabled__C)
                  0000b900    00000004     acsnb-sensor-tiva_pem4f.oem4f (.const:ti_sysbios_knl_Semaphore_Instance_State_pendQ__O)
                  0000b904    00000004     acsnb-sensor-tiva_pem4f.oem4f (.const:ti_sysbios_knl_Semaphore_LM_pend__C)
                  0000b908    00000004     acsnb-sensor-tiva_pem4f.oem4f (.const:ti_sysbios_knl_Semaphore_LM_post__C)
                  0000b90c    00000004     acsnb-sensor-tiva_pem4f.oem4f (.const:ti_sysbios_knl_Semaphore_Module__diagsEnabled__C)
                  0000b910    00000004     acsnb-sensor-tiva_pem4f.oem4f (.const:ti_sysbios_knl_Semaphore_Module__diagsIncluded__C)
                  0000b914    00000004     acsnb-sensor-tiva_pem4f.oem4f (.const:ti_sysbios_knl_Semaphore_Module__diagsMask__C)
                  0000b918    00000004     acsnb-sensor-tiva_pem4f.oem4f (.const:ti_sysbios_knl_Semaphore_Module__loggerFxn2__C)
                  0000b91c    00000004     acsnb-sensor-tiva_pem4f.oem4f (.const:ti_sysbios_knl_Semaphore_Module__loggerFxn4__C)
                  0000b920    00000004     acsnb-sensor-tiva_pem4f.oem4f (.const:ti_sysbios_knl_Semaphore_Module__loggerObj__C)
                  0000b924    00000004     acsnb-sensor-tiva_pem4f.oem4f (.const:ti_sysbios_knl_Swi_LD_end__C)
                  0000b928    00000004     acsnb-sensor-tiva_pem4f.oem4f (.const:ti_sysbios_knl_Swi_LM_begin__C)
                  0000b92c    00000004     acsnb-sensor-tiva_pem4f.oem4f (.const:ti_sysbios_knl_Swi_LM_post__C)
                  0000b930    00000004     acsnb-sensor-tiva_pem4f.oem4f (.const:ti_sysbios_knl_Swi_Module__diagsEnabled__C)
                  0000b934    00000004     acsnb-sensor-tiva_pem4f.oem4f (.const:ti_sysbios_knl_Swi_Module__diagsIncluded__C)
                  0000b938    00000004     acsnb-sensor-tiva_pem4f.oem4f (.const:ti_sysbios_knl_Swi_Module__diagsMask__C)
                  0000b93c    00000004     acsnb-sensor-tiva_pem4f.oem4f (.const:ti_sysbios_knl_Swi_Module__loggerFxn1__C)
                  0000b940    00000004     acsnb-sensor-tiva_pem4f.oem4f (.const:ti_sysbios_knl_Swi_Module__loggerFxn4__C)
                  0000b944    00000004     acsnb-sensor-tiva_pem4f.oem4f (.const:ti_sysbios_knl_Swi_Module__loggerObj__C)
                  0000b948    00000004     acsnb-sensor-tiva_pem4f.oem4f (.const:ti_sysbios_knl_Swi_Object__count__C)
                  0000b94c    00000004     acsnb-sensor-tiva_pem4f.oem4f (.const:ti_sysbios_knl_Task_A_badTimeout__C)
                  0000b950    00000004     acsnb-sensor-tiva_pem4f.oem4f (.const:ti_sysbios_knl_Task_A_sleepTaskDisabled__C)
                  0000b954    00000004     acsnb-sensor-tiva_pem4f.oem4f (.const:ti_sysbios_knl_Task_E_spOutOfBounds__C)
                  0000b958    00000004     acsnb-sensor-tiva_pem4f.oem4f (.const:ti_sysbios_knl_Task_E_stackOverflow__C)
                  0000b95c    00000004     acsnb-sensor-tiva_pem4f.oem4f (.const:ti_sysbios_knl_Task_LD_block__C)
                  0000b960    00000004     acsnb-sensor-tiva_pem4f.oem4f (.const:ti_sysbios_knl_Task_LD_exit__C)
                  0000b964    00000004     acsnb-sensor-tiva_pem4f.oem4f (.const:ti_sysbios_knl_Task_LD_ready__C)
                  0000b968    00000004     acsnb-sensor-tiva_pem4f.oem4f (.const:ti_sysbios_knl_Task_LM_sleep__C)
                  0000b96c    00000004     acsnb-sensor-tiva_pem4f.oem4f (.const:ti_sysbios_knl_Task_LM_switch__C)
                  0000b970    00000004     acsnb-sensor-tiva_pem4f.oem4f (.const:ti_sysbios_knl_Task_Module_State_inactiveQ__O)
                  0000b974    00000004     acsnb-sensor-tiva_pem4f.oem4f (.const:ti_sysbios_knl_Task_Module__diagsEnabled__C)
                  0000b978    00000004     acsnb-sensor-tiva_pem4f.oem4f (.const:ti_sysbios_knl_Task_Module__diagsIncluded__C)
                  0000b97c    00000004     acsnb-sensor-tiva_pem4f.oem4f (.const:ti_sysbios_knl_Task_Module__diagsMask__C)
                  0000b980    00000004     acsnb-sensor-tiva_pem4f.oem4f (.const:ti_sysbios_knl_Task_Module__loggerFxn2__C)
                  0000b984    00000004     acsnb-sensor-tiva_pem4f.oem4f (.const:ti_sysbios_knl_Task_Module__loggerFxn4__C)
                  0000b988    00000004     acsnb-sensor-tiva_pem4f.oem4f (.const:ti_sysbios_knl_Task_Module__loggerObj__C)
                  0000b98c    00000004     acsnb-sensor-tiva_pem4f.oem4f (.const:ti_sysbios_knl_Task_Object__count__C)
                  0000b990    00000004     acsnb-sensor-tiva_pem4f.oem4f (.const:ti_sysbios_knl_Task_allBlockedFunc__C)
                  0000b994    00000004     acsnb-sensor-tiva_pem4f.oem4f (.const:ti_sysbios_knl_Task_numConstructedTasks__C)
                  0000b998    00000004     acsnb-sensor-tiva_pem4f.oem4f (.const:ti_sysbios_utils_Load_LS_cpuLoad__C)
                  0000b99c    00000004     acsnb-sensor-tiva_pem4f.oem4f (.const:ti_sysbios_utils_Load_Module__diagsEnabled__C)
                  0000b9a0    00000004     acsnb-sensor-tiva_pem4f.oem4f (.const:ti_sysbios_utils_Load_Module__diagsIncluded__C)
                  0000b9a4    00000004     acsnb-sensor-tiva_pem4f.oem4f (.const:ti_sysbios_utils_Load_Module__diagsMask__C)
                  0000b9a8    00000004     acsnb-sensor-tiva_pem4f.oem4f (.const:ti_sysbios_utils_Load_Module__loggerFxn1__C)
                  0000b9ac    00000004     acsnb-sensor-tiva_pem4f.oem4f (.const:ti_sysbios_utils_Load_Module__loggerObj__C)
                  0000b9b0    00000004     acsnb-sensor-tiva_pem4f.oem4f (.const:ti_sysbios_utils_Load_postUpdate__C)
                  0000b9b4    00000004     acsnb-sensor-tiva_pem4f.oem4f (.const:ti_sysbios_utils_Load_windowInMs__C)
                  0000b9b8    00000004     acsnb-sensor-tiva_pem4f.oem4f (.const:ti_uia_loggers_LoggerStopMode_Module__diagsEnabled__C)
                  0000b9bc    00000004     acsnb-sensor-tiva_pem4f.oem4f (.const:ti_uia_loggers_LoggerStopMode_Module__diagsIncluded__C)
                  0000b9c0    00000004     acsnb-sensor-tiva_pem4f.oem4f (.const:ti_uia_loggers_LoggerStopMode_Module__diagsMask__C)
                  0000b9c4    00000004     acsnb-sensor-tiva_pem4f.oem4f (.const:ti_uia_loggers_LoggerStopMode_Object__count__C)
                  0000b9c8    00000004     acsnb-sensor-tiva_pem4f.oem4f (.const:ti_uia_runtime_ILoggerSnapshot_Interface__BASE__C)
                  0000b9cc    00000004     acsnb-sensor-tiva_pem4f.oem4f (.const:ti_uia_runtime_IUIATransfer_Interface__BASE__C)
                  0000b9d0    00000004     acsnb-sensor-tiva_pem4f.oem4f (.const:xdc_runtime_Assert_E_assertFailed__C)
                  0000b9d4    00000004     acsnb-sensor-tiva_pem4f.oem4f (.const:xdc_runtime_Core_A_initializedParams__C)
                  0000b9d8    00000004     acsnb-sensor-tiva_pem4f.oem4f (.const:xdc_runtime_Core_Module__diagsEnabled__C)
                  0000b9dc    00000004     acsnb-sensor-tiva_pem4f.oem4f (.const:xdc_runtime_Core_Module__diagsIncluded__C)
                  0000b9e0    00000004     acsnb-sensor-tiva_pem4f.oem4f (.const:xdc_runtime_Core_Module__diagsMask__C)
                  0000b9e4    00000004     acsnb-sensor-tiva_pem4f.oem4f (.const:xdc_runtime_Error_E_memory__C)
                  0000b9e8    00000004     acsnb-sensor-tiva_pem4f.oem4f (.const:xdc_runtime_Error_Module__diagsEnabled__C)
                  0000b9ec    00000004     acsnb-sensor-tiva_pem4f.oem4f (.const:xdc_runtime_Error_Module__diagsIncluded__C)
                  0000b9f0    00000004     acsnb-sensor-tiva_pem4f.oem4f (.const:xdc_runtime_Error_Module__diagsMask__C)
                  0000b9f4    00000004     acsnb-sensor-tiva_pem4f.oem4f (.const:xdc_runtime_Error_Module__loggerFxn8__C)
                  0000b9f8    00000004     acsnb-sensor-tiva_pem4f.oem4f (.const:xdc_runtime_Error_Module__loggerObj__C)
                  0000b9fc    00000004     acsnb-sensor-tiva_pem4f.oem4f (.const:xdc_runtime_Error_policyFxn__C)
                  0000ba00    00000004     acsnb-sensor-tiva_pem4f.oem4f (.const:xdc_runtime_Error_raiseHook__C)
                  0000ba04    00000004     acsnb-sensor-tiva_pem4f.oem4f (.const:xdc_runtime_IFilterLogger_Interface__BASE__C)
                  0000ba08    00000004     acsnb-sensor-tiva_pem4f.oem4f (.const:xdc_runtime_IGateProvider_Interface__BASE__C)
                  0000ba0c    00000004     acsnb-sensor-tiva_pem4f.oem4f (.const:xdc_runtime_IHeap_Interface__BASE__C)
                  0000ba10    00000004     acsnb-sensor-tiva_pem4f.oem4f (.const:xdc_runtime_ILogger_Interface__BASE__C)
                  0000ba14    00000004     acsnb-sensor-tiva_pem4f.oem4f (.const:xdc_runtime_IModule_Interface__BASE__C)
                  0000ba18    00000004     acsnb-sensor-tiva_pem4f.oem4f (.const:xdc_runtime_Log_L_error__C)
                  0000ba1c    00000004     acsnb-sensor-tiva_pem4f.oem4f (.const:xdc_runtime_Memory_defaultHeapInstance__C)
                  0000ba20    00000004     acsnb-sensor-tiva_pem4f.oem4f (.const:xdc_runtime_Startup_execImpl__C)
                  0000ba24    00000004     acsnb-sensor-tiva_pem4f.oem4f (.const:xdc_runtime_Startup_lastFxns__A)
                  0000ba28    00000004     acsnb-sensor-tiva_pem4f.oem4f (.const:xdc_runtime_Startup_maxPasses__C)
                  0000ba2c    00000004     acsnb-sensor-tiva_pem4f.oem4f (.const:xdc_runtime_Startup_sfxnRts__C)
                  0000ba30    00000004     acsnb-sensor-tiva_pem4f.oem4f (.const:xdc_runtime_Startup_sfxnTab__C)
                  0000ba34    00000004     acsnb-sensor-tiva_pem4f.oem4f (.const:xdc_runtime_SysMin_bufSize__C)
                  0000ba38    00000004     acsnb-sensor-tiva_pem4f.oem4f (.const:xdc_runtime_SysMin_outputFunc__C)
                  0000ba3c    00000004     acsnb-sensor-tiva_pem4f.oem4f (.const:xdc_runtime_System_Module__gateObj__C)
                  0000ba40    00000004     acsnb-sensor-tiva_pem4f.oem4f (.const:xdc_runtime_System_abortFxn__C)
                  0000ba44    00000004     acsnb-sensor-tiva_pem4f.oem4f (.const:xdc_runtime_System_exitFxn__C)
                  0000ba48    00000004     acsnb-sensor-tiva_pem4f.oem4f (.const:xdc_runtime_System_extendFxn__C)
                  0000ba4c    00000004     acsnb-sensor-tiva_pem4f.oem4f (.const:xdc_runtime_System_maxAtexitHandlers__C)
                  0000ba50    00000004     acsnb-sensor-tiva_pem4f.oem4f (.const:xdc_runtime_Text_charTab__C)
                  0000ba54    00000004     acsnb-sensor-tiva_pem4f.oem4f (.const:xdc_runtime_Text_nameEmpty__C)
                  0000ba58    00000004     acsnb-sensor-tiva_pem4f.oem4f (.const:xdc_runtime_Text_nameStatic__C)
                  0000ba5c    00000004     acsnb-sensor-tiva_pem4f.oem4f (.const:xdc_runtime_Text_nameUnknown__C)
                  0000ba60    00000004     acsnb-sensor-tiva_pem4f.oem4f (.const:xdc_runtime_Text_nodeTab__C)
                  0000ba64    00000004     acsnb-sensor-tiva_pem4f.oem4f (.const:xdc_runtime_Text_visitRopeFxn__C)
                  0000ba68    00000002     acsnb-sensor-tiva_pem4f.oem4f (.const:ti_sysbios_family_arm_lm4_TimestampProvider_useClockTimer__C)
                  0000ba6a    00000002     acsnb-sensor-tiva_pem4f.oem4f (.const:ti_sysbios_family_arm_m3_Hwi_Module__id__C)
                  0000ba6c    00000002     acsnb-sensor-tiva_pem4f.oem4f (.const:ti_sysbios_family_arm_m3_Hwi_Module__loggerDefined__C)
                  0000ba6e    00000002     acsnb-sensor-tiva_pem4f.oem4f (.const:ti_sysbios_gates_GateMutex_Module__id__C)
                  0000ba70    00000002     acsnb-sensor-tiva_pem4f.oem4f (.const:ti_sysbios_hal_Hwi_Module__id__C)
                  0000ba72    00000002     acsnb-sensor-tiva_pem4f.oem4f (.const:ti_sysbios_heaps_HeapMem_Module__id__C)
                  0000ba74    00000002     acsnb-sensor-tiva_pem4f.oem4f (.const:ti_sysbios_knl_Clock_Module__id__C)
                  0000ba76    00000002     acsnb-sensor-tiva_pem4f.oem4f (.const:ti_sysbios_knl_Clock_Module__loggerDefined__C)
                  0000ba78    00000002     acsnb-sensor-tiva_pem4f.oem4f (.const:ti_sysbios_knl_Semaphore_Module__id__C)
                  0000ba7a    00000002     acsnb-sensor-tiva_pem4f.oem4f (.const:ti_sysbios_knl_Semaphore_Module__loggerDefined__C)
                  0000ba7c    00000002     acsnb-sensor-tiva_pem4f.oem4f (.const:ti_sysbios_knl_Swi_Module__id__C)
                  0000ba7e    00000002     acsnb-sensor-tiva_pem4f.oem4f (.const:ti_sysbios_knl_Swi_Module__loggerDefined__C)
                  0000ba80    00000002     acsnb-sensor-tiva_pem4f.oem4f (.const:ti_sysbios_knl_Task_Module__id__C)
                  0000ba82    00000002     acsnb-sensor-tiva_pem4f.oem4f (.const:ti_sysbios_knl_Task_Module__loggerDefined__C)
                  0000ba84    00000002     acsnb-sensor-tiva_pem4f.oem4f (.const:ti_sysbios_utils_Load_Module__id__C)
                  0000ba86    00000002     acsnb-sensor-tiva_pem4f.oem4f (.const:ti_sysbios_utils_Load_Module__loggerDefined__C)
                  0000ba88    00000002     acsnb-sensor-tiva_pem4f.oem4f (.const:ti_sysbios_utils_Load_updateInIdle__C)
                  0000ba8a    00000002     acsnb-sensor-tiva_pem4f.oem4f (.const:ti_uia_loggers_LoggerStopMode_Module__id__C)
                  0000ba8c    00000002     acsnb-sensor-tiva_pem4f.oem4f (.const:ti_uia_loggers_LoggerStopMode_isTimestampEnabled__C)
                  0000ba8e    00000002     acsnb-sensor-tiva_pem4f.oem4f (.const:xdc_runtime_Core_Module__id__C)
                  0000ba90    00000002     acsnb-sensor-tiva_pem4f.oem4f (.const:xdc_runtime_Error_Module__loggerDefined__C)
                  0000ba92    00000002     acsnb-sensor-tiva_pem4f.oem4f (.const:xdc_runtime_Error_maxDepth__C)
                  0000ba94    00000002     acsnb-sensor-tiva_pem4f.oem4f (.const:xdc_runtime_Memory_Module__id__C)
                  0000ba96    00000002     acsnb-sensor-tiva_pem4f.oem4f (.const:xdc_runtime_SysMin_flushAtExit__C)
                  0000ba98    00000002     acsnb-sensor-tiva_pem4f.oem4f (.const:xdc_runtime_Text_charCnt__C)
                  0000ba9a    00000002     acsnb-sensor-tiva_pem4f.oem4f (.const:xdc_runtime_Text_isLoaded__C)
                  0000ba9c    00000002     acsnb-sensor-tiva_pem4f.oem4f (.const:xdc_runtime_Text_registryModsLastId__C)
                  0000ba9e    00000002     acsnb-sensor-tiva_pem4f.oem4f (.const:xdc_runtime_Text_unnamedModsLastId__C)

.cinit     0    0000baa0    00000308     
                  0000baa0    000002d0     (.cinit..data.load) [load image, compression = lzss]
                  0000bd70    0000000c     (__TI_handler_table)
                  0000bd7c    00000004     --HOLE-- [fill = 0]
                  0000bd80    00000008     (.cinit..bss.load) [load image, compression = zero_init]
                  0000bd88    00000008     (.cinit..vecs.load) [load image, compression = zero_init]
                  0000bd90    00000018     (__TI_cinit_table)

.init_array 
*          0    00000000    00000000     UNINITIALIZED

.bss       0    20000380    00004ab0     UNINITIALIZED
                  20000380    00002300     acsnb-sensor-tiva_pem4f.oem4f (.bss:taskStackSection)
                  20002680    00001000     (.common:ti_sysbios_heaps_HeapMem_Instance_State_0_buf__A)
                  20003680    00000400     (.common:ti_uia_loggers_LoggerStopMode_Instance_State_1_packetArray__A)
                  20003a80    00000400     (.common:ti_uia_loggers_LoggerStopMode_Instance_State_2_packetArray__A)
                  20003e80    00000400     (.common:xdc_runtime_SysMin_Module_State_0_outbuf__A)
                  20004280    00000360     (.common:ti_sysbios_family_arm_m3_Hwi_dispatchTable)
                  200045e0    00000300     (.common:i2cTivaObjects)
                  200048e0    00000008     (.common:parmbuf)
                  200048e8    00000004     (.common:gpioInterruptVectors)
                  200048ec    00000014     --HOLE--
                  20004900    00000200     (.common:ti_uia_loggers_LoggerStopMode_Instance_State_0_packetArray__A)
                  20004b00    00000120     rtsv7M4_T_le_v4SPD16_eabi.lib : trgmsg.c.obj (.bss:_CIOBUF_)
                  20004c20    00000090     drivers_tivaware.aem4f : GPIOTiva.oem4f (.bss:gpioCallbackInfo)
                  20004cb0    0000004c     (.common:spiTivaDMAObjects)
                  20004cfc    00000004     --HOLE--
                  20004d00    00000030     (.common:ti_uia_loggers_LoggerStopMode_Instance_State_0_hdr__A)
                  20004d30    00000010     --HOLE--
                  20004d40    00000004     (.common:spiTivaDMAscratchBuf)
                  20004d44    0000003c     --HOLE--
                  20004d80    00000030     (.common:ti_uia_loggers_LoggerStopMode_Instance_State_1_hdr__A)
                  20004db0    00000050     --HOLE--
                  20004e00    00000030     (.common:ti_uia_loggers_LoggerStopMode_Instance_State_2_hdr__A)

.data      0    20005000    00001272     UNINITIALIZED
                  20005000    00000800     EK_TM4C123.obj (.data:$O1$$)
                  20005800    000002b8     acsnb-sensor-tiva.obj (.data:$O2$$)
                  20005ab8    00000260     acsnb-sensor-tiva_pem4f.oem4f (.data:ti_sysbios_knl_Task_Object__table__V)
                  20005d18    0000009c     acsnb-sensor-tiva_pem4f.oem4f (.data:ti_uia_loggers_LoggerStopMode_Object__table__V)
                  20005db4    00000098     acsnb-sensor-tiva_pem4f.oem4f (.data:ti_sysbios_utils_Load_Module__state__V)
                  20005e4c    00000080     acsnb-sensor-tiva_pem4f.oem4f (.data:ti_sysbios_family_arm_lm4_Timer_Object__table__V)
                  20005ecc    00000080     acsnb-sensor-tiva_pem4f.oem4f (.data:ti_sysbios_knl_Swi_Module_State_0_readyQ__A)
                  20005f4c    00000044     acsnb-sensor-tiva_pem4f.oem4f (.data:ti_sysbios_knl_Task_Module__state__V)
                  20005f90    00000038     acsnb-sensor-tiva_pem4f.oem4f (.data:ti_sysbios_gates_GateMutex_Object__table__V)
                  20005fc8    00000034     acsnb-sensor-tiva_pem4f.oem4f (.data:ti_sysbios_family_arm_m3_Hwi_Module__state__V)
                  20005ffc    00000030     acsnb-sensor-tiva_pem4f.oem4f (.data:ti_sysbios_family_arm_lm4_Timer_Module_State_0_device__A)
                  2000602c    00000030     acsnb-sensor-tiva_pem4f.oem4f (.data:ti_sysbios_family_arm_m3_Hwi_Object__table__V)
[...]
0000b8ec  ti_sysbios_knl_Clock_Module__loggerObj__C                         
0000b8f0  ti_sysbios_knl_Semaphore_A_badContext__C                          
0000b8f4  ti_sysbios_knl_Semaphore_A_noEvents__C                            
0000b8f8  ti_sysbios_knl_Semaphore_A_overflow__C                            
0000b8fc  ti_sysbios_knl_Semaphore_A_pendTaskDisabled__C                    
0000b900  ti_sysbios_knl_Semaphore_Instance_State_pendQ__O                  
0000b904  ti_sysbios_knl_Semaphore_LM_pend__C                               
0000b908  ti_sysbios_knl_Semaphore_LM_post__C                               
0000b90c  ti_sysbios_knl_Semaphore_Module__diagsEnabled__C                  
0000b910  ti_sysbios_knl_Semaphore_Module__diagsIncluded__C                 
0000b914  ti_sysbios_knl_Semaphore_Module__diagsMask__C                     
0000b918  ti_sysbios_knl_Semaphore_Module__loggerFxn2__C                    
0000b91c  ti_sysbios_knl_Semaphore_Module__loggerFxn4__C                    
0000b920  ti_sysbios_knl_Semaphore_Module__loggerObj__C                     
0000b924  ti_sysbios_knl_Swi_LD_end__C                                      
0000b928  ti_sysbios_knl_Swi_LM_begin__C                                    
0000b92c  ti_sysbios_knl_Swi_LM_post__C                                     
0000b930  ti_sysbios_knl_Swi_Module__diagsEnabled__C                        
0000b934  ti_sysbios_knl_Swi_Module__diagsIncluded__C                       
0000b938  ti_sysbios_knl_Swi_Module__diagsMask__C                           
0000b93c  ti_sysbios_knl_Swi_Module__loggerFxn1__C                          
0000b940  ti_sysbios_knl_Swi_Module__loggerFxn4__C                          
0000b944  ti_sysbios_knl_Swi_Module__loggerObj__C                           
0000b948  ti_sysbios_knl_Swi_Object__count__C                               
0000b94c  ti_sysbios_knl_Task_A_badTimeout__C                               
0000b950  ti_sysbios_knl_Task_A_sleepTaskDisabled__C                        
0000b954  ti_sysbios_knl_Task_E_spOutOfBounds__C                            
0000b958  ti_sysbios_knl_Task_E_stackOverflow__C                            
0000b95c  ti_sysbios_knl_Task_LD_block__C                                   
0000b960  ti_sysbios_knl_Task_LD_exit__C                                    
0000b964  ti_sysbios_knl_Task_LD_ready__C                                   
0000b968  ti_sysbios_knl_Task_LM_sleep__C                                   
0000b96c  ti_sysbios_knl_Task_LM_switch__C                                  
0000b970  ti_sysbios_knl_Task_Module_State_inactiveQ__O                     
0000b974  ti_sysbios_knl_Task_Module__diagsEnabled__C                       
0000b978  ti_sysbios_knl_Task_Module__diagsIncluded__C                      
0000b97c  ti_sysbios_knl_Task_Module__diagsMask__C                          
0000b980  ti_sysbios_knl_Task_Module__loggerFxn2__C                         
0000b984  ti_sysbios_knl_Task_Module__loggerFxn4__C                         
0000b988  ti_sysbios_knl_Task_Module__loggerObj__C                          
0000b98c  ti_sysbios_knl_Task_Object__count__C                              
0000b990  ti_sysbios_knl_Task_allBlockedFunc__C                             
0000b994  ti_sysbios_knl_Task_numConstructedTasks__C                        
0000b998  ti_sysbios_utils_Load_LS_cpuLoad__C                               
0000b99c  ti_sysbios_utils_Load_Module__diagsEnabled__C                     
0000b9a0  ti_sysbios_utils_Load_Module__diagsIncluded__C                    
0000b9a4  ti_sysbios_utils_Load_Module__diagsMask__C                        
0000b9a8  ti_sysbios_utils_Load_Module__loggerFxn1__C                       
0000b9ac  ti_sysbios_utils_Load_Module__loggerObj__C                        
0000b9b0  ti_sysbios_utils_Load_postUpdate__C                               
0000b9b4  ti_sysbios_utils_Load_windowInMs__C                               
0000b9b8  ti_uia_loggers_LoggerStopMode_Module__diagsEnabled__C             
0000b9bc  ti_uia_loggers_LoggerStopMode_Module__diagsIncluded__C            
0000b9c0  ti_uia_loggers_LoggerStopMode_Module__diagsMask__C                
0000b9c4  ti_uia_loggers_LoggerStopMode_Object__count__C                    
0000b9c8  ti_uia_runtime_ILoggerSnapshot_Interface__BASE__C                 
0000b9cc  ti_uia_runtime_IUIATransfer_Interface__BASE__C                    
0000b9d0  xdc_runtime_Assert_E_assertFailed__C                              
0000b9d4  xdc_runtime_Core_A_initializedParams__C                           
0000b9d8  xdc_runtime_Core_Module__diagsEnabled__C                          
0000b9dc  xdc_runtime_Core_Module__diagsIncluded__C                         
0000b9e0  xdc_runtime_Core_Module__diagsMask__C                             
0000b9e4  xdc_runtime_Error_E_memory__C                                     
0000b9e8  xdc_runtime_Error_Module__diagsEnabled__C                         
0000b9ec  xdc_runtime_Error_Module__diagsIncluded__C                        
0000b9f0  xdc_runtime_Error_Module__diagsMask__C                            
0000b9f4  xdc_runtime_Error_Module__loggerFxn8__C                           
0000b9f8  xdc_runtime_Error_Module__loggerObj__C                            
0000b9fc  xdc_runtime_Error_policyFxn__C                                    
0000ba00  xdc_runtime_Error_raiseHook__C                                    
0000ba04  xdc_runtime_IFilterLogger_Interface__BASE__C                      
0000ba08  xdc_runtime_IGateProvider_Interface__BASE__C                      
0000ba0c  xdc_runtime_IHeap_Interface__BASE__C                              
0000ba10  xdc_runtime_ILogger_Interface__BASE__C                            
0000ba14  xdc_runtime_IModule_Interface__BASE__C                            
0000ba18  xdc_runtime_Log_L_error__C                                        
0000ba1c  xdc_runtime_Memory_defaultHeapInstance__C                         
0000ba20  xdc_runtime_Startup_execImpl__C                                   
0000ba24  xdc_runtime_Startup_lastFxns__A                                   
0000ba28  xdc_runtime_Startup_maxPasses__C                                  
0000ba2c  xdc_runtime_Startup_sfxnRts__C                                    
0000ba30  xdc_runtime_Startup_sfxnTab__C                                    
0000ba34  xdc_runtime_SysMin_bufSize__C                                     
0000ba38  xdc_runtime_SysMin_outputFunc__C                                  
0000ba3c  xdc_runtime_System_Module__gateObj__C                             
0000ba40  xdc_runtime_System_abortFxn__C                                    
0000ba44  xdc_runtime_System_exitFxn__C                                     
0000ba48  xdc_runtime_System_extendFxn__C                                   
0000ba4c  xdc_runtime_System_maxAtexitHandlers__C                           
0000ba50  xdc_runtime_Text_charTab__C                                       
0000ba54  xdc_runtime_Text_nameEmpty__C                                     
0000ba58  xdc_runtime_Text_nameStatic__C                                    
0000ba5c  xdc_runtime_Text_nameUnknown__C                                   
0000ba60  xdc_runtime_Text_nodeTab__C                                       
0000ba64  xdc_runtime_Text_visitRopeFxn__C                                  
0000ba68  ti_sysbios_family_arm_lm4_TimestampProvider_useClockTimer__C      
0000ba6a  ti_sysbios_family_arm_m3_Hwi_Module__id__C                        
0000ba6c  ti_sysbios_family_arm_m3_Hwi_Module__loggerDefined__C             
0000ba6e  ti_sysbios_gates_GateMutex_Module__id__C                          
0000ba70  ti_sysbios_hal_Hwi_Module__id__C                                  
0000ba72  ti_sysbios_heaps_HeapMem_Module__id__C                            
0000ba74  ti_sysbios_knl_Clock_Module__id__C                                
0000ba76  ti_sysbios_knl_Clock_Module__loggerDefined__C                     
0000ba78  ti_sysbios_knl_Semaphore_Module__id__C                            
0000ba7a  ti_sysbios_knl_Semaphore_Module__loggerDefined__C                 
0000ba7c  ti_sysbios_knl_Swi_Module__id__C                                  
0000ba7e  ti_sysbios_knl_Swi_Module__loggerDefined__C                       
0000ba80  ti_sysbios_knl_Task_Module__id__C                                 
0000ba82  ti_sysbios_knl_Task_Module__loggerDefined__C                      
0000ba84  ti_sysbios_utils_Load_Module__id__C                               
0000ba86  ti_sysbios_utils_Load_Module__loggerDefined__C                    
0000ba88  ti_sysbios_utils_Load_updateInIdle__C                             
0000ba8a  ti_uia_loggers_LoggerStopMode_Module__id__C                       
0000ba8c  ti_uia_loggers_LoggerStopMode_isTimestampEnabled__C               
0000ba8e  xdc_runtime_Core_Module__id__C                                    
0000ba90  xdc_runtime_Error_Module__loggerDefined__C                        
0000ba92  xdc_runtime_Error_maxDepth__C                                     
0000ba94  xdc_runtime_Memory_Module__id__C                                  
0000ba96  xdc_runtime_SysMin_flushAtExit__C                                 
0000ba98  xdc_runtime_Text_charCnt__C                                       
0000ba9a  xdc_runtime_Text_isLoaded__C                                      
0000ba9c  xdc_runtime_Text_registryModsLastId__C                            
0000ba9e  xdc_runtime_Text_unnamedModsLastId__C                             
0000baa0  __TI_static_base__                                                
0000bd70  __TI_Handler_Table_Base                                           
0000bd7c  __TI_Handler_Table_Limit                                          
0000bd90  __TI_CINIT_Base                                                   
0000bda8  __TI_CINIT_Limit                                                  
20000000  ti_sysbios_family_arm_m3_Hwi_ramVectors                           
20000380  ti_sysbios_knl_Task_Instance_State_0_stack__A                     
20000780  ti_sysbios_knl_Task_Instance_State_1_stack__A                     
20000b80  ti_sysbios_knl_Task_Instance_State_2_stack__A                     
20000f80  ti_sysbios_knl_Task_Instance_State_3_stack__A                     
20001380  ti_sysbios_knl_Task_Instance_State_4_stack__A                     
20001780  ti_sysbios_knl_Task_Instance_State_5_stack__A                     
20001b80  ti_sysbios_knl_Task_Instance_State_6_stack__A                     
20001e80  ti_sysbios_knl_Task_Instance_State_7_stack__A                     
20002680  ti_sysbios_heaps_HeapMem_Instance_State_0_buf__A                  
20003680  ti_uia_loggers_LoggerStopMode_Instance_State_1_packetArray__A     
20003a80  ti_uia_loggers_LoggerStopMode_Instance_State_2_packetArray__A     
20003e80  xdc_runtime_SysMin_Module_State_0_outbuf__A                       
20004280  ti_sysbios_family_arm_m3_Hwi_dispatchTable                        
200045e0  i2cTivaObjects                                                    
200048e0  parmbuf                                                           
20004900  ti_uia_loggers_LoggerStopMode_Instance_State_0_packetArray__A     
20004b00  __CIOBUF_                                                         
20004cb0  spiTivaDMAObjects                                                 
20004d00  ti_uia_loggers_LoggerStopMode_Instance_State_0_hdr__A             
20004d40  spiTivaDMAscratchBuf                                              
20004d80  ti_uia_loggers_LoggerStopMode_Instance_State_1_hdr__A             
20004e00  ti_uia_loggers_LoggerStopMode_Instance_State_2_hdr__A             
20005800  adAllSensorConversionTime                                         
20005801  switchcmd0                                                        
20005802  switchcmd1                                                        
20005803  switchcmd2                                                        
20005804  switchcmd3                                                        
20005805  switchcmd4                                                        
20005806  switchcmd5                                                        
20005807  switchNew0                                                        
20005808  switchNew1                                                        
20005809  switchNew2                                                        
2000580a  switchNew3                                                        
2000580b  switchNew4                                                        
2000580c  switchNew5                                                        
2000580d  intflag0                                                          
2000580e  intflag1                                                          
2000580f  intflag2                                                          
20005810  intflag3                                                          
20005811  intflag4                                                          
20005812  intflag5                                                          
20005814  i2c0                                                              
20005818  i2c1                                                              
2000581c  i2c2                                                              
20005820  i2c3                                                              
20005824  i2c4                                                              
20005828  i2c5                                                              
2000582c  slaveSpi                                                          
20005830  currentSwitchPosition                                             
20005834  semHandle                                                         
20005838  adGetAllCaps                                                      
20005840  i2cParams0                                                        
20005850  i2cParams1                                                        
20005860  i2cParams2                                                        
20005870  i2cParams3                                                        
20005880  i2cParams4                                                        
20005890  i2cParams5                                                        
200058a0  slaveTransaction1                                                 
200058b4  i2cTransaction0                                                   
200058d0  i2cTransaction1                                                   
200058ec  i2cTransaction2                                                   
20005908  i2cTransaction3                                                   
20005924  i2cTransaction4                                                   
20005940  i2cTransaction5                                                   
2000595c  semStruct                                                         
20005978  slaveSpiParams                                                    
20005998  filter                                                            
200059c8  spiMessageOut                                                     
20005a3f  spiMessageIn                                                      
20005ab8  ti_sysbios_knl_Task_Object__table__V                              
20005d18  ti_uia_loggers_LoggerStopMode_Object__table__V                    
20005db4  ti_sysbios_utils_Load_Module__state__V                            
20005e4c  ti_sysbios_family_arm_lm4_Timer_Object__table__V                  
20005ecc  ti_sysbios_knl_Swi_Module_State_0_readyQ__A                       
20005f4c  ti_sysbios_knl_Task_Module__state__V                              
20005f90  ti_sysbios_gates_GateMutex_Object__table__V                       
20005fc8  ti_sysbios_family_arm_m3_Hwi_Module__state__V                     
20005ffc  ti_sysbios_family_arm_lm4_Timer_Module_State_0_device__A          
2000602c  ti_sysbios_family_arm_m3_Hwi_Object__table__V                     
2000605c  ti_sysbios_knl_Swi_Object__table__V                               
2000608c  ti_sysbios_knl_Clock_Module__state__V                             
200060b8  gpioPinConfigs                                                    
200060e0  ti_sysbios_BIOS_Module__state__V                                  
20006104  ti_sysbios_knl_Task_Module_State_0_readyQ__A                      
20006124  xdc_runtime_System_Module_State_0_atexitHandlers__A               
20006144  ti_sysbios_knl_Swi_Module__state__V                               
20006160  gpioCallbackFunctions                                             
20006178  ti_sysbios_family_arm_lm4_Timer_Module_State_0_handles__A         
20006190  ti_sysbios_heaps_HeapMem_Object__table__V                         
200061a8  ti_sysbios_family_arm_lm4_Timer_Module__state__V                  
200061b4  ti_sysbios_knl_Task_Module__root__V                               
200061c0  ti_uia_runtime_QueueDescriptor_Module__state__V                   
200061cc  xdc_runtime_SysMin_Module__state__V                               
200061d8  _lock                                                             
200061dc  _unlock                                                           
200061e0  ti_uia_runtime_QueueDescriptor_gPtrToFirstDescriptor              
200061e4  ti_uia_runtime_QueueDescriptor_gUpdateCount                       
200061e8  ti_sysbios_family_arm_lm4_TimestampProvider_Module__state__V      
200061f0  ti_sysbios_family_arm_m3_Hwi_Module__root__V                      
200061f8  ti_sysbios_gates_GateHwi_Module__root__V                          
20006200  ti_sysbios_gates_GateMutex_Module__root__V                        
20006208  ti_sysbios_heaps_HeapMem_Module__root__V                          
20006210  ti_sysbios_knl_Queue_Module__root__V                              
20006218  ti_sysbios_knl_Semaphore_Module__root__V                          
20006220  ti_uia_loggers_LoggerStopMode_Module__root__V                     
20006228  xdc_runtime_Registry_Module__state__V                             
20006230  xdc_runtime_Startup_Module__state__V                              
20006238  xdc_runtime_System_Module__state__V                               
20006246  ti_sysbios_family_arm_m3_Hwi_Module_State_0_excActive__A          
20006250  main_func_sp                                                      
20006254  ti_sysbios_family_arm_m3_Hwi_Module_State_0_excContext__A         
20006258  ti_sysbios_family_arm_m3_Hwi_Module_State_0_excStack__A           
2000625c  ti_sysbios_gates_GateHwi_Object__table__V                         
20006260  ti_sysbios_knl_Task_Module_State_0_idleTask__A                    
20006264  ti_sysbios_utils_Load_Module_State_0_runningTask__A               
20006268  ti_sysbios_utils_Load_Module_State_0_taskStartTime__A             
2000626c  xdc_runtime_Memory_Module__state__V                               
20006270  xdc_runtime_Error_Module__state__V                                
20006278  __stack                                                           
20006478  __STACK_TOP                                                       
20006578  __STACK_END                                                       
e000e000  ti_sysbios_family_arm_m3_Hwi_nvic                                 
ffffffff  __TI_pprof_out_hndl                                               
ffffffff  __TI_prof_data_size                                               
ffffffff  __TI_prof_data_start                                              
ffffffff  __binit__                                                         
ffffffff  __c_args__                                                        
ffffffff  binit                                                             
UNDEFED   SHT$$INIT_ARRAY$$Base                                             
UNDEFED   SHT$$INIT_ARRAY$$Limit                                            

[821 symbols]
