******************************************************************************
                  TI ARM Linker Unix v18.1.5                   
******************************************************************************
>> Linked Fri Feb  1 16:18:56 2019

OUTPUT FILE NAME:   <acsnb-sensor-tiva.out>
ENTRY POINT SYMBOL: "_c_int00"  address: 00007141


MEMORY CONFIGURATION

         name            origin    length      used     unused   attr    fill
----------------------  --------  ---------  --------  --------  ----  --------
  FLASH                 00000000   00040000  0000be3a  000341c6  R  X
  SRAM                  20000000   00008000  0000638a  00001c76  RW X


SEGMENT ALLOCATION MAP

run origin  load origin   length   init length attrs members
----------  ----------- ---------- ----------- ----- -------
00000000    00000000    0000be40   0000be40    r-x
  00000000    00000000    0000003c   0000003c    r-- .resetVecs
  00000040    00000040    0000915a   0000915a    r-x .text
  0000919c    0000919c    000029a4   000029a4    r-- .const
  0000bb40    0000bb40    00000300   00000300    r-- .cinit
20000000    20000000    00000360   00000000    rw-
  20000000    20000000    00000360   00000000    rw- .vecs
20000380    20000380    00004ab0   00000000    rw-
  20000380    20000380    00004ab0   00000000    rw- .bss
20005000    20005000    00001580   00000000    rw-
  20005000    20005000    0000127a   00000000    rw- .data
  20006280    20006280    00000300   00000000    rw- .stack


SECTION ALLOCATION MAP

 output                                  attributes/
section   page    origin      length       input sections
--------  ----  ----------  ----------   ----------------
.resetVecs 
*          0    00000000    0000003c     
                  00000000    0000003c     acsnb-sensor-tiva_pem4f.oem4f (.resetVecs)

.text      0    00000040    0000915a     
                  00000040    00000760     acsnb-sensor-tiva.obj (.text:taskI2Ccommon)
                  000007a0    00000430     sysbios.aem4f : BIOS.obj (.text:ti_sysbios_family_arm_m3_Hwi_excDumpRegs__I)
                  00000bd0    0000034c     ti.targets.arm.rtsarm.aem4f : System.oem4f (.text:xdc_runtime_System_doPrint__I)
                  00000f1c    00000004     driverlib.lib : i2c.obj (.text:I2CMasterControl)
                  00000f20    0000031c     sysbios.aem4f : BIOS.obj (.text:ti_sysbios_knl_Semaphore_pend__E)
                  0000123c    000002d0     acsnb-sensor-tiva.obj (.text:main)
                  0000150c    00000294     acsnb-sensor-tiva.obj (.text:setupAD7746)
                  000017a0    00000294     acsnb-sensor-tiva.obj (.text:slaveTaskFxn)
                  00001a34    00000004     driverlib.lib : i2c.obj (.text:I2CMasterDataGet)
                  00001a38    0000026c     sysbios.aem4f : BIOS.obj (.text:ti_sysbios_heaps_HeapMem_free__E)
                  00001ca4    00000004     driverlib.lib : i2c.obj (.text:I2CMasterDataPut)
                  00001ca8    00000250     sysbios.aem4f : BIOS.obj (.text:ti_sysbios_heaps_HeapMem_alloc__E)
                  00001ef8    00000240     acsnb-sensor-tiva.obj (.text:readAD7746)
                  00002138    00000208     sysbios.aem4f : BIOS.obj (.text:ti_sysbios_knl_Task_sleep__E)
                  00002340    000001fc                   : BIOS.obj (.text:ti_sysbios_family_arm_m3_Hwi_excHandlerMax__I)
                  0000253c    000001e8     acsnb-sensor-tiva_pem4f.oem4f (.text:xdc_runtime_System_printfExtend__I)
                  00002724    000001b6     rtsv7M4_T_le_v4SPD16_eabi.lib : fd_add_t2.asm.obj (.text)
                  000028da    00000002     drivers_tivaware.aem4f : SPITivaDMA.oem4f (.text:SPITivaDMA_serviceISR)
                  000028dc    0000019c     acsnb-sensor-tiva.obj (.text:readHDC1080)
                  00002a78    0000018c     sysbios.aem4f : BIOS.obj (.text:ti_sysbios_family_arm_lm4_Timer_start__E)
                  00002c04    00000004     driverlib.lib : ssi.obj (.text:SSIIntClear)
                  00002c08    00000178     sysbios.aem4f : BIOS.obj (.text:ti_sysbios_family_arm_lm4_TimestampProvider_get64__E)
                  00002d80    00000174                   : BIOS.obj (.text:ti_sysbios_family_arm_m3_Hwi_excBusFault__I)
                  00002ef4    00000172     acsnb-sensor-tiva.obj (.text:setupPCA9536)
                  00003066    00000002     rtsv7M4_T_le_v4SPD16_eabi.lib : _lock.c.obj (.text:_nop)
                  00003068    00000164     sysbios.aem4f : BIOS.obj (.text:ti_sysbios_family_arm_m3_Hwi_excUsageFault__I)
                  000031cc    00000150     drivers_tivaware.aem4f : GPIOTiva.oem4f (.text:GPIO_setConfig)
                  0000331c    0000014f     acsnb-sensor-tiva.obj (.text:switchPCA9536)
                  0000346b    00000001     --HOLE-- [fill = 0]
                  0000346c    00000004     rtsv7M4_T_le_v4SPD16_eabi.lib : exit.c.obj (.text:abort:abort)
                  00003470    00000148     sysbios.aem4f : BIOS.obj (.text:ti_sysbios_family_arm_m3_Hwi_excMemFault__I)
                  000035b8    00000140                   : BIOS.obj (.text:ti_sysbios_knl_Semaphore_post__E)
                  000036f8    0000013c                   : BIOS.obj (.text:ti_sysbios_heaps_HeapMem_Instance_init__E)
                  00003834    00000004     acsnb-sensor-tiva_pem4f.oem4f (.text:ti_sysbios_BIOS_RtsGateProxy_enter__E)
                  00003838    0000013c     sysbios.aem4f : BIOS.obj (.text:ti_sysbios_knl_Clock_workFunc__E)
                  00003974    00000004     acsnb-sensor-tiva_pem4f.oem4f (.text:ti_sysbios_BIOS_RtsGateProxy_leave__E)
                  00003978    00000138     sysbios.aem4f : BIOS.obj (.text:ti_sysbios_family_arm_m3_Hwi_dispatchC__I)
                  00003ab0    00000138     acsnb-sensor-tiva_pem4f.oem4f (.text:ti_uia_loggers_LoggerStopMode_writeMemoryRange__E)
                  00003be8    00000136     rtsv7M4_T_le_v4SPD16_eabi.lib : fd_div_t2.asm.obj (.text)
                  00003d1e    00000130     driverlib.lib : gpio.obj (.text:GPIOPadConfigSet)
                  00003e4e    00000002     rtsv7M4_T_le_v4SPD16_eabi.lib : div0.asm.obj (.text)
                  00003e50    0000011c     sysbios.aem4f : BIOS.obj (.text:ti_sysbios_knl_Swi_run__I)
                  00003f6c    00000118     ti.targets.arm.rtsarm.aem4f : Error.oem4f (.text:xdc_runtime_Error_policyDefault__E)
                  00004084    0000010c     acsnb-sensor-tiva_pem4f.oem4f (.text:ti_uia_loggers_LoggerStopMode_write8__E)
                  00004190    00000100     Boot.aem4f : Boot_sysctl.oem4f (.text:ti_catalog_arm_cortexm4_tiva_ce_Boot_sysCtlClockSetI__I)
                  00004290    00000100     ti.targets.arm.rtsarm.aem4f : Core-mem.oem4f (.text:xdc_runtime_Core_createObject__I)
                  00004390    000000fc     rtsv7M4_T_le_v4SPD16_eabi.lib : fd_mul_t2.asm.obj (.text)
                  0000448c    000000fc     acsnb-sensor-tiva.obj (.text:triggerAD7746capacitance)
                  00004588    000000f8     ti.targets.arm.rtsarm.aem4f : Startup.oem4f (.text:xdc_runtime_Startup_startMods__I)
                  00004680    000000f7     acsnb-sensor-tiva.obj (.text:setupHDC1080)
                  00004777    00000001     --HOLE-- [fill = 0]
                  00004778    000000f4     sysbios.aem4f : m3_Hwi_asm.obj (.text:ti_sysbios_family_arm_m3_Hwi_dispatch__I)
                  0000486c    000000f4     acsnb-sensor-tiva_pem4f.oem4f (.text:ti_uia_loggers_LoggerStopMode_write4__E)
                  00004960    000000e8     acsnb-sensor-tiva_pem4f.oem4f (.text:ti_uia_loggers_LoggerStopMode_write1__E)
                  00004a48    000000e8     acsnb-sensor-tiva_pem4f.oem4f (.text:ti_uia_loggers_LoggerStopMode_write2__E)
                  00004b30    000000e0     drivers_tivaware.aem4f : I2CTiva.oem4f (.text:I2CTiva_open)
                  00004c10    000000d8                            : SPITivaDMA.oem4f (.text:SPITivaDMA_open)
                  00004ce8    000000d8     sysbios.aem4f : BIOS.obj (.text:ti_sysbios_family_arm_lm4_TimestampProvider_get32__E)
                  00004dc0    000000d8     acsnb-sensor-tiva_pem4f.oem4f (.text:ti_uia_loggers_LoggerStopMode_write0__E)
                  00004e98    000000d6     drivers_tivaware.aem4f : I2CTiva.oem4f (.text:I2CTiva_hwiFxn)
                  00004f6e    00000002     acsnb-sensor-tiva_pem4f.oem4f (.text:ti_sysbios_BIOS_nullFunc__I)
                  00004f70    000000cc     sysbios.aem4f : BIOS.obj (.text:ti_sysbios_knl_Task_schedule__I)
                  0000503c    000000cc     ti.targets.arm.rtsarm.aem4f : Core-smem.oem4f (.text:xdc_runtime_Core_constructObject__I)
                  00005108    000000c0     drivers_tivaware.aem4f : SPITivaDMA.oem4f (.text:SPITivaDMA_configDMA)
                  000051c8    000000bc     sysbios.aem4f : BIOS.obj (.text:ti_sysbios_family_arm_m3_Hwi_excDebugMon__I)
                  00005284    00000004                   : BIOS.obj (.text:ti_sysbios_family_arm_lm4_Timer_masterEnable__I)
                  00005288    000000bc                   : BIOS.obj (.text:ti_sysbios_family_arm_m3_Hwi_excHardFault__I)
                  00005344    00000004     acsnb-sensor-tiva_pem4f.oem4f (.text:ti_sysbios_family_arm_m3_Hwi_destruct)
                  00005348    000000bc     sysbios.aem4f : BIOS.obj (.text:ti_sysbios_knl_Task_startCore__E)
                  00005404    00000004     acsnb-sensor-tiva_pem4f.oem4f (.text:ti_sysbios_family_arm_m3_TaskSupport_Module__startupDone__S)
                  00005408    000000bc     sysbios.aem4f : BIOS.obj (.text:ti_sysbios_utils_Load_updateLoads__E)
                  000054c4    00000004     acsnb-sensor-tiva_pem4f.oem4f (.text:ti_sysbios_heaps_HeapMem_Module_GateProxy_enter__E)
                  000054c8    000000b4     sysbios.aem4f : BIOS.obj (.text:ti_sysbios_gates_GateMutex_enter__E)
                  0000557c    00000004     acsnb-sensor-tiva_pem4f.oem4f (.text:ti_sysbios_heaps_HeapMem_Module_GateProxy_leave__E)
                  00005580    000000b4     sysbios.aem4f : BIOS.obj (.text:ti_sysbios_knl_Task_checkStacks__E)
                  00005634    00000004     acsnb-sensor-tiva_pem4f.oem4f (.text:ti_sysbios_knl_Clock_TimerProxy_getMaxTicks__E)
                  00005638    000000b0     sysbios.aem4f : BIOS.obj (.text:ti_sysbios_utils_Load_idleFxn__E)
                  000056e8    000000ac                   : BIOS.obj (.text:ti_sysbios_family_arm_lm4_Timer_enableTiva__I)
                  00005794    00000004     acsnb-sensor-tiva_pem4f.oem4f (.text:ti_sysbios_knl_Clock_TimerProxy_getPeriod__E)
                  00005798    000000ac     sysbios.aem4f : BIOS.obj (.text:ti_sysbios_knl_Swi_post__E)
                  00005844    00000004     acsnb-sensor-tiva_pem4f.oem4f (.text:ti_sysbios_knl_Queue_destruct)
                  00005848    000000a8     sysbios.aem4f : BIOS.obj (.text:ti_sysbios_family_arm_lm4_Timer_enableTimers__I)
                  000058f0    000000a8                   : BIOS.obj (.text:ti_sysbios_knl_Task_blockI__E)
                  00005998    000000a8                   : BIOS.obj (.text:ti_sysbios_knl_Task_postInit__I)
                  00005a40    000000a4     drivers_tivaware.aem4f : SPITivaDMA.oem4f (.text:SPITivaDMA_initHw)
                  00005ae4    000000a0     auto_init.aem4f : auto_init.oem4f (.text)
                  00005b84    000000a0     ti.targets.arm.rtsarm.aem4f : Text.oem4f (.text:xdc_runtime_Text_putMod__E)
                  00005c24    0000009f     acsnb-sensor-tiva.obj (.text:triggerAD7746temperature)
                  00005cc3    00000001     --HOLE-- [fill = 0]
                  00005cc4    0000009c     rtsv7M4_T_le_v4SPD16_eabi.lib : memcpy_t2.asm.obj (.text)
                  00005d60    0000009c     sysbios.aem4f : BIOS.obj (.text:ti_sysbios_knl_Semaphore_Instance_init__E)
                  00005dfc    0000009a     ti.targets.arm.rtsarm.aem4f : Text.oem4f (.text:xdc_runtime_Text_putSite__E)
                  00005e96    00000002     acsnb-sensor-tiva_pem4f.oem4f (.text:ti_uia_loggers_LoggerStopMode_setFilterLevel__E)
                  00005e98    00000098     Boot.aem4f : Boot.oem4f (.text:ti_catalog_arm_cortexm4_tiva_ce_Boot_sysCtlClockSet__E)
                  00005f30    00000094     sysbios.aem4f : BIOS.obj (.text:ti_sysbios_family_arm_m3_Hwi_Instance_init__E)
                  00005fc4    00000004     acsnb-sensor-tiva_pem4f.oem4f (.text:ti_sysbios_knl_Semaphore_destruct)
                  00005fc8    00000094     sysbios.aem4f : BIOS.obj (.text:ti_sysbios_family_arm_m3_Hwi_initNVIC__E)
                  0000605c    00000004     ti.uia.loggers.aem4f : LoggerStopMode.oem4f (.text:ti_uia_loggers_LoggerStopMode_getContents__E)
                  00006060    00000094     sysbios.aem4f : BIOS.obj (.text:ti_sysbios_knl_Task_exit__E)
                  000060f4    00000004     acsnb-sensor-tiva_pem4f.oem4f (.text:ti_uia_loggers_LoggerStopMode_getFilterLevel__E)
                  000060f8    00000090     sysbios.aem4f : BIOS.obj (.text:ti_sysbios_knl_Task_unblockI__E)
                  00006188    00000090     ti.uia.loggers.aem4f : LoggerStopMode.oem4f (.text:ti_uia_loggers_LoggerStopMode_initQueueDescriptor__E)
                  00006218    0000008c     drivers_tivaware.aem4f : GPIOTiva.oem4f (.text:GPIO_init)
                  000062a4    0000008c     sysbios.aem4f : m3_TaskSupport_asm.obj (.text:ti_sysbios_family_arm_m3_TaskSupport_buildTaskStack)
                  00006330    00000086     rtsv7M4_T_le_v4SPD16_eabi.lib : fd_cmp_t2.asm.obj (.text:__aeabi_cdcmple)
                  000063b6    00000086                                   : fd_cmp_t2.asm.obj (.text:__aeabi_cdrcmple)
                  0000643c    00000084     EK_TM4C123.obj (.text:EK_TM4C123_initDMA)
                  000064c0    00000084     sysbios.aem4f : BIOS.obj (.text:ti_sysbios_family_arm_m3_Hwi_postInit__I)
                  00006544    00000084     driverlib.lib : udma.obj (.text:uDMAChannelTransferSet)
                  000065c8    0000007e     drivers_tivaware.aem4f : I2CTiva.oem4f (.text:I2CTiva_transfer)
                  00006646    0000007a     rtsv7M4_T_le_v4SPD16_eabi.lib : memset_t2.asm.obj (.text)
                  000066c0    00000074     ti.uia.runtime.aem4f : QueueDescriptor.oem4f (.text:ti_uia_runtime_QueueDescriptor_addToList__E)
                  00006734    0000006e     rtsv7M4_T_le_v4SPD16_eabi.lib : fd_tos_t2.asm.obj (.text)
                  000067a2    00000002     ti.uia.loggers.aem4f : LoggerStopMode.oem4f (.text:ti_uia_loggers_LoggerStopMode_setPriority__E)
                  000067a4    0000006d     ti.targets.arm.rtsarm.aem4f : System.oem4f (.text:xdc_runtime_System_formatNum__I)
                  00006811    00000001     --HOLE-- [fill = 0]
                  00006812    00000002     acsnb-sensor-tiva_pem4f.oem4f (.text:xdc_runtime_Startup_reset__I)
                  00006814    0000006c     acsnb-sensor-tiva.obj (.text:taskI2C1)
                  00006880    0000006c     acsnb-sensor-tiva.obj (.text:taskI2C2)
                  000068ec    0000006c     acsnb-sensor-tiva.obj (.text:taskI2C3)
                  00006958    0000006c     acsnb-sensor-tiva.obj (.text:taskI2C4)
                  000069c4    0000006c     acsnb-sensor-tiva.obj (.text:taskI2C5)
                  00006a30    0000006c     sysbios.aem4f : BIOS.obj (.text:ti_sysbios_knl_Swi_restoreHwi__E)
                  00006a9c    0000006c     ti.targets.arm.rtsarm.aem4f : Error.oem4f (.text:xdc_runtime_Error_print__E)
                  00006b08    0000006c                                 : Memory.oem4f (.text:xdc_runtime_Memory_alloc__E)
                  00006b74    00000068     rtsv7M4_T_le_v4SPD16_eabi.lib : copy_decompress_lzss.c.obj (.text:decompress:lzss:__TI_decompress_lzss)
                  00006bdc    00000068     acsnb-sensor-tiva.obj (.text:taskI2C0)
                  00006c44    00000066     ti.uia.loggers.aem4f : LoggerStopMode.oem4f (.text:ti_uia_loggers_LoggerStopMode_flush__E)
                  00006caa    00000066     ti.targets.arm.rtsarm.aem4f : Core-mem.oem4f (.text:xdc_runtime_Core_deleteObject__I)
                  00006d10    00000064     drivers_tivaware.aem4f : GPIOTiva.oem4f (.text:GPIO_hwiIntFxn)
                  00006d74    00000004     ti.uia.loggers.aem4f : LoggerStopMode.oem4f (.text:ti_uia_loggers_LoggerStopMode_getInstanceId__E)
                  00006d78    00000064     sysbios.aem4f : BIOS.obj (.text:ti_sysbios_family_arm_lm4_Timer_Module_startup__E)
                  00006ddc    00000064     acsnb-sensor-tiva_pem4f.oem4f (.text:ti_sysbios_family_arm_m3_Hwi_create)
                  00006e40    00000062     drivers_tivaware.aem4f : I2CTiva.oem4f (.text:I2CTiva_primeTransfer)
                  00006ea2    00000062                            : SPITivaDMA.oem4f (.text:SPITivaDMA_transfer)
                  00006f04    00000004     ti.uia.loggers.aem4f : LoggerStopMode.oem4f (.text:ti_uia_loggers_LoggerStopMode_getMaxLength__E)
                  00006f08    00000060     sysbios.aem4f : BIOS.obj (.text:ti_sysbios_family_arm_lm4_Timer_isrStub__E)
                  00006f68    00000060                   : BIOS.obj (.text:ti_sysbios_knl_Clock_logTick__E)
                  00006fc8    00000060                   : BIOS.obj (.text:ti_sysbios_utils_Load_logCPULoad__I)
                  00007028    0000005c                   : BIOS.obj (.text:ti_sysbios_knl_Swi_schedule__I)
                  00007084    00000004     ti.uia.loggers.aem4f : LoggerStopMode.oem4f (.text:ti_uia_loggers_LoggerStopMode_getPriority__E)
                  00007088    0000005c     sysbios.aem4f : BIOS.obj (.text:ti_sysbios_knl_Task_Module_startup__E)
                  000070e4    0000005b     ti.targets.arm.rtsarm.aem4f : Text.oem4f (.text:xdc_runtime_Text_putLab__E)
                  0000713f    00000001     --HOLE-- [fill = 0]
                  00007140    00000058     boot.aem4f : boot.oem4f (.text)
                  00007198    00000058     acsnb-sensor-tiva_pem4f.oem4f (.text:ti_sysbios_family_arm_m3_Hwi_construct)
                  000071f0    00000058     sysbios.aem4f : m3_Hwi_asm_switch.obj (.text:ti_sysbios_family_arm_m3_Hwi_initStacks__E)
                  00007248    00000056     driverlib.lib : gpio.obj (.text:GPIOIntTypeSet)
                  0000729e    00000002     --HOLE-- [fill = 0]
                  000072a0    00000054     rtsv7M4_T_le_v4SPD16_eabi.lib : hostwrite.c.obj (.text:HOSTwrite)
                  000072f4    00000054     ti.targets.arm.rtsarm.aem4f : Assert.oem4f (.text:xdc_runtime_Assert_raise__I)
                  00007348    00000050     drivers_tivaware.aem4f : GPIOTiva.oem4f (.text:GPIO_setCallback)
                  00007398    00000050                            : GPIOTiva.oem4f (.text:GPIO_write)
                  000073e8    00000050     driverlib.lib : sysctl.obj (.text:SysCtlPeripheralReset)
                  00007438    00000050     sysbios.aem4f : BIOS.obj (.text:ti_sysbios_family_arm_m3_Hwi_Module_startup__E)
                  00007488    00000050     ti.targets.arm.rtsarm.aem4f : Startup.oem4f (.text:xdc_runtime_Startup_exec__E)
                  000074d8    00000050                                 : Text.oem4f (.text:xdc_runtime_Text_visitRope2__I)
                  00007528    0000004c     rtsv7M4_T_le_v4SPD16_eabi.lib : cpy_tbl.c.obj (.text:copy_in)
                  00007574    00000004     ti.uia.loggers.aem4f : LoggerStopMode.oem4f (.text:ti_uia_loggers_LoggerStopMode_getTransferType__E)
                  00007578    0000004c     sysbios.aem4f : BIOS.obj (.text:ti_sysbios_heaps_HeapMem_getStats__E)
                  000075c4    00000004     ti.targets.arm.rtsarm.aem4f : Error.oem4f (.text:xdc_runtime_Error_getSite__E)
                  000075c8    0000004c     sysbios.aem4f : BIOS.obj (.text:ti_sysbios_knl_Swi_runLoop__I)
                  00007614    00000004     acsnb-sensor-tiva_pem4f.oem4f (.text:xdc_runtime_System_Module_GateProxy_enter__E)
                  00007618    0000004c     sysbios.aem4f : BIOS.obj (.text:ti_sysbios_knl_Task_allBlockedFunction__I)
                  00007664    0000004c     ti.uia.loggers.aem4f : LoggerStopMode.oem4f (.text:ti_uia_loggers_LoggerStopMode_Module_startup__E)
                  000076b0    00000048     driverlib.lib : gpio.obj (.text:GPIOPinConfigure)
                  000076f8    00000048                   : i2c.obj (.text:I2CMasterInitExpClk)
                  00007740    00000048     rtsv7M4_T_le_v4SPD16_eabi.lib : fd_toi_t2.asm.obj (.text)
                  00007788    00000048     sysbios.aem4f : BIOS.obj (.text:ti_sysbios_family_arm_m3_Hwi_disableInterrupt__E)
                  000077d0    00000048                   : BIOS.obj (.text:ti_sysbios_family_arm_m3_Hwi_enableInterrupt__E)
                  00007818    00000048                   : BIOS.obj (.text:ti_sysbios_family_arm_m3_Hwi_excReserved__I)
                  00007860    00000046     ti.targets.arm.rtsarm.aem4f : Core-params.oem4f (.text:xdc_runtime_Core_assignParams__I)
                  000078a6    00000044     drivers_tivaware.aem4f : SPITivaDMA.oem4f (.text:SPITivaDMA_hwiFxn)
                  000078ea    00000044     rtsv7M4_T_le_v4SPD16_eabi.lib : fd_tou_t2.asm.obj (.text)
                  0000792e    00000002     --HOLE-- [fill = 0]
                  00007930    00000044     sysbios.aem4f : BIOS.obj (.text:ti_sysbios_family_arm_lm4_Timer_stop__E)
                  00007974    00000004     acsnb-sensor-tiva_pem4f.oem4f (.text:xdc_runtime_System_Module_GateProxy_leave__E)
                  00007978    00000044     sysbios.aem4f : BIOS.obj (.text:ti_sysbios_family_arm_m3_Hwi_getStackInfo__E)
                  000079bc    00000044     ti.uia.loggers.aem4f : LoggerStopMode.oem4f (.text:ti_uia_loggers_LoggerStopMode_initBuffer__I)
                  00007a00    00000044     ti.targets.arm.rtsarm.aem4f : Error.oem4f (.text:xdc_runtime_Error_setX__E)
                  00007a44    00000044                                 : SysMin.oem4f (.text:xdc_runtime_SysMin_flush__E)
                  00007a88    00000044                                 : Text.oem4f (.text:xdc_runtime_Text_xprintf__I)
                  00007acc    00000042     drivers_tivaware.aem4f : SPITivaDMA.oem4f (.text:SPITivaDMA_transferCancel)
                  00007b0e    00000040     rtsv7M4_T_le_v4SPD16_eabi.lib : u_divt2.asm.obj (.text)
                  00007b4e    00000002     --HOLE-- [fill = 0]
                  00007b50    00000040     sysbios.aem4f : BIOS.obj (.text:ti_sysbios_family_arm_lm4_Timer_startup__E)
                  00007b90    0000003c     drivers_tivaware.aem4f : SPITivaDMA.oem4f (.text:SPITivaDMA_close)
                  00007bcc    0000003c     driverlib.lib : ssi.obj (.text:SSIConfigSetExpClk)
                  00007c08    0000003c     EK_TM4C123.obj (.text:dmaErrorHwi$0)
                  00007c44    00000004     ti.targets.arm.rtsarm.aem4f : System.oem4f (.text:xdc_runtime_System_aprintf_va__F)
                  00007c48    0000003c     sysbios.aem4f : BIOS.obj (.text:ti_sysbios_family_arm_m3_Hwi_excSvCall__I)
                  00007c84    00000004     ti.targets.arm.rtsarm.aem4f : System.oem4f (.text:xdc_runtime_System_printf_va__F)
                  00007c88    0000003c     sysbios.aem4f : BIOS.obj (.text:ti_sysbios_heaps_HeapMem_init__I)
                  00007cc4    00000004     --HOLE-- [fill = 0]
                  00007cc8    0000003c                   : BIOS.obj (.text:ti_sysbios_knl_Swi_startup__E)
                  00007d04    0000003a     drivers_tivaware.aem4f : I2CTiva.oem4f (.text:I2CTiva_completeTransfer)
                  00007d3e    00000002     --HOLE-- [fill = 0]
                  00007d40    00000038                            : I2C.oem4f (.text:I2C_init)
                  00007d78    00000038                            : SPI.oem4f (.text:SPI_init)
                  00007db0    00000038     rtsv7M4_T_le_v4SPD16_eabi.lib : trgmsg.c.obj (.text:__TI_writemsg)
                  00007de8    00000038                                   : fs_tod_t2.asm.obj (.text)
                  00007e20    00000038     sysbios.aem4f : BIOS.obj (.text:ti_sysbios_family_arm_m3_Hwi_excNoIsr__I)
                  00007e58    00000038                   : BIOS.obj (.text:ti_sysbios_knl_Task_processVitalTaskFlag__I)
                  00007e90    00000038     ti.targets.arm.rtsarm.aem4f : SysMin.oem4f (.text:xdc_runtime_SysMin_putch__E)
                  00007ec8    00000038                                 : System.oem4f (.text:xdc_runtime_System_atexit__E)
                  00007f00    00000036     drivers_tivaware.aem4f : I2CTiva.oem4f (.text:I2CTiva_close)
                  00007f36    00000002     --HOLE-- [fill = 0]
                  00007f38    00000034     driverlib.lib : sysctl.obj (.text:SysCtlPeripheralEnable)
                  00007f6c    00000034     rtsv7M4_T_le_v4SPD16_eabi.lib : trgmsg.c.obj (.text:__TI_readmsg)
                  00007fa0    00000034     sysbios.aem4f : BIOS.obj (.text:ti_sysbios_family_arm_m3_Hwi_Instance_finalize__E)
                  00007fd4    00000004     --HOLE-- [fill = 0]
                  00007fd8    00000034                   : BIOS.obj (.text:ti_sysbios_family_arm_m3_Hwi_excNmi__I)
                  0000800c    00000004     --HOLE-- [fill = 0]
                  00008010    00000034                   : BIOS.obj (.text:ti_sysbios_hal_Hwi_checkStack)
                  00008044    00000034     ti.uia.loggers.aem4f : LoggerStopMode.oem4f (.text:ti_uia_loggers_LoggerStopMode_reset__E)
                  00008078    00000034     ti.targets.arm.rtsarm.aem4f : Core-label.oem4f (.text:xdc_runtime_Core_assignLabel__I)
                  000080ac    00000033                                 : Text.oem4f (.text:xdc_runtime_Text_printVisFxn__I)
                  000080df    00000001     --HOLE-- [fill = 0]
                  000080e0    00000032     sysbios.aem4f : BIOS.obj (.text:ti_sysbios_hal_Hwi_initStack)
                  00008112    00000006     driverlib.lib : gpio.obj (.text:GPIOIntClear)
                  00008118    00000032     sysbios.aem4f : BIOS.obj (.text:ti_sysbios_knl_Semaphore_pendTimeout__I)
                  0000814a    00000002     --HOLE-- [fill = 0]
                  0000814c    00000030     drivers_tivaware.aem4f : GPIOTiva.oem4f (.text:GPIO_disableInt)
                  0000817c    00000030                            : GPIOTiva.oem4f (.text:GPIO_enableInt)
                  000081ac    00000030                            : I2C.oem4f (.text:I2C_open)
                  000081dc    00000030                            : SPI.oem4f (.text:SPI_open)
                  0000820c    00000030     acsnb-sensor-tiva_pem4f.oem4f (.text:ti_sysbios_BIOS_atExitFunc__I)
                  0000823c    00000004     --HOLE-- [fill = 0]
                  00008240    00000030     sysbios.aem4f : BIOS.obj (.text:ti_sysbios_family_arm_m3_TaskSupport_start__E)
                  00008270    00000030     acsnb-sensor-tiva_pem4f.oem4f (.text:ti_sysbios_gates_GateHwi_Object__create__S)
                  000082a0    00000030     acsnb-sensor-tiva_pem4f.oem4f (.text:ti_sysbios_gates_GateMutex_Object__create__S)
                  000082d0    00000030     acsnb-sensor-tiva_pem4f.oem4f (.text:ti_sysbios_heaps_HeapMem_Object__create__S)
                  00008300    00000030     acsnb-sensor-tiva_pem4f.oem4f (.text:ti_sysbios_knl_Semaphore_construct)
                  00008330    00000030     sysbios.aem4f : BIOS.obj (.text:ti_sysbios_utils_Load_updateCurrentThreadTime__E)
                  00008360    00000030     acsnb-sensor-tiva_pem4f.oem4f (.text:ti_uia_loggers_LoggerStopMode_Object__create__S)
                  00008390    00000030     ti.targets.arm.rtsarm.aem4f : SysMin.oem4f (.text:xdc_runtime_SysMin_abort__E)
                  000083c0    00000030                                 : System.oem4f (.text:xdc_runtime_System_processAtExit__E)
                  000083f0    0000002e     rtsv7M4_T_le_v4SPD16_eabi.lib : i_tofd_t2.asm.obj (.text)
                  0000841e    00000002     --HOLE-- [fill = 0]
                  00008420    0000002c     acsnb-sensor-tiva_pem4f.oem4f (.text:ti_sysbios_knl_Clock_doTick__I)
                  0000844c    0000002c     acsnb-sensor-tiva_pem4f.oem4f (.text:ti_sysbios_knl_Queue_construct)
                  00008478    0000002c     sysbios.aem4f : BIOS.obj (.text:ti_sysbios_knl_Task_restore__E)
                  000084a4    0000002c     driverlib.lib : udma.obj (.text:uDMAChannelAssign)
                  000084d0    0000002c     ti.targets.arm.rtsarm.aem4f : Text.oem4f (.text:xdc_runtime_Text_cordText__E)
                  000084fc    0000002a     driverlib.lib : gpio.obj (.text:GPIODirModeSet)
                  00008526    0000002a     ti.targets.arm.rtsarm.aem4f : System.oem4f (.text:xdc_runtime_System_putchar__I)
                  00008550    00000028     sysbios.aem4f : BIOS.obj (.text:ti_sysbios_knl_Swi_Module_startup__E)
                  00008578    00000026                   : m3_Hwi_asm.obj (.text:ti_sysbios_family_arm_m3_Hwi_pendSV__I)
                  0000859e    00000026     ti.targets.arm.rtsarm.aem4f : System.oem4f (.text:xdc_runtime_System_avprintf__E)
                  000085c4    00000024     acsnb-sensor-tiva_pem4f.oem4f (.text:ti_sysbios_BIOS_registerRTSLock__I)
                  000085e8    00000024     acsnb-sensor-tiva_pem4f.oem4f (.text:ti_sysbios_BIOS_removeRTSLock__I)
                  0000860c    00000024     acsnb-sensor-tiva_pem4f.oem4f (.text:ti_sysbios_BIOS_startFunc__I)
                  00008630    00000024     sysbios.aem4f : BIOS.obj (.text:ti_sysbios_family_arm_m3_Hwi_doTaskRestore__I)
                  00008654    00000024     acsnb-sensor-tiva_pem4f.oem4f (.text:ti_sysbios_gates_GateMutex_Object__delete__S)
                  00008678    00000024     sysbios.aem4f : BIOS.obj (.text:ti_sysbios_knl_Clock_Module_startup__E)
                  0000869c    00000024     driverlib.lib : udma.obj (.text:uDMAChannelControlSet)
                  000086c0    00000024     ti.targets.arm.rtsarm.aem4f : System.oem4f (.text:xdc_runtime_System_vprintf__E)
                  000086e4    00000004     --HOLE-- [fill = 0]
                  000086e8    00000022     sysbios.aem4f : BIOS.obj (.text:ti_sysbios_family_arm_lm4_Timer_write__I)
                  0000870a    00000022     acsnb-sensor-tiva_pem4f.oem4f (.text:xdc_runtime_SysMin_output__I)
                  0000872c    00000020     drivers_tivaware.aem4f : GPIOTiva.oem4f (.text:GPIO_clearInt)
                  0000874c    00000020     acsnb-sensor-tiva_pem4f.oem4f (.text:ti_sysbios_BIOS_rtsLock__I)
                  0000876c    00000004     --HOLE-- [fill = 0]
                  00008770    00000020     sysbios.aem4f : BIOS.obj (.text:ti_sysbios_family_arm_m3_Hwi_clearInterrupt__E)
                  00008790    00000020                   : m3_Hwi_asm.obj (.text:ti_sysbios_family_arm_m3_Hwi_excHandlerAsm__I)
                  000087b0    00000020                   : BIOS.obj (.text:ti_sysbios_family_arm_m3_Hwi_excHandler__I)
                  000087d0    00000020     acsnb-sensor-tiva_pem4f.oem4f (.text:ti_sysbios_gates_GateHwi_Object__delete__S)
                  000087f0    00000020     acsnb-sensor-tiva_pem4f.oem4f (.text:ti_sysbios_heaps_HeapMem_Object__delete__S)
                  00008810    00000020     sysbios.aem4f : BIOS.obj (.text:ti_sysbios_knl_Idle_run__E)
                  00008830    00000020     acsnb-sensor-tiva_pem4f.oem4f (.text:ti_sysbios_knl_Semaphore_Object__destruct__S)
                  00008850    00000020     acsnb-sensor-tiva_pem4f.oem4f (.text:ti_uia_loggers_LoggerStopMode_Object__delete__S)
                  00008870    00000020     ti.targets.arm.rtsarm.aem4f : Registry.oem4f (.text:xdc_runtime_Registry_findById__E)
                  00008890    00000020                                 : SysMin.oem4f (.text:xdc_runtime_SysMin_Module_startup__E)
                  000088b0    0000001e     acsnb-sensor-tiva_pem4f.oem4f (.text:ti_sysbios_BIOS_errorRaiseHook__I)
                  000088ce    0000001e     sysbios.aem4f : m3_Hwi_asm_switch.obj (.text:ti_sysbios_family_xxx_Hwi_switchAndRunFunc)
                  000088ec    0000001c     drivers_tivaware.aem4f : GPIOTiva.oem4f (.text:getGpioIntIndex)
                  00008908    0000001c     acsnb-sensor-tiva.obj (.text:sens0cvtDoneItr)
                  00008924    0000001c     acsnb-sensor-tiva_pem4f.oem4f (.text:ti_sysbios_family_arm_m3_Hwi_Object__destruct__S)
                  00008940    0000001c     sysbios.aem4f : BIOS.obj (.text:ti_sysbios_gates_GateMutex_Instance_init__E)
                  0000895c    0000001c     acsnb-sensor-tiva_pem4f.oem4f (.text:ti_sysbios_knl_Queue_Object__destruct__S)
                  00008978    0000001c     sysbios.aem4f : BIOS.obj (.text:ti_sysbios_knl_Task_enter__I)
                  00008994    0000001c     ti.uia.loggers.aem4f : LoggerStopMode.oem4f (.text:ti_uia_loggers_LoggerStopMode_Instance_init__E)
                  000089b0    0000001c     ti.targets.arm.rtsarm.aem4f : Error.oem4f (.text:xdc_runtime_Error_raiseX__E)
                  000089cc    0000001c                                 : Memory.oem4f (.text:xdc_runtime_Memory_valloc__E)
                  000089e8    0000001c                                 : SysMin.oem4f (.text:xdc_runtime_SysMin_exit__E)
                  00008a04    0000001c                                 : System.oem4f (.text:xdc_runtime_System_abort__E)
                  00008a20    0000001a     acsnb-sensor-tiva_pem4f.oem4f (.text:ti_sysbios_family_arm_m3_Hwi_Handle__label__S)
                  00008a3a    0000001a     acsnb-sensor-tiva_pem4f.oem4f (.text:ti_sysbios_gates_GateHwi_Handle__label__S)
                  00008a54    0000001a     acsnb-sensor-tiva_pem4f.oem4f (.text:ti_sysbios_gates_GateMutex_Handle__label__S)
                  00008a6e    0000001a     acsnb-sensor-tiva_pem4f.oem4f (.text:ti_sysbios_heaps_HeapMem_Handle__label__S)
                  00008a88    0000001a     acsnb-sensor-tiva_pem4f.oem4f (.text:ti_sysbios_knl_Swi_Handle__label__S)
                  00008aa2    0000001a     acsnb-sensor-tiva_pem4f.oem4f (.text:ti_sysbios_knl_Task_Handle__label__S)
                  00008abc    00000004     --HOLE-- [fill = 0]
                  00008ac0    0000001a     sysbios.aem4f : BIOS.obj (.text:ti_sysbios_knl_Task_sleepTimeout__I)
                  00008ada    0000001a     acsnb-sensor-tiva_pem4f.oem4f (.text:ti_uia_loggers_LoggerStopMode_Handle__label__S)
                  00008af4    0000001a     acsnb-sensor-tiva_pem4f.oem4f (.text:xdc_runtime_System_aprintf__E)
                  00008b0e    0000001a     acsnb-sensor-tiva_pem4f.oem4f (.text:xdc_runtime_System_printf__E)
                  00008b28    00000018     rtsv7M4_T_le_v4SPD16_eabi.lib : args_main.c.obj (.text:_args_main)
                  00008b40    00000018     acsnb-sensor-tiva_pem4f.oem4f (.text:ti_sysbios_BIOS_rtsUnlock__I)
                  00008b58    00000018     acsnb-sensor-tiva_pem4f.oem4f (.text:ti_sysbios_family_arm_lm4_Timer_Module__startupDone__F)
                  00008b70    00000018     acsnb-sensor-tiva_pem4f.oem4f (.text:ti_sysbios_family_arm_m3_Hwi_Module__startupDone__F)
                  00008b88    00000018     sysbios.aem4f : m3_TaskSupport_asm.obj (.text:ti_sysbios_family_arm_m3_TaskSupport_swap__E)
                  00008ba0    00000018                   : BIOS.obj (.text:ti_sysbios_gates_GateMutex_leave__E)
                  00008bb8    00000018     driverlib.lib : udma.obj (.text:uDMAChannelDisable)
                  00008bd0    00000018                   : udma.obj (.text:uDMAChannelEnable)
                  00008be8    00000018                   : udma.obj (.text:uDMAChannelIsEnabled)
                  00008c00    00000018     ti.targets.arm.rtsarm.aem4f : Error.oem4f (.text:xdc_runtime_Error_check__E)
                  00008c18    00000018                                 : System.oem4f (.text:xdc_runtime_System_exit__E)
                  00008c30    00000018                                 : Text.oem4f (.text:xdc_runtime_Text_ropeText__E)
                  00008c48    00000016     driverlib.lib : i2c.obj (.text:I2CMasterErr)
                  00008c5e    00000016     acsnb-sensor-tiva_pem4f.oem4f (.text:ti_sysbios_BIOS_exitFunc__I)
                  00008c74    00000016     ti.uia.loggers.aem4f : LoggerStopMode.oem4f (.text:ti_uia_loggers_LoggerStopMode_disable__E)
                  00008c8a    00000016                          : LoggerStopMode.oem4f (.text:ti_uia_loggers_LoggerStopMode_enable__E)
                  00008ca0    00000014     drivers_tivaware.aem4f : SPI.oem4f (.text:SPI_Params_init)
                  00008cb4    00000014     rtsv7M4_T_le_v4SPD16_eabi.lib : strlen.c.obj (.text:strlen)
                  00008cc8    00000014     acsnb-sensor-tiva_pem4f.oem4f (.text:ti_sysbios_family_arm_m3_Hwi_Object__get__S)
                  00008cdc    00000004     --HOLE-- [fill = 0]
                  00008ce0    00000014     sysbios.aem4f : BIOS.obj (.text:ti_sysbios_family_arm_m3_Hwi_switchFromBootStack__E)
                  00008cf4    00000014     acsnb-sensor-tiva_pem4f.oem4f (.text:ti_sysbios_heaps_HeapMem_Object__get__S)
                  00008d08    00000014     acsnb-sensor-tiva_pem4f.oem4f (.text:ti_sysbios_knl_Swi_Object__get__S)
                  00008d1c    00000012     driverlib.lib : gpio.obj (.text:GPIOPinTypeI2C)
                  00008d2e    00000012                   : gpio.obj (.text:GPIOPinTypeI2CSCL)
                  00008d40    00000012                   : gpio.obj (.text:GPIOPinTypeSSI)
                  00008d52    00000012                   : ssi.obj (.text:SSIDataGetNonBlocking)
                  00008d64    00000004     --HOLE-- [fill = 0]
                  00008d68    00000012     sysbios.aem4f : BIOS.obj (.text:ti_sysbios_hal_Hwi_Module_startup__E)
                  00008d7a    00000012     acsnb-sensor-tiva_pem4f.oem4f (.text:xdc_runtime_Startup_exec__I)
                  00008d8c    00000010     drivers_tivaware.aem4f : I2C.oem4f (.text:I2C_Params_init)
                  00008d9c    00000010     acsnb-sensor-tiva.obj (.text:sens1cvtDoneItr)
                  00008dac    00000010     acsnb-sensor-tiva.obj (.text:sens2cvtDoneItr)
                  00008dbc    00000010     acsnb-sensor-tiva.obj (.text:sens3cvtDoneItr)
                  00008dcc    00000010     acsnb-sensor-tiva.obj (.text:sens4cvtDoneItr)
                  00008ddc    00000004     --HOLE-- [fill = 0]
                  00008de0    00000010     sysbios.aem4f : BIOS.obj (.text:ti_sysbios_BIOS_getCpuFreq__E)
                  00008df0    00000010                   : BIOS.obj (.text:ti_sysbios_BIOS_setThreadType__E)
                  00008e00    00000010                   : BIOS.obj (.text:ti_sysbios_BIOS_start__E)
                  00008e10    00000010                   : BIOS.obj (.text:ti_sysbios_family_arm_lm4_TimestampProvider_rolloverFunc__E)
                  00008e20    00000010                   : m3_TaskSupport_asm.obj (.text:ti_sysbios_family_arm_m3_TaskSupport_glue)
                  00008e30    00000010                   : BIOS.obj (.text:ti_sysbios_gates_GateMutex_Instance_finalize__E)
                  00008e40    00000010                   : BIOS.obj (.text:ti_sysbios_knl_Semaphore_Instance_finalize__E)
                  00008e50    00000010                   : BIOS.obj (.text:ti_sysbios_knl_Swi_disable__E)
                  00008e60    00000010     acsnb-sensor-tiva_pem4f.oem4f (.text:ti_sysbios_knl_Task_Object__get__S)
                  00008e70    00000010     sysbios.aem4f : BIOS.obj (.text:ti_sysbios_knl_Task_disable__E)
                  00008e80    00000010     acsnb-sensor-tiva_pem4f.oem4f (.text:ti_uia_loggers_LoggerStopMode_Object__get__S)
                  00008e90    00000010     ti.uia.loggers.aem4f : LoggerStopMode.oem4f (.text:ti_uia_loggers_LoggerStopMode_isEmpty__E)
                  00008ea0    00000010     driverlib.lib : udma.obj (.text:uDMAEnable)
                  00008eb0    00000010     ti.targets.arm.rtsarm.aem4f : Gate.oem4f (.text:xdc_runtime_Gate_leaveSystem__E)
                  00008ec0    00000010                                 : Memory.oem4f (.text:xdc_runtime_Memory_free__E)
                  00008ed0    00000010                                 : SysMin.oem4f (.text:xdc_runtime_SysMin_ready__E)
                  00008ee0    00000010                                 : System.oem4f (.text:xdc_runtime_System_vsnprintf__E)
                  00008ef0    00000010     acsnb-sensor-tiva_pem4f.oem4f (.text:xdc_runtime_Text_visitRope__I)
                  00008f00    0000000e     driverlib.lib : gpio.obj (.text:GPIOIntDisable)
                  00008f0e    0000000e                   : gpio.obj (.text:GPIOIntStatus)
                  00008f1c    0000000e     rtsv7M4_T_le_v4SPD16_eabi.lib : copy_decompress_none.c.obj (.text:decompress:none:__TI_decompress_none)
                  00008f2a    00000006     driverlib.lib : gpio.obj (.text:GPIOPinWrite)
                  00008f30    0000000e     sysbios.aem4f : BIOS.obj (.text:ti_sysbios_knl_Idle_loop__E)
                  00008f3e    00000002     --HOLE-- [fill = 0]
                  00008f40    0000000e                   : BIOS.obj (.text:ti_sysbios_knl_Queue_empty__E)
                  00008f4e    00000002     --HOLE-- [fill = 0]
                  00008f50    0000000c     acsnb-sensor-tiva_pem4f.oem4f (.text:.bootCodeSection:ti_catalog_arm_cortexm4_tiva_ce_Boot_init__I)
                  00008f5c    0000000c     driverlib.lib : gpio.obj (.text:GPIOIntEnable)
                  00008f68    0000000c     rtsv7M4_T_le_v4SPD16_eabi.lib : _lock.c.obj (.text:_register_lock)
                  00008f74    0000000c                                   : _lock.c.obj (.text:_register_unlock)
                  00008f80    0000000c                                   : copy_zero_init.c.obj (.text:decompress:ZI:__TI_zero_init)
                  00008f8c    0000000c     acsnb-sensor-tiva.obj (.text:sens5cvtDoneItr)
                  00008f98    0000000c     sysbios.aem4f : BIOS.obj (.text:ti_sysbios_family_arm_lm4_Timer_getMaxTicks__E)
                  00008fa4    00000004     --HOLE-- [fill = 0]
                  00008fa8    0000000c                   : BIOS.obj (.text:ti_sysbios_family_arm_lm4_TimestampProvider_startTimer__E)
                  00008fb4    0000000c     acsnb-sensor-tiva_pem4f.oem4f (.text:ti_sysbios_family_arm_m3_Hwi_Params__init__S)
                  00008fc0    0000000c     sysbios.aem4f : BIOS.obj (.text:ti_sysbios_family_arm_m3_Hwi_disableFxn__E)
                  00008fcc    00000004     --HOLE-- [fill = 0]
                  00008fd0    0000000c                   : BIOS.obj (.text:ti_sysbios_family_arm_m3_TaskSupport_checkStack__E)
                  00008fdc    00000004     --HOLE-- [fill = 0]
                  00008fe0    0000000c                   : BIOS.obj (.text:ti_sysbios_gates_GateHwi_enter__E)
                  00008fec    0000000c     acsnb-sensor-tiva_pem4f.oem4f (.text:ti_sysbios_knl_Queue_Object__get__S)
                  00008ff8    0000000c     acsnb-sensor-tiva_pem4f.oem4f (.text:ti_sysbios_knl_Semaphore_Params__init__S)
                  00009004    0000000c     driverlib.lib : udma.obj (.text:uDMAControlBaseSet)
                  00009010    0000000c                   : udma.obj (.text:uDMAErrorStatusClear)
                  0000901c    0000000c                   : udma.obj (.text:uDMAErrorStatusGet)
                  00009028    0000000c                   : udma.obj (.text:uDMAIntStatus)
                  00009034    0000000c     ti.targets.arm.rtsarm.aem4f : Error.oem4f (.text:xdc_runtime_Error_init__E)
                  00009040    0000000c                                 : Gate.oem4f (.text:xdc_runtime_Gate_enterSystem__E)
                  0000904c    0000000c                                 : Memory.oem4f (.text:xdc_runtime_Memory_calloc__E)
                  00009058    0000000c                                 : Memory.oem4f (.text:xdc_runtime_Memory_getMaxDefaultTypeAlign__E)
                  00009064    0000000a     driverlib.lib : i2c.obj (.text:I2CMasterDisable)
                  0000906e    0000000a                   : i2c.obj (.text:I2CMasterEnable)
                  00009078    0000000a     drivers_tivaware.aem4f : I2CTiva.oem4f (.text:I2CTiva_init)
                  00009082    0000000a                            : I2C.oem4f (.text:I2C_transfer)
                  0000908c    0000000a                            : SPITivaDMA.oem4f (.text:SPITivaDMA_init)
                  00009096    0000000a                            : SPI.oem4f (.text:SPI_transfer)
                  000090a0    0000000a     driverlib.lib : ssi.obj (.text:SSIDMADisable)
                  000090aa    0000000a                   : ssi.obj (.text:SSIDisable)
                  000090b4    0000000a                   : ssi.obj (.text:SSIEnable)
                  000090be    0000000a                   : ssi.obj (.text:SSIIntDisable)
                  000090c8    0000000a     acsnb-sensor-tiva_pem4f.oem4f (.text:xdc_runtime_IHeap_alloc)
                  000090d2    0000000a     acsnb-sensor-tiva_pem4f.oem4f (.text:xdc_runtime_IHeap_free)
                  000090dc    00000008     driverlib.lib : i2c.obj (.text:I2CMasterIntClear)
                  000090e4    00000008                   : i2c.obj (.text:I2CMasterSlaveAddrSet)
                  000090ec    00000008     drivers_tivaware.aem4f : I2CTiva.oem4f (.text:I2CTiva_blockingCallback)
                  000090f4    00000008     driverlib.lib : ssi.obj (.text:SSIDMAEnable)
                  000090fc    00000008                   : ssi.obj (.text:SSIIntEnable)
                  00009104    00000008     sysbios.aem4f : BIOS.obj (.text:ti_sysbios_family_arm_lm4_Timer_masterDisable__I)
                  0000910c    00000004     --HOLE-- [fill = 0]
                  00009110    00000008                   : BIOS.obj (.text:ti_sysbios_family_arm_m3_Hwi_doSwiRestore__I)
                  00009118    00000008                   : BIOS.obj (.text:ti_sysbios_family_arm_m3_Hwi_startup__E)
                  00009120    00000006     driverlib.lib : i2c.obj (.text:I2CMasterIntDisable)
                  00009126    00000006                   : i2c.obj (.text:I2CMasterIntEnable)
                  0000912c    00000006     drivers_tivaware.aem4f : I2CTiva.oem4f (.text:I2CTiva_control)
                  00009132    00000006                            : SPITivaDMA.oem4f (.text:SPITivaDMA_control)
                  00009138    00000006                            : SPITivaDMA.oem4f (.text:SPITivaDMA_transferCallback)
                  0000913e    00000006     Boot.aem4f : Boot_sysctl.oem4f (.text:ti_catalog_arm_cortexm4_tiva_ce_Boot_sysCtlDelayI__I)
                  00009144    00000004     --HOLE-- [fill = 0]
                  00009148    00000006     sysbios.aem4f : BIOS.obj (.text:ti_sysbios_family_arm_lm4_TimestampProvider_Module_startup__E)
                  0000914e    00000002     --HOLE-- [fill = 0]
                  00009150    00000006                   : BIOS.obj (.text:ti_sysbios_family_arm_m3_Hwi_restoreFxn__E)
                  00009156    00000002     --HOLE-- [fill = 0]
                  00009158    00000006                   : BIOS.obj (.text:ti_sysbios_gates_GateHwi_leave__E)
                  0000915e    00000002     --HOLE-- [fill = 0]
                  00009160    00000006                   : BIOS.obj (.text:ti_sysbios_heaps_HeapMem_isBlocking__E)
                  00009166    00000002     --HOLE-- [fill = 0]
                  00009168    00000006                   : BIOS.obj (.text:ti_sysbios_knl_Queue_Instance_init__E)
                  0000916e    00000006     ti.targets.arm.rtsarm.aem4f : System.oem4f (.text:xdc_runtime_System_Module_startup__E)
                  00009174    00000004     --HOLE-- [fill = 0]
                  00009178    00000004     sysbios.aem4f : BIOS.obj (.text:ti_sysbios_family_arm_lm4_Timer_getPeriod__E)
                  0000917c    00000004     --HOLE-- [fill = 0]
                  00009180    00000004                   : BIOS.obj (.text:ti_sysbios_gates_GateHwi_query__E)
                  00009184    00000004     --HOLE-- [fill = 0]
                  00009188    00000004                   : BIOS.obj (.text:ti_sysbios_gates_GateMutex_query__E)
                  0000918c    00000004     --HOLE-- [fill = 0]
                  00009190    00000004                   : BIOS.obj (.text:ti_sysbios_knl_Task_startup__E)
                  00009194    00000004     --HOLE-- [fill = 0]
                  00009198    00000002                   : BIOS.obj (.text:ti_sysbios_gates_GateHwi_Instance_init__E)

.const     0    0000919c    000029a4     
                  0000919c    00001fdd     acsnb-sensor-tiva_pem4f.oem4f (.const:xdc_runtime_Text_charTab__A)
                  0000b179    00000001     acsnb-sensor-tiva_pem4f.oem4f (.const:xdc_runtime_Error_policy__C)
                  0000b17a    00000104     acsnb-sensor-tiva_pem4f.oem4f (.const:xdc_runtime_Text_nodeTab__A)
                  0000b27e    00000002     acsnb-sensor-tiva_pem4f.oem4f (.const:ti_catalog_arm_cortexm4_tiva_ce_Boot_Module__id__C)
                  0000b280    00000090     driverlib.lib : gpio.obj (.const:g_pui32GPIOBaseAddrs)
                  0000b310    00000064     drivers_tivaware.aem4f : SPITivaDMA.oem4f (.const)
                  0000b374    00000060     acsnb-sensor-tiva_pem4f.oem4f (.const:ti_uia_loggers_LoggerStopMode_Module__FXNS__C)
                  0000b3d4    00000054     drivers_tivaware.aem4f : GPIOTiva.oem4f (.const:.string)
                  0000b428    00000054     EK_TM4C123.obj (.const:I2C_config)
                  0000b47c    00000048     acsnb-sensor-tiva_pem4f.oem4f (.const:.string)
                  0000b4c4    00000048     drivers_tivaware.aem4f : GPIOTiva.oem4f (.const:gpioBaseAddresses)
                  0000b50c    00000048     EK_TM4C123.obj (.const:i2cTivaHWAttrs)
                  0000b554    00000030     acsnb-sensor-tiva_pem4f.oem4f (.const:ti_sysbios_family_arm_m3_Hwi_Object__PARAMS__C)
                  0000b584    00000028     EK_TM4C123.obj (.const:spiTivaDMAHWAttrs)
                  0000b5ac    00000028     acsnb-sensor-tiva_pem4f.oem4f (.const:ti_sysbios_heaps_HeapMem_Module__FXNS__C)
                  0000b5d4    00000028     acsnb-sensor-tiva_pem4f.oem4f (.const:ti_uia_loggers_LoggerStopMode_Object__PARAMS__C)
                  0000b5fc    00000028     acsnb-sensor-tiva_pem4f.oem4f (.const:xdc_runtime_Startup_sfxnTab__A)
                  0000b624    00000024     acsnb-sensor-tiva_pem4f.oem4f (.const:ti_sysbios_gates_GateHwi_Module__FXNS__C)
                  0000b648    00000024     acsnb-sensor-tiva_pem4f.oem4f (.const:ti_sysbios_gates_GateMutex_Module__FXNS__C)
                  0000b66c    00000024     acsnb-sensor-tiva_pem4f.oem4f (.const:ti_sysbios_heaps_HeapMem_Object__PARAMS__C)
                  0000b690    00000024     acsnb-sensor-tiva_pem4f.oem4f (.const:ti_sysbios_knl_Semaphore_Object__PARAMS__C)
                  0000b6b4    00000020     drivers_tivaware.aem4f : SPI.oem4f (.const)
                  0000b6d4    00000020     acsnb-sensor-tiva_pem4f.oem4f (.const:ti_sysbios_family_arm_m3_Hwi_Object__DESC__C)
                  0000b6f4    00000020     acsnb-sensor-tiva_pem4f.oem4f (.const:ti_sysbios_gates_GateHwi_Object__DESC__C)
                  0000b714    00000020     acsnb-sensor-tiva_pem4f.oem4f (.const:ti_sysbios_gates_GateMutex_Object__DESC__C)
                  0000b734    00000020     acsnb-sensor-tiva_pem4f.oem4f (.const:ti_sysbios_heaps_HeapMem_Object__DESC__C)
                  0000b754    00000020     acsnb-sensor-tiva_pem4f.oem4f (.const:ti_sysbios_knl_Queue_Object__DESC__C)
                  0000b774    00000020     acsnb-sensor-tiva_pem4f.oem4f (.const:ti_sysbios_knl_Semaphore_Object__DESC__C)
                  0000b794    00000020     acsnb-sensor-tiva_pem4f.oem4f (.const:ti_uia_loggers_LoggerStopMode_Object__DESC__C)
                  0000b7b4    0000001c     drivers_tivaware.aem4f : I2CTiva.oem4f (.const)
                  0000b7d0    00000018     EK_TM4C123.obj (.const:SPI_config)
                  0000b7e8    00000018     acsnb-sensor-tiva_pem4f.oem4f (.const:ti_sysbios_gates_GateHwi_Object__PARAMS__C)
                  0000b800    00000018     acsnb-sensor-tiva_pem4f.oem4f (.const:ti_sysbios_gates_GateMutex_Object__PARAMS__C)
                  0000b818    00000018     acsnb-sensor-tiva_pem4f.oem4f (.const:ti_sysbios_knl_Queue_Object__PARAMS__C)
                  0000b830    00000014     EK_TM4C123.obj (.const:GPIOTiva_config)
                  0000b844    00000014     acsnb-sensor-tiva_pem4f.oem4f (.const:xdc_runtime_Startup_firstFxns__A)
                  0000b858    00000014     acsnb-sensor-tiva_pem4f.oem4f (.const:xdc_runtime_Startup_sfxnRts__A)
                  0000b86c    00000010     drivers_tivaware.aem4f : I2C.oem4f (.const)
                  0000b87c    00000008     acsnb-sensor-tiva_pem4f.oem4f (.const:ti_sysbios_family_arm_m3_Hwi_excHookFuncs__A)
                  0000b884    00000008     acsnb-sensor-tiva_pem4f.oem4f (.const:ti_sysbios_knl_Idle_funcList__A)
                  0000b88c    00000008     acsnb-sensor-tiva_pem4f.oem4f (.const:ti_sysbios_knl_Idle_funcList__C)
                  0000b894    00000008     acsnb-sensor-tiva_pem4f.oem4f (.const:xdc_runtime_Startup_firstFxns__C)
                  0000b89c    00000008     acsnb-sensor-tiva_pem4f.oem4f (.const:xdc_runtime_Startup_lastFxns__C)
                  0000b8a4    00000004     acsnb-sensor-tiva_pem4f.oem4f (.const:ti_catalog_arm_cortexm4_tiva_ce_Boot_A_mustUseEnhancedClockMode__C)
                  0000b8a8    00000004     acsnb-sensor-tiva_pem4f.oem4f (.const:ti_catalog_arm_cortexm4_tiva_ce_Boot_Module__diagsEnabled__C)
                  0000b8ac    00000004     acsnb-sensor-tiva_pem4f.oem4f (.const:ti_catalog_arm_cortexm4_tiva_ce_Boot_Module__diagsIncluded__C)
                  0000b8b0    00000004     acsnb-sensor-tiva_pem4f.oem4f (.const:ti_catalog_arm_cortexm4_tiva_ce_Boot_Module__diagsMask__C)
                  0000b8b4    00000004     acsnb-sensor-tiva_pem4f.oem4f (.const:ti_sysbios_family_arm_lm4_Timer_enableFunc__C)
                  0000b8b8    00000004     acsnb-sensor-tiva_pem4f.oem4f (.const:ti_sysbios_family_arm_lm4_Timer_numTimerDevices__C)
                  0000b8bc    00000004     acsnb-sensor-tiva_pem4f.oem4f (.const:ti_sysbios_family_arm_lm4_Timer_startupNeeded__C)
                  0000b8c0    00000004     acsnb-sensor-tiva_pem4f.oem4f (.const:ti_sysbios_family_arm_m3_Hwi_E_NMI__C)
                  0000b8c4    00000004     acsnb-sensor-tiva_pem4f.oem4f (.const:ti_sysbios_family_arm_m3_Hwi_E_alreadyDefined__C)
                  0000b8c8    00000004     acsnb-sensor-tiva_pem4f.oem4f (.const:ti_sysbios_family_arm_m3_Hwi_E_busFault__C)
                  0000b8cc    00000004     acsnb-sensor-tiva_pem4f.oem4f (.const:ti_sysbios_family_arm_m3_Hwi_E_debugMon__C)
                  0000b8d0    00000004     acsnb-sensor-tiva_pem4f.oem4f (.const:ti_sysbios_family_arm_m3_Hwi_E_hardFault__C)
                  0000b8d4    00000004     acsnb-sensor-tiva_pem4f.oem4f (.const:ti_sysbios_family_arm_m3_Hwi_E_memFault__C)
                  0000b8d8    00000004     acsnb-sensor-tiva_pem4f.oem4f (.const:ti_sysbios_family_arm_m3_Hwi_E_noIsr__C)
                  0000b8dc    00000004     acsnb-sensor-tiva_pem4f.oem4f (.const:ti_sysbios_family_arm_m3_Hwi_E_reserved__C)
                  0000b8e0    00000004     acsnb-sensor-tiva_pem4f.oem4f (.const:ti_sysbios_family_arm_m3_Hwi_E_svCall__C)
                  0000b8e4    00000004     acsnb-sensor-tiva_pem4f.oem4f (.const:ti_sysbios_family_arm_m3_Hwi_E_usageFault__C)
                  0000b8e8    00000004     acsnb-sensor-tiva_pem4f.oem4f (.const:ti_sysbios_family_arm_m3_Hwi_LD_end__C)
                  0000b8ec    00000004     acsnb-sensor-tiva_pem4f.oem4f (.const:ti_sysbios_family_arm_m3_Hwi_LM_begin__C)
                  0000b8f0    00000004     acsnb-sensor-tiva_pem4f.oem4f (.const:ti_sysbios_family_arm_m3_Hwi_Module__diagsEnabled__C)
                  0000b8f4    00000004     acsnb-sensor-tiva_pem4f.oem4f (.const:ti_sysbios_family_arm_m3_Hwi_Module__diagsIncluded__C)
                  0000b8f8    00000004     acsnb-sensor-tiva_pem4f.oem4f (.const:ti_sysbios_family_arm_m3_Hwi_Module__diagsMask__C)
                  0000b8fc    00000004     acsnb-sensor-tiva_pem4f.oem4f (.const:ti_sysbios_family_arm_m3_Hwi_Module__loggerFxn1__C)
                  0000b900    00000004     acsnb-sensor-tiva_pem4f.oem4f (.const:ti_sysbios_family_arm_m3_Hwi_Module__loggerFxn8__C)
                  0000b904    00000004     acsnb-sensor-tiva_pem4f.oem4f (.const:ti_sysbios_family_arm_m3_Hwi_Module__loggerObj__C)
                  0000b908    00000004     acsnb-sensor-tiva_pem4f.oem4f (.const:ti_sysbios_family_arm_m3_Hwi_NUM_INTERRUPTS__C)
                  0000b90c    00000004     acsnb-sensor-tiva_pem4f.oem4f (.const:ti_sysbios_family_arm_m3_Hwi_Object__count__C)
                  0000b910    00000004     acsnb-sensor-tiva_pem4f.oem4f (.const:ti_sysbios_family_arm_m3_Hwi_ccr__C)
                  0000b914    00000004     acsnb-sensor-tiva_pem4f.oem4f (.const:ti_sysbios_family_arm_m3_Hwi_excHandlerFunc__C)
                  0000b918    00000004     acsnb-sensor-tiva_pem4f.oem4f (.const:ti_sysbios_family_arm_m3_Hwi_excHookFuncs__C)
                  0000b91c    00000004     acsnb-sensor-tiva_pem4f.oem4f (.const:ti_sysbios_family_arm_m3_Hwi_nullIsrFunc__C)
                  0000b920    00000004     acsnb-sensor-tiva_pem4f.oem4f (.const:ti_sysbios_family_arm_m3_Hwi_priGroup__C)
                  0000b924    00000004     acsnb-sensor-tiva_pem4f.oem4f (.const:ti_sysbios_gates_GateMutex_A_badContext__C)
                  0000b928    00000004     acsnb-sensor-tiva_pem4f.oem4f (.const:ti_sysbios_gates_GateMutex_Instance_State_sem__O)
                  0000b92c    00000004     acsnb-sensor-tiva_pem4f.oem4f (.const:ti_sysbios_gates_GateMutex_Module__diagsEnabled__C)
                  0000b930    00000004     acsnb-sensor-tiva_pem4f.oem4f (.const:ti_sysbios_gates_GateMutex_Module__diagsIncluded__C)
                  0000b934    00000004     acsnb-sensor-tiva_pem4f.oem4f (.const:ti_sysbios_gates_GateMutex_Module__diagsMask__C)
                  0000b938    00000004     acsnb-sensor-tiva_pem4f.oem4f (.const:ti_sysbios_hal_Hwi_E_stackOverflow__C)
                  0000b93c    00000004     acsnb-sensor-tiva_pem4f.oem4f (.const:ti_sysbios_heaps_HeapMem_A_align__C)
                  0000b940    00000004     acsnb-sensor-tiva_pem4f.oem4f (.const:ti_sysbios_heaps_HeapMem_A_heapSize__C)
                  0000b944    00000004     acsnb-sensor-tiva_pem4f.oem4f (.const:ti_sysbios_heaps_HeapMem_A_invalidFree__C)
                  0000b948    00000004     acsnb-sensor-tiva_pem4f.oem4f (.const:ti_sysbios_heaps_HeapMem_A_zeroBlock__C)
                  0000b94c    00000004     acsnb-sensor-tiva_pem4f.oem4f (.const:ti_sysbios_heaps_HeapMem_E_memory__C)
                  0000b950    00000004     acsnb-sensor-tiva_pem4f.oem4f (.const:ti_sysbios_heaps_HeapMem_Module__diagsEnabled__C)
                  0000b954    00000004     acsnb-sensor-tiva_pem4f.oem4f (.const:ti_sysbios_heaps_HeapMem_Module__diagsIncluded__C)
                  0000b958    00000004     acsnb-sensor-tiva_pem4f.oem4f (.const:ti_sysbios_heaps_HeapMem_Module__diagsMask__C)
                  0000b95c    00000004     acsnb-sensor-tiva_pem4f.oem4f (.const:ti_sysbios_heaps_HeapMem_Module__gateObj__C)
                  0000b960    00000004     acsnb-sensor-tiva_pem4f.oem4f (.const:ti_sysbios_heaps_HeapMem_Object__count__C)
                  0000b964    00000004     acsnb-sensor-tiva_pem4f.oem4f (.const:ti_sysbios_heaps_HeapMem_reqAlign__C)
                  0000b968    00000004     acsnb-sensor-tiva_pem4f.oem4f (.const:ti_sysbios_knl_Clock_LM_begin__C)
                  0000b96c    00000004     acsnb-sensor-tiva_pem4f.oem4f (.const:ti_sysbios_knl_Clock_LM_tick__C)
                  0000b970    00000004     acsnb-sensor-tiva_pem4f.oem4f (.const:ti_sysbios_knl_Clock_LW_delayed__C)
                  0000b974    00000004     acsnb-sensor-tiva_pem4f.oem4f (.const:ti_sysbios_knl_Clock_Module_State_clockQ__O)
                  0000b978    00000004     acsnb-sensor-tiva_pem4f.oem4f (.const:ti_sysbios_knl_Clock_Module__diagsEnabled__C)
                  0000b97c    00000004     acsnb-sensor-tiva_pem4f.oem4f (.const:ti_sysbios_knl_Clock_Module__diagsIncluded__C)
                  0000b980    00000004     acsnb-sensor-tiva_pem4f.oem4f (.const:ti_sysbios_knl_Clock_Module__diagsMask__C)
                  0000b984    00000004     acsnb-sensor-tiva_pem4f.oem4f (.const:ti_sysbios_knl_Clock_Module__loggerFxn1__C)
                  0000b988    00000004     acsnb-sensor-tiva_pem4f.oem4f (.const:ti_sysbios_knl_Clock_Module__loggerFxn2__C)
                  0000b98c    00000004     acsnb-sensor-tiva_pem4f.oem4f (.const:ti_sysbios_knl_Clock_Module__loggerObj__C)
                  0000b990    00000004     acsnb-sensor-tiva_pem4f.oem4f (.const:ti_sysbios_knl_Semaphore_A_badContext__C)
                  0000b994    00000004     acsnb-sensor-tiva_pem4f.oem4f (.const:ti_sysbios_knl_Semaphore_A_noEvents__C)
                  0000b998    00000004     acsnb-sensor-tiva_pem4f.oem4f (.const:ti_sysbios_knl_Semaphore_A_overflow__C)
                  0000b99c    00000004     acsnb-sensor-tiva_pem4f.oem4f (.const:ti_sysbios_knl_Semaphore_A_pendTaskDisabled__C)
                  0000b9a0    00000004     acsnb-sensor-tiva_pem4f.oem4f (.const:ti_sysbios_knl_Semaphore_Instance_State_pendQ__O)
                  0000b9a4    00000004     acsnb-sensor-tiva_pem4f.oem4f (.const:ti_sysbios_knl_Semaphore_LM_pend__C)
                  0000b9a8    00000004     acsnb-sensor-tiva_pem4f.oem4f (.const:ti_sysbios_knl_Semaphore_LM_post__C)
                  0000b9ac    00000004     acsnb-sensor-tiva_pem4f.oem4f (.const:ti_sysbios_knl_Semaphore_Module__diagsEnabled__C)
                  0000b9b0    00000004     acsnb-sensor-tiva_pem4f.oem4f (.const:ti_sysbios_knl_Semaphore_Module__diagsIncluded__C)
                  0000b9b4    00000004     acsnb-sensor-tiva_pem4f.oem4f (.const:ti_sysbios_knl_Semaphore_Module__diagsMask__C)
                  0000b9b8    00000004     acsnb-sensor-tiva_pem4f.oem4f (.const:ti_sysbios_knl_Semaphore_Module__loggerFxn2__C)
                  0000b9bc    00000004     acsnb-sensor-tiva_pem4f.oem4f (.const:ti_sysbios_knl_Semaphore_Module__loggerFxn4__C)
                  0000b9c0    00000004     acsnb-sensor-tiva_pem4f.oem4f (.const:ti_sysbios_knl_Semaphore_Module__loggerObj__C)
                  0000b9c4    00000004     acsnb-sensor-tiva_pem4f.oem4f (.const:ti_sysbios_knl_Swi_LD_end__C)
                  0000b9c8    00000004     acsnb-sensor-tiva_pem4f.oem4f (.const:ti_sysbios_knl_Swi_LM_begin__C)
                  0000b9cc    00000004     acsnb-sensor-tiva_pem4f.oem4f (.const:ti_sysbios_knl_Swi_LM_post__C)
                  0000b9d0    00000004     acsnb-sensor-tiva_pem4f.oem4f (.const:ti_sysbios_knl_Swi_Module__diagsEnabled__C)
                  0000b9d4    00000004     acsnb-sensor-tiva_pem4f.oem4f (.const:ti_sysbios_knl_Swi_Module__diagsIncluded__C)
                  0000b9d8    00000004     acsnb-sensor-tiva_pem4f.oem4f (.const:ti_sysbios_knl_Swi_Module__diagsMask__C)
                  0000b9dc    00000004     acsnb-sensor-tiva_pem4f.oem4f (.const:ti_sysbios_knl_Swi_Module__loggerFxn1__C)
                  0000b9e0    00000004     acsnb-sensor-tiva_pem4f.oem4f (.const:ti_sysbios_knl_Swi_Module__loggerFxn4__C)
                  0000b9e4    00000004     acsnb-sensor-tiva_pem4f.oem4f (.const:ti_sysbios_knl_Swi_Module__loggerObj__C)
                  0000b9e8    00000004     acsnb-sensor-tiva_pem4f.oem4f (.const:ti_sysbios_knl_Swi_Object__count__C)
                  0000b9ec    00000004     acsnb-sensor-tiva_pem4f.oem4f (.const:ti_sysbios_knl_Task_A_badTimeout__C)
                  0000b9f0    00000004     acsnb-sensor-tiva_pem4f.oem4f (.const:ti_sysbios_knl_Task_A_sleepTaskDisabled__C)
                  0000b9f4    00000004     acsnb-sensor-tiva_pem4f.oem4f (.const:ti_sysbios_knl_Task_E_spOutOfBounds__C)
                  0000b9f8    00000004     acsnb-sensor-tiva_pem4f.oem4f (.const:ti_sysbios_knl_Task_E_stackOverflow__C)
                  0000b9fc    00000004     acsnb-sensor-tiva_pem4f.oem4f (.const:ti_sysbios_knl_Task_LD_block__C)
                  0000ba00    00000004     acsnb-sensor-tiva_pem4f.oem4f (.const:ti_sysbios_knl_Task_LD_exit__C)
                  0000ba04    00000004     acsnb-sensor-tiva_pem4f.oem4f (.const:ti_sysbios_knl_Task_LD_ready__C)
                  0000ba08    00000004     acsnb-sensor-tiva_pem4f.oem4f (.const:ti_sysbios_knl_Task_LM_sleep__C)
                  0000ba0c    00000004     acsnb-sensor-tiva_pem4f.oem4f (.const:ti_sysbios_knl_Task_LM_switch__C)
                  0000ba10    00000004     acsnb-sensor-tiva_pem4f.oem4f (.const:ti_sysbios_knl_Task_Module_State_inactiveQ__O)
                  0000ba14    00000004     acsnb-sensor-tiva_pem4f.oem4f (.const:ti_sysbios_knl_Task_Module__diagsEnabled__C)
                  0000ba18    00000004     acsnb-sensor-tiva_pem4f.oem4f (.const:ti_sysbios_knl_Task_Module__diagsIncluded__C)
                  0000ba1c    00000004     acsnb-sensor-tiva_pem4f.oem4f (.const:ti_sysbios_knl_Task_Module__diagsMask__C)
                  0000ba20    00000004     acsnb-sensor-tiva_pem4f.oem4f (.const:ti_sysbios_knl_Task_Module__loggerFxn2__C)
                  0000ba24    00000004     acsnb-sensor-tiva_pem4f.oem4f (.const:ti_sysbios_knl_Task_Module__loggerFxn4__C)
                  0000ba28    00000004     acsnb-sensor-tiva_pem4f.oem4f (.const:ti_sysbios_knl_Task_Module__loggerObj__C)
                  0000ba2c    00000004     acsnb-sensor-tiva_pem4f.oem4f (.const:ti_sysbios_knl_Task_Object__count__C)
                  0000ba30    00000004     acsnb-sensor-tiva_pem4f.oem4f (.const:ti_sysbios_knl_Task_allBlockedFunc__C)
                  0000ba34    00000004     acsnb-sensor-tiva_pem4f.oem4f (.const:ti_sysbios_knl_Task_numConstructedTasks__C)
                  0000ba38    00000004     acsnb-sensor-tiva_pem4f.oem4f (.const:ti_sysbios_utils_Load_LS_cpuLoad__C)
                  0000ba3c    00000004     acsnb-sensor-tiva_pem4f.oem4f (.const:ti_sysbios_utils_Load_Module__diagsEnabled__C)
                  0000ba40    00000004     acsnb-sensor-tiva_pem4f.oem4f (.const:ti_sysbios_utils_Load_Module__diagsIncluded__C)
                  0000ba44    00000004     acsnb-sensor-tiva_pem4f.oem4f (.const:ti_sysbios_utils_Load_Module__diagsMask__C)
                  0000ba48    00000004     acsnb-sensor-tiva_pem4f.oem4f (.const:ti_sysbios_utils_Load_Module__loggerFxn1__C)
                  0000ba4c    00000004     acsnb-sensor-tiva_pem4f.oem4f (.const:ti_sysbios_utils_Load_Module__loggerObj__C)
                  0000ba50    00000004     acsnb-sensor-tiva_pem4f.oem4f (.const:ti_sysbios_utils_Load_postUpdate__C)
                  0000ba54    00000004     acsnb-sensor-tiva_pem4f.oem4f (.const:ti_sysbios_utils_Load_windowInMs__C)
                  0000ba58    00000004     acsnb-sensor-tiva_pem4f.oem4f (.const:ti_uia_loggers_LoggerStopMode_Module__diagsEnabled__C)
                  0000ba5c    00000004     acsnb-sensor-tiva_pem4f.oem4f (.const:ti_uia_loggers_LoggerStopMode_Module__diagsIncluded__C)
                  0000ba60    00000004     acsnb-sensor-tiva_pem4f.oem4f (.const:ti_uia_loggers_LoggerStopMode_Module__diagsMask__C)
                  0000ba64    00000004     acsnb-sensor-tiva_pem4f.oem4f (.const:ti_uia_loggers_LoggerStopMode_Object__count__C)
                  0000ba68    00000004     acsnb-sensor-tiva_pem4f.oem4f (.const:ti_uia_runtime_ILoggerSnapshot_Interface__BASE__C)
                  0000ba6c    00000004     acsnb-sensor-tiva_pem4f.oem4f (.const:ti_uia_runtime_IUIATransfer_Interface__BASE__C)
                  0000ba70    00000004     acsnb-sensor-tiva_pem4f.oem4f (.const:xdc_runtime_Assert_E_assertFailed__C)
                  0000ba74    00000004     acsnb-sensor-tiva_pem4f.oem4f (.const:xdc_runtime_Core_A_initializedParams__C)
                  0000ba78    00000004     acsnb-sensor-tiva_pem4f.oem4f (.const:xdc_runtime_Core_Module__diagsEnabled__C)
                  0000ba7c    00000004     acsnb-sensor-tiva_pem4f.oem4f (.const:xdc_runtime_Core_Module__diagsIncluded__C)
                  0000ba80    00000004     acsnb-sensor-tiva_pem4f.oem4f (.const:xdc_runtime_Core_Module__diagsMask__C)
                  0000ba84    00000004     acsnb-sensor-tiva_pem4f.oem4f (.const:xdc_runtime_Error_E_memory__C)
                  0000ba88    00000004     acsnb-sensor-tiva_pem4f.oem4f (.const:xdc_runtime_Error_Module__diagsEnabled__C)
                  0000ba8c    00000004     acsnb-sensor-tiva_pem4f.oem4f (.const:xdc_runtime_Error_Module__diagsIncluded__C)
                  0000ba90    00000004     acsnb-sensor-tiva_pem4f.oem4f (.const:xdc_runtime_Error_Module__diagsMask__C)
                  0000ba94    00000004     acsnb-sensor-tiva_pem4f.oem4f (.const:xdc_runtime_Error_Module__loggerFxn8__C)
                  0000ba98    00000004     acsnb-sensor-tiva_pem4f.oem4f (.const:xdc_runtime_Error_Module__loggerObj__C)
                  0000ba9c    00000004     acsnb-sensor-tiva_pem4f.oem4f (.const:xdc_runtime_Error_policyFxn__C)
                  0000baa0    00000004     acsnb-sensor-tiva_pem4f.oem4f (.const:xdc_runtime_Error_raiseHook__C)
                  0000baa4    00000004     acsnb-sensor-tiva_pem4f.oem4f (.const:xdc_runtime_IFilterLogger_Interface__BASE__C)
                  0000baa8    00000004     acsnb-sensor-tiva_pem4f.oem4f (.const:xdc_runtime_IGateProvider_Interface__BASE__C)
                  0000baac    00000004     acsnb-sensor-tiva_pem4f.oem4f (.const:xdc_runtime_IHeap_Interface__BASE__C)
                  0000bab0    00000004     acsnb-sensor-tiva_pem4f.oem4f (.const:xdc_runtime_ILogger_Interface__BASE__C)
                  0000bab4    00000004     acsnb-sensor-tiva_pem4f.oem4f (.const:xdc_runtime_IModule_Interface__BASE__C)
                  0000bab8    00000004     acsnb-sensor-tiva_pem4f.oem4f (.const:xdc_runtime_Log_L_error__C)
                  0000babc    00000004     acsnb-sensor-tiva_pem4f.oem4f (.const:xdc_runtime_Memory_defaultHeapInstance__C)
                  0000bac0    00000004     acsnb-sensor-tiva_pem4f.oem4f (.const:xdc_runtime_Startup_execImpl__C)
                  0000bac4    00000004     acsnb-sensor-tiva_pem4f.oem4f (.const:xdc_runtime_Startup_lastFxns__A)
                  0000bac8    00000004     acsnb-sensor-tiva_pem4f.oem4f (.const:xdc_runtime_Startup_maxPasses__C)
                  0000bacc    00000004     acsnb-sensor-tiva_pem4f.oem4f (.const:xdc_runtime_Startup_sfxnRts__C)
                  0000bad0    00000004     acsnb-sensor-tiva_pem4f.oem4f (.const:xdc_runtime_Startup_sfxnTab__C)
                  0000bad4    00000004     acsnb-sensor-tiva_pem4f.oem4f (.const:xdc_runtime_SysMin_bufSize__C)
                  0000bad8    00000004     acsnb-sensor-tiva_pem4f.oem4f (.const:xdc_runtime_SysMin_outputFunc__C)
                  0000badc    00000004     acsnb-sensor-tiva_pem4f.oem4f (.const:xdc_runtime_System_Module__gateObj__C)
                  0000bae0    00000004     acsnb-sensor-tiva_pem4f.oem4f (.const:xdc_runtime_System_abortFxn__C)
                  0000bae4    00000004     acsnb-sensor-tiva_pem4f.oem4f (.const:xdc_runtime_System_exitFxn__C)
                  0000bae8    00000004     acsnb-sensor-tiva_pem4f.oem4f (.const:xdc_runtime_System_extendFxn__C)
                  0000baec    00000004     acsnb-sensor-tiva_pem4f.oem4f (.const:xdc_runtime_System_maxAtexitHandlers__C)
                  0000baf0    00000004     acsnb-sensor-tiva_pem4f.oem4f (.const:xdc_runtime_Text_charTab__C)
                  0000baf4    00000004     acsnb-sensor-tiva_pem4f.oem4f (.const:xdc_runtime_Text_nameEmpty__C)
                  0000baf8    00000004     acsnb-sensor-tiva_pem4f.oem4f (.const:xdc_runtime_Text_nameStatic__C)
                  0000bafc    00000004     acsnb-sensor-tiva_pem4f.oem4f (.const:xdc_runtime_Text_nameUnknown__C)
                  0000bb00    00000004     acsnb-sensor-tiva_pem4f.oem4f (.const:xdc_runtime_Text_nodeTab__C)
                  0000bb04    00000004     acsnb-sensor-tiva_pem4f.oem4f (.const:xdc_runtime_Text_visitRopeFxn__C)
                  0000bb08    00000002     acsnb-sensor-tiva_pem4f.oem4f (.const:ti_sysbios_family_arm_lm4_TimestampProvider_useClockTimer__C)
                  0000bb0a    00000002     acsnb-sensor-tiva_pem4f.oem4f (.const:ti_sysbios_family_arm_m3_Hwi_Module__id__C)
                  0000bb0c    00000002     acsnb-sensor-tiva_pem4f.oem4f (.const:ti_sysbios_family_arm_m3_Hwi_Module__loggerDefined__C)
                  0000bb0e    00000002     acsnb-sensor-tiva_pem4f.oem4f (.const:ti_sysbios_gates_GateMutex_Module__id__C)
                  0000bb10    00000002     acsnb-sensor-tiva_pem4f.oem4f (.const:ti_sysbios_hal_Hwi_Module__id__C)
                  0000bb12    00000002     acsnb-sensor-tiva_pem4f.oem4f (.const:ti_sysbios_heaps_HeapMem_Module__id__C)
                  0000bb14    00000002     acsnb-sensor-tiva_pem4f.oem4f (.const:ti_sysbios_knl_Clock_Module__id__C)
                  0000bb16    00000002     acsnb-sensor-tiva_pem4f.oem4f (.const:ti_sysbios_knl_Clock_Module__loggerDefined__C)
                  0000bb18    00000002     acsnb-sensor-tiva_pem4f.oem4f (.const:ti_sysbios_knl_Semaphore_Module__id__C)
                  0000bb1a    00000002     acsnb-sensor-tiva_pem4f.oem4f (.const:ti_sysbios_knl_Semaphore_Module__loggerDefined__C)
                  0000bb1c    00000002     acsnb-sensor-tiva_pem4f.oem4f (.const:ti_sysbios_knl_Swi_Module__id__C)
                  0000bb1e    00000002     acsnb-sensor-tiva_pem4f.oem4f (.const:ti_sysbios_knl_Swi_Module__loggerDefined__C)
                  0000bb20    00000002     acsnb-sensor-tiva_pem4f.oem4f (.const:ti_sysbios_knl_Task_Module__id__C)
                  0000bb22    00000002     acsnb-sensor-tiva_pem4f.oem4f (.const:ti_sysbios_knl_Task_Module__loggerDefined__C)
                  0000bb24    00000002     acsnb-sensor-tiva_pem4f.oem4f (.const:ti_sysbios_utils_Load_Module__id__C)
                  0000bb26    00000002     acsnb-sensor-tiva_pem4f.oem4f (.const:ti_sysbios_utils_Load_Module__loggerDefined__C)
                  0000bb28    00000002     acsnb-sensor-tiva_pem4f.oem4f (.const:ti_sysbios_utils_Load_updateInIdle__C)
                  0000bb2a    00000002     acsnb-sensor-tiva_pem4f.oem4f (.const:ti_uia_loggers_LoggerStopMode_Module__id__C)
                  0000bb2c    00000002     acsnb-sensor-tiva_pem4f.oem4f (.const:ti_uia_loggers_LoggerStopMode_isTimestampEnabled__C)
                  0000bb2e    00000002     acsnb-sensor-tiva_pem4f.oem4f (.const:xdc_runtime_Core_Module__id__C)
                  0000bb30    00000002     acsnb-sensor-tiva_pem4f.oem4f (.const:xdc_runtime_Error_Module__loggerDefined__C)
                  0000bb32    00000002     acsnb-sensor-tiva_pem4f.oem4f (.const:xdc_runtime_Error_maxDepth__C)
                  0000bb34    00000002     acsnb-sensor-tiva_pem4f.oem4f (.const:xdc_runtime_Memory_Module__id__C)
                  0000bb36    00000002     acsnb-sensor-tiva_pem4f.oem4f (.const:xdc_runtime_SysMin_flushAtExit__C)
                  0000bb38    00000002     acsnb-sensor-tiva_pem4f.oem4f (.const:xdc_runtime_Text_charCnt__C)
                  0000bb3a    00000002     acsnb-sensor-tiva_pem4f.oem4f (.const:xdc_runtime_Text_isLoaded__C)
                  0000bb3c    00000002     acsnb-sensor-tiva_pem4f.oem4f (.const:xdc_runtime_Text_registryModsLastId__C)
                  0000bb3e    00000002     acsnb-sensor-tiva_pem4f.oem4f (.const:xdc_runtime_Text_unnamedModsLastId__C)

.cinit     0    0000bb40    00000300     
                  0000bb40    000002c8     (.cinit..data.load) [load image, compression = lzss]
                  0000be08    0000000c     (__TI_handler_table)
                  0000be14    00000004     --HOLE-- [fill = 0]
                  0000be18    00000008     (.cinit..bss.load) [load image, compression = zero_init]
                  0000be20    00000008     (.cinit..vecs.load) [load image, compression = zero_init]
                  0000be28    00000018     (__TI_cinit_table)

.init_array 
*          0    00000000    00000000     UNINITIALIZED

.bss       0    20000380    00004ab0     UNINITIALIZED
                  20000380    00002300     acsnb-sensor-tiva_pem4f.oem4f (.bss:taskStackSection)
                  20002680    00001000     (.common:ti_sysbios_heaps_HeapMem_Instance_State_0_buf__A)
                  20003680    00000400     (.common:ti_uia_loggers_LoggerStopMode_Instance_State_1_packetArray__A)
                  20003a80    00000400     (.common:ti_uia_loggers_LoggerStopMode_Instance_State_2_packetArray__A)
                  20003e80    00000400     (.common:xdc_runtime_SysMin_Module_State_0_outbuf__A)
                  20004280    00000360     (.common:ti_sysbios_family_arm_m3_Hwi_dispatchTable)
                  200045e0    00000300     (.common:i2cTivaObjects)
                  200048e0    00000008     (.common:parmbuf)
                  200048e8    00000004     (.common:gpioInterruptVectors)
                  200048ec    00000014     --HOLE--
                  20004900    00000200     (.common:ti_uia_loggers_LoggerStopMode_Instance_State_0_packetArray__A)
                  20004b00    00000120     rtsv7M4_T_le_v4SPD16_eabi.lib : trgmsg.c.obj (.bss:_CIOBUF_)
                  20004c20    00000090     drivers_tivaware.aem4f : GPIOTiva.oem4f (.bss:gpioCallbackInfo)
                  20004cb0    0000004c     (.common:spiTivaDMAObjects)
                  20004cfc    00000004     --HOLE--
                  20004d00    00000030     (.common:ti_uia_loggers_LoggerStopMode_Instance_State_0_hdr__A)
                  20004d30    00000010     --HOLE--
                  20004d40    00000004     (.common:spiTivaDMAscratchBuf)
                  20004d44    0000003c     --HOLE--
                  20004d80    00000030     (.common:ti_uia_loggers_LoggerStopMode_Instance_State_1_hdr__A)
                  20004db0    00000050     --HOLE--
                  20004e00    00000030     (.common:ti_uia_loggers_LoggerStopMode_Instance_State_2_hdr__A)

.data      0    20005000    0000127a     UNINITIALIZED
                  20005000    00000800     EK_TM4C123.obj (.data:$O1$$)
                  20005800    000002c0     acsnb-sensor-tiva.obj (.data:$O2$$)
                  20005ac0    00000260     acsnb-sensor-tiva_pem4f.oem4f (.data:ti_sysbios_knl_Task_Object__table__V)
                  20005d20    0000009c     acsnb-sensor-tiva_pem4f.oem4f (.data:ti_uia_loggers_LoggerStopMode_Object__table__V)
                  20005dbc    00000098     acsnb-sensor-tiva_pem4f.oem4f (.data:ti_sysbios_utils_Load_Module__state__V)
                  20005e54    00000080     acsnb-sensor-tiva_pem4f.oem4f (.data:ti_sysbios_family_arm_lm4_Timer_Object__table__V)
                  20005ed4    00000080     acsnb-sensor-tiva_pem4f.oem4f (.data:ti_sysbios_knl_Swi_Module_State_0_readyQ__A)
                  20005f54    00000044     acsnb-sensor-tiva_pem4f.oem4f (.data:ti_sysbios_knl_Task_Module__state__V)
                  20005f98    00000038     acsnb-sensor-tiva_pem4f.oem4f (.data:ti_sysbios_gates_GateMutex_Object__table__V)
                  20005fd0    00000034     acsnb-sensor-tiva_pem4f.oem4f (.data:ti_sysbios_family_arm_m3_Hwi_Module__state__V)
                  20006004    00000030     acsnb-sensor-tiva_pem4f.oem4f (.data:ti_sysbios_family_arm_lm4_Timer_Module_State_0_device__A)
                  20006034    00000030     acsnb-sensor-tiva_pem4f.oem4f (.data:ti_sysbios_family_arm_m3_Hwi_Object__table__V)
                  20006064    00000030     acsnb-sensor-tiva_pem4f.oem4f (.data:ti_sysbios_knl_Swi_Object__table__V)
[...]
0000b988  ti_sysbios_knl_Clock_Module__loggerFxn2__C                        
0000b98c  ti_sysbios_knl_Clock_Module__loggerObj__C                         
0000b990  ti_sysbios_knl_Semaphore_A_badContext__C                          
0000b994  ti_sysbios_knl_Semaphore_A_noEvents__C                            
0000b998  ti_sysbios_knl_Semaphore_A_overflow__C                            
0000b99c  ti_sysbios_knl_Semaphore_A_pendTaskDisabled__C                    
0000b9a0  ti_sysbios_knl_Semaphore_Instance_State_pendQ__O                  
0000b9a4  ti_sysbios_knl_Semaphore_LM_pend__C                               
0000b9a8  ti_sysbios_knl_Semaphore_LM_post__C                               
0000b9ac  ti_sysbios_knl_Semaphore_Module__diagsEnabled__C                  
0000b9b0  ti_sysbios_knl_Semaphore_Module__diagsIncluded__C                 
0000b9b4  ti_sysbios_knl_Semaphore_Module__diagsMask__C                     
0000b9b8  ti_sysbios_knl_Semaphore_Module__loggerFxn2__C                    
0000b9bc  ti_sysbios_knl_Semaphore_Module__loggerFxn4__C                    
0000b9c0  ti_sysbios_knl_Semaphore_Module__loggerObj__C                     
0000b9c4  ti_sysbios_knl_Swi_LD_end__C                                      
0000b9c8  ti_sysbios_knl_Swi_LM_begin__C                                    
0000b9cc  ti_sysbios_knl_Swi_LM_post__C                                     
0000b9d0  ti_sysbios_knl_Swi_Module__diagsEnabled__C                        
0000b9d4  ti_sysbios_knl_Swi_Module__diagsIncluded__C                       
0000b9d8  ti_sysbios_knl_Swi_Module__diagsMask__C                           
0000b9dc  ti_sysbios_knl_Swi_Module__loggerFxn1__C                          
0000b9e0  ti_sysbios_knl_Swi_Module__loggerFxn4__C                          
0000b9e4  ti_sysbios_knl_Swi_Module__loggerObj__C                           
0000b9e8  ti_sysbios_knl_Swi_Object__count__C                               
0000b9ec  ti_sysbios_knl_Task_A_badTimeout__C                               
0000b9f0  ti_sysbios_knl_Task_A_sleepTaskDisabled__C                        
0000b9f4  ti_sysbios_knl_Task_E_spOutOfBounds__C                            
0000b9f8  ti_sysbios_knl_Task_E_stackOverflow__C                            
0000b9fc  ti_sysbios_knl_Task_LD_block__C                                   
0000ba00  ti_sysbios_knl_Task_LD_exit__C                                    
0000ba04  ti_sysbios_knl_Task_LD_ready__C                                   
0000ba08  ti_sysbios_knl_Task_LM_sleep__C                                   
0000ba0c  ti_sysbios_knl_Task_LM_switch__C                                  
0000ba10  ti_sysbios_knl_Task_Module_State_inactiveQ__O                     
0000ba14  ti_sysbios_knl_Task_Module__diagsEnabled__C                       
0000ba18  ti_sysbios_knl_Task_Module__diagsIncluded__C                      
0000ba1c  ti_sysbios_knl_Task_Module__diagsMask__C                          
0000ba20  ti_sysbios_knl_Task_Module__loggerFxn2__C                         
0000ba24  ti_sysbios_knl_Task_Module__loggerFxn4__C                         
0000ba28  ti_sysbios_knl_Task_Module__loggerObj__C                          
0000ba2c  ti_sysbios_knl_Task_Object__count__C                              
0000ba30  ti_sysbios_knl_Task_allBlockedFunc__C                             
0000ba34  ti_sysbios_knl_Task_numConstructedTasks__C                        
0000ba38  ti_sysbios_utils_Load_LS_cpuLoad__C                               
0000ba3c  ti_sysbios_utils_Load_Module__diagsEnabled__C                     
0000ba40  ti_sysbios_utils_Load_Module__diagsIncluded__C                    
0000ba44  ti_sysbios_utils_Load_Module__diagsMask__C                        
0000ba48  ti_sysbios_utils_Load_Module__loggerFxn1__C                       
0000ba4c  ti_sysbios_utils_Load_Module__loggerObj__C                        
0000ba50  ti_sysbios_utils_Load_postUpdate__C                               
0000ba54  ti_sysbios_utils_Load_windowInMs__C                               
0000ba58  ti_uia_loggers_LoggerStopMode_Module__diagsEnabled__C             
0000ba5c  ti_uia_loggers_LoggerStopMode_Module__diagsIncluded__C            
0000ba60  ti_uia_loggers_LoggerStopMode_Module__diagsMask__C                
0000ba64  ti_uia_loggers_LoggerStopMode_Object__count__C                    
0000ba68  ti_uia_runtime_ILoggerSnapshot_Interface__BASE__C                 
0000ba6c  ti_uia_runtime_IUIATransfer_Interface__BASE__C                    
0000ba70  xdc_runtime_Assert_E_assertFailed__C                              
0000ba74  xdc_runtime_Core_A_initializedParams__C                           
0000ba78  xdc_runtime_Core_Module__diagsEnabled__C                          
0000ba7c  xdc_runtime_Core_Module__diagsIncluded__C                         
0000ba80  xdc_runtime_Core_Module__diagsMask__C                             
0000ba84  xdc_runtime_Error_E_memory__C                                     
0000ba88  xdc_runtime_Error_Module__diagsEnabled__C                         
0000ba8c  xdc_runtime_Error_Module__diagsIncluded__C                        
0000ba90  xdc_runtime_Error_Module__diagsMask__C                            
0000ba94  xdc_runtime_Error_Module__loggerFxn8__C                           
0000ba98  xdc_runtime_Error_Module__loggerObj__C                            
0000ba9c  xdc_runtime_Error_policyFxn__C                                    
0000baa0  xdc_runtime_Error_raiseHook__C                                    
0000baa4  xdc_runtime_IFilterLogger_Interface__BASE__C                      
0000baa8  xdc_runtime_IGateProvider_Interface__BASE__C                      
0000baac  xdc_runtime_IHeap_Interface__BASE__C                              
0000bab0  xdc_runtime_ILogger_Interface__BASE__C                            
0000bab4  xdc_runtime_IModule_Interface__BASE__C                            
0000bab8  xdc_runtime_Log_L_error__C                                        
0000babc  xdc_runtime_Memory_defaultHeapInstance__C                         
0000bac0  xdc_runtime_Startup_execImpl__C                                   
0000bac4  xdc_runtime_Startup_lastFxns__A                                   
0000bac8  xdc_runtime_Startup_maxPasses__C                                  
0000bacc  xdc_runtime_Startup_sfxnRts__C                                    
0000bad0  xdc_runtime_Startup_sfxnTab__C                                    
0000bad4  xdc_runtime_SysMin_bufSize__C                                     
0000bad8  xdc_runtime_SysMin_outputFunc__C                                  
0000badc  xdc_runtime_System_Module__gateObj__C                             
0000bae0  xdc_runtime_System_abortFxn__C                                    
0000bae4  xdc_runtime_System_exitFxn__C                                     
0000bae8  xdc_runtime_System_extendFxn__C                                   
0000baec  xdc_runtime_System_maxAtexitHandlers__C                           
0000baf0  xdc_runtime_Text_charTab__C                                       
0000baf4  xdc_runtime_Text_nameEmpty__C                                     
0000baf8  xdc_runtime_Text_nameStatic__C                                    
0000bafc  xdc_runtime_Text_nameUnknown__C                                   
0000bb00  xdc_runtime_Text_nodeTab__C                                       
0000bb04  xdc_runtime_Text_visitRopeFxn__C                                  
0000bb08  ti_sysbios_family_arm_lm4_TimestampProvider_useClockTimer__C      
0000bb0a  ti_sysbios_family_arm_m3_Hwi_Module__id__C                        
0000bb0c  ti_sysbios_family_arm_m3_Hwi_Module__loggerDefined__C             
0000bb0e  ti_sysbios_gates_GateMutex_Module__id__C                          
0000bb10  ti_sysbios_hal_Hwi_Module__id__C                                  
0000bb12  ti_sysbios_heaps_HeapMem_Module__id__C                            
0000bb14  ti_sysbios_knl_Clock_Module__id__C                                
0000bb16  ti_sysbios_knl_Clock_Module__loggerDefined__C                     
0000bb18  ti_sysbios_knl_Semaphore_Module__id__C                            
0000bb1a  ti_sysbios_knl_Semaphore_Module__loggerDefined__C                 
0000bb1c  ti_sysbios_knl_Swi_Module__id__C                                  
0000bb1e  ti_sysbios_knl_Swi_Module__loggerDefined__C                       
0000bb20  ti_sysbios_knl_Task_Module__id__C                                 
0000bb22  ti_sysbios_knl_Task_Module__loggerDefined__C                      
0000bb24  ti_sysbios_utils_Load_Module__id__C                               
0000bb26  ti_sysbios_utils_Load_Module__loggerDefined__C                    
0000bb28  ti_sysbios_utils_Load_updateInIdle__C                             
0000bb2a  ti_uia_loggers_LoggerStopMode_Module__id__C                       
0000bb2c  ti_uia_loggers_LoggerStopMode_isTimestampEnabled__C               
0000bb2e  xdc_runtime_Core_Module__id__C                                    
0000bb30  xdc_runtime_Error_Module__loggerDefined__C                        
0000bb32  xdc_runtime_Error_maxDepth__C                                     
0000bb34  xdc_runtime_Memory_Module__id__C                                  
0000bb36  xdc_runtime_SysMin_flushAtExit__C                                 
0000bb38  xdc_runtime_Text_charCnt__C                                       
0000bb3a  xdc_runtime_Text_isLoaded__C                                      
0000bb3c  xdc_runtime_Text_registryModsLastId__C                            
0000bb3e  xdc_runtime_Text_unnamedModsLastId__C                             
0000bb40  __TI_static_base__                                                
0000be08  __TI_Handler_Table_Base                                           
0000be14  __TI_Handler_Table_Limit                                          
0000be28  __TI_CINIT_Base                                                   
0000be40  __TI_CINIT_Limit                                                  
20000000  ti_sysbios_family_arm_m3_Hwi_ramVectors                           
20000380  ti_sysbios_knl_Task_Instance_State_0_stack__A                     
20000780  ti_sysbios_knl_Task_Instance_State_1_stack__A                     
20000b80  ti_sysbios_knl_Task_Instance_State_2_stack__A                     
20000f80  ti_sysbios_knl_Task_Instance_State_3_stack__A                     
20001380  ti_sysbios_knl_Task_Instance_State_4_stack__A                     
20001780  ti_sysbios_knl_Task_Instance_State_5_stack__A                     
20001b80  ti_sysbios_knl_Task_Instance_State_6_stack__A                     
20001e80  ti_sysbios_knl_Task_Instance_State_7_stack__A                     
20002680  ti_sysbios_heaps_HeapMem_Instance_State_0_buf__A                  
20003680  ti_uia_loggers_LoggerStopMode_Instance_State_1_packetArray__A     
20003a80  ti_uia_loggers_LoggerStopMode_Instance_State_2_packetArray__A     
20003e80  xdc_runtime_SysMin_Module_State_0_outbuf__A                       
20004280  ti_sysbios_family_arm_m3_Hwi_dispatchTable                        
200045e0  i2cTivaObjects                                                    
200048e0  parmbuf                                                           
20004900  ti_uia_loggers_LoggerStopMode_Instance_State_0_packetArray__A     
20004b00  __CIOBUF_                                                         
20004cb0  spiTivaDMAObjects                                                 
20004d00  ti_uia_loggers_LoggerStopMode_Instance_State_0_hdr__A             
20004d40  spiTivaDMAscratchBuf                                              
20004d80  ti_uia_loggers_LoggerStopMode_Instance_State_1_hdr__A             
20004e00  ti_uia_loggers_LoggerStopMode_Instance_State_2_hdr__A             
20005800  adAllSensorConversionTime                                         
20005801  switchcmd0                                                        
20005802  switchcmd1                                                        
20005803  switchcmd2                                                        
20005804  switchcmd3                                                        
20005805  switchcmd4                                                        
20005806  switchcmd5                                                        
20005807  switchNew0                                                        
20005808  switchNew1                                                        
20005809  switchNew2                                                        
2000580a  switchNew3                                                        
2000580b  switchNew4                                                        
2000580c  switchNew5                                                        
2000580d  intflag0                                                          
2000580e  intflag1                                                          
2000580f  intflag2                                                          
20005810  intflag3                                                          
20005811  intflag4                                                          
20005812  intflag5                                                          
20005814  i2c0                                                              
20005818  i2c1                                                              
2000581c  i2c2                                                              
20005820  i2c3                                                              
20005824  i2c4                                                              
20005828  i2c5                                                              
2000582c  slaveSpi                                                          
20005830  semHandle                                                         
20005834  adGetAllCaps                                                      
2000583c  i2cParams0                                                        
2000584c  i2cParams1                                                        
2000585c  i2cParams2                                                        
2000586c  i2cParams3                                                        
2000587c  i2cParams4                                                        
2000588c  i2cParams5                                                        
2000589c  slaveTransaction1                                                 
200058b0  i2cTransaction0                                                   
200058cc  i2cTransaction1                                                   
200058e8  i2cTransaction2                                                   
20005904  i2cTransaction3                                                   
20005920  i2cTransaction4                                                   
2000593c  i2cTransaction5                                                   
20005958  semStruct                                                         
20005974  slaveSpiParams                                                    
20005994  filter                                                            
200059c4  spiMessageOut                                                     
20005a42  spiMessageIn                                                      
20005ac0  ti_sysbios_knl_Task_Object__table__V                              
20005d20  ti_uia_loggers_LoggerStopMode_Object__table__V                    
20005dbc  ti_sysbios_utils_Load_Module__state__V                            
20005e54  ti_sysbios_family_arm_lm4_Timer_Object__table__V                  
20005ed4  ti_sysbios_knl_Swi_Module_State_0_readyQ__A                       
20005f54  ti_sysbios_knl_Task_Module__state__V                              
20005f98  ti_sysbios_gates_GateMutex_Object__table__V                       
20005fd0  ti_sysbios_family_arm_m3_Hwi_Module__state__V                     
20006004  ti_sysbios_family_arm_lm4_Timer_Module_State_0_device__A          
20006034  ti_sysbios_family_arm_m3_Hwi_Object__table__V                     
20006064  ti_sysbios_knl_Swi_Object__table__V                               
20006094  ti_sysbios_knl_Clock_Module__state__V                             
200060c0  gpioPinConfigs                                                    
200060e8  ti_sysbios_BIOS_Module__state__V                                  
2000610c  ti_sysbios_knl_Task_Module_State_0_readyQ__A                      
2000612c  xdc_runtime_System_Module_State_0_atexitHandlers__A               
2000614c  ti_sysbios_knl_Swi_Module__state__V                               
20006168  gpioCallbackFunctions                                             
20006180  ti_sysbios_family_arm_lm4_Timer_Module_State_0_handles__A         
20006198  ti_sysbios_heaps_HeapMem_Object__table__V                         
200061b0  ti_sysbios_family_arm_lm4_Timer_Module__state__V                  
200061bc  ti_sysbios_knl_Task_Module__root__V                               
200061c8  ti_uia_runtime_QueueDescriptor_Module__state__V                   
200061d4  xdc_runtime_SysMin_Module__state__V                               
200061e0  _lock                                                             
200061e4  _unlock                                                           
200061e8  ti_uia_runtime_QueueDescriptor_gPtrToFirstDescriptor              
200061ec  ti_uia_runtime_QueueDescriptor_gUpdateCount                       
200061f0  ti_sysbios_family_arm_lm4_TimestampProvider_Module__state__V      
200061f8  ti_sysbios_family_arm_m3_Hwi_Module__root__V                      
20006200  ti_sysbios_gates_GateHwi_Module__root__V                          
20006208  ti_sysbios_gates_GateMutex_Module__root__V                        
20006210  ti_sysbios_heaps_HeapMem_Module__root__V                          
20006218  ti_sysbios_knl_Queue_Module__root__V                              
20006220  ti_sysbios_knl_Semaphore_Module__root__V                          
20006228  ti_uia_loggers_LoggerStopMode_Module__root__V                     
20006230  xdc_runtime_Registry_Module__state__V                             
20006238  xdc_runtime_Startup_Module__state__V                              
20006240  xdc_runtime_System_Module__state__V                               
2000624e  ti_sysbios_family_arm_m3_Hwi_Module_State_0_excActive__A          
20006258  main_func_sp                                                      
2000625c  ti_sysbios_family_arm_m3_Hwi_Module_State_0_excContext__A         
20006260  ti_sysbios_family_arm_m3_Hwi_Module_State_0_excStack__A           
20006264  ti_sysbios_gates_GateHwi_Object__table__V                         
20006268  ti_sysbios_knl_Task_Module_State_0_idleTask__A                    
2000626c  ti_sysbios_utils_Load_Module_State_0_runningTask__A               
20006270  ti_sysbios_utils_Load_Module_State_0_taskStartTime__A             
20006274  xdc_runtime_Memory_Module__state__V                               
20006278  xdc_runtime_Error_Module__state__V                                
20006280  __stack                                                           
20006480  __STACK_TOP                                                       
20006580  __STACK_END                                                       
e000e000  ti_sysbios_family_arm_m3_Hwi_nvic                                 
ffffffff  __TI_pprof_out_hndl                                               
ffffffff  __TI_prof_data_size                                               
ffffffff  __TI_prof_data_start                                              
ffffffff  __binit__                                                         
ffffffff  __c_args__                                                        
ffffffff  binit                                                             
UNDEFED   SHT$$INIT_ARRAY$$Base                                             
UNDEFED   SHT$$INIT_ARRAY$$Limit                                            

[820 symbols]
