******************************************************************************
                  TI ARM Linker Unix v18.1.1                   
******************************************************************************
>> Linked Wed Jan  2 14:46:33 2019

OUTPUT FILE NAME:   <acsndSensor.out>
ENTRY POINT SYMBOL: "_c_int00"  address: 00007129


MEMORY CONFIGURATION

         name            origin    length      used     unused   attr    fill
----------------------  --------  ---------  --------  --------  ----  --------
  FLASH                 00000000   00040000  0000be1a  000341e6  R  X
  SRAM                  20000000   00008000  0000638a  00001c76  RW X


SEGMENT ALLOCATION MAP

run origin  load origin   length   init length attrs members
----------  ----------- ---------- ----------- ----- -------
00000000    00000000    0000be20   0000be20    r-x
  00000000    00000000    0000003c   0000003c    r-- .resetVecs
  00000040    00000040    0000913a   0000913a    r-x .text
  0000917c    0000917c    000029a4   000029a4    r-- .const
  0000bb20    0000bb20    00000300   00000300    r-- .cinit
20000000    20000000    00000360   00000000    rw-
  20000000    20000000    00000360   00000000    rw- .vecs
20000380    20000380    00004ab0   00000000    rw-
  20000380    20000380    00004ab0   00000000    rw- .bss
20005000    20005000    00001580   00000000    rw-
  20005000    20005000    0000127a   00000000    rw- .data
  20006280    20006280    00000300   00000000    rw- .stack


SECTION ALLOCATION MAP

 output                                  attributes/
section   page    origin      length       input sections
--------  ----  ----------  ----------   ----------------
.resetVecs 
*          0    00000000    0000003c     
                  00000000    0000003c     acsndSensor_pem4f.oem4f (.resetVecs)

.text      0    00000040    0000913a     
                  00000040    000006fb     acsndSensor.obj (.text:taskI2Ccommon)
                  0000073b    00000001     --HOLE-- [fill = 0]
                  0000073c    00000004     driverlib.lib : i2c.obj (.text:I2CMasterControl)
                  00000740    00000430     sysbios.aem4f : BIOS.obj (.text:ti_sysbios_family_arm_m3_Hwi_excDumpRegs__I)
                  00000b70    0000034c     ti.targets.arm.rtsarm.aem4f : System.oem4f (.text:xdc_runtime_System_doPrint__I)
                  00000ebc    00000004     driverlib.lib : i2c.obj (.text:I2CMasterDataGet)
                  00000ec0    0000031c     sysbios.aem4f : BIOS.obj (.text:ti_sysbios_knl_Semaphore_pend__E)
                  000011dc    000002d0     acsndSensor.obj (.text:main)
                  000014ac    00000294     acsndSensor.obj (.text:setupAD7746)
                  00001740    00000294     acsndSensor.obj (.text:slaveTaskFxn)
                  000019d4    00000004     driverlib.lib : i2c.obj (.text:I2CMasterDataPut)
                  000019d8    0000026c     sysbios.aem4f : BIOS.obj (.text:ti_sysbios_heaps_HeapMem_free__E)
                  00001c44    00000004     driverlib.lib : ssi.obj (.text:SSIIntClear)
                  00001c48    00000250     sysbios.aem4f : BIOS.obj (.text:ti_sysbios_heaps_HeapMem_alloc__E)
                  00001e98    00000240     acsndSensor.obj (.text:readAD7746)
                  000020d8    00000208     sysbios.aem4f : BIOS.obj (.text:ti_sysbios_knl_Task_sleep__E)
                  000022e0    000001fc                   : BIOS.obj (.text:ti_sysbios_family_arm_m3_Hwi_excHandlerMax__I)
                  000024dc    000001e8     acsndSensor_pem4f.oem4f (.text:xdc_runtime_System_printfExtend__I)
                  000026c4    000001b6     rtsv7M4_T_le_v4SPD16_eabi.lib : fd_add_t2.asm.obj (.text)
                  0000287a    00000002     drivers_tivaware.aem4f : SPITivaDMA.oem4f (.text:SPITivaDMA_serviceISR)
                  0000287c    000001b6     acsndSensor.obj (.text:setupPCA9536)
                  00002a32    00000002     rtsv7M4_T_le_v4SPD16_eabi.lib : _lock.c.obj (.text:_nop)
                  00002a34    0000019c     acsndSensor.obj (.text:readHDC1080)
                  00002bd0    0000018c     sysbios.aem4f : BIOS.obj (.text:ti_sysbios_family_arm_lm4_Timer_start__E)
                  00002d5c    00000004     rtsv7M4_T_le_v4SPD16_eabi.lib : exit.c.obj (.text:abort:abort)
                  00002d60    00000178     sysbios.aem4f : BIOS.obj (.text:ti_sysbios_family_arm_lm4_TimestampProvider_get64__E)
                  00002ed8    00000174                   : BIOS.obj (.text:ti_sysbios_family_arm_m3_Hwi_excBusFault__I)
                  0000304c    00000004     acsndSensor_pem4f.oem4f (.text:ti_sysbios_BIOS_RtsGateProxy_enter__E)
                  00003050    00000164     sysbios.aem4f : BIOS.obj (.text:ti_sysbios_family_arm_m3_Hwi_excUsageFault__I)
                  000031b4    00000150     drivers_tivaware.aem4f : GPIOTiva.oem4f (.text:GPIO_setConfig)
                  00003304    0000014f     acsndSensor.obj (.text:switchPCA9536)
                  00003453    00000001     --HOLE-- [fill = 0]
                  00003454    00000004     acsndSensor_pem4f.oem4f (.text:ti_sysbios_BIOS_RtsGateProxy_leave__E)
                  00003458    00000148     sysbios.aem4f : BIOS.obj (.text:ti_sysbios_family_arm_m3_Hwi_excMemFault__I)
                  000035a0    00000140                   : BIOS.obj (.text:ti_sysbios_knl_Semaphore_post__E)
                  000036e0    0000013c                   : BIOS.obj (.text:ti_sysbios_heaps_HeapMem_Instance_init__E)
                  0000381c    00000004                   : BIOS.obj (.text:ti_sysbios_family_arm_lm4_Timer_masterEnable__I)
                  00003820    0000013c                   : BIOS.obj (.text:ti_sysbios_knl_Clock_workFunc__E)
                  0000395c    00000004     acsndSensor_pem4f.oem4f (.text:ti_sysbios_family_arm_m3_Hwi_destruct)
                  00003960    00000138     sysbios.aem4f : BIOS.obj (.text:ti_sysbios_family_arm_m3_Hwi_dispatchC__I)
                  00003a98    00000138     acsndSensor_pem4f.oem4f (.text:ti_uia_loggers_LoggerStopMode_writeMemoryRange__E)
                  00003bd0    00000136     rtsv7M4_T_le_v4SPD16_eabi.lib : fd_div_t2.asm.obj (.text)
                  00003d06    00000130     driverlib.lib : gpio.obj (.text:GPIOPadConfigSet)
                  00003e36    00000002     rtsv7M4_T_le_v4SPD16_eabi.lib : div0.asm.obj (.text)
                  00003e38    0000011c     sysbios.aem4f : BIOS.obj (.text:ti_sysbios_knl_Swi_run__I)
                  00003f54    00000118     ti.targets.arm.rtsarm.aem4f : Error.oem4f (.text:xdc_runtime_Error_policyDefault__E)
                  0000406c    0000010c     acsndSensor_pem4f.oem4f (.text:ti_uia_loggers_LoggerStopMode_write8__E)
                  00004178    00000100     Boot.aem4f : Boot_sysctl.oem4f (.text:ti_catalog_arm_cortexm4_tiva_ce_Boot_sysCtlClockSetI__I)
                  00004278    00000100     ti.targets.arm.rtsarm.aem4f : Core-mem.oem4f (.text:xdc_runtime_Core_createObject__I)
                  00004378    000000fc     rtsv7M4_T_le_v4SPD16_eabi.lib : fd_mul_t2.asm.obj (.text)
                  00004474    000000fc     acsndSensor.obj (.text:triggerAD7746capacitance)
                  00004570    000000f8     ti.targets.arm.rtsarm.aem4f : Startup.oem4f (.text:xdc_runtime_Startup_startMods__I)
                  00004668    000000f7     acsndSensor.obj (.text:setupHDC1080)
                  0000475f    00000001     --HOLE-- [fill = 0]
                  00004760    000000f4     sysbios.aem4f : m3_Hwi_asm.obj (.text:ti_sysbios_family_arm_m3_Hwi_dispatch__I)
                  00004854    000000f4     acsndSensor_pem4f.oem4f (.text:ti_uia_loggers_LoggerStopMode_write4__E)
                  00004948    000000e8     acsndSensor_pem4f.oem4f (.text:ti_uia_loggers_LoggerStopMode_write1__E)
                  00004a30    000000e8     acsndSensor_pem4f.oem4f (.text:ti_uia_loggers_LoggerStopMode_write2__E)
                  00004b18    000000e0     drivers_tivaware.aem4f : I2CTiva.oem4f (.text:I2CTiva_open)
                  00004bf8    000000d8                            : SPITivaDMA.oem4f (.text:SPITivaDMA_open)
                  00004cd0    000000d8     sysbios.aem4f : BIOS.obj (.text:ti_sysbios_family_arm_lm4_TimestampProvider_get32__E)
                  00004da8    000000d8     acsndSensor_pem4f.oem4f (.text:ti_uia_loggers_LoggerStopMode_write0__E)
                  00004e80    000000d6     drivers_tivaware.aem4f : I2CTiva.oem4f (.text:I2CTiva_hwiFxn)
                  00004f56    00000002     acsndSensor_pem4f.oem4f (.text:ti_sysbios_BIOS_nullFunc__I)
                  00004f58    000000cc     sysbios.aem4f : BIOS.obj (.text:ti_sysbios_knl_Task_schedule__I)
                  00005024    000000cc     ti.targets.arm.rtsarm.aem4f : Core-smem.oem4f (.text:xdc_runtime_Core_constructObject__I)
                  000050f0    000000c0     drivers_tivaware.aem4f : SPITivaDMA.oem4f (.text:SPITivaDMA_configDMA)
                  000051b0    000000bc     sysbios.aem4f : BIOS.obj (.text:ti_sysbios_family_arm_m3_Hwi_excDebugMon__I)
                  0000526c    00000004     acsndSensor_pem4f.oem4f (.text:ti_sysbios_family_arm_m3_TaskSupport_Module__startupDone__S)
                  00005270    000000bc     sysbios.aem4f : BIOS.obj (.text:ti_sysbios_family_arm_m3_Hwi_excHardFault__I)
                  0000532c    00000004     acsndSensor_pem4f.oem4f (.text:ti_sysbios_heaps_HeapMem_Module_GateProxy_enter__E)
                  00005330    000000bc     sysbios.aem4f : BIOS.obj (.text:ti_sysbios_knl_Task_startCore__E)
                  000053ec    00000004     acsndSensor_pem4f.oem4f (.text:ti_sysbios_heaps_HeapMem_Module_GateProxy_leave__E)
                  000053f0    000000bc     sysbios.aem4f : BIOS.obj (.text:ti_sysbios_utils_Load_updateLoads__E)
                  000054ac    00000004     acsndSensor_pem4f.oem4f (.text:ti_sysbios_knl_Clock_TimerProxy_getMaxTicks__E)
                  000054b0    000000b4     sysbios.aem4f : BIOS.obj (.text:ti_sysbios_gates_GateMutex_enter__E)
                  00005564    00000004     acsndSensor_pem4f.oem4f (.text:ti_sysbios_knl_Clock_TimerProxy_getPeriod__E)
                  00005568    000000b4     sysbios.aem4f : BIOS.obj (.text:ti_sysbios_knl_Task_checkStacks__E)
                  0000561c    00000004     acsndSensor_pem4f.oem4f (.text:ti_sysbios_knl_Queue_destruct)
                  00005620    000000b0     sysbios.aem4f : BIOS.obj (.text:ti_sysbios_utils_Load_idleFxn__E)
                  000056d0    000000ac                   : BIOS.obj (.text:ti_sysbios_family_arm_lm4_Timer_enableTiva__I)
                  0000577c    00000004     acsndSensor_pem4f.oem4f (.text:ti_sysbios_knl_Semaphore_destruct)
                  00005780    000000ac     sysbios.aem4f : BIOS.obj (.text:ti_sysbios_knl_Swi_post__E)
                  0000582c    00000004     ti.uia.loggers.aem4f : LoggerStopMode.oem4f (.text:ti_uia_loggers_LoggerStopMode_getContents__E)
                  00005830    000000a8     sysbios.aem4f : BIOS.obj (.text:ti_sysbios_family_arm_lm4_Timer_enableTimers__I)
                  000058d8    000000a8                   : BIOS.obj (.text:ti_sysbios_knl_Task_blockI__E)
                  00005980    000000a8                   : BIOS.obj (.text:ti_sysbios_knl_Task_postInit__I)
                  00005a28    000000a4     drivers_tivaware.aem4f : SPITivaDMA.oem4f (.text:SPITivaDMA_initHw)
                  00005acc    000000a0     auto_init.aem4f : auto_init.oem4f (.text)
                  00005b6c    000000a0     ti.targets.arm.rtsarm.aem4f : Text.oem4f (.text:xdc_runtime_Text_putMod__E)
                  00005c0c    0000009f     acsndSensor.obj (.text:triggerAD7746temperature)
                  00005cab    00000001     --HOLE-- [fill = 0]
                  00005cac    0000009c     rtsv7M4_T_le_v4SPD16_eabi.lib : memcpy_t2.asm.obj (.text)
                  00005d48    0000009c     sysbios.aem4f : BIOS.obj (.text:ti_sysbios_knl_Semaphore_Instance_init__E)
                  00005de4    0000009a     ti.targets.arm.rtsarm.aem4f : Text.oem4f (.text:xdc_runtime_Text_putSite__E)
                  00005e7e    00000002     acsndSensor_pem4f.oem4f (.text:ti_uia_loggers_LoggerStopMode_setFilterLevel__E)
                  00005e80    00000098     Boot.aem4f : Boot.oem4f (.text:ti_catalog_arm_cortexm4_tiva_ce_Boot_sysCtlClockSet__E)
                  00005f18    00000094     sysbios.aem4f : BIOS.obj (.text:ti_sysbios_family_arm_m3_Hwi_Instance_init__E)
                  00005fac    00000004     acsndSensor_pem4f.oem4f (.text:ti_uia_loggers_LoggerStopMode_getFilterLevel__E)
                  00005fb0    00000094     sysbios.aem4f : BIOS.obj (.text:ti_sysbios_family_arm_m3_Hwi_initNVIC__E)
                  00006044    00000004     ti.uia.loggers.aem4f : LoggerStopMode.oem4f (.text:ti_uia_loggers_LoggerStopMode_getInstanceId__E)
                  00006048    00000094     sysbios.aem4f : BIOS.obj (.text:ti_sysbios_knl_Task_exit__E)
                  000060dc    00000004     ti.uia.loggers.aem4f : LoggerStopMode.oem4f (.text:ti_uia_loggers_LoggerStopMode_getMaxLength__E)
                  000060e0    00000090     sysbios.aem4f : BIOS.obj (.text:ti_sysbios_knl_Task_unblockI__E)
                  00006170    00000090     ti.uia.loggers.aem4f : LoggerStopMode.oem4f (.text:ti_uia_loggers_LoggerStopMode_initQueueDescriptor__E)
                  00006200    0000008c     drivers_tivaware.aem4f : GPIOTiva.oem4f (.text:GPIO_init)
                  0000628c    0000008c     sysbios.aem4f : m3_TaskSupport_asm.obj (.text:ti_sysbios_family_arm_m3_TaskSupport_buildTaskStack)
                  00006318    00000086     rtsv7M4_T_le_v4SPD16_eabi.lib : fd_cmp_t2.asm.obj (.text:__aeabi_cdcmple)
                  0000639e    00000086                                   : fd_cmp_t2.asm.obj (.text:__aeabi_cdrcmple)
                  00006424    00000084     EK_TM4C123.obj (.text:EK_TM4C123_initDMA)
                  000064a8    00000084     sysbios.aem4f : BIOS.obj (.text:ti_sysbios_family_arm_m3_Hwi_postInit__I)
                  0000652c    00000084     driverlib.lib : udma.obj (.text:uDMAChannelTransferSet)
                  000065b0    0000007e     drivers_tivaware.aem4f : I2CTiva.oem4f (.text:I2CTiva_transfer)
                  0000662e    0000007a     rtsv7M4_T_le_v4SPD16_eabi.lib : memset_t2.asm.obj (.text)
                  000066a8    00000074     ti.uia.runtime.aem4f : QueueDescriptor.oem4f (.text:ti_uia_runtime_QueueDescriptor_addToList__E)
                  0000671c    0000006e     rtsv7M4_T_le_v4SPD16_eabi.lib : fd_tos_t2.asm.obj (.text)
                  0000678a    00000002     ti.uia.loggers.aem4f : LoggerStopMode.oem4f (.text:ti_uia_loggers_LoggerStopMode_setPriority__E)
                  0000678c    0000006d     ti.targets.arm.rtsarm.aem4f : System.oem4f (.text:xdc_runtime_System_formatNum__I)
                  000067f9    00000001     --HOLE-- [fill = 0]
                  000067fa    00000002     acsndSensor_pem4f.oem4f (.text:xdc_runtime_Startup_reset__I)
                  000067fc    0000006c     acsndSensor.obj (.text:taskI2C1)
                  00006868    0000006c     acsndSensor.obj (.text:taskI2C2)
                  000068d4    0000006c     acsndSensor.obj (.text:taskI2C3)
                  00006940    0000006c     acsndSensor.obj (.text:taskI2C4)
                  000069ac    0000006c     acsndSensor.obj (.text:taskI2C5)
                  00006a18    0000006c     sysbios.aem4f : BIOS.obj (.text:ti_sysbios_knl_Swi_restoreHwi__E)
                  00006a84    0000006c     ti.targets.arm.rtsarm.aem4f : Error.oem4f (.text:xdc_runtime_Error_print__E)
                  00006af0    0000006c                                 : Memory.oem4f (.text:xdc_runtime_Memory_alloc__E)
                  00006b5c    00000068     rtsv7M4_T_le_v4SPD16_eabi.lib : copy_decompress_lzss.c.obj (.text:decompress:lzss:__TI_decompress_lzss)
                  00006bc4    00000068     acsndSensor.obj (.text:taskI2C0)
                  00006c2c    00000066     ti.uia.loggers.aem4f : LoggerStopMode.oem4f (.text:ti_uia_loggers_LoggerStopMode_flush__E)
                  00006c92    00000066     ti.targets.arm.rtsarm.aem4f : Core-mem.oem4f (.text:xdc_runtime_Core_deleteObject__I)
                  00006cf8    00000064     drivers_tivaware.aem4f : GPIOTiva.oem4f (.text:GPIO_hwiIntFxn)
                  00006d5c    00000004     ti.uia.loggers.aem4f : LoggerStopMode.oem4f (.text:ti_uia_loggers_LoggerStopMode_getPriority__E)
                  00006d60    00000064     sysbios.aem4f : BIOS.obj (.text:ti_sysbios_family_arm_lm4_Timer_Module_startup__E)
                  00006dc4    00000064     acsndSensor_pem4f.oem4f (.text:ti_sysbios_family_arm_m3_Hwi_create)
                  00006e28    00000062     drivers_tivaware.aem4f : I2CTiva.oem4f (.text:I2CTiva_primeTransfer)
                  00006e8a    00000062                            : SPITivaDMA.oem4f (.text:SPITivaDMA_transfer)
                  00006eec    00000004     ti.uia.loggers.aem4f : LoggerStopMode.oem4f (.text:ti_uia_loggers_LoggerStopMode_getTransferType__E)
                  00006ef0    00000060     sysbios.aem4f : BIOS.obj (.text:ti_sysbios_family_arm_lm4_Timer_isrStub__E)
                  00006f50    00000060                   : BIOS.obj (.text:ti_sysbios_knl_Clock_logTick__E)
                  00006fb0    00000060                   : BIOS.obj (.text:ti_sysbios_utils_Load_logCPULoad__I)
                  00007010    0000005c                   : BIOS.obj (.text:ti_sysbios_knl_Swi_schedule__I)
                  0000706c    00000004     ti.targets.arm.rtsarm.aem4f : Error.oem4f (.text:xdc_runtime_Error_getSite__E)
                  00007070    0000005c     sysbios.aem4f : BIOS.obj (.text:ti_sysbios_knl_Task_Module_startup__E)
                  000070cc    0000005b     ti.targets.arm.rtsarm.aem4f : Text.oem4f (.text:xdc_runtime_Text_putLab__E)
                  00007127    00000001     --HOLE-- [fill = 0]
                  00007128    00000058     boot.aem4f : boot.oem4f (.text)
                  00007180    00000058     acsndSensor_pem4f.oem4f (.text:ti_sysbios_family_arm_m3_Hwi_construct)
                  000071d8    00000058     sysbios.aem4f : m3_Hwi_asm_switch.obj (.text:ti_sysbios_family_arm_m3_Hwi_initStacks__E)
                  00007230    00000056     driverlib.lib : gpio.obj (.text:GPIOIntTypeSet)
                  00007286    00000002     --HOLE-- [fill = 0]
                  00007288    00000054     rtsv7M4_T_le_v4SPD16_eabi.lib : hostwrite.c.obj (.text:HOSTwrite)
                  000072dc    00000054     ti.targets.arm.rtsarm.aem4f : Assert.oem4f (.text:xdc_runtime_Assert_raise__I)
                  00007330    00000050     drivers_tivaware.aem4f : GPIOTiva.oem4f (.text:GPIO_setCallback)
                  00007380    00000050                            : GPIOTiva.oem4f (.text:GPIO_write)
                  000073d0    00000050     driverlib.lib : sysctl.obj (.text:SysCtlPeripheralReset)
                  00007420    00000050     sysbios.aem4f : BIOS.obj (.text:ti_sysbios_family_arm_m3_Hwi_Module_startup__E)
                  00007470    00000050     ti.targets.arm.rtsarm.aem4f : Startup.oem4f (.text:xdc_runtime_Startup_exec__E)
                  000074c0    00000050                                 : Text.oem4f (.text:xdc_runtime_Text_visitRope2__I)
                  00007510    0000004c     rtsv7M4_T_le_v4SPD16_eabi.lib : cpy_tbl.c.obj (.text:copy_in)
                  0000755c    00000004     acsndSensor_pem4f.oem4f (.text:xdc_runtime_System_Module_GateProxy_enter__E)
                  00007560    0000004c     sysbios.aem4f : BIOS.obj (.text:ti_sysbios_heaps_HeapMem_getStats__E)
                  000075ac    00000004     acsndSensor_pem4f.oem4f (.text:xdc_runtime_System_Module_GateProxy_leave__E)
                  000075b0    0000004c     sysbios.aem4f : BIOS.obj (.text:ti_sysbios_knl_Swi_runLoop__I)
                  000075fc    00000004     ti.targets.arm.rtsarm.aem4f : System.oem4f (.text:xdc_runtime_System_aprintf_va__F)
                  00007600    0000004c     sysbios.aem4f : BIOS.obj (.text:ti_sysbios_knl_Task_allBlockedFunction__I)
                  0000764c    0000004c     ti.uia.loggers.aem4f : LoggerStopMode.oem4f (.text:ti_uia_loggers_LoggerStopMode_Module_startup__E)
                  00007698    00000048     driverlib.lib : gpio.obj (.text:GPIOPinConfigure)
                  000076e0    00000048                   : i2c.obj (.text:I2CMasterInitExpClk)
                  00007728    00000048     rtsv7M4_T_le_v4SPD16_eabi.lib : fd_toi_t2.asm.obj (.text)
                  00007770    00000048     sysbios.aem4f : BIOS.obj (.text:ti_sysbios_family_arm_m3_Hwi_disableInterrupt__E)
                  000077b8    00000048                   : BIOS.obj (.text:ti_sysbios_family_arm_m3_Hwi_enableInterrupt__E)
                  00007800    00000048                   : BIOS.obj (.text:ti_sysbios_family_arm_m3_Hwi_excReserved__I)
                  00007848    00000046     ti.targets.arm.rtsarm.aem4f : Core-params.oem4f (.text:xdc_runtime_Core_assignParams__I)
                  0000788e    00000044     drivers_tivaware.aem4f : SPITivaDMA.oem4f (.text:SPITivaDMA_hwiFxn)
                  000078d2    00000044     rtsv7M4_T_le_v4SPD16_eabi.lib : fd_tou_t2.asm.obj (.text)
                  00007916    00000002     --HOLE-- [fill = 0]
                  00007918    00000044     sysbios.aem4f : BIOS.obj (.text:ti_sysbios_family_arm_lm4_Timer_stop__E)
                  0000795c    00000004     ti.targets.arm.rtsarm.aem4f : System.oem4f (.text:xdc_runtime_System_printf_va__F)
                  00007960    00000044     sysbios.aem4f : BIOS.obj (.text:ti_sysbios_family_arm_m3_Hwi_getStackInfo__E)
                  000079a4    00000044     ti.uia.loggers.aem4f : LoggerStopMode.oem4f (.text:ti_uia_loggers_LoggerStopMode_initBuffer__I)
                  000079e8    00000044     ti.targets.arm.rtsarm.aem4f : Error.oem4f (.text:xdc_runtime_Error_setX__E)
                  00007a2c    00000044                                 : SysMin.oem4f (.text:xdc_runtime_SysMin_flush__E)
                  00007a70    00000044                                 : Text.oem4f (.text:xdc_runtime_Text_xprintf__I)
                  00007ab4    00000042     drivers_tivaware.aem4f : SPITivaDMA.oem4f (.text:SPITivaDMA_transferCancel)
                  00007af6    00000040     rtsv7M4_T_le_v4SPD16_eabi.lib : u_divt2.asm.obj (.text)
                  00007b36    00000002     --HOLE-- [fill = 0]
                  00007b38    00000040     sysbios.aem4f : BIOS.obj (.text:ti_sysbios_family_arm_lm4_Timer_startup__E)
                  00007b78    0000003c     drivers_tivaware.aem4f : SPITivaDMA.oem4f (.text:SPITivaDMA_close)
                  00007bb4    0000003c     driverlib.lib : ssi.obj (.text:SSIConfigSetExpClk)
                  00007bf0    0000003c     EK_TM4C123.obj (.text:dmaErrorHwi$0)
                  00007c2c    00000004     --HOLE-- [fill = 0]
                  00007c30    0000003c     sysbios.aem4f : BIOS.obj (.text:ti_sysbios_family_arm_m3_Hwi_excSvCall__I)
                  00007c6c    00000004     --HOLE-- [fill = 0]
                  00007c70    0000003c                   : BIOS.obj (.text:ti_sysbios_heaps_HeapMem_init__I)
                  00007cac    00000004     --HOLE-- [fill = 0]
                  00007cb0    0000003c                   : BIOS.obj (.text:ti_sysbios_knl_Swi_startup__E)
                  00007cec    0000003a     drivers_tivaware.aem4f : I2CTiva.oem4f (.text:I2CTiva_completeTransfer)
                  00007d26    00000002     --HOLE-- [fill = 0]
                  00007d28    00000038                            : I2C.oem4f (.text:I2C_init)
                  00007d60    00000038                            : SPI.oem4f (.text:SPI_init)
                  00007d98    00000038     rtsv7M4_T_le_v4SPD16_eabi.lib : trgmsg.c.obj (.text:__TI_writemsg)
                  00007dd0    00000038                                   : fs_tod_t2.asm.obj (.text)
                  00007e08    00000038     sysbios.aem4f : BIOS.obj (.text:ti_sysbios_family_arm_m3_Hwi_excNoIsr__I)
                  00007e40    00000038                   : BIOS.obj (.text:ti_sysbios_knl_Task_processVitalTaskFlag__I)
                  00007e78    00000038     ti.targets.arm.rtsarm.aem4f : SysMin.oem4f (.text:xdc_runtime_SysMin_putch__E)
                  00007eb0    00000038                                 : System.oem4f (.text:xdc_runtime_System_atexit__E)
                  00007ee8    00000036     drivers_tivaware.aem4f : I2CTiva.oem4f (.text:I2CTiva_close)
                  00007f1e    00000002     --HOLE-- [fill = 0]
                  00007f20    00000034     driverlib.lib : sysctl.obj (.text:SysCtlPeripheralEnable)
                  00007f54    00000034     rtsv7M4_T_le_v4SPD16_eabi.lib : trgmsg.c.obj (.text:__TI_readmsg)
                  00007f88    00000034     sysbios.aem4f : BIOS.obj (.text:ti_sysbios_family_arm_m3_Hwi_Instance_finalize__E)
                  00007fbc    00000004     --HOLE-- [fill = 0]
                  00007fc0    00000034                   : BIOS.obj (.text:ti_sysbios_family_arm_m3_Hwi_excNmi__I)
                  00007ff4    00000004     --HOLE-- [fill = 0]
                  00007ff8    00000034                   : BIOS.obj (.text:ti_sysbios_hal_Hwi_checkStack)
                  0000802c    00000034     ti.uia.loggers.aem4f : LoggerStopMode.oem4f (.text:ti_uia_loggers_LoggerStopMode_reset__E)
                  00008060    00000034     ti.targets.arm.rtsarm.aem4f : Core-label.oem4f (.text:xdc_runtime_Core_assignLabel__I)
                  00008094    00000033                                 : Text.oem4f (.text:xdc_runtime_Text_printVisFxn__I)
                  000080c7    00000001     --HOLE-- [fill = 0]
                  000080c8    00000032     sysbios.aem4f : BIOS.obj (.text:ti_sysbios_hal_Hwi_initStack)
                  000080fa    00000006     driverlib.lib : gpio.obj (.text:GPIOIntClear)
                  00008100    00000032     sysbios.aem4f : BIOS.obj (.text:ti_sysbios_knl_Semaphore_pendTimeout__I)
                  00008132    00000002     --HOLE-- [fill = 0]
                  00008134    00000030     drivers_tivaware.aem4f : GPIOTiva.oem4f (.text:GPIO_disableInt)
                  00008164    00000030                            : GPIOTiva.oem4f (.text:GPIO_enableInt)
                  00008194    00000030                            : I2C.oem4f (.text:I2C_open)
                  000081c4    00000030                            : SPI.oem4f (.text:SPI_open)
                  000081f4    00000030     acsndSensor_pem4f.oem4f (.text:ti_sysbios_BIOS_atExitFunc__I)
                  00008224    00000004     --HOLE-- [fill = 0]
                  00008228    00000030     sysbios.aem4f : BIOS.obj (.text:ti_sysbios_family_arm_m3_TaskSupport_start__E)
                  00008258    00000030     acsndSensor_pem4f.oem4f (.text:ti_sysbios_gates_GateHwi_Object__create__S)
                  00008288    00000030     acsndSensor_pem4f.oem4f (.text:ti_sysbios_gates_GateMutex_Object__create__S)
                  000082b8    00000030     acsndSensor_pem4f.oem4f (.text:ti_sysbios_heaps_HeapMem_Object__create__S)
                  000082e8    00000030     acsndSensor_pem4f.oem4f (.text:ti_sysbios_knl_Semaphore_construct)
                  00008318    00000030     sysbios.aem4f : BIOS.obj (.text:ti_sysbios_utils_Load_updateCurrentThreadTime__E)
                  00008348    00000030     acsndSensor_pem4f.oem4f (.text:ti_uia_loggers_LoggerStopMode_Object__create__S)
                  00008378    00000030     ti.targets.arm.rtsarm.aem4f : SysMin.oem4f (.text:xdc_runtime_SysMin_abort__E)
                  000083a8    00000030                                 : System.oem4f (.text:xdc_runtime_System_processAtExit__E)
                  000083d8    0000002e     rtsv7M4_T_le_v4SPD16_eabi.lib : i_tofd_t2.asm.obj (.text)
                  00008406    00000002     --HOLE-- [fill = 0]
                  00008408    0000002c     acsndSensor_pem4f.oem4f (.text:ti_sysbios_knl_Clock_doTick__I)
                  00008434    0000002c     acsndSensor_pem4f.oem4f (.text:ti_sysbios_knl_Queue_construct)
                  00008460    0000002c     sysbios.aem4f : BIOS.obj (.text:ti_sysbios_knl_Task_restore__E)
                  0000848c    0000002c     driverlib.lib : udma.obj (.text:uDMAChannelAssign)
                  000084b8    0000002c     ti.targets.arm.rtsarm.aem4f : Text.oem4f (.text:xdc_runtime_Text_cordText__E)
                  000084e4    0000002a     driverlib.lib : gpio.obj (.text:GPIODirModeSet)
                  0000850e    0000002a     ti.targets.arm.rtsarm.aem4f : System.oem4f (.text:xdc_runtime_System_putchar__I)
                  00008538    00000028     sysbios.aem4f : BIOS.obj (.text:ti_sysbios_knl_Swi_Module_startup__E)
                  00008560    00000026                   : m3_Hwi_asm.obj (.text:ti_sysbios_family_arm_m3_Hwi_pendSV__I)
                  00008586    00000026     ti.targets.arm.rtsarm.aem4f : System.oem4f (.text:xdc_runtime_System_avprintf__E)
                  000085ac    00000024     acsndSensor_pem4f.oem4f (.text:ti_sysbios_BIOS_registerRTSLock__I)
                  000085d0    00000024     acsndSensor_pem4f.oem4f (.text:ti_sysbios_BIOS_removeRTSLock__I)
                  000085f4    00000024     acsndSensor_pem4f.oem4f (.text:ti_sysbios_BIOS_startFunc__I)
                  00008618    00000024     sysbios.aem4f : BIOS.obj (.text:ti_sysbios_family_arm_m3_Hwi_doTaskRestore__I)
                  0000863c    00000024     acsndSensor_pem4f.oem4f (.text:ti_sysbios_gates_GateMutex_Object__delete__S)
                  00008660    00000024     sysbios.aem4f : BIOS.obj (.text:ti_sysbios_knl_Clock_Module_startup__E)
                  00008684    00000024     driverlib.lib : udma.obj (.text:uDMAChannelControlSet)
                  000086a8    00000024     ti.targets.arm.rtsarm.aem4f : System.oem4f (.text:xdc_runtime_System_vprintf__E)
                  000086cc    00000004     --HOLE-- [fill = 0]
                  000086d0    00000022     sysbios.aem4f : BIOS.obj (.text:ti_sysbios_family_arm_lm4_Timer_write__I)
                  000086f2    00000022     acsndSensor_pem4f.oem4f (.text:xdc_runtime_SysMin_output__I)
                  00008714    00000020     drivers_tivaware.aem4f : GPIOTiva.oem4f (.text:GPIO_clearInt)
                  00008734    00000020     acsndSensor_pem4f.oem4f (.text:ti_sysbios_BIOS_rtsLock__I)
                  00008754    00000004     --HOLE-- [fill = 0]
                  00008758    00000020     sysbios.aem4f : BIOS.obj (.text:ti_sysbios_family_arm_m3_Hwi_clearInterrupt__E)
                  00008778    00000020                   : m3_Hwi_asm.obj (.text:ti_sysbios_family_arm_m3_Hwi_excHandlerAsm__I)
                  00008798    00000020                   : BIOS.obj (.text:ti_sysbios_family_arm_m3_Hwi_excHandler__I)
                  000087b8    00000020     acsndSensor_pem4f.oem4f (.text:ti_sysbios_gates_GateHwi_Object__delete__S)
                  000087d8    00000020     acsndSensor_pem4f.oem4f (.text:ti_sysbios_heaps_HeapMem_Object__delete__S)
                  000087f8    00000020     sysbios.aem4f : BIOS.obj (.text:ti_sysbios_knl_Idle_run__E)
                  00008818    00000020     acsndSensor_pem4f.oem4f (.text:ti_sysbios_knl_Semaphore_Object__destruct__S)
                  00008838    00000020     acsndSensor_pem4f.oem4f (.text:ti_uia_loggers_LoggerStopMode_Object__delete__S)
                  00008858    00000020     ti.targets.arm.rtsarm.aem4f : Registry.oem4f (.text:xdc_runtime_Registry_findById__E)
                  00008878    00000020                                 : SysMin.oem4f (.text:xdc_runtime_SysMin_Module_startup__E)
                  00008898    0000001e     acsndSensor_pem4f.oem4f (.text:ti_sysbios_BIOS_errorRaiseHook__I)
                  000088b6    0000001e     sysbios.aem4f : m3_Hwi_asm_switch.obj (.text:ti_sysbios_family_xxx_Hwi_switchAndRunFunc)
                  000088d4    0000001c     drivers_tivaware.aem4f : GPIOTiva.oem4f (.text:getGpioIntIndex)
                  000088f0    0000001c     acsndSensor_pem4f.oem4f (.text:ti_sysbios_family_arm_m3_Hwi_Object__destruct__S)
                  0000890c    00000004     --HOLE-- [fill = 0]
                  00008910    0000001c     sysbios.aem4f : BIOS.obj (.text:ti_sysbios_gates_GateMutex_Instance_init__E)
                  0000892c    0000001c     acsndSensor_pem4f.oem4f (.text:ti_sysbios_knl_Queue_Object__destruct__S)
                  00008948    0000001c     sysbios.aem4f : BIOS.obj (.text:ti_sysbios_knl_Task_enter__I)
                  00008964    0000001c     ti.uia.loggers.aem4f : LoggerStopMode.oem4f (.text:ti_uia_loggers_LoggerStopMode_Instance_init__E)
                  00008980    0000001c     ti.targets.arm.rtsarm.aem4f : Error.oem4f (.text:xdc_runtime_Error_raiseX__E)
                  0000899c    0000001c                                 : Memory.oem4f (.text:xdc_runtime_Memory_valloc__E)
                  000089b8    0000001c                                 : SysMin.oem4f (.text:xdc_runtime_SysMin_exit__E)
                  000089d4    0000001c                                 : System.oem4f (.text:xdc_runtime_System_abort__E)
                  000089f0    0000001a     acsndSensor_pem4f.oem4f (.text:ti_sysbios_family_arm_m3_Hwi_Handle__label__S)
                  00008a0a    0000001a     acsndSensor_pem4f.oem4f (.text:ti_sysbios_gates_GateHwi_Handle__label__S)
                  00008a24    0000001a     acsndSensor_pem4f.oem4f (.text:ti_sysbios_gates_GateMutex_Handle__label__S)
                  00008a3e    0000001a     acsndSensor_pem4f.oem4f (.text:ti_sysbios_heaps_HeapMem_Handle__label__S)
                  00008a58    0000001a     acsndSensor_pem4f.oem4f (.text:ti_sysbios_knl_Swi_Handle__label__S)
                  00008a72    0000001a     acsndSensor_pem4f.oem4f (.text:ti_sysbios_knl_Task_Handle__label__S)
                  00008a8c    00000004     --HOLE-- [fill = 0]
                  00008a90    0000001a     sysbios.aem4f : BIOS.obj (.text:ti_sysbios_knl_Task_sleepTimeout__I)
                  00008aaa    0000001a     acsndSensor_pem4f.oem4f (.text:ti_uia_loggers_LoggerStopMode_Handle__label__S)
                  00008ac4    0000001a     acsndSensor_pem4f.oem4f (.text:xdc_runtime_System_aprintf__E)
                  00008ade    0000001a     acsndSensor_pem4f.oem4f (.text:xdc_runtime_System_printf__E)
                  00008af8    00000018     rtsv7M4_T_le_v4SPD16_eabi.lib : args_main.c.obj (.text:_args_main)
                  00008b10    00000018     acsndSensor_pem4f.oem4f (.text:ti_sysbios_BIOS_rtsUnlock__I)
                  00008b28    00000018     acsndSensor_pem4f.oem4f (.text:ti_sysbios_family_arm_lm4_Timer_Module__startupDone__F)
                  00008b40    00000018     acsndSensor_pem4f.oem4f (.text:ti_sysbios_family_arm_m3_Hwi_Module__startupDone__F)
                  00008b58    00000018     sysbios.aem4f : m3_TaskSupport_asm.obj (.text:ti_sysbios_family_arm_m3_TaskSupport_swap__E)
                  00008b70    00000018                   : BIOS.obj (.text:ti_sysbios_gates_GateMutex_leave__E)
                  00008b88    00000018     driverlib.lib : udma.obj (.text:uDMAChannelDisable)
                  00008ba0    00000018                   : udma.obj (.text:uDMAChannelEnable)
                  00008bb8    00000018                   : udma.obj (.text:uDMAChannelIsEnabled)
                  00008bd0    00000018     ti.targets.arm.rtsarm.aem4f : Error.oem4f (.text:xdc_runtime_Error_check__E)
                  00008be8    00000018                                 : System.oem4f (.text:xdc_runtime_System_exit__E)
                  00008c00    00000018                                 : Text.oem4f (.text:xdc_runtime_Text_ropeText__E)
                  00008c18    00000016     driverlib.lib : i2c.obj (.text:I2CMasterErr)
                  00008c2e    00000016     acsndSensor_pem4f.oem4f (.text:ti_sysbios_BIOS_exitFunc__I)
                  00008c44    00000016     ti.uia.loggers.aem4f : LoggerStopMode.oem4f (.text:ti_uia_loggers_LoggerStopMode_disable__E)
                  00008c5a    00000016                          : LoggerStopMode.oem4f (.text:ti_uia_loggers_LoggerStopMode_enable__E)
                  00008c70    00000014     drivers_tivaware.aem4f : SPI.oem4f (.text:SPI_Params_init)
                  00008c84    00000014     rtsv7M4_T_le_v4SPD16_eabi.lib : strlen.c.obj (.text:strlen)
                  00008c98    00000014     acsndSensor_pem4f.oem4f (.text:ti_sysbios_family_arm_m3_Hwi_Object__get__S)
                  00008cac    00000004     --HOLE-- [fill = 0]
                  00008cb0    00000014     sysbios.aem4f : BIOS.obj (.text:ti_sysbios_family_arm_m3_Hwi_switchFromBootStack__E)
                  00008cc4    00000014     acsndSensor_pem4f.oem4f (.text:ti_sysbios_heaps_HeapMem_Object__get__S)
                  00008cd8    00000014     acsndSensor_pem4f.oem4f (.text:ti_sysbios_knl_Swi_Object__get__S)
                  00008cec    00000012     driverlib.lib : gpio.obj (.text:GPIOPinTypeI2C)
                  00008cfe    00000012                   : gpio.obj (.text:GPIOPinTypeI2CSCL)
                  00008d10    00000012                   : gpio.obj (.text:GPIOPinTypeSSI)
                  00008d22    00000012                   : ssi.obj (.text:SSIDataGetNonBlocking)
                  00008d34    00000004     --HOLE-- [fill = 0]
                  00008d38    00000012     sysbios.aem4f : BIOS.obj (.text:ti_sysbios_hal_Hwi_Module_startup__E)
                  00008d4a    00000012     acsndSensor_pem4f.oem4f (.text:xdc_runtime_Startup_exec__I)
                  00008d5c    00000010     drivers_tivaware.aem4f : I2C.oem4f (.text:I2C_Params_init)
                  00008d6c    00000010     acsndSensor.obj (.text:sens0cvtDoneItr)
                  00008d7c    00000010     acsndSensor.obj (.text:sens1cvtDoneItr)
                  00008d8c    00000010     acsndSensor.obj (.text:sens2cvtDoneItr)
                  00008d9c    00000010     acsndSensor.obj (.text:sens3cvtDoneItr)
                  00008dac    00000010     acsndSensor.obj (.text:sens4cvtDoneItr)
                  00008dbc    00000004     --HOLE-- [fill = 0]
                  00008dc0    00000010     sysbios.aem4f : BIOS.obj (.text:ti_sysbios_BIOS_getCpuFreq__E)
                  00008dd0    00000010                   : BIOS.obj (.text:ti_sysbios_BIOS_setThreadType__E)
                  00008de0    00000010                   : BIOS.obj (.text:ti_sysbios_BIOS_start__E)
                  00008df0    00000010                   : BIOS.obj (.text:ti_sysbios_family_arm_lm4_TimestampProvider_rolloverFunc__E)
                  00008e00    00000010                   : m3_TaskSupport_asm.obj (.text:ti_sysbios_family_arm_m3_TaskSupport_glue)
                  00008e10    00000010                   : BIOS.obj (.text:ti_sysbios_gates_GateMutex_Instance_finalize__E)
                  00008e20    00000010                   : BIOS.obj (.text:ti_sysbios_knl_Semaphore_Instance_finalize__E)
                  00008e30    00000010                   : BIOS.obj (.text:ti_sysbios_knl_Swi_disable__E)
                  00008e40    00000010     acsndSensor_pem4f.oem4f (.text:ti_sysbios_knl_Task_Object__get__S)
                  00008e50    00000010     sysbios.aem4f : BIOS.obj (.text:ti_sysbios_knl_Task_disable__E)
                  00008e60    00000010     acsndSensor_pem4f.oem4f (.text:ti_uia_loggers_LoggerStopMode_Object__get__S)
                  00008e70    00000010     ti.uia.loggers.aem4f : LoggerStopMode.oem4f (.text:ti_uia_loggers_LoggerStopMode_isEmpty__E)
                  00008e80    00000010     driverlib.lib : udma.obj (.text:uDMAEnable)
                  00008e90    00000010     ti.targets.arm.rtsarm.aem4f : Gate.oem4f (.text:xdc_runtime_Gate_leaveSystem__E)
                  00008ea0    00000010                                 : Memory.oem4f (.text:xdc_runtime_Memory_free__E)
                  00008eb0    00000010                                 : SysMin.oem4f (.text:xdc_runtime_SysMin_ready__E)
                  00008ec0    00000010                                 : System.oem4f (.text:xdc_runtime_System_vsnprintf__E)
                  00008ed0    00000010     acsndSensor_pem4f.oem4f (.text:xdc_runtime_Text_visitRope__I)
                  00008ee0    0000000e     driverlib.lib : gpio.obj (.text:GPIOIntDisable)
                  00008eee    0000000e                   : gpio.obj (.text:GPIOIntStatus)
                  00008efc    0000000e     rtsv7M4_T_le_v4SPD16_eabi.lib : copy_decompress_none.c.obj (.text:decompress:none:__TI_decompress_none)
                  00008f0a    00000006     driverlib.lib : gpio.obj (.text:GPIOPinWrite)
                  00008f10    0000000e     sysbios.aem4f : BIOS.obj (.text:ti_sysbios_knl_Idle_loop__E)
                  00008f1e    00000002     --HOLE-- [fill = 0]
                  00008f20    0000000e                   : BIOS.obj (.text:ti_sysbios_knl_Queue_empty__E)
                  00008f2e    00000002     --HOLE-- [fill = 0]
                  00008f30    0000000c     acsndSensor_pem4f.oem4f (.text:.bootCodeSection:ti_catalog_arm_cortexm4_tiva_ce_Boot_init__I)
                  00008f3c    0000000c     driverlib.lib : gpio.obj (.text:GPIOIntEnable)
                  00008f48    0000000c     rtsv7M4_T_le_v4SPD16_eabi.lib : _lock.c.obj (.text:_register_lock)
                  00008f54    0000000c                                   : _lock.c.obj (.text:_register_unlock)
                  00008f60    0000000c                                   : copy_zero_init.c.obj (.text:decompress:ZI:__TI_zero_init)
                  00008f6c    0000000c     acsndSensor.obj (.text:sens5cvtDoneItr)
                  00008f78    0000000c     sysbios.aem4f : BIOS.obj (.text:ti_sysbios_family_arm_lm4_Timer_getMaxTicks__E)
                  00008f84    00000004     --HOLE-- [fill = 0]
                  00008f88    0000000c                   : BIOS.obj (.text:ti_sysbios_family_arm_lm4_TimestampProvider_startTimer__E)
                  00008f94    0000000c     acsndSensor_pem4f.oem4f (.text:ti_sysbios_family_arm_m3_Hwi_Params__init__S)
                  00008fa0    0000000c     sysbios.aem4f : BIOS.obj (.text:ti_sysbios_family_arm_m3_Hwi_disableFxn__E)
                  00008fac    00000004     --HOLE-- [fill = 0]
                  00008fb0    0000000c                   : BIOS.obj (.text:ti_sysbios_family_arm_m3_TaskSupport_checkStack__E)
                  00008fbc    00000004     --HOLE-- [fill = 0]
                  00008fc0    0000000c                   : BIOS.obj (.text:ti_sysbios_gates_GateHwi_enter__E)
                  00008fcc    0000000c     acsndSensor_pem4f.oem4f (.text:ti_sysbios_knl_Queue_Object__get__S)
                  00008fd8    0000000c     acsndSensor_pem4f.oem4f (.text:ti_sysbios_knl_Semaphore_Params__init__S)
                  00008fe4    0000000c     driverlib.lib : udma.obj (.text:uDMAControlBaseSet)
                  00008ff0    0000000c                   : udma.obj (.text:uDMAErrorStatusClear)
                  00008ffc    0000000c                   : udma.obj (.text:uDMAErrorStatusGet)
                  00009008    0000000c                   : udma.obj (.text:uDMAIntStatus)
                  00009014    0000000c     ti.targets.arm.rtsarm.aem4f : Error.oem4f (.text:xdc_runtime_Error_init__E)
                  00009020    0000000c                                 : Gate.oem4f (.text:xdc_runtime_Gate_enterSystem__E)
                  0000902c    0000000c                                 : Memory.oem4f (.text:xdc_runtime_Memory_calloc__E)
                  00009038    0000000c                                 : Memory.oem4f (.text:xdc_runtime_Memory_getMaxDefaultTypeAlign__E)
                  00009044    0000000a     driverlib.lib : i2c.obj (.text:I2CMasterDisable)
                  0000904e    0000000a                   : i2c.obj (.text:I2CMasterEnable)
                  00009058    0000000a     drivers_tivaware.aem4f : I2CTiva.oem4f (.text:I2CTiva_init)
                  00009062    0000000a                            : I2C.oem4f (.text:I2C_transfer)
                  0000906c    0000000a                            : SPITivaDMA.oem4f (.text:SPITivaDMA_init)
                  00009076    0000000a                            : SPI.oem4f (.text:SPI_transfer)
                  00009080    0000000a     driverlib.lib : ssi.obj (.text:SSIDMADisable)
                  0000908a    0000000a                   : ssi.obj (.text:SSIDisable)
                  00009094    0000000a                   : ssi.obj (.text:SSIEnable)
                  0000909e    0000000a                   : ssi.obj (.text:SSIIntDisable)
                  000090a8    0000000a     acsndSensor_pem4f.oem4f (.text:xdc_runtime_IHeap_alloc)
                  000090b2    0000000a     acsndSensor_pem4f.oem4f (.text:xdc_runtime_IHeap_free)
                  000090bc    00000008     driverlib.lib : i2c.obj (.text:I2CMasterIntClear)
                  000090c4    00000008                   : i2c.obj (.text:I2CMasterSlaveAddrSet)
                  000090cc    00000008     drivers_tivaware.aem4f : I2CTiva.oem4f (.text:I2CTiva_blockingCallback)
                  000090d4    00000008     driverlib.lib : ssi.obj (.text:SSIDMAEnable)
                  000090dc    00000008                   : ssi.obj (.text:SSIIntEnable)
                  000090e4    00000008     sysbios.aem4f : BIOS.obj (.text:ti_sysbios_family_arm_lm4_Timer_masterDisable__I)
                  000090ec    00000004     --HOLE-- [fill = 0]
                  000090f0    00000008                   : BIOS.obj (.text:ti_sysbios_family_arm_m3_Hwi_doSwiRestore__I)
                  000090f8    00000008                   : BIOS.obj (.text:ti_sysbios_family_arm_m3_Hwi_startup__E)
                  00009100    00000006     driverlib.lib : i2c.obj (.text:I2CMasterIntDisable)
                  00009106    00000006                   : i2c.obj (.text:I2CMasterIntEnable)
                  0000910c    00000006     drivers_tivaware.aem4f : I2CTiva.oem4f (.text:I2CTiva_control)
                  00009112    00000006                            : SPITivaDMA.oem4f (.text:SPITivaDMA_control)
                  00009118    00000006                            : SPITivaDMA.oem4f (.text:SPITivaDMA_transferCallback)
                  0000911e    00000006     Boot.aem4f : Boot_sysctl.oem4f (.text:ti_catalog_arm_cortexm4_tiva_ce_Boot_sysCtlDelayI__I)
                  00009124    00000004     --HOLE-- [fill = 0]
                  00009128    00000006     sysbios.aem4f : BIOS.obj (.text:ti_sysbios_family_arm_lm4_TimestampProvider_Module_startup__E)
                  0000912e    00000002     --HOLE-- [fill = 0]
                  00009130    00000006                   : BIOS.obj (.text:ti_sysbios_family_arm_m3_Hwi_restoreFxn__E)
                  00009136    00000002     --HOLE-- [fill = 0]
                  00009138    00000006                   : BIOS.obj (.text:ti_sysbios_gates_GateHwi_leave__E)
                  0000913e    00000002     --HOLE-- [fill = 0]
                  00009140    00000006                   : BIOS.obj (.text:ti_sysbios_heaps_HeapMem_isBlocking__E)
                  00009146    00000002     --HOLE-- [fill = 0]
                  00009148    00000006                   : BIOS.obj (.text:ti_sysbios_knl_Queue_Instance_init__E)
                  0000914e    00000006     ti.targets.arm.rtsarm.aem4f : System.oem4f (.text:xdc_runtime_System_Module_startup__E)
                  00009154    00000004     --HOLE-- [fill = 0]
                  00009158    00000004     sysbios.aem4f : BIOS.obj (.text:ti_sysbios_family_arm_lm4_Timer_getPeriod__E)
                  0000915c    00000004     --HOLE-- [fill = 0]
                  00009160    00000004                   : BIOS.obj (.text:ti_sysbios_gates_GateHwi_query__E)
                  00009164    00000004     --HOLE-- [fill = 0]
                  00009168    00000004                   : BIOS.obj (.text:ti_sysbios_gates_GateMutex_query__E)
                  0000916c    00000004     --HOLE-- [fill = 0]
                  00009170    00000004                   : BIOS.obj (.text:ti_sysbios_knl_Task_startup__E)
                  00009174    00000004     --HOLE-- [fill = 0]
                  00009178    00000002                   : BIOS.obj (.text:ti_sysbios_gates_GateHwi_Instance_init__E)

.const     0    0000917c    000029a4     
                  0000917c    00001fdd     acsndSensor_pem4f.oem4f (.const:xdc_runtime_Text_charTab__A)
                  0000b159    00000001     acsndSensor_pem4f.oem4f (.const:xdc_runtime_Error_policy__C)
                  0000b15a    00000104     acsndSensor_pem4f.oem4f (.const:xdc_runtime_Text_nodeTab__A)
                  0000b25e    00000002     acsndSensor_pem4f.oem4f (.const:ti_catalog_arm_cortexm4_tiva_ce_Boot_Module__id__C)
                  0000b260    00000090     driverlib.lib : gpio.obj (.const:g_pui32GPIOBaseAddrs)
                  0000b2f0    00000064     drivers_tivaware.aem4f : SPITivaDMA.oem4f (.const)
                  0000b354    00000060     acsndSensor_pem4f.oem4f (.const:ti_uia_loggers_LoggerStopMode_Module__FXNS__C)
                  0000b3b4    00000054     drivers_tivaware.aem4f : GPIOTiva.oem4f (.const:.string)
                  0000b408    00000054     EK_TM4C123.obj (.const:I2C_config)
                  0000b45c    00000048     acsndSensor_pem4f.oem4f (.const:.string)
                  0000b4a4    00000048     drivers_tivaware.aem4f : GPIOTiva.oem4f (.const:gpioBaseAddresses)
                  0000b4ec    00000048     EK_TM4C123.obj (.const:i2cTivaHWAttrs)
                  0000b534    00000030     acsndSensor_pem4f.oem4f (.const:ti_sysbios_family_arm_m3_Hwi_Object__PARAMS__C)
                  0000b564    00000028     EK_TM4C123.obj (.const:spiTivaDMAHWAttrs)
                  0000b58c    00000028     acsndSensor_pem4f.oem4f (.const:ti_sysbios_heaps_HeapMem_Module__FXNS__C)
                  0000b5b4    00000028     acsndSensor_pem4f.oem4f (.const:ti_uia_loggers_LoggerStopMode_Object__PARAMS__C)
                  0000b5dc    00000028     acsndSensor_pem4f.oem4f (.const:xdc_runtime_Startup_sfxnTab__A)
                  0000b604    00000024     acsndSensor_pem4f.oem4f (.const:ti_sysbios_gates_GateHwi_Module__FXNS__C)
                  0000b628    00000024     acsndSensor_pem4f.oem4f (.const:ti_sysbios_gates_GateMutex_Module__FXNS__C)
                  0000b64c    00000024     acsndSensor_pem4f.oem4f (.const:ti_sysbios_heaps_HeapMem_Object__PARAMS__C)
                  0000b670    00000024     acsndSensor_pem4f.oem4f (.const:ti_sysbios_knl_Semaphore_Object__PARAMS__C)
                  0000b694    00000020     drivers_tivaware.aem4f : SPI.oem4f (.const)
                  0000b6b4    00000020     acsndSensor_pem4f.oem4f (.const:ti_sysbios_family_arm_m3_Hwi_Object__DESC__C)
                  0000b6d4    00000020     acsndSensor_pem4f.oem4f (.const:ti_sysbios_gates_GateHwi_Object__DESC__C)
                  0000b6f4    00000020     acsndSensor_pem4f.oem4f (.const:ti_sysbios_gates_GateMutex_Object__DESC__C)
                  0000b714    00000020     acsndSensor_pem4f.oem4f (.const:ti_sysbios_heaps_HeapMem_Object__DESC__C)
                  0000b734    00000020     acsndSensor_pem4f.oem4f (.const:ti_sysbios_knl_Queue_Object__DESC__C)
                  0000b754    00000020     acsndSensor_pem4f.oem4f (.const:ti_sysbios_knl_Semaphore_Object__DESC__C)
                  0000b774    00000020     acsndSensor_pem4f.oem4f (.const:ti_uia_loggers_LoggerStopMode_Object__DESC__C)
                  0000b794    0000001c     drivers_tivaware.aem4f : I2CTiva.oem4f (.const)
                  0000b7b0    00000018     EK_TM4C123.obj (.const:SPI_config)
                  0000b7c8    00000018     acsndSensor_pem4f.oem4f (.const:ti_sysbios_gates_GateHwi_Object__PARAMS__C)
                  0000b7e0    00000018     acsndSensor_pem4f.oem4f (.const:ti_sysbios_gates_GateMutex_Object__PARAMS__C)
                  0000b7f8    00000018     acsndSensor_pem4f.oem4f (.const:ti_sysbios_knl_Queue_Object__PARAMS__C)
                  0000b810    00000014     EK_TM4C123.obj (.const:GPIOTiva_config)
                  0000b824    00000014     acsndSensor_pem4f.oem4f (.const:xdc_runtime_Startup_firstFxns__A)
                  0000b838    00000014     acsndSensor_pem4f.oem4f (.const:xdc_runtime_Startup_sfxnRts__A)
                  0000b84c    00000010     drivers_tivaware.aem4f : I2C.oem4f (.const)
                  0000b85c    00000008     acsndSensor_pem4f.oem4f (.const:ti_sysbios_family_arm_m3_Hwi_excHookFuncs__A)
                  0000b864    00000008     acsndSensor_pem4f.oem4f (.const:ti_sysbios_knl_Idle_funcList__A)
                  0000b86c    00000008     acsndSensor_pem4f.oem4f (.const:ti_sysbios_knl_Idle_funcList__C)
                  0000b874    00000008     acsndSensor_pem4f.oem4f (.const:xdc_runtime_Startup_firstFxns__C)
                  0000b87c    00000008     acsndSensor_pem4f.oem4f (.const:xdc_runtime_Startup_lastFxns__C)
                  0000b884    00000004     acsndSensor_pem4f.oem4f (.const:ti_catalog_arm_cortexm4_tiva_ce_Boot_A_mustUseEnhancedClockMode__C)
                  0000b888    00000004     acsndSensor_pem4f.oem4f (.const:ti_catalog_arm_cortexm4_tiva_ce_Boot_Module__diagsEnabled__C)
                  0000b88c    00000004     acsndSensor_pem4f.oem4f (.const:ti_catalog_arm_cortexm4_tiva_ce_Boot_Module__diagsIncluded__C)
                  0000b890    00000004     acsndSensor_pem4f.oem4f (.const:ti_catalog_arm_cortexm4_tiva_ce_Boot_Module__diagsMask__C)
                  0000b894    00000004     acsndSensor_pem4f.oem4f (.const:ti_sysbios_family_arm_lm4_Timer_enableFunc__C)
                  0000b898    00000004     acsndSensor_pem4f.oem4f (.const:ti_sysbios_family_arm_lm4_Timer_numTimerDevices__C)
                  0000b89c    00000004     acsndSensor_pem4f.oem4f (.const:ti_sysbios_family_arm_lm4_Timer_startupNeeded__C)
                  0000b8a0    00000004     acsndSensor_pem4f.oem4f (.const:ti_sysbios_family_arm_m3_Hwi_E_NMI__C)
                  0000b8a4    00000004     acsndSensor_pem4f.oem4f (.const:ti_sysbios_family_arm_m3_Hwi_E_alreadyDefined__C)
                  0000b8a8    00000004     acsndSensor_pem4f.oem4f (.const:ti_sysbios_family_arm_m3_Hwi_E_busFault__C)
                  0000b8ac    00000004     acsndSensor_pem4f.oem4f (.const:ti_sysbios_family_arm_m3_Hwi_E_debugMon__C)
                  0000b8b0    00000004     acsndSensor_pem4f.oem4f (.const:ti_sysbios_family_arm_m3_Hwi_E_hardFault__C)
                  0000b8b4    00000004     acsndSensor_pem4f.oem4f (.const:ti_sysbios_family_arm_m3_Hwi_E_memFault__C)
                  0000b8b8    00000004     acsndSensor_pem4f.oem4f (.const:ti_sysbios_family_arm_m3_Hwi_E_noIsr__C)
                  0000b8bc    00000004     acsndSensor_pem4f.oem4f (.const:ti_sysbios_family_arm_m3_Hwi_E_reserved__C)
                  0000b8c0    00000004     acsndSensor_pem4f.oem4f (.const:ti_sysbios_family_arm_m3_Hwi_E_svCall__C)
                  0000b8c4    00000004     acsndSensor_pem4f.oem4f (.const:ti_sysbios_family_arm_m3_Hwi_E_usageFault__C)
                  0000b8c8    00000004     acsndSensor_pem4f.oem4f (.const:ti_sysbios_family_arm_m3_Hwi_LD_end__C)
                  0000b8cc    00000004     acsndSensor_pem4f.oem4f (.const:ti_sysbios_family_arm_m3_Hwi_LM_begin__C)
                  0000b8d0    00000004     acsndSensor_pem4f.oem4f (.const:ti_sysbios_family_arm_m3_Hwi_Module__diagsEnabled__C)
                  0000b8d4    00000004     acsndSensor_pem4f.oem4f (.const:ti_sysbios_family_arm_m3_Hwi_Module__diagsIncluded__C)
                  0000b8d8    00000004     acsndSensor_pem4f.oem4f (.const:ti_sysbios_family_arm_m3_Hwi_Module__diagsMask__C)
                  0000b8dc    00000004     acsndSensor_pem4f.oem4f (.const:ti_sysbios_family_arm_m3_Hwi_Module__loggerFxn1__C)
                  0000b8e0    00000004     acsndSensor_pem4f.oem4f (.const:ti_sysbios_family_arm_m3_Hwi_Module__loggerFxn8__C)
                  0000b8e4    00000004     acsndSensor_pem4f.oem4f (.const:ti_sysbios_family_arm_m3_Hwi_Module__loggerObj__C)
                  0000b8e8    00000004     acsndSensor_pem4f.oem4f (.const:ti_sysbios_family_arm_m3_Hwi_NUM_INTERRUPTS__C)
                  0000b8ec    00000004     acsndSensor_pem4f.oem4f (.const:ti_sysbios_family_arm_m3_Hwi_Object__count__C)
                  0000b8f0    00000004     acsndSensor_pem4f.oem4f (.const:ti_sysbios_family_arm_m3_Hwi_ccr__C)
                  0000b8f4    00000004     acsndSensor_pem4f.oem4f (.const:ti_sysbios_family_arm_m3_Hwi_excHandlerFunc__C)
                  0000b8f8    00000004     acsndSensor_pem4f.oem4f (.const:ti_sysbios_family_arm_m3_Hwi_excHookFuncs__C)
                  0000b8fc    00000004     acsndSensor_pem4f.oem4f (.const:ti_sysbios_family_arm_m3_Hwi_nullIsrFunc__C)
                  0000b900    00000004     acsndSensor_pem4f.oem4f (.const:ti_sysbios_family_arm_m3_Hwi_priGroup__C)
                  0000b904    00000004     acsndSensor_pem4f.oem4f (.const:ti_sysbios_gates_GateMutex_A_badContext__C)
                  0000b908    00000004     acsndSensor_pem4f.oem4f (.const:ti_sysbios_gates_GateMutex_Instance_State_sem__O)
                  0000b90c    00000004     acsndSensor_pem4f.oem4f (.const:ti_sysbios_gates_GateMutex_Module__diagsEnabled__C)
                  0000b910    00000004     acsndSensor_pem4f.oem4f (.const:ti_sysbios_gates_GateMutex_Module__diagsIncluded__C)
                  0000b914    00000004     acsndSensor_pem4f.oem4f (.const:ti_sysbios_gates_GateMutex_Module__diagsMask__C)
                  0000b918    00000004     acsndSensor_pem4f.oem4f (.const:ti_sysbios_hal_Hwi_E_stackOverflow__C)
                  0000b91c    00000004     acsndSensor_pem4f.oem4f (.const:ti_sysbios_heaps_HeapMem_A_align__C)
                  0000b920    00000004     acsndSensor_pem4f.oem4f (.const:ti_sysbios_heaps_HeapMem_A_heapSize__C)
                  0000b924    00000004     acsndSensor_pem4f.oem4f (.const:ti_sysbios_heaps_HeapMem_A_invalidFree__C)
                  0000b928    00000004     acsndSensor_pem4f.oem4f (.const:ti_sysbios_heaps_HeapMem_A_zeroBlock__C)
                  0000b92c    00000004     acsndSensor_pem4f.oem4f (.const:ti_sysbios_heaps_HeapMem_E_memory__C)
                  0000b930    00000004     acsndSensor_pem4f.oem4f (.const:ti_sysbios_heaps_HeapMem_Module__diagsEnabled__C)
                  0000b934    00000004     acsndSensor_pem4f.oem4f (.const:ti_sysbios_heaps_HeapMem_Module__diagsIncluded__C)
                  0000b938    00000004     acsndSensor_pem4f.oem4f (.const:ti_sysbios_heaps_HeapMem_Module__diagsMask__C)
                  0000b93c    00000004     acsndSensor_pem4f.oem4f (.const:ti_sysbios_heaps_HeapMem_Module__gateObj__C)
                  0000b940    00000004     acsndSensor_pem4f.oem4f (.const:ti_sysbios_heaps_HeapMem_Object__count__C)
                  0000b944    00000004     acsndSensor_pem4f.oem4f (.const:ti_sysbios_heaps_HeapMem_reqAlign__C)
                  0000b948    00000004     acsndSensor_pem4f.oem4f (.const:ti_sysbios_knl_Clock_LM_begin__C)
                  0000b94c    00000004     acsndSensor_pem4f.oem4f (.const:ti_sysbios_knl_Clock_LM_tick__C)
                  0000b950    00000004     acsndSensor_pem4f.oem4f (.const:ti_sysbios_knl_Clock_LW_delayed__C)
                  0000b954    00000004     acsndSensor_pem4f.oem4f (.const:ti_sysbios_knl_Clock_Module_State_clockQ__O)
                  0000b958    00000004     acsndSensor_pem4f.oem4f (.const:ti_sysbios_knl_Clock_Module__diagsEnabled__C)
                  0000b95c    00000004     acsndSensor_pem4f.oem4f (.const:ti_sysbios_knl_Clock_Module__diagsIncluded__C)
                  0000b960    00000004     acsndSensor_pem4f.oem4f (.const:ti_sysbios_knl_Clock_Module__diagsMask__C)
                  0000b964    00000004     acsndSensor_pem4f.oem4f (.const:ti_sysbios_knl_Clock_Module__loggerFxn1__C)
                  0000b968    00000004     acsndSensor_pem4f.oem4f (.const:ti_sysbios_knl_Clock_Module__loggerFxn2__C)
                  0000b96c    00000004     acsndSensor_pem4f.oem4f (.const:ti_sysbios_knl_Clock_Module__loggerObj__C)
                  0000b970    00000004     acsndSensor_pem4f.oem4f (.const:ti_sysbios_knl_Semaphore_A_badContext__C)
                  0000b974    00000004     acsndSensor_pem4f.oem4f (.const:ti_sysbios_knl_Semaphore_A_noEvents__C)
                  0000b978    00000004     acsndSensor_pem4f.oem4f (.const:ti_sysbios_knl_Semaphore_A_overflow__C)
                  0000b97c    00000004     acsndSensor_pem4f.oem4f (.const:ti_sysbios_knl_Semaphore_A_pendTaskDisabled__C)
                  0000b980    00000004     acsndSensor_pem4f.oem4f (.const:ti_sysbios_knl_Semaphore_Instance_State_pendQ__O)
                  0000b984    00000004     acsndSensor_pem4f.oem4f (.const:ti_sysbios_knl_Semaphore_LM_pend__C)
                  0000b988    00000004     acsndSensor_pem4f.oem4f (.const:ti_sysbios_knl_Semaphore_LM_post__C)
                  0000b98c    00000004     acsndSensor_pem4f.oem4f (.const:ti_sysbios_knl_Semaphore_Module__diagsEnabled__C)
                  0000b990    00000004     acsndSensor_pem4f.oem4f (.const:ti_sysbios_knl_Semaphore_Module__diagsIncluded__C)
                  0000b994    00000004     acsndSensor_pem4f.oem4f (.const:ti_sysbios_knl_Semaphore_Module__diagsMask__C)
                  0000b998    00000004     acsndSensor_pem4f.oem4f (.const:ti_sysbios_knl_Semaphore_Module__loggerFxn2__C)
                  0000b99c    00000004     acsndSensor_pem4f.oem4f (.const:ti_sysbios_knl_Semaphore_Module__loggerFxn4__C)
                  0000b9a0    00000004     acsndSensor_pem4f.oem4f (.const:ti_sysbios_knl_Semaphore_Module__loggerObj__C)
                  0000b9a4    00000004     acsndSensor_pem4f.oem4f (.const:ti_sysbios_knl_Swi_LD_end__C)
                  0000b9a8    00000004     acsndSensor_pem4f.oem4f (.const:ti_sysbios_knl_Swi_LM_begin__C)
                  0000b9ac    00000004     acsndSensor_pem4f.oem4f (.const:ti_sysbios_knl_Swi_LM_post__C)
                  0000b9b0    00000004     acsndSensor_pem4f.oem4f (.const:ti_sysbios_knl_Swi_Module__diagsEnabled__C)
                  0000b9b4    00000004     acsndSensor_pem4f.oem4f (.const:ti_sysbios_knl_Swi_Module__diagsIncluded__C)
                  0000b9b8    00000004     acsndSensor_pem4f.oem4f (.const:ti_sysbios_knl_Swi_Module__diagsMask__C)
                  0000b9bc    00000004     acsndSensor_pem4f.oem4f (.const:ti_sysbios_knl_Swi_Module__loggerFxn1__C)
                  0000b9c0    00000004     acsndSensor_pem4f.oem4f (.const:ti_sysbios_knl_Swi_Module__loggerFxn4__C)
                  0000b9c4    00000004     acsndSensor_pem4f.oem4f (.const:ti_sysbios_knl_Swi_Module__loggerObj__C)
                  0000b9c8    00000004     acsndSensor_pem4f.oem4f (.const:ti_sysbios_knl_Swi_Object__count__C)
                  0000b9cc    00000004     acsndSensor_pem4f.oem4f (.const:ti_sysbios_knl_Task_A_badTimeout__C)
                  0000b9d0    00000004     acsndSensor_pem4f.oem4f (.const:ti_sysbios_knl_Task_A_sleepTaskDisabled__C)
                  0000b9d4    00000004     acsndSensor_pem4f.oem4f (.const:ti_sysbios_knl_Task_E_spOutOfBounds__C)
                  0000b9d8    00000004     acsndSensor_pem4f.oem4f (.const:ti_sysbios_knl_Task_E_stackOverflow__C)
                  0000b9dc    00000004     acsndSensor_pem4f.oem4f (.const:ti_sysbios_knl_Task_LD_block__C)
                  0000b9e0    00000004     acsndSensor_pem4f.oem4f (.const:ti_sysbios_knl_Task_LD_exit__C)
                  0000b9e4    00000004     acsndSensor_pem4f.oem4f (.const:ti_sysbios_knl_Task_LD_ready__C)
                  0000b9e8    00000004     acsndSensor_pem4f.oem4f (.const:ti_sysbios_knl_Task_LM_sleep__C)
                  0000b9ec    00000004     acsndSensor_pem4f.oem4f (.const:ti_sysbios_knl_Task_LM_switch__C)
                  0000b9f0    00000004     acsndSensor_pem4f.oem4f (.const:ti_sysbios_knl_Task_Module_State_inactiveQ__O)
                  0000b9f4    00000004     acsndSensor_pem4f.oem4f (.const:ti_sysbios_knl_Task_Module__diagsEnabled__C)
                  0000b9f8    00000004     acsndSensor_pem4f.oem4f (.const:ti_sysbios_knl_Task_Module__diagsIncluded__C)
                  0000b9fc    00000004     acsndSensor_pem4f.oem4f (.const:ti_sysbios_knl_Task_Module__diagsMask__C)
                  0000ba00    00000004     acsndSensor_pem4f.oem4f (.const:ti_sysbios_knl_Task_Module__loggerFxn2__C)
                  0000ba04    00000004     acsndSensor_pem4f.oem4f (.const:ti_sysbios_knl_Task_Module__loggerFxn4__C)
                  0000ba08    00000004     acsndSensor_pem4f.oem4f (.const:ti_sysbios_knl_Task_Module__loggerObj__C)
                  0000ba0c    00000004     acsndSensor_pem4f.oem4f (.const:ti_sysbios_knl_Task_Object__count__C)
                  0000ba10    00000004     acsndSensor_pem4f.oem4f (.const:ti_sysbios_knl_Task_allBlockedFunc__C)
                  0000ba14    00000004     acsndSensor_pem4f.oem4f (.const:ti_sysbios_knl_Task_numConstructedTasks__C)
                  0000ba18    00000004     acsndSensor_pem4f.oem4f (.const:ti_sysbios_utils_Load_LS_cpuLoad__C)
                  0000ba1c    00000004     acsndSensor_pem4f.oem4f (.const:ti_sysbios_utils_Load_Module__diagsEnabled__C)
                  0000ba20    00000004     acsndSensor_pem4f.oem4f (.const:ti_sysbios_utils_Load_Module__diagsIncluded__C)
                  0000ba24    00000004     acsndSensor_pem4f.oem4f (.const:ti_sysbios_utils_Load_Module__diagsMask__C)
                  0000ba28    00000004     acsndSensor_pem4f.oem4f (.const:ti_sysbios_utils_Load_Module__loggerFxn1__C)
                  0000ba2c    00000004     acsndSensor_pem4f.oem4f (.const:ti_sysbios_utils_Load_Module__loggerObj__C)
                  0000ba30    00000004     acsndSensor_pem4f.oem4f (.const:ti_sysbios_utils_Load_postUpdate__C)
                  0000ba34    00000004     acsndSensor_pem4f.oem4f (.const:ti_sysbios_utils_Load_windowInMs__C)
                  0000ba38    00000004     acsndSensor_pem4f.oem4f (.const:ti_uia_loggers_LoggerStopMode_Module__diagsEnabled__C)
                  0000ba3c    00000004     acsndSensor_pem4f.oem4f (.const:ti_uia_loggers_LoggerStopMode_Module__diagsIncluded__C)
                  0000ba40    00000004     acsndSensor_pem4f.oem4f (.const:ti_uia_loggers_LoggerStopMode_Module__diagsMask__C)
                  0000ba44    00000004     acsndSensor_pem4f.oem4f (.const:ti_uia_loggers_LoggerStopMode_Object__count__C)
                  0000ba48    00000004     acsndSensor_pem4f.oem4f (.const:ti_uia_runtime_ILoggerSnapshot_Interface__BASE__C)
                  0000ba4c    00000004     acsndSensor_pem4f.oem4f (.const:ti_uia_runtime_IUIATransfer_Interface__BASE__C)
                  0000ba50    00000004     acsndSensor_pem4f.oem4f (.const:xdc_runtime_Assert_E_assertFailed__C)
                  0000ba54    00000004     acsndSensor_pem4f.oem4f (.const:xdc_runtime_Core_A_initializedParams__C)
                  0000ba58    00000004     acsndSensor_pem4f.oem4f (.const:xdc_runtime_Core_Module__diagsEnabled__C)
                  0000ba5c    00000004     acsndSensor_pem4f.oem4f (.const:xdc_runtime_Core_Module__diagsIncluded__C)
                  0000ba60    00000004     acsndSensor_pem4f.oem4f (.const:xdc_runtime_Core_Module__diagsMask__C)
                  0000ba64    00000004     acsndSensor_pem4f.oem4f (.const:xdc_runtime_Error_E_memory__C)
                  0000ba68    00000004     acsndSensor_pem4f.oem4f (.const:xdc_runtime_Error_Module__diagsEnabled__C)
                  0000ba6c    00000004     acsndSensor_pem4f.oem4f (.const:xdc_runtime_Error_Module__diagsIncluded__C)
                  0000ba70    00000004     acsndSensor_pem4f.oem4f (.const:xdc_runtime_Error_Module__diagsMask__C)
                  0000ba74    00000004     acsndSensor_pem4f.oem4f (.const:xdc_runtime_Error_Module__loggerFxn8__C)
                  0000ba78    00000004     acsndSensor_pem4f.oem4f (.const:xdc_runtime_Error_Module__loggerObj__C)
                  0000ba7c    00000004     acsndSensor_pem4f.oem4f (.const:xdc_runtime_Error_policyFxn__C)
                  0000ba80    00000004     acsndSensor_pem4f.oem4f (.const:xdc_runtime_Error_raiseHook__C)
                  0000ba84    00000004     acsndSensor_pem4f.oem4f (.const:xdc_runtime_IFilterLogger_Interface__BASE__C)
                  0000ba88    00000004     acsndSensor_pem4f.oem4f (.const:xdc_runtime_IGateProvider_Interface__BASE__C)
                  0000ba8c    00000004     acsndSensor_pem4f.oem4f (.const:xdc_runtime_IHeap_Interface__BASE__C)
                  0000ba90    00000004     acsndSensor_pem4f.oem4f (.const:xdc_runtime_ILogger_Interface__BASE__C)
                  0000ba94    00000004     acsndSensor_pem4f.oem4f (.const:xdc_runtime_IModule_Interface__BASE__C)
                  0000ba98    00000004     acsndSensor_pem4f.oem4f (.const:xdc_runtime_Log_L_error__C)
                  0000ba9c    00000004     acsndSensor_pem4f.oem4f (.const:xdc_runtime_Memory_defaultHeapInstance__C)
                  0000baa0    00000004     acsndSensor_pem4f.oem4f (.const:xdc_runtime_Startup_execImpl__C)
                  0000baa4    00000004     acsndSensor_pem4f.oem4f (.const:xdc_runtime_Startup_lastFxns__A)
                  0000baa8    00000004     acsndSensor_pem4f.oem4f (.const:xdc_runtime_Startup_maxPasses__C)
                  0000baac    00000004     acsndSensor_pem4f.oem4f (.const:xdc_runtime_Startup_sfxnRts__C)
                  0000bab0    00000004     acsndSensor_pem4f.oem4f (.const:xdc_runtime_Startup_sfxnTab__C)
                  0000bab4    00000004     acsndSensor_pem4f.oem4f (.const:xdc_runtime_SysMin_bufSize__C)
                  0000bab8    00000004     acsndSensor_pem4f.oem4f (.const:xdc_runtime_SysMin_outputFunc__C)
                  0000babc    00000004     acsndSensor_pem4f.oem4f (.const:xdc_runtime_System_Module__gateObj__C)
                  0000bac0    00000004     acsndSensor_pem4f.oem4f (.const:xdc_runtime_System_abortFxn__C)
                  0000bac4    00000004     acsndSensor_pem4f.oem4f (.const:xdc_runtime_System_exitFxn__C)
                  0000bac8    00000004     acsndSensor_pem4f.oem4f (.const:xdc_runtime_System_extendFxn__C)
                  0000bacc    00000004     acsndSensor_pem4f.oem4f (.const:xdc_runtime_System_maxAtexitHandlers__C)
                  0000bad0    00000004     acsndSensor_pem4f.oem4f (.const:xdc_runtime_Text_charTab__C)
                  0000bad4    00000004     acsndSensor_pem4f.oem4f (.const:xdc_runtime_Text_nameEmpty__C)
                  0000bad8    00000004     acsndSensor_pem4f.oem4f (.const:xdc_runtime_Text_nameStatic__C)
                  0000badc    00000004     acsndSensor_pem4f.oem4f (.const:xdc_runtime_Text_nameUnknown__C)
                  0000bae0    00000004     acsndSensor_pem4f.oem4f (.const:xdc_runtime_Text_nodeTab__C)
                  0000bae4    00000004     acsndSensor_pem4f.oem4f (.const:xdc_runtime_Text_visitRopeFxn__C)
                  0000bae8    00000002     acsndSensor_pem4f.oem4f (.const:ti_sysbios_family_arm_lm4_TimestampProvider_useClockTimer__C)
                  0000baea    00000002     acsndSensor_pem4f.oem4f (.const:ti_sysbios_family_arm_m3_Hwi_Module__id__C)
                  0000baec    00000002     acsndSensor_pem4f.oem4f (.const:ti_sysbios_family_arm_m3_Hwi_Module__loggerDefined__C)
                  0000baee    00000002     acsndSensor_pem4f.oem4f (.const:ti_sysbios_gates_GateMutex_Module__id__C)
                  0000baf0    00000002     acsndSensor_pem4f.oem4f (.const:ti_sysbios_hal_Hwi_Module__id__C)
                  0000baf2    00000002     acsndSensor_pem4f.oem4f (.const:ti_sysbios_heaps_HeapMem_Module__id__C)
                  0000baf4    00000002     acsndSensor_pem4f.oem4f (.const:ti_sysbios_knl_Clock_Module__id__C)
                  0000baf6    00000002     acsndSensor_pem4f.oem4f (.const:ti_sysbios_knl_Clock_Module__loggerDefined__C)
                  0000baf8    00000002     acsndSensor_pem4f.oem4f (.const:ti_sysbios_knl_Semaphore_Module__id__C)
                  0000bafa    00000002     acsndSensor_pem4f.oem4f (.const:ti_sysbios_knl_Semaphore_Module__loggerDefined__C)
                  0000bafc    00000002     acsndSensor_pem4f.oem4f (.const:ti_sysbios_knl_Swi_Module__id__C)
                  0000bafe    00000002     acsndSensor_pem4f.oem4f (.const:ti_sysbios_knl_Swi_Module__loggerDefined__C)
                  0000bb00    00000002     acsndSensor_pem4f.oem4f (.const:ti_sysbios_knl_Task_Module__id__C)
                  0000bb02    00000002     acsndSensor_pem4f.oem4f (.const:ti_sysbios_knl_Task_Module__loggerDefined__C)
                  0000bb04    00000002     acsndSensor_pem4f.oem4f (.const:ti_sysbios_utils_Load_Module__id__C)
                  0000bb06    00000002     acsndSensor_pem4f.oem4f (.const:ti_sysbios_utils_Load_Module__loggerDefined__C)
                  0000bb08    00000002     acsndSensor_pem4f.oem4f (.const:ti_sysbios_utils_Load_updateInIdle__C)
                  0000bb0a    00000002     acsndSensor_pem4f.oem4f (.const:ti_uia_loggers_LoggerStopMode_Module__id__C)
                  0000bb0c    00000002     acsndSensor_pem4f.oem4f (.const:ti_uia_loggers_LoggerStopMode_isTimestampEnabled__C)
                  0000bb0e    00000002     acsndSensor_pem4f.oem4f (.const:xdc_runtime_Core_Module__id__C)
                  0000bb10    00000002     acsndSensor_pem4f.oem4f (.const:xdc_runtime_Error_Module__loggerDefined__C)
                  0000bb12    00000002     acsndSensor_pem4f.oem4f (.const:xdc_runtime_Error_maxDepth__C)
                  0000bb14    00000002     acsndSensor_pem4f.oem4f (.const:xdc_runtime_Memory_Module__id__C)
                  0000bb16    00000002     acsndSensor_pem4f.oem4f (.const:xdc_runtime_SysMin_flushAtExit__C)
                  0000bb18    00000002     acsndSensor_pem4f.oem4f (.const:xdc_runtime_Text_charCnt__C)
                  0000bb1a    00000002     acsndSensor_pem4f.oem4f (.const:xdc_runtime_Text_isLoaded__C)
                  0000bb1c    00000002     acsndSensor_pem4f.oem4f (.const:xdc_runtime_Text_registryModsLastId__C)
                  0000bb1e    00000002     acsndSensor_pem4f.oem4f (.const:xdc_runtime_Text_unnamedModsLastId__C)

.cinit     0    0000bb20    00000300     
                  0000bb20    000002c7     (.cinit..data.load) [load image, compression = lzss]
                  0000bde7    00000001     --HOLE-- [fill = 0]
                  0000bde8    0000000c     (__TI_handler_table)
                  0000bdf4    00000004     --HOLE-- [fill = 0]
                  0000bdf8    00000008     (.cinit..bss.load) [load image, compression = zero_init]
                  0000be00    00000008     (.cinit..vecs.load) [load image, compression = zero_init]
                  0000be08    00000018     (__TI_cinit_table)

.init_array 
*          0    00000000    00000000     UNINITIALIZED

.bss       0    20000380    00004ab0     UNINITIALIZED
                  20000380    00002300     acsndSensor_pem4f.oem4f (.bss:taskStackSection)
                  20002680    00001000     (.common:ti_sysbios_heaps_HeapMem_Instance_State_0_buf__A)
                  20003680    00000400     (.common:ti_uia_loggers_LoggerStopMode_Instance_State_1_packetArray__A)
                  20003a80    00000400     (.common:ti_uia_loggers_LoggerStopMode_Instance_State_2_packetArray__A)
                  20003e80    00000400     (.common:xdc_runtime_SysMin_Module_State_0_outbuf__A)
                  20004280    00000360     (.common:ti_sysbios_family_arm_m3_Hwi_dispatchTable)
                  200045e0    00000300     (.common:i2cTivaObjects)
                  200048e0    00000008     (.common:parmbuf)
                  200048e8    00000004     (.common:gpioInterruptVectors)
                  200048ec    00000014     --HOLE--
                  20004900    00000200     (.common:ti_uia_loggers_LoggerStopMode_Instance_State_0_packetArray__A)
                  20004b00    00000120     rtsv7M4_T_le_v4SPD16_eabi.lib : trgmsg.c.obj (.bss:_CIOBUF_)
                  20004c20    00000090     drivers_tivaware.aem4f : GPIOTiva.oem4f (.bss:gpioCallbackInfo)
                  20004cb0    0000004c     (.common:spiTivaDMAObjects)
                  20004cfc    00000004     --HOLE--
                  20004d00    00000030     (.common:ti_uia_loggers_LoggerStopMode_Instance_State_0_hdr__A)
                  20004d30    00000010     --HOLE--
                  20004d40    00000004     (.common:spiTivaDMAscratchBuf)
                  20004d44    0000003c     --HOLE--
                  20004d80    00000030     (.common:ti_uia_loggers_LoggerStopMode_Instance_State_1_hdr__A)
                  20004db0    00000050     --HOLE--
                  20004e00    00000030     (.common:ti_uia_loggers_LoggerStopMode_Instance_State_2_hdr__A)

.data      0    20005000    0000127a     UNINITIALIZED
                  20005000    00000800     EK_TM4C123.obj (.data:$O1$$)
                  20005800    000002c0     acsndSensor.obj (.data:$O2$$)
                  20005ac0    00000260     acsndSensor_pem4f.oem4f (.data:ti_sysbios_knl_Task_Object__table__V)
                  20005d20    0000009c     acsndSensor_pem4f.oem4f (.data:ti_uia_loggers_LoggerStopMode_Object__table__V)
                  20005dbc    00000098     acsndSensor_pem4f.oem4f (.data:ti_sysbios_utils_Load_Module__state__V)
                  20005e54    00000080     acsndSensor_pem4f.oem4f (.data:ti_sysbios_family_arm_lm4_Timer_Object__table__V)
                  20005ed4    00000080     acsndSensor_pem4f.oem4f (.data:ti_sysbios_knl_Swi_Module_State_0_readyQ__A)
                  20005f54    00000044     acsndSensor_pem4f.oem4f (.data:ti_sysbios_knl_Task_Module__state__V)
                  20005f98    00000038     acsndSensor_pem4f.oem4f (.data:ti_sysbios_gates_GateMutex_Object__table__V)
                  20005fd0    00000034     acsndSensor_pem4f.oem4f (.data:ti_sysbios_family_arm_m3_Hwi_Module__state__V)
                  20006004    00000030     acsndSensor_pem4f.oem4f (.data:ti_sysbios_family_arm_lm4_Timer_Module_State_0_device__A)
                  20006034    00000030     acsndSensor_pem4f.oem4f (.data:ti_sysbios_family_arm_m3_Hwi_Object__table__V)
                  20006064    00000030     acsndSensor_pem4f.oem4f (.data:ti_sysbios_knl_Swi_Object__table__V)
                  20006094    0000002c     acsndSensor_pem4f.oem4f (.data:ti_sysbios_knl_Clock_Module__state__V)
                  200060c0    00000028     EK_TM4C123.obj (.data:gpioPinConfigs)
                  200060e8    00000024     acsndSensor_pem4f.oem4f (.data:ti_sysbios_BIOS_Module__state__V)
                  2000610c    00000020     acsndSensor_pem4f.oem4f (.data:ti_sysbios_knl_Task_Module_State_0_readyQ__A)
                  2000612c    00000020     acsndSensor_pem4f.oem4f (.data:xdc_runtime_System_Module_State_0_atexitHandlers__A)
                  2000614c    0000001c     acsndSensor_pem4f.oem4f (.data:ti_sysbios_knl_Swi_Module__state__V)
                  20006168    00000018     EK_TM4C123.obj (.data:gpioCallbackFunctions)
                  20006180    00000018     acsndSensor_pem4f.oem4f (.data:ti_sysbios_family_arm_lm4_Timer_Module_State_0_handles__A)
                  20006198    00000018     acsndSensor_pem4f.oem4f (.data:ti_sysbios_heaps_HeapMem_Object__table__V)
                  200061b0    0000000c     acsndSensor_pem4f.oem4f (.data:ti_sysbios_family_arm_lm4_Timer_Module__state__V)
                  200061bc    0000000c     acsndSensor_pem4f.oem4f (.data:ti_sysbios_knl_Task_Module__root__V)
                  200061c8    0000000c     acsndSensor_pem4f.oem4f (.data:ti_uia_runtime_QueueDescriptor_Module__state__V)
                  200061d4    0000000c     acsndSensor_pem4f.oem4f (.data:xdc_runtime_SysMin_Module__state__V)
                  200061e0    00000008     rtsv7M4_T_le_v4SPD16_eabi.lib : _lock.c.obj (.data:$O3$$)
[...]
0000b968  ti_sysbios_knl_Clock_Module__loggerFxn2__C                        
0000b96c  ti_sysbios_knl_Clock_Module__loggerObj__C                         
0000b970  ti_sysbios_knl_Semaphore_A_badContext__C                          
0000b974  ti_sysbios_knl_Semaphore_A_noEvents__C                            
0000b978  ti_sysbios_knl_Semaphore_A_overflow__C                            
0000b97c  ti_sysbios_knl_Semaphore_A_pendTaskDisabled__C                    
0000b980  ti_sysbios_knl_Semaphore_Instance_State_pendQ__O                  
0000b984  ti_sysbios_knl_Semaphore_LM_pend__C                               
0000b988  ti_sysbios_knl_Semaphore_LM_post__C                               
0000b98c  ti_sysbios_knl_Semaphore_Module__diagsEnabled__C                  
0000b990  ti_sysbios_knl_Semaphore_Module__diagsIncluded__C                 
0000b994  ti_sysbios_knl_Semaphore_Module__diagsMask__C                     
0000b998  ti_sysbios_knl_Semaphore_Module__loggerFxn2__C                    
0000b99c  ti_sysbios_knl_Semaphore_Module__loggerFxn4__C                    
0000b9a0  ti_sysbios_knl_Semaphore_Module__loggerObj__C                     
0000b9a4  ti_sysbios_knl_Swi_LD_end__C                                      
0000b9a8  ti_sysbios_knl_Swi_LM_begin__C                                    
0000b9ac  ti_sysbios_knl_Swi_LM_post__C                                     
0000b9b0  ti_sysbios_knl_Swi_Module__diagsEnabled__C                        
0000b9b4  ti_sysbios_knl_Swi_Module__diagsIncluded__C                       
0000b9b8  ti_sysbios_knl_Swi_Module__diagsMask__C                           
0000b9bc  ti_sysbios_knl_Swi_Module__loggerFxn1__C                          
0000b9c0  ti_sysbios_knl_Swi_Module__loggerFxn4__C                          
0000b9c4  ti_sysbios_knl_Swi_Module__loggerObj__C                           
0000b9c8  ti_sysbios_knl_Swi_Object__count__C                               
0000b9cc  ti_sysbios_knl_Task_A_badTimeout__C                               
0000b9d0  ti_sysbios_knl_Task_A_sleepTaskDisabled__C                        
0000b9d4  ti_sysbios_knl_Task_E_spOutOfBounds__C                            
0000b9d8  ti_sysbios_knl_Task_E_stackOverflow__C                            
0000b9dc  ti_sysbios_knl_Task_LD_block__C                                   
0000b9e0  ti_sysbios_knl_Task_LD_exit__C                                    
0000b9e4  ti_sysbios_knl_Task_LD_ready__C                                   
0000b9e8  ti_sysbios_knl_Task_LM_sleep__C                                   
0000b9ec  ti_sysbios_knl_Task_LM_switch__C                                  
0000b9f0  ti_sysbios_knl_Task_Module_State_inactiveQ__O                     
0000b9f4  ti_sysbios_knl_Task_Module__diagsEnabled__C                       
0000b9f8  ti_sysbios_knl_Task_Module__diagsIncluded__C                      
0000b9fc  ti_sysbios_knl_Task_Module__diagsMask__C                          
0000ba00  ti_sysbios_knl_Task_Module__loggerFxn2__C                         
0000ba04  ti_sysbios_knl_Task_Module__loggerFxn4__C                         
0000ba08  ti_sysbios_knl_Task_Module__loggerObj__C                          
0000ba0c  ti_sysbios_knl_Task_Object__count__C                              
0000ba10  ti_sysbios_knl_Task_allBlockedFunc__C                             
0000ba14  ti_sysbios_knl_Task_numConstructedTasks__C                        
0000ba18  ti_sysbios_utils_Load_LS_cpuLoad__C                               
0000ba1c  ti_sysbios_utils_Load_Module__diagsEnabled__C                     
0000ba20  ti_sysbios_utils_Load_Module__diagsIncluded__C                    
0000ba24  ti_sysbios_utils_Load_Module__diagsMask__C                        
0000ba28  ti_sysbios_utils_Load_Module__loggerFxn1__C                       
0000ba2c  ti_sysbios_utils_Load_Module__loggerObj__C                        
0000ba30  ti_sysbios_utils_Load_postUpdate__C                               
0000ba34  ti_sysbios_utils_Load_windowInMs__C                               
0000ba38  ti_uia_loggers_LoggerStopMode_Module__diagsEnabled__C             
0000ba3c  ti_uia_loggers_LoggerStopMode_Module__diagsIncluded__C            
0000ba40  ti_uia_loggers_LoggerStopMode_Module__diagsMask__C                
0000ba44  ti_uia_loggers_LoggerStopMode_Object__count__C                    
0000ba48  ti_uia_runtime_ILoggerSnapshot_Interface__BASE__C                 
0000ba4c  ti_uia_runtime_IUIATransfer_Interface__BASE__C                    
0000ba50  xdc_runtime_Assert_E_assertFailed__C                              
0000ba54  xdc_runtime_Core_A_initializedParams__C                           
0000ba58  xdc_runtime_Core_Module__diagsEnabled__C                          
0000ba5c  xdc_runtime_Core_Module__diagsIncluded__C                         
0000ba60  xdc_runtime_Core_Module__diagsMask__C                             
0000ba64  xdc_runtime_Error_E_memory__C                                     
0000ba68  xdc_runtime_Error_Module__diagsEnabled__C                         
0000ba6c  xdc_runtime_Error_Module__diagsIncluded__C                        
0000ba70  xdc_runtime_Error_Module__diagsMask__C                            
0000ba74  xdc_runtime_Error_Module__loggerFxn8__C                           
0000ba78  xdc_runtime_Error_Module__loggerObj__C                            
0000ba7c  xdc_runtime_Error_policyFxn__C                                    
0000ba80  xdc_runtime_Error_raiseHook__C                                    
0000ba84  xdc_runtime_IFilterLogger_Interface__BASE__C                      
0000ba88  xdc_runtime_IGateProvider_Interface__BASE__C                      
0000ba8c  xdc_runtime_IHeap_Interface__BASE__C                              
0000ba90  xdc_runtime_ILogger_Interface__BASE__C                            
0000ba94  xdc_runtime_IModule_Interface__BASE__C                            
0000ba98  xdc_runtime_Log_L_error__C                                        
0000ba9c  xdc_runtime_Memory_defaultHeapInstance__C                         
0000baa0  xdc_runtime_Startup_execImpl__C                                   
0000baa4  xdc_runtime_Startup_lastFxns__A                                   
0000baa8  xdc_runtime_Startup_maxPasses__C                                  
0000baac  xdc_runtime_Startup_sfxnRts__C                                    
0000bab0  xdc_runtime_Startup_sfxnTab__C                                    
0000bab4  xdc_runtime_SysMin_bufSize__C                                     
0000bab8  xdc_runtime_SysMin_outputFunc__C                                  
0000babc  xdc_runtime_System_Module__gateObj__C                             
0000bac0  xdc_runtime_System_abortFxn__C                                    
0000bac4  xdc_runtime_System_exitFxn__C                                     
0000bac8  xdc_runtime_System_extendFxn__C                                   
0000bacc  xdc_runtime_System_maxAtexitHandlers__C                           
0000bad0  xdc_runtime_Text_charTab__C                                       
0000bad4  xdc_runtime_Text_nameEmpty__C                                     
0000bad8  xdc_runtime_Text_nameStatic__C                                    
0000badc  xdc_runtime_Text_nameUnknown__C                                   
0000bae0  xdc_runtime_Text_nodeTab__C                                       
0000bae4  xdc_runtime_Text_visitRopeFxn__C                                  
0000bae8  ti_sysbios_family_arm_lm4_TimestampProvider_useClockTimer__C      
0000baea  ti_sysbios_family_arm_m3_Hwi_Module__id__C                        
0000baec  ti_sysbios_family_arm_m3_Hwi_Module__loggerDefined__C             
0000baee  ti_sysbios_gates_GateMutex_Module__id__C                          
0000baf0  ti_sysbios_hal_Hwi_Module__id__C                                  
0000baf2  ti_sysbios_heaps_HeapMem_Module__id__C                            
0000baf4  ti_sysbios_knl_Clock_Module__id__C                                
0000baf6  ti_sysbios_knl_Clock_Module__loggerDefined__C                     
0000baf8  ti_sysbios_knl_Semaphore_Module__id__C                            
0000bafa  ti_sysbios_knl_Semaphore_Module__loggerDefined__C                 
0000bafc  ti_sysbios_knl_Swi_Module__id__C                                  
0000bafe  ti_sysbios_knl_Swi_Module__loggerDefined__C                       
0000bb00  ti_sysbios_knl_Task_Module__id__C                                 
0000bb02  ti_sysbios_knl_Task_Module__loggerDefined__C                      
0000bb04  ti_sysbios_utils_Load_Module__id__C                               
0000bb06  ti_sysbios_utils_Load_Module__loggerDefined__C                    
0000bb08  ti_sysbios_utils_Load_updateInIdle__C                             
0000bb0a  ti_uia_loggers_LoggerStopMode_Module__id__C                       
0000bb0c  ti_uia_loggers_LoggerStopMode_isTimestampEnabled__C               
0000bb0e  xdc_runtime_Core_Module__id__C                                    
0000bb10  xdc_runtime_Error_Module__loggerDefined__C                        
0000bb12  xdc_runtime_Error_maxDepth__C                                     
0000bb14  xdc_runtime_Memory_Module__id__C                                  
0000bb16  xdc_runtime_SysMin_flushAtExit__C                                 
0000bb18  xdc_runtime_Text_charCnt__C                                       
0000bb1a  xdc_runtime_Text_isLoaded__C                                      
0000bb1c  xdc_runtime_Text_registryModsLastId__C                            
0000bb1e  xdc_runtime_Text_unnamedModsLastId__C                             
0000bb20  __TI_static_base__                                                
0000bde8  __TI_Handler_Table_Base                                           
0000bdf4  __TI_Handler_Table_Limit                                          
0000be08  __TI_CINIT_Base                                                   
0000be20  __TI_CINIT_Limit                                                  
20000000  ti_sysbios_family_arm_m3_Hwi_ramVectors                           
20000380  ti_sysbios_knl_Task_Instance_State_0_stack__A                     
20000780  ti_sysbios_knl_Task_Instance_State_1_stack__A                     
20000b80  ti_sysbios_knl_Task_Instance_State_2_stack__A                     
20000f80  ti_sysbios_knl_Task_Instance_State_3_stack__A                     
20001380  ti_sysbios_knl_Task_Instance_State_4_stack__A                     
20001780  ti_sysbios_knl_Task_Instance_State_5_stack__A                     
20001b80  ti_sysbios_knl_Task_Instance_State_6_stack__A                     
20001e80  ti_sysbios_knl_Task_Instance_State_7_stack__A                     
20002680  ti_sysbios_heaps_HeapMem_Instance_State_0_buf__A                  
20003680  ti_uia_loggers_LoggerStopMode_Instance_State_1_packetArray__A     
20003a80  ti_uia_loggers_LoggerStopMode_Instance_State_2_packetArray__A     
20003e80  xdc_runtime_SysMin_Module_State_0_outbuf__A                       
20004280  ti_sysbios_family_arm_m3_Hwi_dispatchTable                        
200045e0  i2cTivaObjects                                                    
200048e0  parmbuf                                                           
20004900  ti_uia_loggers_LoggerStopMode_Instance_State_0_packetArray__A     
20004b00  __CIOBUF_                                                         
20004cb0  spiTivaDMAObjects                                                 
20004d00  ti_uia_loggers_LoggerStopMode_Instance_State_0_hdr__A             
20004d40  spiTivaDMAscratchBuf                                              
20004d80  ti_uia_loggers_LoggerStopMode_Instance_State_1_hdr__A             
20004e00  ti_uia_loggers_LoggerStopMode_Instance_State_2_hdr__A             
20005800  adAllSensorConversionTime                                         
20005801  switchcmd0                                                        
20005802  switchcmd1                                                        
20005803  switchcmd2                                                        
20005804  switchcmd3                                                        
20005805  switchcmd4                                                        
20005806  switchcmd5                                                        
20005807  switchNew0                                                        
20005808  switchNew1                                                        
20005809  switchNew2                                                        
2000580a  switchNew3                                                        
2000580b  switchNew4                                                        
2000580c  switchNew5                                                        
2000580d  intflag0                                                          
2000580e  intflag1                                                          
2000580f  intflag2                                                          
20005810  intflag3                                                          
20005811  intflag4                                                          
20005812  intflag5                                                          
20005814  i2c0                                                              
20005818  i2c1                                                              
2000581c  i2c2                                                              
20005820  i2c3                                                              
20005824  i2c4                                                              
20005828  i2c5                                                              
2000582c  slaveSpi                                                          
20005830  semHandle                                                         
20005834  adGetAllCaps                                                      
2000583c  i2cParams0                                                        
2000584c  i2cParams1                                                        
2000585c  i2cParams2                                                        
2000586c  i2cParams3                                                        
2000587c  i2cParams4                                                        
2000588c  i2cParams5                                                        
2000589c  slaveTransaction1                                                 
200058b0  i2cTransaction0                                                   
200058cc  i2cTransaction1                                                   
200058e8  i2cTransaction2                                                   
20005904  i2cTransaction3                                                   
20005920  i2cTransaction4                                                   
2000593c  i2cTransaction5                                                   
20005958  semStruct                                                         
20005974  slaveSpiParams                                                    
20005994  filter                                                            
200059c4  spiMessageOut                                                     
20005a42  spiMessageIn                                                      
20005ac0  ti_sysbios_knl_Task_Object__table__V                              
20005d20  ti_uia_loggers_LoggerStopMode_Object__table__V                    
20005dbc  ti_sysbios_utils_Load_Module__state__V                            
20005e54  ti_sysbios_family_arm_lm4_Timer_Object__table__V                  
20005ed4  ti_sysbios_knl_Swi_Module_State_0_readyQ__A                       
20005f54  ti_sysbios_knl_Task_Module__state__V                              
20005f98  ti_sysbios_gates_GateMutex_Object__table__V                       
20005fd0  ti_sysbios_family_arm_m3_Hwi_Module__state__V                     
20006004  ti_sysbios_family_arm_lm4_Timer_Module_State_0_device__A          
20006034  ti_sysbios_family_arm_m3_Hwi_Object__table__V                     
20006064  ti_sysbios_knl_Swi_Object__table__V                               
20006094  ti_sysbios_knl_Clock_Module__state__V                             
200060c0  gpioPinConfigs                                                    
200060e8  ti_sysbios_BIOS_Module__state__V                                  
2000610c  ti_sysbios_knl_Task_Module_State_0_readyQ__A                      
2000612c  xdc_runtime_System_Module_State_0_atexitHandlers__A               
2000614c  ti_sysbios_knl_Swi_Module__state__V                               
20006168  gpioCallbackFunctions                                             
20006180  ti_sysbios_family_arm_lm4_Timer_Module_State_0_handles__A         
20006198  ti_sysbios_heaps_HeapMem_Object__table__V                         
200061b0  ti_sysbios_family_arm_lm4_Timer_Module__state__V                  
200061bc  ti_sysbios_knl_Task_Module__root__V                               
200061c8  ti_uia_runtime_QueueDescriptor_Module__state__V                   
200061d4  xdc_runtime_SysMin_Module__state__V                               
200061e0  _lock                                                             
200061e4  _unlock                                                           
200061e8  ti_uia_runtime_QueueDescriptor_gPtrToFirstDescriptor              
200061ec  ti_uia_runtime_QueueDescriptor_gUpdateCount                       
200061f0  ti_sysbios_family_arm_lm4_TimestampProvider_Module__state__V      
200061f8  ti_sysbios_family_arm_m3_Hwi_Module__root__V                      
20006200  ti_sysbios_gates_GateHwi_Module__root__V                          
20006208  ti_sysbios_gates_GateMutex_Module__root__V                        
20006210  ti_sysbios_heaps_HeapMem_Module__root__V                          
20006218  ti_sysbios_knl_Queue_Module__root__V                              
20006220  ti_sysbios_knl_Semaphore_Module__root__V                          
20006228  ti_uia_loggers_LoggerStopMode_Module__root__V                     
20006230  xdc_runtime_Registry_Module__state__V                             
20006238  xdc_runtime_Startup_Module__state__V                              
20006240  xdc_runtime_System_Module__state__V                               
2000624e  ti_sysbios_family_arm_m3_Hwi_Module_State_0_excActive__A          
20006258  main_func_sp                                                      
2000625c  ti_sysbios_family_arm_m3_Hwi_Module_State_0_excContext__A         
20006260  ti_sysbios_family_arm_m3_Hwi_Module_State_0_excStack__A           
20006264  ti_sysbios_gates_GateHwi_Object__table__V                         
20006268  ti_sysbios_knl_Task_Module_State_0_idleTask__A                    
2000626c  ti_sysbios_utils_Load_Module_State_0_runningTask__A               
20006270  ti_sysbios_utils_Load_Module_State_0_taskStartTime__A             
20006274  xdc_runtime_Memory_Module__state__V                               
20006278  xdc_runtime_Error_Module__state__V                                
20006280  __stack                                                           
20006480  __STACK_TOP                                                       
20006580  __STACK_END                                                       
e000e000  ti_sysbios_family_arm_m3_Hwi_nvic                                 
ffffffff  __TI_pprof_out_hndl                                               
ffffffff  __TI_prof_data_size                                               
ffffffff  __TI_prof_data_start                                              
ffffffff  __binit__                                                         
ffffffff  __c_args__                                                        
ffffffff  binit                                                             
UNDEFED   SHT$$INIT_ARRAY$$Base                                             
UNDEFED   SHT$$INIT_ARRAY$$Limit                                            

[820 symbols]
