******************************************************************************
                  TI ARM Linker Unix v18.1.5                   
******************************************************************************
>> Linked Fri Feb  1 11:14:21 2019

OUTPUT FILE NAME:   <acsnb-sensor-tiva.out>
ENTRY POINT SYMBOL: "_c_int00"  address: 00007139


MEMORY CONFIGURATION

         name            origin    length      used     unused   attr    fill
----------------------  --------  ---------  --------  --------  ----  --------
  FLASH                 00000000   00040000  0000be52  000341ae  R  X
  SRAM                  20000000   00008000  00005cf8  00002308  RW X


SEGMENT ALLOCATION MAP

run origin  load origin   length   init length attrs members
----------  ----------- ---------- ----------- ----- -------
00000000    00000000    0000be58   0000be58    r-x
  00000000    00000000    0000003c   0000003c    r-- .resetVecs
  00000040    00000040    0000917a   0000917a    r-x .text
  000091bc    000091bc    000029a4   000029a4    r-- .const
  0000bb60    0000bb60    000002f8   000002f8    r-- .cinit
20000000    20000000    00000360   00000000    rw-
  20000000    20000000    00000360   00000000    rw- .vecs
20000400    20000400    00005998   00000000    rw-
  20000400    20000400    00004ec4   00000000    rw- .bss
  200052c4    200052c4    000007d4   00000000    rw- .data
  20005a98    20005a98    00000300   00000000    rw- .stack


SECTION ALLOCATION MAP

 output                                  attributes/
section   page    origin      length       input sections
--------  ----  ----------  ----------   ----------------
.resetVecs 
*          0    00000000    0000003c     
                  00000000    0000003c     acsnb-sensor-tiva_pem4f.oem4f (.resetVecs)

.text      0    00000040    0000917a     
                  00000040    000006e7     acsnb-sensor-tiva.obj (.text:taskI2Ccommon)
                  00000727    00000001     --HOLE-- [fill = 0]
                  00000728    00000430     sysbios.aem4f : BIOS.obj (.text:ti_sysbios_family_arm_m3_Hwi_excDumpRegs__I)
                  00000b58    0000034c     ti.targets.arm.rtsarm.aem4f : System.oem4f (.text:xdc_runtime_System_doPrint__I)
                  00000ea4    00000004     driverlib.lib : i2c.obj (.text:I2CMasterControl)
                  00000ea8    0000031c     sysbios.aem4f : BIOS.obj (.text:ti_sysbios_knl_Semaphore_pend__E)
                  000011c4    00000294     acsnb-sensor-tiva.obj (.text:setupAD7746)
                  00001458    0000026c     sysbios.aem4f : BIOS.obj (.text:ti_sysbios_heaps_HeapMem_free__E)
                  000016c4    00000004     driverlib.lib : i2c.obj (.text:I2CMasterDataGet)
                  000016c8    00000250     sysbios.aem4f : BIOS.obj (.text:ti_sysbios_heaps_HeapMem_alloc__E)
                  00001918    00000220     acsnb-sensor-tiva.obj (.text:readAD7746)
                  00001b38    00000208     acsnb-sensor-tiva.obj (.text:slaveTaskCommand)
                  00001d40    00000208     sysbios.aem4f : BIOS.obj (.text:ti_sysbios_knl_Task_sleep__E)
                  00001f48    000001fc                   : BIOS.obj (.text:ti_sysbios_family_arm_m3_Hwi_excHandlerMax__I)
                  00002144    000001e8     acsnb-sensor-tiva_pem4f.oem4f (.text:xdc_runtime_System_printfExtend__I)
                  0000232c    000001b6     rtsv7M4_T_le_v4SPD16_eabi.lib : fd_add_t2.asm.obj (.text)
                  000024e2    00000002     drivers_tivaware.aem4f : SPITivaDMA.oem4f (.text:SPITivaDMA_serviceISR)
                  000024e4    000001b6     acsnb-sensor-tiva.obj (.text:setupPCA9536)
                  0000269a    00000002     rtsv7M4_T_le_v4SPD16_eabi.lib : _lock.c.obj (.text:_nop)
                  0000269c    000001a0     acsnb-sensor-tiva.obj (.text:readHDC1080)
                  0000283c    00000004     driverlib.lib : i2c.obj (.text:I2CMasterDataPut)
                  00002840    0000018c     sysbios.aem4f : BIOS.obj (.text:ti_sysbios_family_arm_lm4_Timer_start__E)
                  000029cc    00000004     driverlib.lib : ssi.obj (.text:SSIIntClear)
                  000029d0    00000178     sysbios.aem4f : BIOS.obj (.text:ti_sysbios_family_arm_lm4_TimestampProvider_get64__E)
                  00002b48    00000174                   : BIOS.obj (.text:ti_sysbios_family_arm_m3_Hwi_excBusFault__I)
                  00002cbc    00000004     rtsv7M4_T_le_v4SPD16_eabi.lib : exit.c.obj (.text:abort:abort)
                  00002cc0    00000164     sysbios.aem4f : BIOS.obj (.text:ti_sysbios_family_arm_m3_Hwi_excUsageFault__I)
                  00002e24    0000015b     acsnb-sensor-tiva.obj (.text:switchPCA9536)
                  00002f7f    00000001     --HOLE-- [fill = 0]
                  00002f80    00000150     drivers_tivaware.aem4f : GPIOTiva.oem4f (.text:GPIO_setConfig)
                  000030d0    00000148     sysbios.aem4f : BIOS.obj (.text:ti_sysbios_family_arm_m3_Hwi_excMemFault__I)
                  00003218    00000140                   : BIOS.obj (.text:ti_sysbios_knl_Semaphore_post__E)
                  00003358    0000013c                   : BIOS.obj (.text:ti_sysbios_heaps_HeapMem_Instance_init__E)
                  00003494    00000004     acsnb-sensor-tiva_pem4f.oem4f (.text:ti_sysbios_BIOS_RtsGateProxy_enter__E)
                  00003498    0000013c     sysbios.aem4f : BIOS.obj (.text:ti_sysbios_knl_Clock_workFunc__E)
                  000035d4    00000004     acsnb-sensor-tiva_pem4f.oem4f (.text:ti_sysbios_BIOS_RtsGateProxy_leave__E)
                  000035d8    00000138     sysbios.aem4f : BIOS.obj (.text:ti_sysbios_family_arm_m3_Hwi_dispatchC__I)
                  00003710    00000138     acsnb-sensor-tiva_pem4f.oem4f (.text:ti_uia_loggers_LoggerStopMode_writeMemoryRange__E)
                  00003848    00000136     rtsv7M4_T_le_v4SPD16_eabi.lib : fd_div_t2.asm.obj (.text)
                  0000397e    00000130     driverlib.lib : gpio.obj (.text:GPIOPadConfigSet)
                  00003aae    00000002     rtsv7M4_T_le_v4SPD16_eabi.lib : div0.asm.obj (.text)
                  00003ab0    00000130     acsnb-sensor-tiva.obj (.text:main)
                  00003be0    00000128     EK_TM4C123.obj (.text:EK_TM4C123_initI2C)
                  00003d08    0000011c     sysbios.aem4f : BIOS.obj (.text:ti_sysbios_knl_Swi_run__I)
                  00003e24    00000118     ti.targets.arm.rtsarm.aem4f : Error.oem4f (.text:xdc_runtime_Error_policyDefault__E)
                  00003f3c    0000010c     acsnb-sensor-tiva_pem4f.oem4f (.text:ti_uia_loggers_LoggerStopMode_write8__E)
                  00004048    00000100     Boot.aem4f : Boot_sysctl.oem4f (.text:ti_catalog_arm_cortexm4_tiva_ce_Boot_sysCtlClockSetI__I)
                  00004148    00000100     ti.targets.arm.rtsarm.aem4f : Core-mem.oem4f (.text:xdc_runtime_Core_createObject__I)
                  00004248    000000fc     rtsv7M4_T_le_v4SPD16_eabi.lib : fd_mul_t2.asm.obj (.text)
                  00004344    000000f8     ti.targets.arm.rtsarm.aem4f : Startup.oem4f (.text:xdc_runtime_Startup_startMods__I)
                  0000443c    000000f7     acsnb-sensor-tiva.obj (.text:setupHDC1080)
                  00004533    00000001     --HOLE-- [fill = 0]
                  00004534    000000f7     acsnb-sensor-tiva.obj (.text:triggerAD7746capacitance)
                  0000462b    00000001     --HOLE-- [fill = 0]
                  0000462c    000000f4     sysbios.aem4f : m3_Hwi_asm.obj (.text:ti_sysbios_family_arm_m3_Hwi_dispatch__I)
                  00004720    000000f4     acsnb-sensor-tiva_pem4f.oem4f (.text:ti_uia_loggers_LoggerStopMode_write4__E)
                  00004814    000000e8     acsnb-sensor-tiva_pem4f.oem4f (.text:ti_uia_loggers_LoggerStopMode_write1__E)
                  000048fc    000000e8     acsnb-sensor-tiva_pem4f.oem4f (.text:ti_uia_loggers_LoggerStopMode_write2__E)
                  000049e4    000000e0     drivers_tivaware.aem4f : I2CTiva.oem4f (.text:I2CTiva_open)
                  00004ac4    000000d8                            : SPITivaDMA.oem4f (.text:SPITivaDMA_open)
                  00004b9c    00000004     sysbios.aem4f : BIOS.obj (.text:ti_sysbios_family_arm_lm4_Timer_masterEnable__I)
                  00004ba0    000000d8                   : BIOS.obj (.text:ti_sysbios_family_arm_lm4_TimestampProvider_get32__E)
                  00004c78    000000d8     acsnb-sensor-tiva_pem4f.oem4f (.text:ti_uia_loggers_LoggerStopMode_write0__E)
                  00004d50    000000d6     drivers_tivaware.aem4f : I2CTiva.oem4f (.text:I2CTiva_hwiFxn)
                  00004e26    00000002     acsnb-sensor-tiva_pem4f.oem4f (.text:ti_sysbios_BIOS_nullFunc__I)
                  00004e28    000000cc     sysbios.aem4f : BIOS.obj (.text:ti_sysbios_knl_Task_schedule__I)
                  00004ef4    000000cc     ti.targets.arm.rtsarm.aem4f : Core-smem.oem4f (.text:xdc_runtime_Core_constructObject__I)
                  00004fc0    000000c0     drivers_tivaware.aem4f : SPITivaDMA.oem4f (.text:SPITivaDMA_configDMA)
                  00005080    000000bc     sysbios.aem4f : BIOS.obj (.text:ti_sysbios_family_arm_m3_Hwi_excDebugMon__I)
                  0000513c    00000004     acsnb-sensor-tiva_pem4f.oem4f (.text:ti_sysbios_family_arm_m3_Hwi_destruct)
                  00005140    000000bc     sysbios.aem4f : BIOS.obj (.text:ti_sysbios_family_arm_m3_Hwi_excHardFault__I)
                  000051fc    00000004     acsnb-sensor-tiva_pem4f.oem4f (.text:ti_sysbios_family_arm_m3_TaskSupport_Module__startupDone__S)
                  00005200    000000bc     sysbios.aem4f : BIOS.obj (.text:ti_sysbios_knl_Task_startCore__E)
                  000052bc    00000004     acsnb-sensor-tiva_pem4f.oem4f (.text:ti_sysbios_heaps_HeapMem_Module_GateProxy_enter__E)
                  000052c0    000000bc     sysbios.aem4f : BIOS.obj (.text:ti_sysbios_utils_Load_updateLoads__E)
                  0000537c    00000004     acsnb-sensor-tiva_pem4f.oem4f (.text:ti_sysbios_heaps_HeapMem_Module_GateProxy_leave__E)
                  00005380    000000b4     sysbios.aem4f : BIOS.obj (.text:ti_sysbios_gates_GateMutex_enter__E)
                  00005434    00000004     acsnb-sensor-tiva_pem4f.oem4f (.text:ti_sysbios_knl_Clock_TimerProxy_getMaxTicks__E)
                  00005438    000000b4     sysbios.aem4f : BIOS.obj (.text:ti_sysbios_knl_Task_checkStacks__E)
                  000054ec    00000004     acsnb-sensor-tiva_pem4f.oem4f (.text:ti_sysbios_knl_Clock_TimerProxy_getPeriod__E)
                  000054f0    000000b0     sysbios.aem4f : BIOS.obj (.text:ti_sysbios_utils_Load_idleFxn__E)
                  000055a0    000000ac                   : BIOS.obj (.text:ti_sysbios_family_arm_lm4_Timer_enableTiva__I)
                  0000564c    00000004     acsnb-sensor-tiva_pem4f.oem4f (.text:ti_sysbios_knl_Queue_destruct)
                  00005650    000000ac     sysbios.aem4f : BIOS.obj (.text:ti_sysbios_knl_Swi_post__E)
                  000056fc    000000a8     acsnb-sensor-tiva.obj (.text:slaveTaskFxn)
                  000057a4    00000004     acsnb-sensor-tiva_pem4f.oem4f (.text:ti_sysbios_knl_Semaphore_destruct)
                  000057a8    000000a8     sysbios.aem4f : BIOS.obj (.text:ti_sysbios_family_arm_lm4_Timer_enableTimers__I)
                  00005850    000000a8                   : BIOS.obj (.text:ti_sysbios_knl_Task_blockI__E)
                  000058f8    000000a8                   : BIOS.obj (.text:ti_sysbios_knl_Task_postInit__I)
                  000059a0    000000a4     drivers_tivaware.aem4f : SPITivaDMA.oem4f (.text:SPITivaDMA_initHw)
                  00005a44    000000a0     auto_init.aem4f : auto_init.oem4f (.text)
                  00005ae4    000000a0     ti.targets.arm.rtsarm.aem4f : Text.oem4f (.text:xdc_runtime_Text_putMod__E)
                  00005b84    0000009f     acsnb-sensor-tiva.obj (.text:triggerAD7746temperature)
                  00005c23    00000001     --HOLE-- [fill = 0]
                  00005c24    0000009c     rtsv7M4_T_le_v4SPD16_eabi.lib : memcpy_t2.asm.obj (.text)
                  00005cc0    0000009c     sysbios.aem4f : BIOS.obj (.text:ti_sysbios_knl_Semaphore_Instance_init__E)
                  00005d5c    0000009a     ti.targets.arm.rtsarm.aem4f : Text.oem4f (.text:xdc_runtime_Text_putSite__E)
                  00005df6    00000002     acsnb-sensor-tiva_pem4f.oem4f (.text:ti_uia_loggers_LoggerStopMode_setFilterLevel__E)
                  00005df8    00000098     Boot.aem4f : Boot.oem4f (.text:ti_catalog_arm_cortexm4_tiva_ce_Boot_sysCtlClockSet__E)
                  00005e90    00000094     sysbios.aem4f : BIOS.obj (.text:ti_sysbios_family_arm_m3_Hwi_Instance_init__E)
                  00005f24    00000004     ti.uia.loggers.aem4f : LoggerStopMode.oem4f (.text:ti_uia_loggers_LoggerStopMode_getContents__E)
                  00005f28    00000094     sysbios.aem4f : BIOS.obj (.text:ti_sysbios_family_arm_m3_Hwi_initNVIC__E)
                  00005fbc    00000004     acsnb-sensor-tiva_pem4f.oem4f (.text:ti_uia_loggers_LoggerStopMode_getFilterLevel__E)
                  00005fc0    00000094     sysbios.aem4f : BIOS.obj (.text:ti_sysbios_knl_Task_exit__E)
                  00006054    00000004     ti.uia.loggers.aem4f : LoggerStopMode.oem4f (.text:ti_uia_loggers_LoggerStopMode_getInstanceId__E)
                  00006058    00000090     sysbios.aem4f : BIOS.obj (.text:ti_sysbios_knl_Task_unblockI__E)
                  000060e8    00000090     ti.uia.loggers.aem4f : LoggerStopMode.oem4f (.text:ti_uia_loggers_LoggerStopMode_initQueueDescriptor__E)
                  00006178    0000008c     EK_TM4C123.obj (.text:EK_TM4C123_initDMA)
                  00006204    0000008c     drivers_tivaware.aem4f : GPIOTiva.oem4f (.text:GPIO_init)
                  00006290    0000008c     sysbios.aem4f : m3_TaskSupport_asm.obj (.text:ti_sysbios_family_arm_m3_TaskSupport_buildTaskStack)
                  0000631c    00000086     rtsv7M4_T_le_v4SPD16_eabi.lib : fd_cmp_t2.asm.obj (.text:__aeabi_cdcmple)
                  000063a2    00000086                                   : fd_cmp_t2.asm.obj (.text:__aeabi_cdrcmple)
                  00006428    00000084     sysbios.aem4f : BIOS.obj (.text:ti_sysbios_family_arm_m3_Hwi_postInit__I)
                  000064ac    00000084     driverlib.lib : udma.obj (.text:uDMAChannelTransferSet)
                  00006530    0000007e     drivers_tivaware.aem4f : I2CTiva.oem4f (.text:I2CTiva_transfer)
                  000065ae    0000007a     rtsv7M4_T_le_v4SPD16_eabi.lib : memset_t2.asm.obj (.text)
                  00006628    00000074     acsnb-sensor-tiva.obj (.text:taskI2C0)
                  0000669c    00000074     acsnb-sensor-tiva.obj (.text:taskI2C1)
                  00006710    00000074     acsnb-sensor-tiva.obj (.text:taskI2C2)
                  00006784    00000074     acsnb-sensor-tiva.obj (.text:taskI2C3)
                  000067f8    00000074     acsnb-sensor-tiva.obj (.text:taskI2C4)
                  0000686c    00000074     acsnb-sensor-tiva.obj (.text:taskI2C5)
                  000068e0    00000074     ti.uia.runtime.aem4f : QueueDescriptor.oem4f (.text:ti_uia_runtime_QueueDescriptor_addToList__E)
                  00006954    0000006e     rtsv7M4_T_le_v4SPD16_eabi.lib : fd_tos_t2.asm.obj (.text)
                  000069c2    00000002     ti.uia.loggers.aem4f : LoggerStopMode.oem4f (.text:ti_uia_loggers_LoggerStopMode_setPriority__E)
                  000069c4    0000006d     ti.targets.arm.rtsarm.aem4f : System.oem4f (.text:xdc_runtime_System_formatNum__I)
                  00006a31    00000001     --HOLE-- [fill = 0]
                  00006a32    00000006     driverlib.lib : gpio.obj (.text:GPIOIntClear)
                  00006a38    0000006c     sysbios.aem4f : BIOS.obj (.text:ti_sysbios_knl_Swi_restoreHwi__E)
                  00006aa4    0000006c     ti.targets.arm.rtsarm.aem4f : Error.oem4f (.text:xdc_runtime_Error_print__E)
                  00006b10    0000006c                                 : Memory.oem4f (.text:xdc_runtime_Memory_alloc__E)
                  00006b7c    00000068     rtsv7M4_T_le_v4SPD16_eabi.lib : copy_decompress_lzss.c.obj (.text:decompress:lzss:__TI_decompress_lzss)
                  00006be4    00000066     ti.uia.loggers.aem4f : LoggerStopMode.oem4f (.text:ti_uia_loggers_LoggerStopMode_flush__E)
                  00006c4a    00000066     ti.targets.arm.rtsarm.aem4f : Core-mem.oem4f (.text:xdc_runtime_Core_deleteObject__I)
                  00006cb0    00000064     drivers_tivaware.aem4f : GPIOTiva.oem4f (.text:GPIO_hwiIntFxn)
                  00006d14    00000004     ti.uia.loggers.aem4f : LoggerStopMode.oem4f (.text:ti_uia_loggers_LoggerStopMode_getMaxLength__E)
                  00006d18    00000064     sysbios.aem4f : BIOS.obj (.text:ti_sysbios_family_arm_lm4_Timer_Module_startup__E)
                  00006d7c    00000064     acsnb-sensor-tiva_pem4f.oem4f (.text:ti_sysbios_family_arm_m3_Hwi_create)
                  00006de0    00000062     drivers_tivaware.aem4f : I2CTiva.oem4f (.text:I2CTiva_primeTransfer)
                  00006e42    00000062                            : SPITivaDMA.oem4f (.text:SPITivaDMA_transfer)
                  00006ea4    00000004     ti.uia.loggers.aem4f : LoggerStopMode.oem4f (.text:ti_uia_loggers_LoggerStopMode_getPriority__E)
                  00006ea8    00000060     sysbios.aem4f : BIOS.obj (.text:ti_sysbios_family_arm_lm4_Timer_isrStub__E)
                  00006f08    00000060                   : BIOS.obj (.text:ti_sysbios_knl_Clock_logTick__E)
                  00006f68    00000060                   : BIOS.obj (.text:ti_sysbios_utils_Load_logCPULoad__I)
                  00006fc8    0000005c                   : BIOS.obj (.text:ti_sysbios_knl_Swi_schedule__I)
                  00007024    00000004     ti.uia.loggers.aem4f : LoggerStopMode.oem4f (.text:ti_uia_loggers_LoggerStopMode_getTransferType__E)
                  00007028    0000005c     sysbios.aem4f : BIOS.obj (.text:ti_sysbios_knl_Task_Module_startup__E)
                  00007084    0000005b     ti.targets.arm.rtsarm.aem4f : Text.oem4f (.text:xdc_runtime_Text_putLab__E)
                  000070df    00000001     --HOLE-- [fill = 0]
                  000070e0    00000058     rtsv7M4_T_le_v4SPD16_eabi.lib : hostwrite.c.obj (.text:HOSTwrite)
                  00007138    00000058     boot.aem4f : boot.oem4f (.text)
                  00007190    00000058     acsnb-sensor-tiva_pem4f.oem4f (.text:ti_sysbios_family_arm_m3_Hwi_construct)
                  000071e8    00000058     sysbios.aem4f : m3_Hwi_asm_switch.obj (.text:ti_sysbios_family_arm_m3_Hwi_initStacks__E)
                  00007240    00000056     driverlib.lib : gpio.obj (.text:GPIOIntTypeSet)
                  00007296    00000002     acsnb-sensor-tiva_pem4f.oem4f (.text:xdc_runtime_Startup_reset__I)
                  00007298    00000054     ti.targets.arm.rtsarm.aem4f : Assert.oem4f (.text:xdc_runtime_Assert_raise__I)
                  000072ec    00000050     drivers_tivaware.aem4f : GPIOTiva.oem4f (.text:GPIO_setCallback)
                  0000733c    00000050                            : GPIOTiva.oem4f (.text:GPIO_write)
                  0000738c    00000050     driverlib.lib : sysctl.obj (.text:SysCtlPeripheralReset)
                  000073dc    00000004     ti.targets.arm.rtsarm.aem4f : Error.oem4f (.text:xdc_runtime_Error_getSite__E)
                  000073e0    00000050     sysbios.aem4f : BIOS.obj (.text:ti_sysbios_family_arm_m3_Hwi_Module_startup__E)
                  00007430    00000050     ti.targets.arm.rtsarm.aem4f : Startup.oem4f (.text:xdc_runtime_Startup_exec__E)
                  00007480    00000050                                 : Text.oem4f (.text:xdc_runtime_Text_visitRope2__I)
                  000074d0    0000004c     rtsv7M4_T_le_v4SPD16_eabi.lib : cpy_tbl.c.obj (.text:copy_in)
                  0000751c    00000004     acsnb-sensor-tiva_pem4f.oem4f (.text:xdc_runtime_System_Module_GateProxy_enter__E)
                  00007520    0000004c     sysbios.aem4f : BIOS.obj (.text:ti_sysbios_heaps_HeapMem_getStats__E)
                  0000756c    00000004     acsnb-sensor-tiva_pem4f.oem4f (.text:xdc_runtime_System_Module_GateProxy_leave__E)
                  00007570    0000004c     sysbios.aem4f : BIOS.obj (.text:ti_sysbios_knl_Swi_runLoop__I)
                  000075bc    00000004     ti.targets.arm.rtsarm.aem4f : System.oem4f (.text:xdc_runtime_System_aprintf_va__F)
                  000075c0    0000004c     sysbios.aem4f : BIOS.obj (.text:ti_sysbios_knl_Task_allBlockedFunction__I)
                  0000760c    0000004c     ti.uia.loggers.aem4f : LoggerStopMode.oem4f (.text:ti_uia_loggers_LoggerStopMode_Module_startup__E)
                  00007658    00000048     driverlib.lib : gpio.obj (.text:GPIOPinConfigure)
                  000076a0    00000048                   : i2c.obj (.text:I2CMasterInitExpClk)
                  000076e8    00000048     rtsv7M4_T_le_v4SPD16_eabi.lib : fd_toi_t2.asm.obj (.text)
                  00007730    00000048     sysbios.aem4f : BIOS.obj (.text:ti_sysbios_family_arm_m3_Hwi_disableInterrupt__E)
                  00007778    00000048                   : BIOS.obj (.text:ti_sysbios_family_arm_m3_Hwi_enableInterrupt__E)
                  000077c0    00000048                   : BIOS.obj (.text:ti_sysbios_family_arm_m3_Hwi_excReserved__I)
                  00007808    00000046     ti.targets.arm.rtsarm.aem4f : Core-params.oem4f (.text:xdc_runtime_Core_assignParams__I)
                  0000784e    00000044     drivers_tivaware.aem4f : SPITivaDMA.oem4f (.text:SPITivaDMA_hwiFxn)
                  00007892    00000044     rtsv7M4_T_le_v4SPD16_eabi.lib : fd_tou_t2.asm.obj (.text)
                  000078d6    00000002     --HOLE-- [fill = 0]
                  000078d8    00000044     sysbios.aem4f : BIOS.obj (.text:ti_sysbios_family_arm_lm4_Timer_stop__E)
                  0000791c    00000004     ti.targets.arm.rtsarm.aem4f : System.oem4f (.text:xdc_runtime_System_printf_va__F)
                  00007920    00000044     sysbios.aem4f : BIOS.obj (.text:ti_sysbios_family_arm_m3_Hwi_getStackInfo__E)
                  00007964    00000044     ti.uia.loggers.aem4f : LoggerStopMode.oem4f (.text:ti_uia_loggers_LoggerStopMode_initBuffer__I)
                  000079a8    00000044     ti.targets.arm.rtsarm.aem4f : Error.oem4f (.text:xdc_runtime_Error_setX__E)
                  000079ec    00000044                                 : SysMin.oem4f (.text:xdc_runtime_SysMin_flush__E)
                  00007a30    00000044                                 : Text.oem4f (.text:xdc_runtime_Text_xprintf__I)
                  00007a74    00000042     drivers_tivaware.aem4f : SPITivaDMA.oem4f (.text:SPITivaDMA_transferCancel)
                  00007ab6    00000002     --HOLE-- [fill = 0]
                  00007ab8    00000040     EK_TM4C123.obj (.text:EK_TM4C123_initGeneral)
                  00007af8    00000040     EK_TM4C123.obj (.text:EK_TM4C123_initSPI)
                  00007b38    00000040     rtsv7M4_T_le_v4SPD16_eabi.lib : u_divt2.asm.obj (.text)
                  00007b78    00000040     sysbios.aem4f : BIOS.obj (.text:ti_sysbios_family_arm_lm4_Timer_startup__E)
                  00007bb8    0000003c     drivers_tivaware.aem4f : SPITivaDMA.oem4f (.text:SPITivaDMA_close)
                  00007bf4    0000003c     driverlib.lib : ssi.obj (.text:SSIConfigSetExpClk)
                  00007c30    0000003c     EK_TM4C123.obj (.text:dmaErrorHwi)
                  00007c6c    00000004     --HOLE-- [fill = 0]
                  00007c70    0000003c     sysbios.aem4f : BIOS.obj (.text:ti_sysbios_family_arm_m3_Hwi_excSvCall__I)
                  00007cac    00000004     --HOLE-- [fill = 0]
                  00007cb0    0000003c                   : BIOS.obj (.text:ti_sysbios_heaps_HeapMem_init__I)
                  00007cec    00000004     --HOLE-- [fill = 0]
                  00007cf0    0000003c                   : BIOS.obj (.text:ti_sysbios_knl_Swi_startup__E)
                  00007d2c    0000003a     drivers_tivaware.aem4f : I2CTiva.oem4f (.text:I2CTiva_completeTransfer)
                  00007d66    00000002     --HOLE-- [fill = 0]
                  00007d68    00000038                            : I2C.oem4f (.text:I2C_init)
                  00007da0    00000038                            : SPI.oem4f (.text:SPI_init)
                  00007dd8    00000038     rtsv7M4_T_le_v4SPD16_eabi.lib : trgmsg.c.obj (.text:__TI_writemsg)
                  00007e10    00000038                                   : fs_tod_t2.asm.obj (.text)
                  00007e48    00000038     sysbios.aem4f : BIOS.obj (.text:ti_sysbios_family_arm_m3_Hwi_excNoIsr__I)
                  00007e80    00000038                   : BIOS.obj (.text:ti_sysbios_knl_Task_processVitalTaskFlag__I)
                  00007eb8    00000038     ti.targets.arm.rtsarm.aem4f : SysMin.oem4f (.text:xdc_runtime_SysMin_putch__E)
                  00007ef0    00000038                                 : System.oem4f (.text:xdc_runtime_System_atexit__E)
                  00007f28    00000036     drivers_tivaware.aem4f : I2CTiva.oem4f (.text:I2CTiva_close)
                  00007f5e    00000002     --HOLE-- [fill = 0]
                  00007f60    00000034     driverlib.lib : sysctl.obj (.text:SysCtlPeripheralEnable)
                  00007f94    00000034     rtsv7M4_T_le_v4SPD16_eabi.lib : trgmsg.c.obj (.text:__TI_readmsg)
                  00007fc8    00000034     sysbios.aem4f : BIOS.obj (.text:ti_sysbios_family_arm_m3_Hwi_Instance_finalize__E)
                  00007ffc    00000004     --HOLE-- [fill = 0]
                  00008000    00000034                   : BIOS.obj (.text:ti_sysbios_family_arm_m3_Hwi_excNmi__I)
                  00008034    00000004     --HOLE-- [fill = 0]
                  00008038    00000034                   : BIOS.obj (.text:ti_sysbios_hal_Hwi_checkStack)
                  0000806c    00000034     ti.uia.loggers.aem4f : LoggerStopMode.oem4f (.text:ti_uia_loggers_LoggerStopMode_reset__E)
                  000080a0    00000034     ti.targets.arm.rtsarm.aem4f : Core-label.oem4f (.text:xdc_runtime_Core_assignLabel__I)
                  000080d4    00000033                                 : Text.oem4f (.text:xdc_runtime_Text_printVisFxn__I)
                  00008107    00000001     --HOLE-- [fill = 0]
                  00008108    00000032     sysbios.aem4f : BIOS.obj (.text:ti_sysbios_hal_Hwi_initStack)
                  0000813a    00000006     driverlib.lib : gpio.obj (.text:GPIOPinWrite)
                  00008140    00000032     sysbios.aem4f : BIOS.obj (.text:ti_sysbios_knl_Semaphore_pendTimeout__I)
                  00008172    00000002     --HOLE-- [fill = 0]
                  00008174    00000030     drivers_tivaware.aem4f : GPIOTiva.oem4f (.text:GPIO_disableInt)
                  000081a4    00000030                            : GPIOTiva.oem4f (.text:GPIO_enableInt)
                  000081d4    00000030                            : I2C.oem4f (.text:I2C_open)
                  00008204    00000030                            : SPI.oem4f (.text:SPI_open)
                  00008234    00000030     acsnb-sensor-tiva_pem4f.oem4f (.text:ti_sysbios_BIOS_atExitFunc__I)
                  00008264    00000004     --HOLE-- [fill = 0]
                  00008268    00000030     sysbios.aem4f : BIOS.obj (.text:ti_sysbios_family_arm_m3_TaskSupport_start__E)
                  00008298    00000030     acsnb-sensor-tiva_pem4f.oem4f (.text:ti_sysbios_gates_GateHwi_Object__create__S)
                  000082c8    00000030     acsnb-sensor-tiva_pem4f.oem4f (.text:ti_sysbios_gates_GateMutex_Object__create__S)
                  000082f8    00000030     acsnb-sensor-tiva_pem4f.oem4f (.text:ti_sysbios_heaps_HeapMem_Object__create__S)
                  00008328    00000030     acsnb-sensor-tiva_pem4f.oem4f (.text:ti_sysbios_knl_Semaphore_construct)
                  00008358    00000030     sysbios.aem4f : BIOS.obj (.text:ti_sysbios_utils_Load_updateCurrentThreadTime__E)
                  00008388    00000030     acsnb-sensor-tiva_pem4f.oem4f (.text:ti_uia_loggers_LoggerStopMode_Object__create__S)
                  000083b8    00000030     ti.targets.arm.rtsarm.aem4f : SysMin.oem4f (.text:xdc_runtime_SysMin_abort__E)
                  000083e8    00000030                                 : System.oem4f (.text:xdc_runtime_System_processAtExit__E)
                  00008418    0000002e     rtsv7M4_T_le_v4SPD16_eabi.lib : i_tofd_t2.asm.obj (.text)
                  00008446    00000002     --HOLE-- [fill = 0]
                  00008448    0000002c     acsnb-sensor-tiva_pem4f.oem4f (.text:ti_sysbios_knl_Clock_doTick__I)
                  00008474    0000002c     acsnb-sensor-tiva_pem4f.oem4f (.text:ti_sysbios_knl_Queue_construct)
                  000084a0    0000002c     sysbios.aem4f : BIOS.obj (.text:ti_sysbios_knl_Task_restore__E)
                  000084cc    0000002c     driverlib.lib : udma.obj (.text:uDMAChannelAssign)
                  000084f8    0000002c     ti.targets.arm.rtsarm.aem4f : Text.oem4f (.text:xdc_runtime_Text_cordText__E)
                  00008524    0000002a     driverlib.lib : gpio.obj (.text:GPIODirModeSet)
                  0000854e    0000002a     ti.targets.arm.rtsarm.aem4f : System.oem4f (.text:xdc_runtime_System_putchar__I)
                  00008578    00000028     sysbios.aem4f : BIOS.obj (.text:ti_sysbios_knl_Swi_Module_startup__E)
                  000085a0    00000026                   : m3_Hwi_asm.obj (.text:ti_sysbios_family_arm_m3_Hwi_pendSV__I)
                  000085c6    00000026     ti.targets.arm.rtsarm.aem4f : System.oem4f (.text:xdc_runtime_System_avprintf__E)
                  000085ec    00000024     acsnb-sensor-tiva_pem4f.oem4f (.text:ti_sysbios_BIOS_registerRTSLock__I)
                  00008610    00000024     acsnb-sensor-tiva_pem4f.oem4f (.text:ti_sysbios_BIOS_removeRTSLock__I)
                  00008634    00000024     acsnb-sensor-tiva_pem4f.oem4f (.text:ti_sysbios_BIOS_startFunc__I)
                  00008658    00000024     sysbios.aem4f : BIOS.obj (.text:ti_sysbios_family_arm_m3_Hwi_doTaskRestore__I)
                  0000867c    00000024     acsnb-sensor-tiva_pem4f.oem4f (.text:ti_sysbios_gates_GateMutex_Object__delete__S)
                  000086a0    00000024     sysbios.aem4f : BIOS.obj (.text:ti_sysbios_knl_Clock_Module_startup__E)
                  000086c4    00000024     driverlib.lib : udma.obj (.text:uDMAChannelControlSet)
                  000086e8    00000024     ti.targets.arm.rtsarm.aem4f : System.oem4f (.text:xdc_runtime_System_vprintf__E)
                  0000870c    00000004     --HOLE-- [fill = 0]
                  00008710    00000022     sysbios.aem4f : BIOS.obj (.text:ti_sysbios_family_arm_lm4_Timer_write__I)
                  00008732    00000022     acsnb-sensor-tiva_pem4f.oem4f (.text:xdc_runtime_SysMin_output__I)
                  00008754    00000020     drivers_tivaware.aem4f : GPIOTiva.oem4f (.text:GPIO_clearInt)
                  00008774    00000020     acsnb-sensor-tiva_pem4f.oem4f (.text:ti_sysbios_BIOS_rtsLock__I)
                  00008794    00000004     --HOLE-- [fill = 0]
                  00008798    00000020     sysbios.aem4f : BIOS.obj (.text:ti_sysbios_family_arm_m3_Hwi_clearInterrupt__E)
                  000087b8    00000020                   : m3_Hwi_asm.obj (.text:ti_sysbios_family_arm_m3_Hwi_excHandlerAsm__I)
                  000087d8    00000020                   : BIOS.obj (.text:ti_sysbios_family_arm_m3_Hwi_excHandler__I)
                  000087f8    00000020     acsnb-sensor-tiva_pem4f.oem4f (.text:ti_sysbios_gates_GateHwi_Object__delete__S)
                  00008818    00000020     acsnb-sensor-tiva_pem4f.oem4f (.text:ti_sysbios_heaps_HeapMem_Object__delete__S)
                  00008838    00000020     sysbios.aem4f : BIOS.obj (.text:ti_sysbios_knl_Idle_run__E)
                  00008858    00000020     acsnb-sensor-tiva_pem4f.oem4f (.text:ti_sysbios_knl_Semaphore_Object__destruct__S)
                  00008878    00000020     acsnb-sensor-tiva_pem4f.oem4f (.text:ti_uia_loggers_LoggerStopMode_Object__delete__S)
                  00008898    00000020     ti.targets.arm.rtsarm.aem4f : Registry.oem4f (.text:xdc_runtime_Registry_findById__E)
                  000088b8    00000020                                 : SysMin.oem4f (.text:xdc_runtime_SysMin_Module_startup__E)
                  000088d8    0000001e     acsnb-sensor-tiva_pem4f.oem4f (.text:ti_sysbios_BIOS_errorRaiseHook__I)
                  000088f6    0000001e     sysbios.aem4f : m3_Hwi_asm_switch.obj (.text:ti_sysbios_family_xxx_Hwi_switchAndRunFunc)
                  00008914    0000001c     EK_TM4C123.obj (.text:EK_TM4C123_initGPIO)
                  00008930    0000001c     drivers_tivaware.aem4f : GPIOTiva.oem4f (.text:getGpioIntIndex)
                  0000894c    0000001c     acsnb-sensor-tiva_pem4f.oem4f (.text:ti_sysbios_family_arm_m3_Hwi_Object__destruct__S)
                  00008968    0000001c     sysbios.aem4f : BIOS.obj (.text:ti_sysbios_gates_GateMutex_Instance_init__E)
                  00008984    0000001c     acsnb-sensor-tiva_pem4f.oem4f (.text:ti_sysbios_knl_Queue_Object__destruct__S)
                  000089a0    0000001c     sysbios.aem4f : BIOS.obj (.text:ti_sysbios_knl_Task_enter__I)
                  000089bc    0000001c     ti.uia.loggers.aem4f : LoggerStopMode.oem4f (.text:ti_uia_loggers_LoggerStopMode_Instance_init__E)
                  000089d8    0000001c     ti.targets.arm.rtsarm.aem4f : Error.oem4f (.text:xdc_runtime_Error_raiseX__E)
                  000089f4    0000001c                                 : Memory.oem4f (.text:xdc_runtime_Memory_valloc__E)
                  00008a10    0000001c                                 : SysMin.oem4f (.text:xdc_runtime_SysMin_exit__E)
                  00008a2c    0000001c                                 : System.oem4f (.text:xdc_runtime_System_abort__E)
                  00008a48    0000001a     acsnb-sensor-tiva_pem4f.oem4f (.text:ti_sysbios_family_arm_m3_Hwi_Handle__label__S)
                  00008a62    0000001a     acsnb-sensor-tiva_pem4f.oem4f (.text:ti_sysbios_gates_GateHwi_Handle__label__S)
                  00008a7c    0000001a     acsnb-sensor-tiva_pem4f.oem4f (.text:ti_sysbios_gates_GateMutex_Handle__label__S)
                  00008a96    0000001a     acsnb-sensor-tiva_pem4f.oem4f (.text:ti_sysbios_heaps_HeapMem_Handle__label__S)
                  00008ab0    0000001a     acsnb-sensor-tiva_pem4f.oem4f (.text:ti_sysbios_knl_Swi_Handle__label__S)
                  00008aca    0000001a     acsnb-sensor-tiva_pem4f.oem4f (.text:ti_sysbios_knl_Task_Handle__label__S)
                  00008ae4    00000004     --HOLE-- [fill = 0]
                  00008ae8    0000001a     sysbios.aem4f : BIOS.obj (.text:ti_sysbios_knl_Task_sleepTimeout__I)
                  00008b02    0000001a     acsnb-sensor-tiva_pem4f.oem4f (.text:ti_uia_loggers_LoggerStopMode_Handle__label__S)
                  00008b1c    0000001a     acsnb-sensor-tiva_pem4f.oem4f (.text:xdc_runtime_System_aprintf__E)
                  00008b36    0000001a     acsnb-sensor-tiva_pem4f.oem4f (.text:xdc_runtime_System_printf__E)
                  00008b50    00000018     rtsv7M4_T_le_v4SPD16_eabi.lib : args_main.c.obj (.text:_args_main)
                  00008b68    00000018     acsnb-sensor-tiva_pem4f.oem4f (.text:ti_sysbios_BIOS_rtsUnlock__I)
                  00008b80    00000018     acsnb-sensor-tiva_pem4f.oem4f (.text:ti_sysbios_family_arm_lm4_Timer_Module__startupDone__F)
                  00008b98    00000018     acsnb-sensor-tiva_pem4f.oem4f (.text:ti_sysbios_family_arm_m3_Hwi_Module__startupDone__F)
                  00008bb0    00000018     sysbios.aem4f : m3_TaskSupport_asm.obj (.text:ti_sysbios_family_arm_m3_TaskSupport_swap__E)
                  00008bc8    00000018                   : BIOS.obj (.text:ti_sysbios_gates_GateMutex_leave__E)
                  00008be0    00000018     driverlib.lib : udma.obj (.text:uDMAChannelDisable)
                  00008bf8    00000018                   : udma.obj (.text:uDMAChannelEnable)
                  00008c10    00000018                   : udma.obj (.text:uDMAChannelIsEnabled)
                  00008c28    00000018     ti.targets.arm.rtsarm.aem4f : Error.oem4f (.text:xdc_runtime_Error_check__E)
                  00008c40    00000018                                 : System.oem4f (.text:xdc_runtime_System_exit__E)
                  00008c58    00000018                                 : Text.oem4f (.text:xdc_runtime_Text_ropeText__E)
                  00008c70    00000016     driverlib.lib : i2c.obj (.text:I2CMasterErr)
                  00008c86    00000016     acsnb-sensor-tiva_pem4f.oem4f (.text:ti_sysbios_BIOS_exitFunc__I)
                  00008c9c    00000016     ti.uia.loggers.aem4f : LoggerStopMode.oem4f (.text:ti_uia_loggers_LoggerStopMode_disable__E)
                  00008cb2    00000016                          : LoggerStopMode.oem4f (.text:ti_uia_loggers_LoggerStopMode_enable__E)
                  00008cc8    00000014     drivers_tivaware.aem4f : SPI.oem4f (.text:SPI_Params_init)
                  00008cdc    00000014     rtsv7M4_T_le_v4SPD16_eabi.lib : strlen.c.obj (.text:strlen)
                  00008cf0    00000014     acsnb-sensor-tiva_pem4f.oem4f (.text:ti_sysbios_family_arm_m3_Hwi_Object__get__S)
                  00008d04    00000004     --HOLE-- [fill = 0]
                  00008d08    00000014     sysbios.aem4f : BIOS.obj (.text:ti_sysbios_family_arm_m3_Hwi_switchFromBootStack__E)
                  00008d1c    00000014     acsnb-sensor-tiva_pem4f.oem4f (.text:ti_sysbios_heaps_HeapMem_Object__get__S)
                  00008d30    00000014     acsnb-sensor-tiva_pem4f.oem4f (.text:ti_sysbios_knl_Swi_Object__get__S)
                  00008d44    00000012     driverlib.lib : gpio.obj (.text:GPIOPinTypeI2C)
                  00008d56    00000012                   : gpio.obj (.text:GPIOPinTypeI2CSCL)
                  00008d68    00000012                   : gpio.obj (.text:GPIOPinTypeSSI)
                  00008d7a    00000012                   : ssi.obj (.text:SSIDataGetNonBlocking)
                  00008d8c    00000004     --HOLE-- [fill = 0]
                  00008d90    00000012     sysbios.aem4f : BIOS.obj (.text:ti_sysbios_hal_Hwi_Module_startup__E)
                  00008da2    00000012     acsnb-sensor-tiva_pem4f.oem4f (.text:xdc_runtime_Startup_exec__I)
                  00008db4    00000010     drivers_tivaware.aem4f : I2C.oem4f (.text:I2C_Params_init)
                  00008dc4    00000004     --HOLE-- [fill = 0]
                  00008dc8    00000010     sysbios.aem4f : BIOS.obj (.text:ti_sysbios_BIOS_getCpuFreq__E)
                  00008dd8    00000010                   : BIOS.obj (.text:ti_sysbios_BIOS_setThreadType__E)
                  00008de8    00000010                   : BIOS.obj (.text:ti_sysbios_BIOS_start__E)
                  00008df8    00000010                   : BIOS.obj (.text:ti_sysbios_family_arm_lm4_TimestampProvider_rolloverFunc__E)
                  00008e08    00000010                   : m3_TaskSupport_asm.obj (.text:ti_sysbios_family_arm_m3_TaskSupport_glue)
                  00008e18    00000010                   : BIOS.obj (.text:ti_sysbios_gates_GateMutex_Instance_finalize__E)
                  00008e28    00000010                   : BIOS.obj (.text:ti_sysbios_knl_Semaphore_Instance_finalize__E)
                  00008e38    00000010                   : BIOS.obj (.text:ti_sysbios_knl_Swi_disable__E)
                  00008e48    00000010     acsnb-sensor-tiva_pem4f.oem4f (.text:ti_sysbios_knl_Task_Object__get__S)
                  00008e58    00000010     sysbios.aem4f : BIOS.obj (.text:ti_sysbios_knl_Task_disable__E)
                  00008e68    00000010     acsnb-sensor-tiva_pem4f.oem4f (.text:ti_uia_loggers_LoggerStopMode_Object__get__S)
                  00008e78    00000010     ti.uia.loggers.aem4f : LoggerStopMode.oem4f (.text:ti_uia_loggers_LoggerStopMode_isEmpty__E)
                  00008e88    00000010     driverlib.lib : udma.obj (.text:uDMAEnable)
                  00008e98    00000010     ti.targets.arm.rtsarm.aem4f : Gate.oem4f (.text:xdc_runtime_Gate_leaveSystem__E)
                  00008ea8    00000010                                 : Memory.oem4f (.text:xdc_runtime_Memory_free__E)
                  00008eb8    00000010                                 : SysMin.oem4f (.text:xdc_runtime_SysMin_ready__E)
                  00008ec8    00000010                                 : System.oem4f (.text:xdc_runtime_System_vsnprintf__E)
                  00008ed8    00000010     acsnb-sensor-tiva_pem4f.oem4f (.text:xdc_runtime_Text_visitRope__I)
                  00008ee8    0000000e     driverlib.lib : gpio.obj (.text:GPIOIntDisable)
                  00008ef6    0000000e                   : gpio.obj (.text:GPIOIntStatus)
                  00008f04    0000000e     rtsv7M4_T_le_v4SPD16_eabi.lib : copy_decompress_none.c.obj (.text:decompress:none:__TI_decompress_none)
                  00008f12    00000006     driverlib.lib : i2c.obj (.text:I2CMasterIntDisable)
                  00008f18    0000000e     sysbios.aem4f : BIOS.obj (.text:ti_sysbios_knl_Idle_loop__E)
                  00008f26    00000002     --HOLE-- [fill = 0]
                  00008f28    0000000e                   : BIOS.obj (.text:ti_sysbios_knl_Queue_empty__E)
                  00008f36    00000002     --HOLE-- [fill = 0]
                  00008f38    0000000c     acsnb-sensor-tiva_pem4f.oem4f (.text:.bootCodeSection:ti_catalog_arm_cortexm4_tiva_ce_Boot_init__I)
                  00008f44    0000000c     driverlib.lib : gpio.obj (.text:GPIOIntEnable)
                  00008f50    0000000c     rtsv7M4_T_le_v4SPD16_eabi.lib : _lock.c.obj (.text:_register_lock)
                  00008f5c    0000000c                                   : _lock.c.obj (.text:_register_unlock)
                  00008f68    0000000c                                   : copy_zero_init.c.obj (.text:decompress:ZI:__TI_zero_init)
                  00008f74    0000000c     acsnb-sensor-tiva.obj (.text:sens0cvtDoneItr)
                  00008f80    0000000c     acsnb-sensor-tiva.obj (.text:sens1cvtDoneItr)
                  00008f8c    0000000c     acsnb-sensor-tiva.obj (.text:sens2cvtDoneItr)
                  00008f98    0000000c     acsnb-sensor-tiva.obj (.text:sens3cvtDoneItr)
                  00008fa4    0000000c     acsnb-sensor-tiva.obj (.text:sens4cvtDoneItr)
                  00008fb0    0000000c     acsnb-sensor-tiva.obj (.text:sens5cvtDoneItr)
                  00008fbc    00000004     --HOLE-- [fill = 0]
                  00008fc0    0000000c     sysbios.aem4f : BIOS.obj (.text:ti_sysbios_family_arm_lm4_Timer_getMaxTicks__E)
                  00008fcc    00000004     --HOLE-- [fill = 0]
                  00008fd0    0000000c                   : BIOS.obj (.text:ti_sysbios_family_arm_lm4_TimestampProvider_startTimer__E)
                  00008fdc    0000000c     acsnb-sensor-tiva_pem4f.oem4f (.text:ti_sysbios_family_arm_m3_Hwi_Params__init__S)
                  00008fe8    0000000c     sysbios.aem4f : BIOS.obj (.text:ti_sysbios_family_arm_m3_Hwi_disableFxn__E)
                  00008ff4    00000004     --HOLE-- [fill = 0]
                  00008ff8    0000000c                   : BIOS.obj (.text:ti_sysbios_family_arm_m3_TaskSupport_checkStack__E)
                  00009004    00000004     --HOLE-- [fill = 0]
                  00009008    0000000c                   : BIOS.obj (.text:ti_sysbios_gates_GateHwi_enter__E)
                  00009014    0000000c     acsnb-sensor-tiva_pem4f.oem4f (.text:ti_sysbios_knl_Queue_Object__get__S)
                  00009020    0000000c     acsnb-sensor-tiva_pem4f.oem4f (.text:ti_sysbios_knl_Semaphore_Params__init__S)
                  0000902c    0000000c     driverlib.lib : udma.obj (.text:uDMAControlBaseSet)
                  00009038    0000000c                   : udma.obj (.text:uDMAErrorStatusClear)
                  00009044    0000000c                   : udma.obj (.text:uDMAErrorStatusGet)
                  00009050    0000000c                   : udma.obj (.text:uDMAIntStatus)
                  0000905c    0000000c     ti.targets.arm.rtsarm.aem4f : Error.oem4f (.text:xdc_runtime_Error_init__E)
                  00009068    0000000c                                 : Gate.oem4f (.text:xdc_runtime_Gate_enterSystem__E)
                  00009074    0000000c                                 : Memory.oem4f (.text:xdc_runtime_Memory_calloc__E)
                  00009080    0000000c                                 : Memory.oem4f (.text:xdc_runtime_Memory_getMaxDefaultTypeAlign__E)
                  0000908c    0000000a     driverlib.lib : i2c.obj (.text:I2CMasterDisable)
                  00009096    0000000a                   : i2c.obj (.text:I2CMasterEnable)
                  000090a0    0000000a     drivers_tivaware.aem4f : I2CTiva.oem4f (.text:I2CTiva_init)
                  000090aa    0000000a                            : I2C.oem4f (.text:I2C_transfer)
                  000090b4    0000000a                            : SPITivaDMA.oem4f (.text:SPITivaDMA_init)
                  000090be    0000000a                            : SPI.oem4f (.text:SPI_transfer)
                  000090c8    0000000a     driverlib.lib : ssi.obj (.text:SSIDMADisable)
                  000090d2    0000000a                   : ssi.obj (.text:SSIDisable)
                  000090dc    0000000a                   : ssi.obj (.text:SSIEnable)
                  000090e6    0000000a                   : ssi.obj (.text:SSIIntDisable)
                  000090f0    0000000a     acsnb-sensor-tiva_pem4f.oem4f (.text:xdc_runtime_IHeap_alloc)
                  000090fa    0000000a     acsnb-sensor-tiva_pem4f.oem4f (.text:xdc_runtime_IHeap_free)
                  00009104    00000008     driverlib.lib : i2c.obj (.text:I2CMasterIntClear)
                  0000910c    00000008                   : i2c.obj (.text:I2CMasterSlaveAddrSet)
                  00009114    00000008     drivers_tivaware.aem4f : I2CTiva.oem4f (.text:I2CTiva_blockingCallback)
                  0000911c    00000008     driverlib.lib : ssi.obj (.text:SSIDMAEnable)
                  00009124    00000008                   : ssi.obj (.text:SSIIntEnable)
                  0000912c    00000008     sysbios.aem4f : BIOS.obj (.text:ti_sysbios_family_arm_lm4_Timer_masterDisable__I)
                  00009134    00000004     --HOLE-- [fill = 0]
                  00009138    00000008                   : BIOS.obj (.text:ti_sysbios_family_arm_m3_Hwi_doSwiRestore__I)
                  00009140    00000008                   : BIOS.obj (.text:ti_sysbios_family_arm_m3_Hwi_startup__E)
                  00009148    00000006     driverlib.lib : i2c.obj (.text:I2CMasterIntEnable)
                  0000914e    00000006     drivers_tivaware.aem4f : I2CTiva.oem4f (.text:I2CTiva_control)
                  00009154    00000006                            : SPITivaDMA.oem4f (.text:SPITivaDMA_control)
                  0000915a    00000006                            : SPITivaDMA.oem4f (.text:SPITivaDMA_transferCallback)
                  00009160    00000006     Boot.aem4f : Boot_sysctl.oem4f (.text:ti_catalog_arm_cortexm4_tiva_ce_Boot_sysCtlDelayI__I)
                  00009166    00000002     --HOLE-- [fill = 0]
                  00009168    00000006     sysbios.aem4f : BIOS.obj (.text:ti_sysbios_family_arm_lm4_TimestampProvider_Module_startup__E)
                  0000916e    00000002     --HOLE-- [fill = 0]
                  00009170    00000006                   : BIOS.obj (.text:ti_sysbios_family_arm_m3_Hwi_restoreFxn__E)
                  00009176    00000002     --HOLE-- [fill = 0]
                  00009178    00000006                   : BIOS.obj (.text:ti_sysbios_gates_GateHwi_leave__E)
                  0000917e    00000002     --HOLE-- [fill = 0]
                  00009180    00000006                   : BIOS.obj (.text:ti_sysbios_heaps_HeapMem_isBlocking__E)
                  00009186    00000002     --HOLE-- [fill = 0]
                  00009188    00000006                   : BIOS.obj (.text:ti_sysbios_knl_Queue_Instance_init__E)
                  0000918e    00000006     ti.targets.arm.rtsarm.aem4f : System.oem4f (.text:xdc_runtime_System_Module_startup__E)
                  00009194    00000004     --HOLE-- [fill = 0]
                  00009198    00000004     sysbios.aem4f : BIOS.obj (.text:ti_sysbios_family_arm_lm4_Timer_getPeriod__E)
                  0000919c    00000004     --HOLE-- [fill = 0]
                  000091a0    00000004                   : BIOS.obj (.text:ti_sysbios_gates_GateHwi_query__E)
                  000091a4    00000004     --HOLE-- [fill = 0]
                  000091a8    00000004                   : BIOS.obj (.text:ti_sysbios_gates_GateMutex_query__E)
                  000091ac    00000004     --HOLE-- [fill = 0]
                  000091b0    00000004                   : BIOS.obj (.text:ti_sysbios_knl_Task_startup__E)
                  000091b4    00000004     --HOLE-- [fill = 0]
                  000091b8    00000002                   : BIOS.obj (.text:ti_sysbios_gates_GateHwi_Instance_init__E)

.const     0    000091bc    000029a4     
                  000091bc    00001fdd     acsnb-sensor-tiva_pem4f.oem4f (.const:xdc_runtime_Text_charTab__A)
                  0000b199    00000001     acsnb-sensor-tiva_pem4f.oem4f (.const:xdc_runtime_Error_policy__C)
                  0000b19a    00000104     acsnb-sensor-tiva_pem4f.oem4f (.const:xdc_runtime_Text_nodeTab__A)
                  0000b29e    00000002     acsnb-sensor-tiva_pem4f.oem4f (.const:ti_catalog_arm_cortexm4_tiva_ce_Boot_Module__id__C)
                  0000b2a0    00000090     driverlib.lib : gpio.obj (.const:g_pui32GPIOBaseAddrs)
                  0000b330    00000064     drivers_tivaware.aem4f : SPITivaDMA.oem4f (.const)
                  0000b394    00000060     acsnb-sensor-tiva_pem4f.oem4f (.const:ti_uia_loggers_LoggerStopMode_Module__FXNS__C)
                  0000b3f4    00000054     drivers_tivaware.aem4f : GPIOTiva.oem4f (.const:.string)
                  0000b448    00000054     EK_TM4C123.obj (.const:I2C_config)
                  0000b49c    00000048     acsnb-sensor-tiva_pem4f.oem4f (.const:.string)
                  0000b4e4    00000048     drivers_tivaware.aem4f : GPIOTiva.oem4f (.const:gpioBaseAddresses)
                  0000b52c    00000048     EK_TM4C123.obj (.const:i2cTivaHWAttrs)
                  0000b574    00000030     acsnb-sensor-tiva_pem4f.oem4f (.const:ti_sysbios_family_arm_m3_Hwi_Object__PARAMS__C)
                  0000b5a4    00000028     EK_TM4C123.obj (.const:spiTivaDMAHWAttrs)
                  0000b5cc    00000028     acsnb-sensor-tiva_pem4f.oem4f (.const:ti_sysbios_heaps_HeapMem_Module__FXNS__C)
                  0000b5f4    00000028     acsnb-sensor-tiva_pem4f.oem4f (.const:ti_uia_loggers_LoggerStopMode_Object__PARAMS__C)
                  0000b61c    00000028     acsnb-sensor-tiva_pem4f.oem4f (.const:xdc_runtime_Startup_sfxnTab__A)
                  0000b644    00000024     acsnb-sensor-tiva_pem4f.oem4f (.const:ti_sysbios_gates_GateHwi_Module__FXNS__C)
                  0000b668    00000024     acsnb-sensor-tiva_pem4f.oem4f (.const:ti_sysbios_gates_GateMutex_Module__FXNS__C)
                  0000b68c    00000024     acsnb-sensor-tiva_pem4f.oem4f (.const:ti_sysbios_heaps_HeapMem_Object__PARAMS__C)
                  0000b6b0    00000024     acsnb-sensor-tiva_pem4f.oem4f (.const:ti_sysbios_knl_Semaphore_Object__PARAMS__C)
                  0000b6d4    00000020     drivers_tivaware.aem4f : SPI.oem4f (.const)
                  0000b6f4    00000020     acsnb-sensor-tiva_pem4f.oem4f (.const:ti_sysbios_family_arm_m3_Hwi_Object__DESC__C)
                  0000b714    00000020     acsnb-sensor-tiva_pem4f.oem4f (.const:ti_sysbios_gates_GateHwi_Object__DESC__C)
                  0000b734    00000020     acsnb-sensor-tiva_pem4f.oem4f (.const:ti_sysbios_gates_GateMutex_Object__DESC__C)
                  0000b754    00000020     acsnb-sensor-tiva_pem4f.oem4f (.const:ti_sysbios_heaps_HeapMem_Object__DESC__C)
                  0000b774    00000020     acsnb-sensor-tiva_pem4f.oem4f (.const:ti_sysbios_knl_Queue_Object__DESC__C)
                  0000b794    00000020     acsnb-sensor-tiva_pem4f.oem4f (.const:ti_sysbios_knl_Semaphore_Object__DESC__C)
                  0000b7b4    00000020     acsnb-sensor-tiva_pem4f.oem4f (.const:ti_uia_loggers_LoggerStopMode_Object__DESC__C)
                  0000b7d4    0000001c     drivers_tivaware.aem4f : I2CTiva.oem4f (.const)
                  0000b7f0    00000018     EK_TM4C123.obj (.const:SPI_config)
                  0000b808    00000018     acsnb-sensor-tiva_pem4f.oem4f (.const:ti_sysbios_gates_GateHwi_Object__PARAMS__C)
                  0000b820    00000018     acsnb-sensor-tiva_pem4f.oem4f (.const:ti_sysbios_gates_GateMutex_Object__PARAMS__C)
                  0000b838    00000018     acsnb-sensor-tiva_pem4f.oem4f (.const:ti_sysbios_knl_Queue_Object__PARAMS__C)
                  0000b850    00000014     EK_TM4C123.obj (.const:GPIOTiva_config)
                  0000b864    00000014     acsnb-sensor-tiva_pem4f.oem4f (.const:xdc_runtime_Startup_firstFxns__A)
                  0000b878    00000014     acsnb-sensor-tiva_pem4f.oem4f (.const:xdc_runtime_Startup_sfxnRts__A)
                  0000b88c    00000010     drivers_tivaware.aem4f : I2C.oem4f (.const)
                  0000b89c    00000008     acsnb-sensor-tiva_pem4f.oem4f (.const:ti_sysbios_family_arm_m3_Hwi_excHookFuncs__A)
                  0000b8a4    00000008     acsnb-sensor-tiva_pem4f.oem4f (.const:ti_sysbios_knl_Idle_funcList__A)
                  0000b8ac    00000008     acsnb-sensor-tiva_pem4f.oem4f (.const:ti_sysbios_knl_Idle_funcList__C)
                  0000b8b4    00000008     acsnb-sensor-tiva_pem4f.oem4f (.const:xdc_runtime_Startup_firstFxns__C)
                  0000b8bc    00000008     acsnb-sensor-tiva_pem4f.oem4f (.const:xdc_runtime_Startup_lastFxns__C)
                  0000b8c4    00000004     acsnb-sensor-tiva_pem4f.oem4f (.const:ti_catalog_arm_cortexm4_tiva_ce_Boot_A_mustUseEnhancedClockMode__C)
                  0000b8c8    00000004     acsnb-sensor-tiva_pem4f.oem4f (.const:ti_catalog_arm_cortexm4_tiva_ce_Boot_Module__diagsEnabled__C)
                  0000b8cc    00000004     acsnb-sensor-tiva_pem4f.oem4f (.const:ti_catalog_arm_cortexm4_tiva_ce_Boot_Module__diagsIncluded__C)
                  0000b8d0    00000004     acsnb-sensor-tiva_pem4f.oem4f (.const:ti_catalog_arm_cortexm4_tiva_ce_Boot_Module__diagsMask__C)
                  0000b8d4    00000004     acsnb-sensor-tiva_pem4f.oem4f (.const:ti_sysbios_family_arm_lm4_Timer_enableFunc__C)
                  0000b8d8    00000004     acsnb-sensor-tiva_pem4f.oem4f (.const:ti_sysbios_family_arm_lm4_Timer_numTimerDevices__C)
                  0000b8dc    00000004     acsnb-sensor-tiva_pem4f.oem4f (.const:ti_sysbios_family_arm_lm4_Timer_startupNeeded__C)
                  0000b8e0    00000004     acsnb-sensor-tiva_pem4f.oem4f (.const:ti_sysbios_family_arm_m3_Hwi_E_NMI__C)
                  0000b8e4    00000004     acsnb-sensor-tiva_pem4f.oem4f (.const:ti_sysbios_family_arm_m3_Hwi_E_alreadyDefined__C)
                  0000b8e8    00000004     acsnb-sensor-tiva_pem4f.oem4f (.const:ti_sysbios_family_arm_m3_Hwi_E_busFault__C)
                  0000b8ec    00000004     acsnb-sensor-tiva_pem4f.oem4f (.const:ti_sysbios_family_arm_m3_Hwi_E_debugMon__C)
                  0000b8f0    00000004     acsnb-sensor-tiva_pem4f.oem4f (.const:ti_sysbios_family_arm_m3_Hwi_E_hardFault__C)
                  0000b8f4    00000004     acsnb-sensor-tiva_pem4f.oem4f (.const:ti_sysbios_family_arm_m3_Hwi_E_memFault__C)
                  0000b8f8    00000004     acsnb-sensor-tiva_pem4f.oem4f (.const:ti_sysbios_family_arm_m3_Hwi_E_noIsr__C)
                  0000b8fc    00000004     acsnb-sensor-tiva_pem4f.oem4f (.const:ti_sysbios_family_arm_m3_Hwi_E_reserved__C)
                  0000b900    00000004     acsnb-sensor-tiva_pem4f.oem4f (.const:ti_sysbios_family_arm_m3_Hwi_E_svCall__C)
                  0000b904    00000004     acsnb-sensor-tiva_pem4f.oem4f (.const:ti_sysbios_family_arm_m3_Hwi_E_usageFault__C)
                  0000b908    00000004     acsnb-sensor-tiva_pem4f.oem4f (.const:ti_sysbios_family_arm_m3_Hwi_LD_end__C)
                  0000b90c    00000004     acsnb-sensor-tiva_pem4f.oem4f (.const:ti_sysbios_family_arm_m3_Hwi_LM_begin__C)
                  0000b910    00000004     acsnb-sensor-tiva_pem4f.oem4f (.const:ti_sysbios_family_arm_m3_Hwi_Module__diagsEnabled__C)
                  0000b914    00000004     acsnb-sensor-tiva_pem4f.oem4f (.const:ti_sysbios_family_arm_m3_Hwi_Module__diagsIncluded__C)
                  0000b918    00000004     acsnb-sensor-tiva_pem4f.oem4f (.const:ti_sysbios_family_arm_m3_Hwi_Module__diagsMask__C)
                  0000b91c    00000004     acsnb-sensor-tiva_pem4f.oem4f (.const:ti_sysbios_family_arm_m3_Hwi_Module__loggerFxn1__C)
                  0000b920    00000004     acsnb-sensor-tiva_pem4f.oem4f (.const:ti_sysbios_family_arm_m3_Hwi_Module__loggerFxn8__C)
                  0000b924    00000004     acsnb-sensor-tiva_pem4f.oem4f (.const:ti_sysbios_family_arm_m3_Hwi_Module__loggerObj__C)
                  0000b928    00000004     acsnb-sensor-tiva_pem4f.oem4f (.const:ti_sysbios_family_arm_m3_Hwi_NUM_INTERRUPTS__C)
                  0000b92c    00000004     acsnb-sensor-tiva_pem4f.oem4f (.const:ti_sysbios_family_arm_m3_Hwi_Object__count__C)
                  0000b930    00000004     acsnb-sensor-tiva_pem4f.oem4f (.const:ti_sysbios_family_arm_m3_Hwi_ccr__C)
                  0000b934    00000004     acsnb-sensor-tiva_pem4f.oem4f (.const:ti_sysbios_family_arm_m3_Hwi_excHandlerFunc__C)
                  0000b938    00000004     acsnb-sensor-tiva_pem4f.oem4f (.const:ti_sysbios_family_arm_m3_Hwi_excHookFuncs__C)
                  0000b93c    00000004     acsnb-sensor-tiva_pem4f.oem4f (.const:ti_sysbios_family_arm_m3_Hwi_nullIsrFunc__C)
                  0000b940    00000004     acsnb-sensor-tiva_pem4f.oem4f (.const:ti_sysbios_family_arm_m3_Hwi_priGroup__C)
                  0000b944    00000004     acsnb-sensor-tiva_pem4f.oem4f (.const:ti_sysbios_gates_GateMutex_A_badContext__C)
                  0000b948    00000004     acsnb-sensor-tiva_pem4f.oem4f (.const:ti_sysbios_gates_GateMutex_Instance_State_sem__O)
                  0000b94c    00000004     acsnb-sensor-tiva_pem4f.oem4f (.const:ti_sysbios_gates_GateMutex_Module__diagsEnabled__C)
                  0000b950    00000004     acsnb-sensor-tiva_pem4f.oem4f (.const:ti_sysbios_gates_GateMutex_Module__diagsIncluded__C)
                  0000b954    00000004     acsnb-sensor-tiva_pem4f.oem4f (.const:ti_sysbios_gates_GateMutex_Module__diagsMask__C)
                  0000b958    00000004     acsnb-sensor-tiva_pem4f.oem4f (.const:ti_sysbios_hal_Hwi_E_stackOverflow__C)
                  0000b95c    00000004     acsnb-sensor-tiva_pem4f.oem4f (.const:ti_sysbios_heaps_HeapMem_A_align__C)
                  0000b960    00000004     acsnb-sensor-tiva_pem4f.oem4f (.const:ti_sysbios_heaps_HeapMem_A_heapSize__C)
                  0000b964    00000004     acsnb-sensor-tiva_pem4f.oem4f (.const:ti_sysbios_heaps_HeapMem_A_invalidFree__C)
                  0000b968    00000004     acsnb-sensor-tiva_pem4f.oem4f (.const:ti_sysbios_heaps_HeapMem_A_zeroBlock__C)
                  0000b96c    00000004     acsnb-sensor-tiva_pem4f.oem4f (.const:ti_sysbios_heaps_HeapMem_E_memory__C)
                  0000b970    00000004     acsnb-sensor-tiva_pem4f.oem4f (.const:ti_sysbios_heaps_HeapMem_Module__diagsEnabled__C)
                  0000b974    00000004     acsnb-sensor-tiva_pem4f.oem4f (.const:ti_sysbios_heaps_HeapMem_Module__diagsIncluded__C)
                  0000b978    00000004     acsnb-sensor-tiva_pem4f.oem4f (.const:ti_sysbios_heaps_HeapMem_Module__diagsMask__C)
                  0000b97c    00000004     acsnb-sensor-tiva_pem4f.oem4f (.const:ti_sysbios_heaps_HeapMem_Module__gateObj__C)
                  0000b980    00000004     acsnb-sensor-tiva_pem4f.oem4f (.const:ti_sysbios_heaps_HeapMem_Object__count__C)
                  0000b984    00000004     acsnb-sensor-tiva_pem4f.oem4f (.const:ti_sysbios_heaps_HeapMem_reqAlign__C)
                  0000b988    00000004     acsnb-sensor-tiva_pem4f.oem4f (.const:ti_sysbios_knl_Clock_LM_begin__C)
                  0000b98c    00000004     acsnb-sensor-tiva_pem4f.oem4f (.const:ti_sysbios_knl_Clock_LM_tick__C)
                  0000b990    00000004     acsnb-sensor-tiva_pem4f.oem4f (.const:ti_sysbios_knl_Clock_LW_delayed__C)
                  0000b994    00000004     acsnb-sensor-tiva_pem4f.oem4f (.const:ti_sysbios_knl_Clock_Module_State_clockQ__O)
                  0000b998    00000004     acsnb-sensor-tiva_pem4f.oem4f (.const:ti_sysbios_knl_Clock_Module__diagsEnabled__C)
                  0000b99c    00000004     acsnb-sensor-tiva_pem4f.oem4f (.const:ti_sysbios_knl_Clock_Module__diagsIncluded__C)
                  0000b9a0    00000004     acsnb-sensor-tiva_pem4f.oem4f (.const:ti_sysbios_knl_Clock_Module__diagsMask__C)
                  0000b9a4    00000004     acsnb-sensor-tiva_pem4f.oem4f (.const:ti_sysbios_knl_Clock_Module__loggerFxn1__C)
                  0000b9a8    00000004     acsnb-sensor-tiva_pem4f.oem4f (.const:ti_sysbios_knl_Clock_Module__loggerFxn2__C)
                  0000b9ac    00000004     acsnb-sensor-tiva_pem4f.oem4f (.const:ti_sysbios_knl_Clock_Module__loggerObj__C)
                  0000b9b0    00000004     acsnb-sensor-tiva_pem4f.oem4f (.const:ti_sysbios_knl_Semaphore_A_badContext__C)
                  0000b9b4    00000004     acsnb-sensor-tiva_pem4f.oem4f (.const:ti_sysbios_knl_Semaphore_A_noEvents__C)
                  0000b9b8    00000004     acsnb-sensor-tiva_pem4f.oem4f (.const:ti_sysbios_knl_Semaphore_A_overflow__C)
                  0000b9bc    00000004     acsnb-sensor-tiva_pem4f.oem4f (.const:ti_sysbios_knl_Semaphore_A_pendTaskDisabled__C)
                  0000b9c0    00000004     acsnb-sensor-tiva_pem4f.oem4f (.const:ti_sysbios_knl_Semaphore_Instance_State_pendQ__O)
                  0000b9c4    00000004     acsnb-sensor-tiva_pem4f.oem4f (.const:ti_sysbios_knl_Semaphore_LM_pend__C)
                  0000b9c8    00000004     acsnb-sensor-tiva_pem4f.oem4f (.const:ti_sysbios_knl_Semaphore_LM_post__C)
                  0000b9cc    00000004     acsnb-sensor-tiva_pem4f.oem4f (.const:ti_sysbios_knl_Semaphore_Module__diagsEnabled__C)
                  0000b9d0    00000004     acsnb-sensor-tiva_pem4f.oem4f (.const:ti_sysbios_knl_Semaphore_Module__diagsIncluded__C)
                  0000b9d4    00000004     acsnb-sensor-tiva_pem4f.oem4f (.const:ti_sysbios_knl_Semaphore_Module__diagsMask__C)
                  0000b9d8    00000004     acsnb-sensor-tiva_pem4f.oem4f (.const:ti_sysbios_knl_Semaphore_Module__loggerFxn2__C)
                  0000b9dc    00000004     acsnb-sensor-tiva_pem4f.oem4f (.const:ti_sysbios_knl_Semaphore_Module__loggerFxn4__C)
                  0000b9e0    00000004     acsnb-sensor-tiva_pem4f.oem4f (.const:ti_sysbios_knl_Semaphore_Module__loggerObj__C)
                  0000b9e4    00000004     acsnb-sensor-tiva_pem4f.oem4f (.const:ti_sysbios_knl_Swi_LD_end__C)
                  0000b9e8    00000004     acsnb-sensor-tiva_pem4f.oem4f (.const:ti_sysbios_knl_Swi_LM_begin__C)
                  0000b9ec    00000004     acsnb-sensor-tiva_pem4f.oem4f (.const:ti_sysbios_knl_Swi_LM_post__C)
                  0000b9f0    00000004     acsnb-sensor-tiva_pem4f.oem4f (.const:ti_sysbios_knl_Swi_Module__diagsEnabled__C)
                  0000b9f4    00000004     acsnb-sensor-tiva_pem4f.oem4f (.const:ti_sysbios_knl_Swi_Module__diagsIncluded__C)
                  0000b9f8    00000004     acsnb-sensor-tiva_pem4f.oem4f (.const:ti_sysbios_knl_Swi_Module__diagsMask__C)
                  0000b9fc    00000004     acsnb-sensor-tiva_pem4f.oem4f (.const:ti_sysbios_knl_Swi_Module__loggerFxn1__C)
                  0000ba00    00000004     acsnb-sensor-tiva_pem4f.oem4f (.const:ti_sysbios_knl_Swi_Module__loggerFxn4__C)
                  0000ba04    00000004     acsnb-sensor-tiva_pem4f.oem4f (.const:ti_sysbios_knl_Swi_Module__loggerObj__C)
                  0000ba08    00000004     acsnb-sensor-tiva_pem4f.oem4f (.const:ti_sysbios_knl_Swi_Object__count__C)
                  0000ba0c    00000004     acsnb-sensor-tiva_pem4f.oem4f (.const:ti_sysbios_knl_Task_A_badTimeout__C)
                  0000ba10    00000004     acsnb-sensor-tiva_pem4f.oem4f (.const:ti_sysbios_knl_Task_A_sleepTaskDisabled__C)
                  0000ba14    00000004     acsnb-sensor-tiva_pem4f.oem4f (.const:ti_sysbios_knl_Task_E_spOutOfBounds__C)
                  0000ba18    00000004     acsnb-sensor-tiva_pem4f.oem4f (.const:ti_sysbios_knl_Task_E_stackOverflow__C)
                  0000ba1c    00000004     acsnb-sensor-tiva_pem4f.oem4f (.const:ti_sysbios_knl_Task_LD_block__C)
                  0000ba20    00000004     acsnb-sensor-tiva_pem4f.oem4f (.const:ti_sysbios_knl_Task_LD_exit__C)
                  0000ba24    00000004     acsnb-sensor-tiva_pem4f.oem4f (.const:ti_sysbios_knl_Task_LD_ready__C)
                  0000ba28    00000004     acsnb-sensor-tiva_pem4f.oem4f (.const:ti_sysbios_knl_Task_LM_sleep__C)
                  0000ba2c    00000004     acsnb-sensor-tiva_pem4f.oem4f (.const:ti_sysbios_knl_Task_LM_switch__C)
                  0000ba30    00000004     acsnb-sensor-tiva_pem4f.oem4f (.const:ti_sysbios_knl_Task_Module_State_inactiveQ__O)
                  0000ba34    00000004     acsnb-sensor-tiva_pem4f.oem4f (.const:ti_sysbios_knl_Task_Module__diagsEnabled__C)
                  0000ba38    00000004     acsnb-sensor-tiva_pem4f.oem4f (.const:ti_sysbios_knl_Task_Module__diagsIncluded__C)
                  0000ba3c    00000004     acsnb-sensor-tiva_pem4f.oem4f (.const:ti_sysbios_knl_Task_Module__diagsMask__C)
                  0000ba40    00000004     acsnb-sensor-tiva_pem4f.oem4f (.const:ti_sysbios_knl_Task_Module__loggerFxn2__C)
                  0000ba44    00000004     acsnb-sensor-tiva_pem4f.oem4f (.const:ti_sysbios_knl_Task_Module__loggerFxn4__C)
                  0000ba48    00000004     acsnb-sensor-tiva_pem4f.oem4f (.const:ti_sysbios_knl_Task_Module__loggerObj__C)
                  0000ba4c    00000004     acsnb-sensor-tiva_pem4f.oem4f (.const:ti_sysbios_knl_Task_Object__count__C)
                  0000ba50    00000004     acsnb-sensor-tiva_pem4f.oem4f (.const:ti_sysbios_knl_Task_allBlockedFunc__C)
                  0000ba54    00000004     acsnb-sensor-tiva_pem4f.oem4f (.const:ti_sysbios_knl_Task_numConstructedTasks__C)
                  0000ba58    00000004     acsnb-sensor-tiva_pem4f.oem4f (.const:ti_sysbios_utils_Load_LS_cpuLoad__C)
                  0000ba5c    00000004     acsnb-sensor-tiva_pem4f.oem4f (.const:ti_sysbios_utils_Load_Module__diagsEnabled__C)
                  0000ba60    00000004     acsnb-sensor-tiva_pem4f.oem4f (.const:ti_sysbios_utils_Load_Module__diagsIncluded__C)
                  0000ba64    00000004     acsnb-sensor-tiva_pem4f.oem4f (.const:ti_sysbios_utils_Load_Module__diagsMask__C)
                  0000ba68    00000004     acsnb-sensor-tiva_pem4f.oem4f (.const:ti_sysbios_utils_Load_Module__loggerFxn1__C)
                  0000ba6c    00000004     acsnb-sensor-tiva_pem4f.oem4f (.const:ti_sysbios_utils_Load_Module__loggerObj__C)
                  0000ba70    00000004     acsnb-sensor-tiva_pem4f.oem4f (.const:ti_sysbios_utils_Load_postUpdate__C)
                  0000ba74    00000004     acsnb-sensor-tiva_pem4f.oem4f (.const:ti_sysbios_utils_Load_windowInMs__C)
                  0000ba78    00000004     acsnb-sensor-tiva_pem4f.oem4f (.const:ti_uia_loggers_LoggerStopMode_Module__diagsEnabled__C)
                  0000ba7c    00000004     acsnb-sensor-tiva_pem4f.oem4f (.const:ti_uia_loggers_LoggerStopMode_Module__diagsIncluded__C)
                  0000ba80    00000004     acsnb-sensor-tiva_pem4f.oem4f (.const:ti_uia_loggers_LoggerStopMode_Module__diagsMask__C)
                  0000ba84    00000004     acsnb-sensor-tiva_pem4f.oem4f (.const:ti_uia_loggers_LoggerStopMode_Object__count__C)
                  0000ba88    00000004     acsnb-sensor-tiva_pem4f.oem4f (.const:ti_uia_runtime_ILoggerSnapshot_Interface__BASE__C)
                  0000ba8c    00000004     acsnb-sensor-tiva_pem4f.oem4f (.const:ti_uia_runtime_IUIATransfer_Interface__BASE__C)
                  0000ba90    00000004     acsnb-sensor-tiva_pem4f.oem4f (.const:xdc_runtime_Assert_E_assertFailed__C)
                  0000ba94    00000004     acsnb-sensor-tiva_pem4f.oem4f (.const:xdc_runtime_Core_A_initializedParams__C)
                  0000ba98    00000004     acsnb-sensor-tiva_pem4f.oem4f (.const:xdc_runtime_Core_Module__diagsEnabled__C)
                  0000ba9c    00000004     acsnb-sensor-tiva_pem4f.oem4f (.const:xdc_runtime_Core_Module__diagsIncluded__C)
                  0000baa0    00000004     acsnb-sensor-tiva_pem4f.oem4f (.const:xdc_runtime_Core_Module__diagsMask__C)
                  0000baa4    00000004     acsnb-sensor-tiva_pem4f.oem4f (.const:xdc_runtime_Error_E_memory__C)
                  0000baa8    00000004     acsnb-sensor-tiva_pem4f.oem4f (.const:xdc_runtime_Error_Module__diagsEnabled__C)
                  0000baac    00000004     acsnb-sensor-tiva_pem4f.oem4f (.const:xdc_runtime_Error_Module__diagsIncluded__C)
                  0000bab0    00000004     acsnb-sensor-tiva_pem4f.oem4f (.const:xdc_runtime_Error_Module__diagsMask__C)
                  0000bab4    00000004     acsnb-sensor-tiva_pem4f.oem4f (.const:xdc_runtime_Error_Module__loggerFxn8__C)
                  0000bab8    00000004     acsnb-sensor-tiva_pem4f.oem4f (.const:xdc_runtime_Error_Module__loggerObj__C)
                  0000babc    00000004     acsnb-sensor-tiva_pem4f.oem4f (.const:xdc_runtime_Error_policyFxn__C)
                  0000bac0    00000004     acsnb-sensor-tiva_pem4f.oem4f (.const:xdc_runtime_Error_raiseHook__C)
                  0000bac4    00000004     acsnb-sensor-tiva_pem4f.oem4f (.const:xdc_runtime_IFilterLogger_Interface__BASE__C)
                  0000bac8    00000004     acsnb-sensor-tiva_pem4f.oem4f (.const:xdc_runtime_IGateProvider_Interface__BASE__C)
                  0000bacc    00000004     acsnb-sensor-tiva_pem4f.oem4f (.const:xdc_runtime_IHeap_Interface__BASE__C)
                  0000bad0    00000004     acsnb-sensor-tiva_pem4f.oem4f (.const:xdc_runtime_ILogger_Interface__BASE__C)
                  0000bad4    00000004     acsnb-sensor-tiva_pem4f.oem4f (.const:xdc_runtime_IModule_Interface__BASE__C)
                  0000bad8    00000004     acsnb-sensor-tiva_pem4f.oem4f (.const:xdc_runtime_Log_L_error__C)
                  0000badc    00000004     acsnb-sensor-tiva_pem4f.oem4f (.const:xdc_runtime_Memory_defaultHeapInstance__C)
                  0000bae0    00000004     acsnb-sensor-tiva_pem4f.oem4f (.const:xdc_runtime_Startup_execImpl__C)
                  0000bae4    00000004     acsnb-sensor-tiva_pem4f.oem4f (.const:xdc_runtime_Startup_lastFxns__A)
                  0000bae8    00000004     acsnb-sensor-tiva_pem4f.oem4f (.const:xdc_runtime_Startup_maxPasses__C)
                  0000baec    00000004     acsnb-sensor-tiva_pem4f.oem4f (.const:xdc_runtime_Startup_sfxnRts__C)
                  0000baf0    00000004     acsnb-sensor-tiva_pem4f.oem4f (.const:xdc_runtime_Startup_sfxnTab__C)
                  0000baf4    00000004     acsnb-sensor-tiva_pem4f.oem4f (.const:xdc_runtime_SysMin_bufSize__C)
                  0000baf8    00000004     acsnb-sensor-tiva_pem4f.oem4f (.const:xdc_runtime_SysMin_outputFunc__C)
                  0000bafc    00000004     acsnb-sensor-tiva_pem4f.oem4f (.const:xdc_runtime_System_Module__gateObj__C)
                  0000bb00    00000004     acsnb-sensor-tiva_pem4f.oem4f (.const:xdc_runtime_System_abortFxn__C)
                  0000bb04    00000004     acsnb-sensor-tiva_pem4f.oem4f (.const:xdc_runtime_System_exitFxn__C)
                  0000bb08    00000004     acsnb-sensor-tiva_pem4f.oem4f (.const:xdc_runtime_System_extendFxn__C)
                  0000bb0c    00000004     acsnb-sensor-tiva_pem4f.oem4f (.const:xdc_runtime_System_maxAtexitHandlers__C)
                  0000bb10    00000004     acsnb-sensor-tiva_pem4f.oem4f (.const:xdc_runtime_Text_charTab__C)
                  0000bb14    00000004     acsnb-sensor-tiva_pem4f.oem4f (.const:xdc_runtime_Text_nameEmpty__C)
                  0000bb18    00000004     acsnb-sensor-tiva_pem4f.oem4f (.const:xdc_runtime_Text_nameStatic__C)
                  0000bb1c    00000004     acsnb-sensor-tiva_pem4f.oem4f (.const:xdc_runtime_Text_nameUnknown__C)
                  0000bb20    00000004     acsnb-sensor-tiva_pem4f.oem4f (.const:xdc_runtime_Text_nodeTab__C)
                  0000bb24    00000004     acsnb-sensor-tiva_pem4f.oem4f (.const:xdc_runtime_Text_visitRopeFxn__C)
                  0000bb28    00000002     acsnb-sensor-tiva_pem4f.oem4f (.const:ti_sysbios_family_arm_lm4_TimestampProvider_useClockTimer__C)
                  0000bb2a    00000002     acsnb-sensor-tiva_pem4f.oem4f (.const:ti_sysbios_family_arm_m3_Hwi_Module__id__C)
                  0000bb2c    00000002     acsnb-sensor-tiva_pem4f.oem4f (.const:ti_sysbios_family_arm_m3_Hwi_Module__loggerDefined__C)
                  0000bb2e    00000002     acsnb-sensor-tiva_pem4f.oem4f (.const:ti_sysbios_gates_GateMutex_Module__id__C)
                  0000bb30    00000002     acsnb-sensor-tiva_pem4f.oem4f (.const:ti_sysbios_hal_Hwi_Module__id__C)
                  0000bb32    00000002     acsnb-sensor-tiva_pem4f.oem4f (.const:ti_sysbios_heaps_HeapMem_Module__id__C)
                  0000bb34    00000002     acsnb-sensor-tiva_pem4f.oem4f (.const:ti_sysbios_knl_Clock_Module__id__C)
                  0000bb36    00000002     acsnb-sensor-tiva_pem4f.oem4f (.const:ti_sysbios_knl_Clock_Module__loggerDefined__C)
                  0000bb38    00000002     acsnb-sensor-tiva_pem4f.oem4f (.const:ti_sysbios_knl_Semaphore_Module__id__C)
                  0000bb3a    00000002     acsnb-sensor-tiva_pem4f.oem4f (.const:ti_sysbios_knl_Semaphore_Module__loggerDefined__C)
                  0000bb3c    00000002     acsnb-sensor-tiva_pem4f.oem4f (.const:ti_sysbios_knl_Swi_Module__id__C)
                  0000bb3e    00000002     acsnb-sensor-tiva_pem4f.oem4f (.const:ti_sysbios_knl_Swi_Module__loggerDefined__C)
                  0000bb40    00000002     acsnb-sensor-tiva_pem4f.oem4f (.const:ti_sysbios_knl_Task_Module__id__C)
                  0000bb42    00000002     acsnb-sensor-tiva_pem4f.oem4f (.const:ti_sysbios_knl_Task_Module__loggerDefined__C)
                  0000bb44    00000002     acsnb-sensor-tiva_pem4f.oem4f (.const:ti_sysbios_utils_Load_Module__id__C)
                  0000bb46    00000002     acsnb-sensor-tiva_pem4f.oem4f (.const:ti_sysbios_utils_Load_Module__loggerDefined__C)
                  0000bb48    00000002     acsnb-sensor-tiva_pem4f.oem4f (.const:ti_sysbios_utils_Load_updateInIdle__C)
                  0000bb4a    00000002     acsnb-sensor-tiva_pem4f.oem4f (.const:ti_uia_loggers_LoggerStopMode_Module__id__C)
                  0000bb4c    00000002     acsnb-sensor-tiva_pem4f.oem4f (.const:ti_uia_loggers_LoggerStopMode_isTimestampEnabled__C)
                  0000bb4e    00000002     acsnb-sensor-tiva_pem4f.oem4f (.const:xdc_runtime_Core_Module__id__C)
                  0000bb50    00000002     acsnb-sensor-tiva_pem4f.oem4f (.const:xdc_runtime_Error_Module__loggerDefined__C)
                  0000bb52    00000002     acsnb-sensor-tiva_pem4f.oem4f (.const:xdc_runtime_Error_maxDepth__C)
                  0000bb54    00000002     acsnb-sensor-tiva_pem4f.oem4f (.const:xdc_runtime_Memory_Module__id__C)
                  0000bb56    00000002     acsnb-sensor-tiva_pem4f.oem4f (.const:xdc_runtime_SysMin_flushAtExit__C)
                  0000bb58    00000002     acsnb-sensor-tiva_pem4f.oem4f (.const:xdc_runtime_Text_charCnt__C)
                  0000bb5a    00000002     acsnb-sensor-tiva_pem4f.oem4f (.const:xdc_runtime_Text_isLoaded__C)
                  0000bb5c    00000002     acsnb-sensor-tiva_pem4f.oem4f (.const:xdc_runtime_Text_registryModsLastId__C)
                  0000bb5e    00000002     acsnb-sensor-tiva_pem4f.oem4f (.const:xdc_runtime_Text_unnamedModsLastId__C)

.cinit     0    0000bb60    000002f8     
                  0000bb60    000002be     (.cinit..data.load) [load image, compression = lzss]
                  0000be1e    00000002     --HOLE-- [fill = 0]
                  0000be20    0000000c     (__TI_handler_table)
                  0000be2c    00000004     --HOLE-- [fill = 0]
                  0000be30    00000008     (.cinit..bss.load) [load image, compression = zero_init]
                  0000be38    00000008     (.cinit..vecs.load) [load image, compression = zero_init]
                  0000be40    00000018     (__TI_cinit_table)

.init_array 
*          0    00000000    00000000     UNINITIALIZED

.bss       0    20000400    00004ec4     UNINITIALIZED
                  20000400    00002300     acsnb-sensor-tiva_pem4f.oem4f (.bss:taskStackSection)
                  20002700    00001000     (.common:ti_sysbios_heaps_HeapMem_Instance_State_0_buf__A)
                  20003700    00000400     (.common:ti_uia_loggers_LoggerStopMode_Instance_State_1_packetArray__A)
                  20003b00    00000400     (.common:ti_uia_loggers_LoggerStopMode_Instance_State_2_packetArray__A)
                  20003f00    00000400     (.common:xdc_runtime_SysMin_Module_State_0_outbuf__A)
                  20004300    00000360     (.common:ti_sysbios_family_arm_m3_Hwi_dispatchTable)
                  20004660    00000300     (.common:i2cTivaObjects)
                  20004960    00000020     (.common:slaveSpiParams)
                  20004980    00000200     (.common:ti_uia_loggers_LoggerStopMode_Instance_State_0_packetArray__A)
                  20004b80    0000007e     (.common:spiMessageIn)
                  20004bfe    00000002     --HOLE--
                  20004c00    00000200     EK_TM4C123.obj (.bss:dmaControlTable)
                  20004e00    00000120     rtsv7M4_T_le_v4SPD16_eabi.lib : trgmsg.c.obj (.bss:_CIOBUF_)
                  20004f20    00000090     drivers_tivaware.aem4f : GPIOTiva.oem4f (.bss:gpioCallbackInfo)
                  20004fb0    0000007e     (.common:spiMessageOut)
                  2000502e    00000002     --HOLE--
                  20005030    0000004c     (.common:spiTivaDMAObjects)
                  2000507c    00000030     (.common:filter)
                  200050ac    0000001c     EK_TM4C123.obj (.bss:hwiStruct)
                  200050c8    0000001c     (.common:i2cTransaction0)
                  200050e4    0000001c     (.common:i2cTransaction1)
                  20005100    00000030     (.common:ti_uia_loggers_LoggerStopMode_Instance_State_0_hdr__A)
                  20005130    0000001c     (.common:i2cTransaction2)
                  2000514c    0000001c     (.common:i2cTransaction3)
                  20005168    00000014     (.common:slaveTransaction1)
                  2000517c    00000004     (.common:gpioInterruptVectors)
                  20005180    00000030     (.common:ti_uia_loggers_LoggerStopMode_Instance_State_1_hdr__A)
                  200051b0    0000001c     (.common:i2cTransaction4)
                  200051cc    0000001c     (.common:i2cTransaction5)
                  200051e8    00000010     (.common:i2cParams0)
                  200051f8    00000008     (.common:parmbuf)
                  20005200    00000030     (.common:ti_uia_loggers_LoggerStopMode_Instance_State_2_hdr__A)
                  20005230    0000001c     (.common:semStruct)
                  2000524c    00000010     (.common:i2cParams1)
[...]
0000b9a8  ti_sysbios_knl_Clock_Module__loggerFxn2__C                        
0000b9ac  ti_sysbios_knl_Clock_Module__loggerObj__C                         
0000b9b0  ti_sysbios_knl_Semaphore_A_badContext__C                          
0000b9b4  ti_sysbios_knl_Semaphore_A_noEvents__C                            
0000b9b8  ti_sysbios_knl_Semaphore_A_overflow__C                            
0000b9bc  ti_sysbios_knl_Semaphore_A_pendTaskDisabled__C                    
0000b9c0  ti_sysbios_knl_Semaphore_Instance_State_pendQ__O                  
0000b9c4  ti_sysbios_knl_Semaphore_LM_pend__C                               
0000b9c8  ti_sysbios_knl_Semaphore_LM_post__C                               
0000b9cc  ti_sysbios_knl_Semaphore_Module__diagsEnabled__C                  
0000b9d0  ti_sysbios_knl_Semaphore_Module__diagsIncluded__C                 
0000b9d4  ti_sysbios_knl_Semaphore_Module__diagsMask__C                     
0000b9d8  ti_sysbios_knl_Semaphore_Module__loggerFxn2__C                    
0000b9dc  ti_sysbios_knl_Semaphore_Module__loggerFxn4__C                    
0000b9e0  ti_sysbios_knl_Semaphore_Module__loggerObj__C                     
0000b9e4  ti_sysbios_knl_Swi_LD_end__C                                      
0000b9e8  ti_sysbios_knl_Swi_LM_begin__C                                    
0000b9ec  ti_sysbios_knl_Swi_LM_post__C                                     
0000b9f0  ti_sysbios_knl_Swi_Module__diagsEnabled__C                        
0000b9f4  ti_sysbios_knl_Swi_Module__diagsIncluded__C                       
0000b9f8  ti_sysbios_knl_Swi_Module__diagsMask__C                           
0000b9fc  ti_sysbios_knl_Swi_Module__loggerFxn1__C                          
0000ba00  ti_sysbios_knl_Swi_Module__loggerFxn4__C                          
0000ba04  ti_sysbios_knl_Swi_Module__loggerObj__C                           
0000ba08  ti_sysbios_knl_Swi_Object__count__C                               
0000ba0c  ti_sysbios_knl_Task_A_badTimeout__C                               
0000ba10  ti_sysbios_knl_Task_A_sleepTaskDisabled__C                        
0000ba14  ti_sysbios_knl_Task_E_spOutOfBounds__C                            
0000ba18  ti_sysbios_knl_Task_E_stackOverflow__C                            
0000ba1c  ti_sysbios_knl_Task_LD_block__C                                   
0000ba20  ti_sysbios_knl_Task_LD_exit__C                                    
0000ba24  ti_sysbios_knl_Task_LD_ready__C                                   
0000ba28  ti_sysbios_knl_Task_LM_sleep__C                                   
0000ba2c  ti_sysbios_knl_Task_LM_switch__C                                  
0000ba30  ti_sysbios_knl_Task_Module_State_inactiveQ__O                     
0000ba34  ti_sysbios_knl_Task_Module__diagsEnabled__C                       
0000ba38  ti_sysbios_knl_Task_Module__diagsIncluded__C                      
0000ba3c  ti_sysbios_knl_Task_Module__diagsMask__C                          
0000ba40  ti_sysbios_knl_Task_Module__loggerFxn2__C                         
0000ba44  ti_sysbios_knl_Task_Module__loggerFxn4__C                         
0000ba48  ti_sysbios_knl_Task_Module__loggerObj__C                          
0000ba4c  ti_sysbios_knl_Task_Object__count__C                              
0000ba50  ti_sysbios_knl_Task_allBlockedFunc__C                             
0000ba54  ti_sysbios_knl_Task_numConstructedTasks__C                        
0000ba58  ti_sysbios_utils_Load_LS_cpuLoad__C                               
0000ba5c  ti_sysbios_utils_Load_Module__diagsEnabled__C                     
0000ba60  ti_sysbios_utils_Load_Module__diagsIncluded__C                    
0000ba64  ti_sysbios_utils_Load_Module__diagsMask__C                        
0000ba68  ti_sysbios_utils_Load_Module__loggerFxn1__C                       
0000ba6c  ti_sysbios_utils_Load_Module__loggerObj__C                        
0000ba70  ti_sysbios_utils_Load_postUpdate__C                               
0000ba74  ti_sysbios_utils_Load_windowInMs__C                               
0000ba78  ti_uia_loggers_LoggerStopMode_Module__diagsEnabled__C             
0000ba7c  ti_uia_loggers_LoggerStopMode_Module__diagsIncluded__C            
0000ba80  ti_uia_loggers_LoggerStopMode_Module__diagsMask__C                
0000ba84  ti_uia_loggers_LoggerStopMode_Object__count__C                    
0000ba88  ti_uia_runtime_ILoggerSnapshot_Interface__BASE__C                 
0000ba8c  ti_uia_runtime_IUIATransfer_Interface__BASE__C                    
0000ba90  xdc_runtime_Assert_E_assertFailed__C                              
0000ba94  xdc_runtime_Core_A_initializedParams__C                           
0000ba98  xdc_runtime_Core_Module__diagsEnabled__C                          
0000ba9c  xdc_runtime_Core_Module__diagsIncluded__C                         
0000baa0  xdc_runtime_Core_Module__diagsMask__C                             
0000baa4  xdc_runtime_Error_E_memory__C                                     
0000baa8  xdc_runtime_Error_Module__diagsEnabled__C                         
0000baac  xdc_runtime_Error_Module__diagsIncluded__C                        
0000bab0  xdc_runtime_Error_Module__diagsMask__C                            
0000bab4  xdc_runtime_Error_Module__loggerFxn8__C                           
0000bab8  xdc_runtime_Error_Module__loggerObj__C                            
0000babc  xdc_runtime_Error_policyFxn__C                                    
0000bac0  xdc_runtime_Error_raiseHook__C                                    
0000bac4  xdc_runtime_IFilterLogger_Interface__BASE__C                      
0000bac8  xdc_runtime_IGateProvider_Interface__BASE__C                      
0000bacc  xdc_runtime_IHeap_Interface__BASE__C                              
0000bad0  xdc_runtime_ILogger_Interface__BASE__C                            
0000bad4  xdc_runtime_IModule_Interface__BASE__C                            
0000bad8  xdc_runtime_Log_L_error__C                                        
0000badc  xdc_runtime_Memory_defaultHeapInstance__C                         
0000bae0  xdc_runtime_Startup_execImpl__C                                   
0000bae4  xdc_runtime_Startup_lastFxns__A                                   
0000bae8  xdc_runtime_Startup_maxPasses__C                                  
0000baec  xdc_runtime_Startup_sfxnRts__C                                    
0000baf0  xdc_runtime_Startup_sfxnTab__C                                    
0000baf4  xdc_runtime_SysMin_bufSize__C                                     
0000baf8  xdc_runtime_SysMin_outputFunc__C                                  
0000bafc  xdc_runtime_System_Module__gateObj__C                             
0000bb00  xdc_runtime_System_abortFxn__C                                    
0000bb04  xdc_runtime_System_exitFxn__C                                     
0000bb08  xdc_runtime_System_extendFxn__C                                   
0000bb0c  xdc_runtime_System_maxAtexitHandlers__C                           
0000bb10  xdc_runtime_Text_charTab__C                                       
0000bb14  xdc_runtime_Text_nameEmpty__C                                     
0000bb18  xdc_runtime_Text_nameStatic__C                                    
0000bb1c  xdc_runtime_Text_nameUnknown__C                                   
0000bb20  xdc_runtime_Text_nodeTab__C                                       
0000bb24  xdc_runtime_Text_visitRopeFxn__C                                  
0000bb28  ti_sysbios_family_arm_lm4_TimestampProvider_useClockTimer__C      
0000bb2a  ti_sysbios_family_arm_m3_Hwi_Module__id__C                        
0000bb2c  ti_sysbios_family_arm_m3_Hwi_Module__loggerDefined__C             
0000bb2e  ti_sysbios_gates_GateMutex_Module__id__C                          
0000bb30  ti_sysbios_hal_Hwi_Module__id__C                                  
0000bb32  ti_sysbios_heaps_HeapMem_Module__id__C                            
0000bb34  ti_sysbios_knl_Clock_Module__id__C                                
0000bb36  ti_sysbios_knl_Clock_Module__loggerDefined__C                     
0000bb38  ti_sysbios_knl_Semaphore_Module__id__C                            
0000bb3a  ti_sysbios_knl_Semaphore_Module__loggerDefined__C                 
0000bb3c  ti_sysbios_knl_Swi_Module__id__C                                  
0000bb3e  ti_sysbios_knl_Swi_Module__loggerDefined__C                       
0000bb40  ti_sysbios_knl_Task_Module__id__C                                 
0000bb42  ti_sysbios_knl_Task_Module__loggerDefined__C                      
0000bb44  ti_sysbios_utils_Load_Module__id__C                               
0000bb46  ti_sysbios_utils_Load_Module__loggerDefined__C                    
0000bb48  ti_sysbios_utils_Load_updateInIdle__C                             
0000bb4a  ti_uia_loggers_LoggerStopMode_Module__id__C                       
0000bb4c  ti_uia_loggers_LoggerStopMode_isTimestampEnabled__C               
0000bb4e  xdc_runtime_Core_Module__id__C                                    
0000bb50  xdc_runtime_Error_Module__loggerDefined__C                        
0000bb52  xdc_runtime_Error_maxDepth__C                                     
0000bb54  xdc_runtime_Memory_Module__id__C                                  
0000bb56  xdc_runtime_SysMin_flushAtExit__C                                 
0000bb58  xdc_runtime_Text_charCnt__C                                       
0000bb5a  xdc_runtime_Text_isLoaded__C                                      
0000bb5c  xdc_runtime_Text_registryModsLastId__C                            
0000bb5e  xdc_runtime_Text_unnamedModsLastId__C                             
0000bb60  __TI_static_base__                                                
0000be20  __TI_Handler_Table_Base                                           
0000be2c  __TI_Handler_Table_Limit                                          
0000be40  __TI_CINIT_Base                                                   
0000be58  __TI_CINIT_Limit                                                  
20000000  ti_sysbios_family_arm_m3_Hwi_ramVectors                           
20000400  ti_sysbios_knl_Task_Instance_State_0_stack__A                     
20000800  ti_sysbios_knl_Task_Instance_State_1_stack__A                     
20000c00  ti_sysbios_knl_Task_Instance_State_2_stack__A                     
20001000  ti_sysbios_knl_Task_Instance_State_3_stack__A                     
20001400  ti_sysbios_knl_Task_Instance_State_4_stack__A                     
20001800  ti_sysbios_knl_Task_Instance_State_5_stack__A                     
20001c00  ti_sysbios_knl_Task_Instance_State_6_stack__A                     
20001f00  ti_sysbios_knl_Task_Instance_State_7_stack__A                     
20002700  ti_sysbios_heaps_HeapMem_Instance_State_0_buf__A                  
20003700  ti_uia_loggers_LoggerStopMode_Instance_State_1_packetArray__A     
20003b00  ti_uia_loggers_LoggerStopMode_Instance_State_2_packetArray__A     
20003f00  xdc_runtime_SysMin_Module_State_0_outbuf__A                       
20004300  ti_sysbios_family_arm_m3_Hwi_dispatchTable                        
20004660  i2cTivaObjects                                                    
20004960  slaveSpiParams                                                    
20004980  ti_uia_loggers_LoggerStopMode_Instance_State_0_packetArray__A     
20004b80  spiMessageIn                                                      
20004e00  __CIOBUF_                                                         
20004fb0  spiMessageOut                                                     
20005030  spiTivaDMAObjects                                                 
2000507c  filter                                                            
200050c8  i2cTransaction0                                                   
200050e4  i2cTransaction1                                                   
20005100  ti_uia_loggers_LoggerStopMode_Instance_State_0_hdr__A             
20005130  i2cTransaction2                                                   
2000514c  i2cTransaction3                                                   
20005168  slaveTransaction1                                                 
20005180  ti_uia_loggers_LoggerStopMode_Instance_State_1_hdr__A             
200051b0  i2cTransaction4                                                   
200051cc  i2cTransaction5                                                   
200051e8  i2cParams0                                                        
200051f8  parmbuf                                                           
20005200  ti_uia_loggers_LoggerStopMode_Instance_State_2_hdr__A             
20005230  semStruct                                                         
2000524c  i2cParams1                                                        
2000525c  i2cParams2                                                        
2000526c  i2cParams3                                                        
2000527c  i2cParams4                                                        
2000528c  i2cParams5                                                        
2000529c  i2c0                                                              
200052a0  i2c1                                                              
200052a4  i2c2                                                              
200052a8  i2c3                                                              
200052ac  i2c4                                                              
200052b0  i2c5                                                              
200052b4  semHandle                                                         
200052b8  slaveSpi                                                          
200052c0  spiTivaDMAscratchBuf                                              
200052c4  ti_sysbios_knl_Task_Object__table__V                              
20005524  ti_uia_loggers_LoggerStopMode_Object__table__V                    
200055c0  ti_sysbios_utils_Load_Module__state__V                            
20005658  ti_sysbios_family_arm_lm4_Timer_Object__table__V                  
200056d8  ti_sysbios_knl_Swi_Module_State_0_readyQ__A                       
20005758  ti_sysbios_knl_Task_Module__state__V                              
2000579c  ti_sysbios_gates_GateMutex_Object__table__V                       
200057d4  ti_sysbios_family_arm_m3_Hwi_Module__state__V                     
20005808  ti_sysbios_family_arm_lm4_Timer_Module_State_0_device__A          
20005838  ti_sysbios_family_arm_m3_Hwi_Object__table__V                     
20005868  ti_sysbios_knl_Swi_Object__table__V                               
20005898  ti_sysbios_knl_Clock_Module__state__V                             
200058c4  gpioPinConfigs                                                    
200058ec  ti_sysbios_BIOS_Module__state__V                                  
20005910  ti_sysbios_knl_Task_Module_State_0_readyQ__A                      
20005930  xdc_runtime_System_Module_State_0_atexitHandlers__A               
20005950  ti_sysbios_knl_Swi_Module__state__V                               
2000596c  gpioCallbackFunctions                                             
20005984  ti_sysbios_family_arm_lm4_Timer_Module_State_0_handles__A         
2000599c  ti_sysbios_heaps_HeapMem_Object__table__V                         
200059b4  adAllSensorConversionTime                                         
200059b5  switchcmd0                                                        
200059b6  switchcmd1                                                        
200059b7  switchcmd2                                                        
200059b8  switchcmd3                                                        
200059b9  switchcmd4                                                        
200059ba  switchcmd5                                                        
200059bb  switchNew0                                                        
200059bc  switchNew1                                                        
200059bd  switchNew2                                                        
200059be  switchNew3                                                        
200059bf  switchNew4                                                        
200059c0  switchNew5                                                        
200059c1  intflag0                                                          
200059c2  intflag1                                                          
200059c3  intflag2                                                          
200059c4  intflag3                                                          
200059c5  intflag4                                                          
200059c6  intflag5                                                          
200059c8  ti_sysbios_family_arm_lm4_Timer_Module__state__V                  
200059d4  ti_sysbios_knl_Task_Module__root__V                               
200059e0  ti_uia_runtime_QueueDescriptor_Module__state__V                   
200059ec  xdc_runtime_SysMin_Module__state__V                               
200059f8  _lock                                                             
200059fc  _unlock                                                           
20005a00  ti_uia_runtime_QueueDescriptor_gPtrToFirstDescriptor              
20005a04  ti_uia_runtime_QueueDescriptor_gUpdateCount                       
20005a08  ti_sysbios_family_arm_lm4_TimestampProvider_Module__state__V      
20005a10  ti_sysbios_family_arm_m3_Hwi_Module__root__V                      
20005a18  ti_sysbios_gates_GateHwi_Module__root__V                          
20005a20  ti_sysbios_gates_GateMutex_Module__root__V                        
20005a28  ti_sysbios_heaps_HeapMem_Module__root__V                          
20005a30  ti_sysbios_knl_Queue_Module__root__V                              
20005a38  ti_sysbios_knl_Semaphore_Module__root__V                          
20005a40  ti_uia_loggers_LoggerStopMode_Module__root__V                     
20005a48  xdc_runtime_Registry_Module__state__V                             
20005a50  xdc_runtime_Startup_Module__state__V                              
20005a58  xdc_runtime_System_Module__state__V                               
20005a60  adGetAllCaps                                                      
20005a66  ti_sysbios_family_arm_m3_Hwi_Module_State_0_excActive__A          
20005a6e  xdc_runtime_Error_Module__state__V                                
20005a78  main_func_sp                                                      
20005a7c  ti_sysbios_family_arm_m3_Hwi_Module_State_0_excContext__A         
20005a80  ti_sysbios_family_arm_m3_Hwi_Module_State_0_excStack__A           
20005a84  ti_sysbios_gates_GateHwi_Object__table__V                         
20005a88  ti_sysbios_knl_Task_Module_State_0_idleTask__A                    
20005a8c  ti_sysbios_utils_Load_Module_State_0_runningTask__A               
20005a90  ti_sysbios_utils_Load_Module_State_0_taskStartTime__A             
20005a94  xdc_runtime_Memory_Module__state__V                               
20005a98  __stack                                                           
20005c98  __STACK_TOP                                                       
20005d98  __STACK_END                                                       
e000e000  ti_sysbios_family_arm_m3_Hwi_nvic                                 
ffffffff  __TI_pprof_out_hndl                                               
ffffffff  __TI_prof_data_size                                               
ffffffff  __TI_prof_data_start                                              
ffffffff  __binit__                                                         
ffffffff  __c_args__                                                        
ffffffff  binit                                                             
UNDEFED   SHT$$INIT_ARRAY$$Base                                             
UNDEFED   SHT$$INIT_ARRAY$$Limit                                            

[825 symbols]
