******************************************************************************
                  TI ARM Linker PC v5.2.5                      
******************************************************************************
>> Linked Wed Feb 03 13:10:25 2016

OUTPUT FILE NAME:   <acsndSensor.out>
ENTRY POINT SYMBOL: "_c_int00"  address: 00006291


MEMORY CONFIGURATION

         name            origin    length      used     unused   attr    fill
----------------------  --------  ---------  --------  --------  ----  --------
  FLASH                 00000000   00040000  0000b02e  00034fd2  R  X
  SRAM                  20000000   00008000  00004564  00003a9c  RW X


SEGMENT ALLOCATION MAP

run origin  load origin   length   init length attrs members
----------  ----------- ---------- ----------- ----- -------
00000000    00000000    0000b038   0000b038    r-x
  00000000    00000000    0000003c   0000003c    r-- .resetVecs
  00000040    00000040    0000822a   0000822a    r-x .text
  0000826c    0000826c    00002950   00002950    r-- .const
  0000abc0    0000abc0    00000478   00000478    r-- .cinit
20000000    20000000    00000360   00000000    rw-
  20000000    20000000    00000360   00000000    rw- .vecs
20000400    20000400    00004204   00000000    rw-
  20000400    20000400    0000384c   00000000    rw- .bss
  20003c4c    20003c4c    000006b8   00000000    rw- .data
  20004304    20004304    00000300   00000000    rw- .stack


SECTION ALLOCATION MAP

 output                                  attributes/
section   page    origin      length       input sections
--------  ----  ----------  ----------   ----------------
.resetVecs 
*          0    00000000    0000003c     
                  00000000    0000003c     acsndSensor_pem4f.oem4f (.resetVecs)

.text      0    00000040    0000822a     
                  00000040    00000430     sysbios.aem4f : BIOS.obj (.text:ti_sysbios_family_arm_m3_Hwi_excDumpRegs__I)
                  00000470    0000034c     ti.targets.arm.rtsarm.aem4f : System.oem4f (.text:xdc_runtime_System_doPrint__I)
                  000007bc    00000004     driverlib.lib : i2c.obj (.text:I2CMasterControl)
                  000007c0    00000314     sysbios.aem4f : BIOS.obj (.text:ti_sysbios_knl_Semaphore_pend__E)
                  00000ad4    000002d4     rtsv7M4_T_le_v4SPD16_eabi.lib : trgdrv.obj (.text)
                  00000da8    00000254     sysbios.aem4f : BIOS.obj (.text:ti_sysbios_heaps_HeapMem_free__E)
                  00000ffc    00000004     driverlib.lib : i2c.obj (.text:I2CMasterDataGet)
                  00001000    00000240     sysbios.aem4f : BIOS.obj (.text:ti_sysbios_heaps_HeapMem_alloc__E)
                  00001240    0000022c     acsndSensor.obj (.text:setupI2CDevices)
                  0000146c    00000004     driverlib.lib : i2c.obj (.text:I2CMasterDataPut)
                  00001470    00000200     sysbios.aem4f : BIOS.obj (.text:ti_sysbios_knl_Task_sleep__E)
                  00001670    000001fc                   : BIOS.obj (.text:ti_sysbios_family_arm_m3_Hwi_excHandlerMax__I)
                  0000186c    000001ec     acsndSensor_pem4f.oem4f (.text:xdc_runtime_System_printfExtend__I)
                  00001a58    000001b8     acsndSensor.obj (.text:readSi7020)
                  00001c10    000001b6     rtsv7M4_T_le_v4SPD16_eabi.lib : fd_add_t2.obj (.text)
                  00001dc6    00000002     drivers_tivaware.aem4f : SPITivaDMA.oem4f (.text:SPITivaDMA_serviceISR)
                  00001dc8    0000019c     acsndSensor.obj (.text:readAD7745)
                  00001f64    00000004     driverlib.lib : ssi.obj (.text:SSIIntClear)
                  00001f68    0000017c     sysbios.aem4f : BIOS.obj (.text:ti_sysbios_family_arm_lm4_TimestampProvider_get64__E)
                  000020e4    00000004     acsndSensor.obj (.text:spiCallback)
                  000020e8    00000174     sysbios.aem4f : BIOS.obj (.text:ti_sysbios_family_arm_m3_Hwi_excBusFault__I)
                  0000225c    00000004     acsndSensor_pem4f.oem4f (.text:ti_sysbios_BIOS_RtsGateProxy_enter__E)
                  00002260    00000168     sysbios.aem4f : BIOS.obj (.text:ti_sysbios_family_arm_lm4_Timer_start__E)
                  000023c8    00000164                   : BIOS.obj (.text:ti_sysbios_family_arm_m3_Hwi_excUsageFault__I)
                  0000252c    00000148     drivers_tivaware.aem4f : GPIOTiva.oem4f (.text:GPIO_setConfig)
                  00002674    00000004     acsndSensor_pem4f.oem4f (.text:ti_sysbios_BIOS_RtsGateProxy_leave__E)
                  00002678    00000148     sysbios.aem4f : BIOS.obj (.text:ti_sysbios_family_arm_m3_Hwi_excMemFault__I)
                  000027c0    00000140                   : BIOS.obj (.text:ti_sysbios_knl_Semaphore_post__E)
                  00002900    0000013c                   : BIOS.obj (.text:ti_sysbios_heaps_HeapMem_Instance_init__E)
                  00002a3c    00000004                   : BIOS.obj (.text:ti_sysbios_family_arm_lm4_Timer_masterEnable__I)
                  00002a40    00000138                   : BIOS.obj (.text:ti_sysbios_family_arm_m3_Hwi_dispatchC__I)
                  00002b78    00000138     acsndSensor_pem4f.oem4f (.text:ti_uia_loggers_LoggerStopMode_writeMemoryRange__E)
                  00002cb0    00000136     rtsv7M4_T_le_v4SPD16_eabi.lib : fd_div_t2.obj (.text)
                  00002de6    00000002                                   : i_div0.obj (.text)
                  00002de8    00000134     sysbios.aem4f : BIOS.obj (.text:ti_sysbios_knl_Clock_workFunc__E)
                  00002f1c    00000130     driverlib.lib : gpio.obj (.text:GPIOPadConfigSet)
                  0000304c    00000004     acsndSensor_pem4f.oem4f (.text:ti_sysbios_family_arm_m3_Hwi_destruct)
                  00003050    0000011c     sysbios.aem4f : BIOS.obj (.text:ti_sysbios_knl_Swi_run__I)
                  0000316c    00000118     ti.targets.arm.rtsarm.aem4f : Error.oem4f (.text:xdc_runtime_Error_policyDefault__E)
                  00003284    0000010c     acsndSensor.obj (.text:readLTC2485)
                  00003390    0000010c     acsndSensor_pem4f.oem4f (.text:ti_uia_loggers_LoggerStopMode_write8__E)
                  0000349c    00000100     Boot.aem4f : Boot_sysctl.oem4f (.text:ti_catalog_arm_cortexm4_tiva_ce_Boot_sysCtlClockSetI__I)
                  0000359c    00000100     ti.targets.arm.rtsarm.aem4f : Core-mem.oem4f (.text:xdc_runtime_Core_createObject__I)
                  0000369c    000000fc     rtsv7M4_T_le_v4SPD16_eabi.lib : fd_mul_t2.obj (.text)
                  00003798    000000f8     ti.targets.arm.rtsarm.aem4f : Startup.oem4f (.text:xdc_runtime_Startup_startMods__I)
                  00003890    000000f4     sysbios.aem4f : m3_Hwi_asm.obj (.text:ti_sysbios_family_arm_m3_Hwi_dispatch__I)
                  00003984    000000f4     acsndSensor_pem4f.oem4f (.text:ti_uia_loggers_LoggerStopMode_write4__E)
                  00003a78    000000e8     drivers_tivaware.aem4f : I2CTiva.oem4f (.text:I2CTiva_open)
                  00003b60    000000e8     acsndSensor_pem4f.oem4f (.text:ti_uia_loggers_LoggerStopMode_write2__E)
                  00003c48    000000e4     acsndSensor_pem4f.oem4f (.text:ti_uia_loggers_LoggerStopMode_write1__E)
                  00003d2c    000000e0     drivers_tivaware.aem4f : SPITivaDMA.oem4f (.text:SPITivaDMA_open)
                  00003e0c    00000004     acsndSensor_pem4f.oem4f (.text:ti_sysbios_family_arm_m3_TaskSupport_Module__startupDone__S)
                  00003e10    000000d8     sysbios.aem4f : BIOS.obj (.text:ti_sysbios_family_arm_lm4_TimestampProvider_get32__E)
                  00003ee8    000000d8     acsndSensor_pem4f.oem4f (.text:ti_uia_loggers_LoggerStopMode_write0__E)
                  00003fc0    000000d6     drivers_tivaware.aem4f : I2CTiva.oem4f (.text:I2CTiva_hwiFxn)
                  00004096    00000002     acsndSensor_pem4f.oem4f (.text:ti_sysbios_BIOS_nullFunc__I)
                  00004098    000000cc     sysbios.aem4f : BIOS.obj (.text:ti_sysbios_knl_Task_schedule__I)
                  00004164    000000cc     ti.targets.arm.rtsarm.aem4f : Core-smem.oem4f (.text:xdc_runtime_Core_constructObject__I)
                  00004230    000000c4     sysbios.aem4f : BIOS.obj (.text:ti_sysbios_family_arm_m3_Hwi_Module_startup__E)
                  000042f4    000000c0     EK_TM4C123GXL.obj (.text:EK_TM4C123GXL_initSPI)
                  000043b4    000000c0     drivers_tivaware.aem4f : SPITivaDMA.oem4f (.text:SPITivaDMA_configDMA)
                  00004474    00000004     acsndSensor_pem4f.oem4f (.text:ti_sysbios_heaps_HeapMem_Module_GateProxy_enter__E)
                  00004478    000000bc     sysbios.aem4f : BIOS.obj (.text:ti_sysbios_family_arm_m3_Hwi_excDebugMon__I)
                  00004534    00000004     acsndSensor_pem4f.oem4f (.text:ti_sysbios_heaps_HeapMem_Module_GateProxy_leave__E)
                  00004538    000000bc     sysbios.aem4f : BIOS.obj (.text:ti_sysbios_family_arm_m3_Hwi_excHardFault__I)
                  000045f4    00000004     acsndSensor_pem4f.oem4f (.text:ti_sysbios_knl_Clock_TimerProxy_getMaxTicks__E)
                  000045f8    000000bc     sysbios.aem4f : BIOS.obj (.text:ti_sysbios_knl_Task_startCore__E)
                  000046b4    00000004     acsndSensor_pem4f.oem4f (.text:ti_sysbios_knl_Clock_TimerProxy_getPeriod__E)
                  000046b8    000000bc     sysbios.aem4f : BIOS.obj (.text:ti_sysbios_utils_Load_updateLoads__E)
                  00004774    00000004     acsndSensor_pem4f.oem4f (.text:ti_sysbios_knl_Queue_destruct)
                  00004778    000000b4     sysbios.aem4f : BIOS.obj (.text:ti_sysbios_gates_GateMutex_enter__E)
                  0000482c    00000004     acsndSensor_pem4f.oem4f (.text:ti_sysbios_knl_Semaphore_destruct)
                  00004830    000000b4     sysbios.aem4f : BIOS.obj (.text:ti_sysbios_knl_Task_checkStacks__E)
                  000048e4    00000004     ti.uia.loggers.aem4f : LoggerStopMode.oem4f (.text:ti_uia_loggers_LoggerStopMode_getContents__E)
                  000048e8    000000b0     sysbios.aem4f : BIOS.obj (.text:ti_sysbios_utils_Load_idleFxn__E)
                  00004998    000000ac                   : BIOS.obj (.text:ti_sysbios_family_arm_lm4_Timer_enableTiva__I)
                  00004a44    00000004     acsndSensor_pem4f.oem4f (.text:ti_uia_loggers_LoggerStopMode_getFilterLevel__E)
                  00004a48    000000ac     sysbios.aem4f : BIOS.obj (.text:ti_sysbios_knl_Swi_post__E)
                  00004af4    00000004     ti.uia.loggers.aem4f : LoggerStopMode.oem4f (.text:ti_uia_loggers_LoggerStopMode_getInstanceId__E)
                  00004af8    000000a8     sysbios.aem4f : BIOS.obj (.text:ti_sysbios_family_arm_lm4_Timer_enableTimers__I)
                  00004ba0    000000a8                   : BIOS.obj (.text:ti_sysbios_knl_Task_blockI__E)
                  00004c48    000000a8                   : BIOS.obj (.text:ti_sysbios_knl_Task_postInit__I)
                  00004cf0    000000a4     drivers_tivaware.aem4f : SPITivaDMA.oem4f (.text:SPITivaDMA_initHw)
                  00004d94    000000a4     acsndSensor.obj (.text:main)
                  00004e38    000000a4     acsndSensor.obj (.text:taskFxn)
                  00004edc    000000a0     auto_init.aem4f : auto_init.oem4f (.text)
                  00004f7c    000000a0     ti.targets.arm.rtsarm.aem4f : Text.oem4f (.text:xdc_runtime_Text_putMod__E)
                  0000501c    0000009c     rtsv7M4_T_le_v4SPD16_eabi.lib : memcpy_t2.obj (.text)
                  000050b8    0000009c     sysbios.aem4f : BIOS.obj (.text:ti_sysbios_knl_Semaphore_Instance_init__E)
                  00005154    0000009a     ti.targets.arm.rtsarm.aem4f : Text.oem4f (.text:xdc_runtime_Text_putSite__E)
                  000051ee    00000002     acsndSensor_pem4f.oem4f (.text:ti_uia_loggers_LoggerStopMode_setFilterLevel__E)
                  000051f0    00000098     drivers_tivaware.aem4f : GPIOTiva.oem4f (.text:GPIO_init)
                  00005288    00000098     Boot.aem4f : Boot.oem4f (.text:ti_catalog_arm_cortexm4_tiva_ce_Boot_sysCtlClockSet__E)
                  00005320    00000094     acsndSensor.obj (.text:slaveTaskFxn)
                  000053b4    00000004     ti.uia.loggers.aem4f : LoggerStopMode.oem4f (.text:ti_uia_loggers_LoggerStopMode_getMaxLength__E)
                  000053b8    00000094     sysbios.aem4f : BIOS.obj (.text:ti_sysbios_family_arm_m3_Hwi_Instance_init__E)
                  0000544c    00000004     ti.uia.loggers.aem4f : LoggerStopMode.oem4f (.text:ti_uia_loggers_LoggerStopMode_getPriority__E)
                  00005450    00000094     sysbios.aem4f : BIOS.obj (.text:ti_sysbios_family_arm_m3_Hwi_initNVIC__E)
                  000054e4    00000004     ti.uia.loggers.aem4f : LoggerStopMode.oem4f (.text:ti_uia_loggers_LoggerStopMode_getTransferType__E)
                  000054e8    00000094     sysbios.aem4f : BIOS.obj (.text:ti_sysbios_knl_Task_exit__E)
                  0000557c    00000004     ti.targets.arm.rtsarm.aem4f : Error.oem4f (.text:xdc_runtime_Error_getSite__E)
                  00005580    00000090     sysbios.aem4f : BIOS.obj (.text:ti_sysbios_knl_Task_unblockI__E)
                  00005610    00000090     ti.uia.loggers.aem4f : LoggerStopMode.oem4f (.text:ti_uia_loggers_LoggerStopMode_initQueueDescriptor__E)
                  000056a0    0000008c     EK_TM4C123GXL.obj (.text:EK_TM4C123GXL_initDMA)
                  0000572c    0000008c     sysbios.aem4f : m3_TaskSupport_asm.obj (.text:ti_sysbios_family_arm_m3_TaskSupport_buildTaskStack)
                  000057b8    00000086     rtsv7M4_T_le_v4SPD16_eabi.lib : fd_cmp_t2.obj (.text:__aeabi_cdcmple)
                  0000583e    00000086                                   : fd_cmp_t2.obj (.text:__aeabi_cdrcmple)
                  000058c4    00000084     driverlib.lib : udma.obj (.text:uDMAChannelTransferSet)
                  00005948    0000007e     drivers_tivaware.aem4f : I2CTiva.oem4f (.text:I2CTiva_transfer)
                  000059c6    0000007a     rtsv7M4_T_le_v4SPD16_eabi.lib : memset_t2.obj (.text)
                  00005a40    00000074     sysbios.aem4f : BIOS.obj (.text:ti_sysbios_family_arm_m3_Hwi_postInit__I)
                  00005ab4    00000074     ti.uia.runtime.aem4f : QueueDescriptor.oem4f (.text:ti_uia_runtime_QueueDescriptor_addToList__E)
                  00005b28    0000006c     ti.targets.arm.rtsarm.aem4f : Error.oem4f (.text:xdc_runtime_Error_print__E)
                  00005b94    0000006c                                 : Memory.oem4f (.text:xdc_runtime_Memory_alloc__E)
                  00005c00    0000006a     rtsv7M4_T_le_v4SPD16_eabi.lib : copy_decompress_rle.obj (.text)
                  00005c6a    00000002     ti.uia.loggers.aem4f : LoggerStopMode.oem4f (.text:ti_uia_loggers_LoggerStopMode_setPriority__E)
                  00005c6c    00000068     rtsv7M4_T_le_v4SPD16_eabi.lib : trgmsg.obj (.text)
                  00005cd4    00000066     ti.uia.loggers.aem4f : LoggerStopMode.oem4f (.text:ti_uia_loggers_LoggerStopMode_flush__E)
                  00005d3a    00000066     ti.targets.arm.rtsarm.aem4f : Core-mem.oem4f (.text:xdc_runtime_Core_deleteObject__I)
                  00005da0    00000064     drivers_tivaware.aem4f : GPIOTiva.oem4f (.text:GPIO_hwiIntFxn)
                  00005e04    00000004     acsndSensor_pem4f.oem4f (.text:xdc_runtime_System_Module_GateProxy_enter__E)
                  00005e08    00000064     sysbios.aem4f : BIOS.obj (.text:ti_sysbios_family_arm_lm4_Timer_Module_startup__E)
                  00005e6c    00000064     acsndSensor_pem4f.oem4f (.text:ti_sysbios_family_arm_m3_Hwi_create)
                  00005ed0    00000064     ti.targets.arm.rtsarm.aem4f : System.oem4f (.text:xdc_runtime_System_formatNum__I)
                  00005f34    00000062     drivers_tivaware.aem4f : I2CTiva.oem4f (.text:I2CTiva_primeTransfer)
                  00005f96    00000062                            : SPITivaDMA.oem4f (.text:SPITivaDMA_transfer)
                  00005ff8    00000060     sysbios.aem4f : BIOS.obj (.text:ti_sysbios_family_arm_lm4_Timer_isrStub__E)
                  00006058    00000060                   : BIOS.obj (.text:ti_sysbios_knl_Clock_logTick__E)
                  000060b8    00000060                   : BIOS.obj (.text:ti_sysbios_utils_Load_logCPULoad__I)
                  00006118    0000005c                   : BIOS.obj (.text:ti_sysbios_knl_Swi_restoreHwi__E)
                  00006174    00000004     acsndSensor_pem4f.oem4f (.text:xdc_runtime_System_Module_GateProxy_leave__E)
                  00006178    0000005c     sysbios.aem4f : BIOS.obj (.text:ti_sysbios_knl_Swi_schedule__I)
                  000061d4    00000004     ti.targets.arm.rtsarm.aem4f : System.oem4f (.text:xdc_runtime_System_aprintf_va__F)
                  000061d8    0000005c     sysbios.aem4f : BIOS.obj (.text:ti_sysbios_knl_Task_Module_startup__E)
                  00006234    0000005b     ti.targets.arm.rtsarm.aem4f : Text.oem4f (.text:xdc_runtime_Text_putLab__E)
                  0000628f    00000001     --HOLE-- [fill = 0]
                  00006290    00000058     boot.aem4f : boot.oem4f (.text)
                  000062e8    00000058     acsndSensor_pem4f.oem4f (.text:ti_sysbios_family_arm_m3_Hwi_construct)
                  00006340    00000058     sysbios.aem4f : m3_Hwi_asm_switch.obj (.text:ti_sysbios_family_arm_m3_Hwi_initStacks__E)
                  00006398    00000056     driverlib.lib : gpio.obj (.text:GPIOIntTypeSet)
                  000063ee    00000002     acsndSensor_pem4f.oem4f (.text:xdc_runtime_Startup_reset__I)
                  000063f0    00000054     ti.targets.arm.rtsarm.aem4f : Assert.oem4f (.text:xdc_runtime_Assert_raise__I)
                  00006444    00000050     drivers_tivaware.aem4f : GPIOTiva.oem4f (.text:GPIO_setCallback)
                  00006494    00000050                            : GPIOTiva.oem4f (.text:GPIO_toggle)
                  000064e4    00000050     driverlib.lib : sysctl.obj (.text:SysCtlPeripheralReset)
                  00006534    00000050     ti.targets.arm.rtsarm.aem4f : Startup.oem4f (.text:xdc_runtime_Startup_exec__E)
                  00006584    00000050                                 : Text.oem4f (.text:xdc_runtime_Text_visitRope2__I)
                  000065d4    0000004c     rtsv7M4_T_le_v4SPD16_eabi.lib : cpy_tbl.obj (.text)
                  00006620    0000004c     sysbios.aem4f : BIOS.obj (.text:ti_sysbios_heaps_HeapMem_getStats__E)
                  0000666c    00000004     ti.targets.arm.rtsarm.aem4f : System.oem4f (.text:xdc_runtime_System_printf_va__F)
                  00006670    0000004c     sysbios.aem4f : BIOS.obj (.text:ti_sysbios_knl_Swi_runLoop__I)
                  000066bc    00000004     --HOLE-- [fill = 0]
                  000066c0    0000004c                   : BIOS.obj (.text:ti_sysbios_knl_Task_allBlockedFunction__I)
                  0000670c    0000004c     ti.uia.loggers.aem4f : LoggerStopMode.oem4f (.text:ti_uia_loggers_LoggerStopMode_Module_startup__E)
                  00006758    00000048     driverlib.lib : gpio.obj (.text:GPIOPinConfigure)
                  000067a0    00000048                   : i2c.obj (.text:I2CMasterInitExpClk)
                  000067e8    00000048     rtsv7M4_T_le_v4SPD16_eabi.lib : fd_toi_t2.obj (.text)
                  00006830    00000048                                   : fd_tos_t2.obj (.text)
                  00006878    00000048     sysbios.aem4f : BIOS.obj (.text:ti_sysbios_family_arm_m3_Hwi_disableInterrupt__E)
                  000068c0    00000048                   : BIOS.obj (.text:ti_sysbios_family_arm_m3_Hwi_enableInterrupt__E)
                  00006908    00000048                   : BIOS.obj (.text:ti_sysbios_family_arm_m3_Hwi_excReserved__I)
                  00006950    00000046     ti.targets.arm.rtsarm.aem4f : Core-params.oem4f (.text:xdc_runtime_Core_assignParams__I)
                  00006996    00000044     drivers_tivaware.aem4f : SPITivaDMA.oem4f (.text:SPITivaDMA_hwiFxn)
                  000069da    00000002     --HOLE-- [fill = 0]
                  000069dc    00000044     rtsv7M4_T_le_v4SPD16_eabi.lib : exit.obj (.text)
                  00006a20    00000044                                   : fd_tou_t2.obj (.text)
                  00006a64    00000004     --HOLE-- [fill = 0]
                  00006a68    00000044     sysbios.aem4f : BIOS.obj (.text:ti_sysbios_family_arm_lm4_Timer_stop__E)
                  00006aac    00000004     --HOLE-- [fill = 0]
                  00006ab0    00000044                   : BIOS.obj (.text:ti_sysbios_family_arm_m3_Hwi_getStackInfo__E)
                  00006af4    00000044     ti.uia.loggers.aem4f : LoggerStopMode.oem4f (.text:ti_uia_loggers_LoggerStopMode_initBuffer__I)
                  00006b38    00000044     ti.targets.arm.rtsarm.aem4f : Error.oem4f (.text:xdc_runtime_Error_setX__E)
                  00006b7c    00000044                                 : SysMin.oem4f (.text:xdc_runtime_SysMin_flush__E)
                  00006bc0    00000044                                 : Text.oem4f (.text:xdc_runtime_Text_xprintf__I)
                  00006c04    00000042     drivers_tivaware.aem4f : SPITivaDMA.oem4f (.text:SPITivaDMA_transferCancel)
                  00006c46    00000040     rtsv7M4_T_le_v4SPD16_eabi.lib : u_divt2.obj (.text)
                  00006c86    00000002     --HOLE-- [fill = 0]
                  00006c88    00000040     sysbios.aem4f : BIOS.obj (.text:ti_sysbios_family_arm_lm4_Timer_startup__E)
                  00006cc8    0000003c     EK_TM4C123GXL.obj (.text:EK_TM4C123GXL_initI2C)
                  00006d04    0000003c     drivers_tivaware.aem4f : SPITivaDMA.oem4f (.text:SPITivaDMA_close)
                  00006d40    0000003c     driverlib.lib : ssi.obj (.text:SSIConfigSetExpClk)
                  00006d7c    0000003c     EK_TM4C123GXL.obj (.text:dmaErrorHwi)
                  00006db8    0000003c     sysbios.aem4f : BIOS.obj (.text:ti_sysbios_family_arm_m3_Hwi_excSvCall__I)
                  00006df4    00000004     --HOLE-- [fill = 0]
                  00006df8    0000003c                   : BIOS.obj (.text:ti_sysbios_family_arm_m3_TaskSupport_start__E)
                  00006e34    00000004     --HOLE-- [fill = 0]
                  00006e38    0000003c                   : BIOS.obj (.text:ti_sysbios_heaps_HeapMem_init__I)
                  00006e74    00000004     --HOLE-- [fill = 0]
                  00006e78    0000003c                   : BIOS.obj (.text:ti_sysbios_knl_Swi_restore__E)
                  00006eb4    0000003a     drivers_tivaware.aem4f : I2CTiva.oem4f (.text:I2CTiva_completeTransfer)
                  00006eee    00000002     --HOLE-- [fill = 0]
                  00006ef0    00000038     EK_TM4C123GXL.obj (.text:EK_TM4C123GXL_initGeneral)
                  00006f28    00000038     drivers_tivaware.aem4f : I2C.oem4f (.text:I2C_init)
                  00006f60    00000038                            : SPI.oem4f (.text:SPI_init)
                  00006f98    00000038     rtsv7M4_T_le_v4SPD16_eabi.lib : fs_tod_t2.obj (.text)
                  00006fd0    00000038     sysbios.aem4f : BIOS.obj (.text:ti_sysbios_family_arm_m3_Hwi_excNoIsr__I)
                  00007008    00000038                   : BIOS.obj (.text:ti_sysbios_knl_Task_processVitalTaskFlag__I)
                  00007040    00000038     ti.targets.arm.rtsarm.aem4f : SysMin.oem4f (.text:xdc_runtime_SysMin_putch__E)
                  00007078    00000038                                 : System.oem4f (.text:xdc_runtime_System_atexit__E)
                  000070b0    00000036     drivers_tivaware.aem4f : I2CTiva.oem4f (.text:I2CTiva_close)
                  000070e6    00000002     --HOLE-- [fill = 0]
                  000070e8    00000034     driverlib.lib : sysctl.obj (.text:SysCtlPeripheralEnable)
                  0000711c    00000004     --HOLE-- [fill = 0]
                  00007120    00000034     sysbios.aem4f : BIOS.obj (.text:ti_sysbios_family_arm_m3_Hwi_excNmi__I)
                  00007154    00000004     --HOLE-- [fill = 0]
                  00007158    00000034                   : BIOS.obj (.text:ti_sysbios_hal_Hwi_checkStack)
                  0000718c    00000034     ti.uia.loggers.aem4f : LoggerStopMode.oem4f (.text:ti_uia_loggers_LoggerStopMode_reset__E)
                  000071c0    00000034     ti.targets.arm.rtsarm.aem4f : Core-label.oem4f (.text:xdc_runtime_Core_assignLabel__I)
                  000071f4    00000033                                 : Text.oem4f (.text:xdc_runtime_Text_printVisFxn__I)
                  00007227    00000001     --HOLE-- [fill = 0]
                  00007228    00000032     sysbios.aem4f : BIOS.obj (.text:ti_sysbios_hal_Hwi_initStack)
                  0000725a    00000006     driverlib.lib : gpio.obj (.text:GPIOIntClear)
                  00007260    00000032     sysbios.aem4f : BIOS.obj (.text:ti_sysbios_knl_Semaphore_pendTimeout__I)
                  00007292    00000002     --HOLE-- [fill = 0]
                  00007294    00000030     drivers_tivaware.aem4f : GPIOTiva.oem4f (.text:GPIO_enableInt)
                  000072c4    00000030     acsndSensor_pem4f.oem4f (.text:ti_sysbios_BIOS_atExitFunc__I)
                  000072f4    00000030     acsndSensor_pem4f.oem4f (.text:ti_sysbios_gates_GateHwi_Object__create__S)
                  00007324    00000030     acsndSensor_pem4f.oem4f (.text:ti_sysbios_gates_GateMutex_Object__create__S)
                  00007354    00000030     acsndSensor_pem4f.oem4f (.text:ti_sysbios_heaps_HeapMem_Object__create__S)
                  00007384    00000030     acsndSensor_pem4f.oem4f (.text:ti_sysbios_knl_Semaphore_construct)
                  000073b4    00000004     --HOLE-- [fill = 0]
                  000073b8    00000030     sysbios.aem4f : BIOS.obj (.text:ti_sysbios_utils_Load_updateCurrentThreadTime__E)
                  000073e8    00000030     acsndSensor_pem4f.oem4f (.text:ti_uia_loggers_LoggerStopMode_Object__create__S)
                  00007418    00000030     ti.targets.arm.rtsarm.aem4f : SysMin.oem4f (.text:xdc_runtime_SysMin_abort__E)
                  00007448    00000030                                 : System.oem4f (.text:xdc_runtime_System_processAtExit__E)
                  00007478    0000002e     rtsv7M4_T_le_v4SPD16_eabi.lib : i_tofd_t2.obj (.text)
                  000074a6    00000002     --HOLE-- [fill = 0]
                  000074a8    0000002c     EK_TM4C123GXL.obj (.text:EK_TM4C123GXL_initGPIO)
                  000074d4    00000004     --HOLE-- [fill = 0]
                  000074d8    0000002c     sysbios.aem4f : BIOS.obj (.text:ti_sysbios_family_arm_m3_Hwi_Instance_finalize__E)
                  00007504    0000002c     acsndSensor_pem4f.oem4f (.text:ti_sysbios_knl_Clock_doTick__I)
                  00007530    0000002c     acsndSensor_pem4f.oem4f (.text:ti_sysbios_knl_Queue_construct)
                  0000755c    00000004     --HOLE-- [fill = 0]
                  00007560    0000002c     sysbios.aem4f : BIOS.obj (.text:ti_sysbios_knl_Task_restore__E)
                  0000758c    0000002c     driverlib.lib : udma.obj (.text:uDMAChannelAssign)
                  000075b8    0000002c     ti.targets.arm.rtsarm.aem4f : Text.oem4f (.text:xdc_runtime_Text_cordText__E)
                  000075e4    0000002a     driverlib.lib : gpio.obj (.text:GPIODirModeSet)
                  0000760e    0000002a     ti.targets.arm.rtsarm.aem4f : System.oem4f (.text:xdc_runtime_System_putchar__I)
                  00007638    00000028     sysbios.aem4f : BIOS.obj (.text:ti_sysbios_knl_Swi_Module_startup__E)
                  00007660    00000026                   : m3_Hwi_asm.obj (.text:ti_sysbios_family_arm_m3_Hwi_pendSV__I)
                  00007686    00000026     ti.targets.arm.rtsarm.aem4f : System.oem4f (.text:xdc_runtime_System_avprintf__E)
                  000076ac    00000024     acsndSensor_pem4f.oem4f (.text:ti_sysbios_BIOS_errorRaiseHook__I)
                  000076d0    00000024     acsndSensor_pem4f.oem4f (.text:ti_sysbios_BIOS_registerRTSLock__I)
                  000076f4    00000024     acsndSensor_pem4f.oem4f (.text:ti_sysbios_BIOS_removeRTSLock__I)
                  00007718    00000024     acsndSensor_pem4f.oem4f (.text:ti_sysbios_BIOS_startFunc__I)
                  0000773c    00000004     --HOLE-- [fill = 0]
                  00007740    00000024     sysbios.aem4f : BIOS.obj (.text:ti_sysbios_family_arm_m3_Hwi_doTaskRestore__I)
                  00007764    00000024     acsndSensor_pem4f.oem4f (.text:ti_sysbios_gates_GateMutex_Object__delete__S)
                  00007788    00000024     sysbios.aem4f : BIOS.obj (.text:ti_sysbios_knl_Clock_Module_startup__E)
                  000077ac    00000024     driverlib.lib : udma.obj (.text:uDMAChannelControlSet)
                  000077d0    00000024     ti.targets.arm.rtsarm.aem4f : System.oem4f (.text:xdc_runtime_System_vprintf__E)
                  000077f4    00000004     --HOLE-- [fill = 0]
                  000077f8    00000022     sysbios.aem4f : BIOS.obj (.text:ti_sysbios_family_arm_lm4_Timer_write__I)
                  0000781a    00000022     acsndSensor_pem4f.oem4f (.text:xdc_runtime_SysMin_output__I)
                  0000783c    00000020     acsndSensor_pem4f.oem4f (.text:ti_sysbios_BIOS_rtsLock__I)
                  0000785c    00000004     --HOLE-- [fill = 0]
                  00007860    00000020     sysbios.aem4f : BIOS.obj (.text:ti_sysbios_family_arm_m3_Hwi_clearInterrupt__E)
                  00007880    00000020                   : m3_Hwi_asm.obj (.text:ti_sysbios_family_arm_m3_Hwi_excHandlerAsm__I)
                  000078a0    00000020                   : BIOS.obj (.text:ti_sysbios_family_arm_m3_Hwi_excHandler__I)
                  000078c0    00000020     acsndSensor_pem4f.oem4f (.text:ti_sysbios_gates_GateHwi_Object__delete__S)
                  000078e0    00000020     acsndSensor_pem4f.oem4f (.text:ti_sysbios_heaps_HeapMem_Object__delete__S)
                  00007900    00000020     sysbios.aem4f : BIOS.obj (.text:ti_sysbios_knl_Idle_run__E)
                  00007920    00000020     acsndSensor_pem4f.oem4f (.text:ti_sysbios_knl_Semaphore_Object__destruct__S)
                  00007940    00000020     acsndSensor_pem4f.oem4f (.text:ti_uia_loggers_LoggerStopMode_Object__delete__S)
                  00007960    00000020     ti.targets.arm.rtsarm.aem4f : Registry.oem4f (.text:xdc_runtime_Registry_findById__E)
                  00007980    00000020                                 : SysMin.oem4f (.text:xdc_runtime_SysMin_Module_startup__E)
                  000079a0    0000001e     sysbios.aem4f : m3_Hwi_asm_switch.obj (.text:ti_sysbios_family_xxx_Hwi_switchAndRunFunc)
                  000079be    0000001c     drivers_tivaware.aem4f : GPIOTiva.oem4f (.text:getGpioIntIndex)
                  000079da    00000002     --HOLE-- [fill = 0]
                  000079dc    0000001c     acsndSensor_pem4f.oem4f (.text:ti_sysbios_family_arm_m3_Hwi_Object__destruct__S)
                  000079f8    0000001c     sysbios.aem4f : BIOS.obj (.text:ti_sysbios_gates_GateMutex_Instance_init__E)
                  00007a14    0000001c     acsndSensor_pem4f.oem4f (.text:ti_sysbios_knl_Queue_Object__destruct__S)
                  00007a30    0000001c     sysbios.aem4f : BIOS.obj (.text:ti_sysbios_knl_Task_enter__I)
                  00007a4c    0000001c     ti.uia.loggers.aem4f : LoggerStopMode.oem4f (.text:ti_uia_loggers_LoggerStopMode_Instance_init__E)
                  00007a68    0000001c     ti.targets.arm.rtsarm.aem4f : Error.oem4f (.text:xdc_runtime_Error_raiseX__E)
                  00007a84    0000001c                                 : Memory.oem4f (.text:xdc_runtime_Memory_valloc__E)
                  00007aa0    0000001c                                 : SysMin.oem4f (.text:xdc_runtime_SysMin_exit__E)
                  00007abc    0000001c                                 : System.oem4f (.text:xdc_runtime_System_abort__E)
                  00007ad8    0000001a     acsndSensor_pem4f.oem4f (.text:ti_sysbios_family_arm_m3_Hwi_Handle__label__S)
                  00007af2    0000001a     acsndSensor_pem4f.oem4f (.text:ti_sysbios_gates_GateHwi_Handle__label__S)
                  00007b0c    0000001a     acsndSensor_pem4f.oem4f (.text:ti_sysbios_gates_GateMutex_Handle__label__S)
                  00007b26    0000001a     acsndSensor_pem4f.oem4f (.text:ti_sysbios_heaps_HeapMem_Handle__label__S)
                  00007b40    0000001a     acsndSensor_pem4f.oem4f (.text:ti_sysbios_knl_Swi_Handle__label__S)
                  00007b5a    0000001a     acsndSensor_pem4f.oem4f (.text:ti_sysbios_knl_Task_Handle__label__S)
                  00007b74    00000004     --HOLE-- [fill = 0]
                  00007b78    0000001a     sysbios.aem4f : BIOS.obj (.text:ti_sysbios_knl_Task_sleepTimeout__I)
                  00007b92    0000001a     acsndSensor_pem4f.oem4f (.text:ti_uia_loggers_LoggerStopMode_Handle__label__S)
                  00007bac    0000001a     acsndSensor_pem4f.oem4f (.text:xdc_runtime_System_aprintf__E)
                  00007bc6    0000001a     acsndSensor_pem4f.oem4f (.text:xdc_runtime_System_printf__E)
                  00007be0    00000018     drivers_tivaware.aem4f : I2C.oem4f (.text:I2C_open)
                  00007bf8    00000018                            : SPI.oem4f (.text:SPI_open)
                  00007c10    00000018     rtsv7M4_T_le_v4SPD16_eabi.lib : args_main.obj (.text)
                  00007c28    00000018     acsndSensor_pem4f.oem4f (.text:ti_sysbios_BIOS_rtsUnlock__I)
                  00007c40    00000018     acsndSensor_pem4f.oem4f (.text:ti_sysbios_family_arm_lm4_Timer_Module__startupDone__F)
                  00007c58    00000018     acsndSensor_pem4f.oem4f (.text:ti_sysbios_family_arm_m3_Hwi_Module__startupDone__F)
                  00007c70    00000018     sysbios.aem4f : m3_TaskSupport_asm.obj (.text:ti_sysbios_family_arm_m3_TaskSupport_swap__E)
                  00007c88    00000018                   : BIOS.obj (.text:ti_sysbios_gates_GateMutex_leave__E)
                  00007ca0    00000018     driverlib.lib : udma.obj (.text:uDMAChannelDisable)
                  00007cb8    00000018                   : udma.obj (.text:uDMAChannelEnable)
                  00007cd0    00000018                   : udma.obj (.text:uDMAChannelIsEnabled)
                  00007ce8    00000018     ti.targets.arm.rtsarm.aem4f : Error.oem4f (.text:xdc_runtime_Error_check__E)
                  00007d00    00000018                                 : System.oem4f (.text:xdc_runtime_System_exit__E)
                  00007d18    00000018                                 : Text.oem4f (.text:xdc_runtime_Text_ropeText__E)
                  00007d30    00000016     driverlib.lib : i2c.obj (.text:I2CMasterErr)
                  00007d46    00000016     acsndSensor_pem4f.oem4f (.text:ti_sysbios_BIOS_exitFunc__I)
                  00007d5c    00000016     ti.uia.loggers.aem4f : LoggerStopMode.oem4f (.text:ti_uia_loggers_LoggerStopMode_disable__E)
                  00007d72    00000016                          : LoggerStopMode.oem4f (.text:ti_uia_loggers_LoggerStopMode_enable__E)
                  00007d88    00000014     drivers_tivaware.aem4f : SPI.oem4f (.text:SPI_Params_init)
                  00007d9c    00000014     rtsv7M4_T_le_v4SPD16_eabi.lib : _lock.obj (.text)
                  00007db0    00000014                                   : strcpy.obj (.text)
                  00007dc4    00000014                                   : strlen.obj (.text)
                  00007dd8    00000014     acsndSensor_pem4f.oem4f (.text:ti_sysbios_family_arm_m3_Hwi_Object__get__S)
                  00007dec    00000004     --HOLE-- [fill = 0]
                  00007df0    00000014     sysbios.aem4f : BIOS.obj (.text:ti_sysbios_family_arm_m3_Hwi_switchFromBootStack__E)
                  00007e04    00000014     acsndSensor_pem4f.oem4f (.text:ti_sysbios_heaps_HeapMem_Object__get__S)
                  00007e18    00000014     acsndSensor_pem4f.oem4f (.text:ti_sysbios_knl_Swi_Object__get__S)
                  00007e2c    00000012     driverlib.lib : gpio.obj (.text:GPIOPinTypeGPIOInput)
                  00007e3e    00000012                   : gpio.obj (.text:GPIOPinTypeI2C)
                  00007e50    00000012                   : gpio.obj (.text:GPIOPinTypeI2CSCL)
                  00007e62    00000012                   : gpio.obj (.text:GPIOPinTypeSSI)
                  00007e74    00000012                   : ssi.obj (.text:SSIDataGetNonBlocking)
                  00007e86    00000002     --HOLE-- [fill = 0]
                  00007e88    00000012     sysbios.aem4f : BIOS.obj (.text:ti_sysbios_hal_Hwi_Module_startup__E)
                  00007e9a    00000012     acsndSensor_pem4f.oem4f (.text:xdc_runtime_Startup_exec__I)
                  00007eac    00000010     drivers_tivaware.aem4f : I2C.oem4f (.text:I2C_Params_init)
                  00007ebc    00000004     --HOLE-- [fill = 0]
                  00007ec0    00000010     sysbios.aem4f : BIOS.obj (.text:ti_sysbios_BIOS_getCpuFreq__E)
                  00007ed0    00000010                   : BIOS.obj (.text:ti_sysbios_BIOS_setThreadType__E)
                  00007ee0    00000010                   : BIOS.obj (.text:ti_sysbios_BIOS_start__E)
                  00007ef0    00000010                   : BIOS.obj (.text:ti_sysbios_family_arm_lm4_TimestampProvider_rolloverFunc__E)
                  00007f00    00000010                   : m3_TaskSupport_asm.obj (.text:ti_sysbios_family_arm_m3_TaskSupport_glue)
                  00007f10    00000010                   : BIOS.obj (.text:ti_sysbios_gates_GateMutex_Instance_finalize__E)
                  00007f20    00000010                   : BIOS.obj (.text:ti_sysbios_knl_Semaphore_Instance_finalize__E)
                  00007f30    00000010                   : BIOS.obj (.text:ti_sysbios_knl_Swi_disable__E)
                  00007f40    00000010     acsndSensor_pem4f.oem4f (.text:ti_sysbios_knl_Task_Object__get__S)
                  00007f50    00000010     sysbios.aem4f : BIOS.obj (.text:ti_sysbios_knl_Task_disable__E)
                  00007f60    00000010     acsndSensor_pem4f.oem4f (.text:ti_uia_loggers_LoggerStopMode_Object__get__S)
                  00007f70    00000010     ti.uia.loggers.aem4f : LoggerStopMode.oem4f (.text:ti_uia_loggers_LoggerStopMode_isEmpty__E)
                  00007f80    00000010     driverlib.lib : udma.obj (.text:uDMAEnable)
                  00007f90    00000010     ti.targets.arm.rtsarm.aem4f : Gate.oem4f (.text:xdc_runtime_Gate_leaveSystem__E)
                  00007fa0    00000010                                 : Memory.oem4f (.text:xdc_runtime_Memory_free__E)
                  00007fb0    00000010                                 : SysMin.oem4f (.text:xdc_runtime_SysMin_ready__E)
                  00007fc0    00000010                                 : System.oem4f (.text:xdc_runtime_System_vsnprintf__E)
                  00007fd0    00000010     acsndSensor_pem4f.oem4f (.text:xdc_runtime_Text_visitRope__I)
                  00007fe0    0000000e     driverlib.lib : gpio.obj (.text:GPIOIntStatus)
                  00007fee    0000000e     rtsv7M4_T_le_v4SPD16_eabi.lib : copy_decompress_none.obj (.text:decompress:none)
                  00007ffc    00000004     --HOLE-- [fill = 0]
                  00008000    0000000e     sysbios.aem4f : BIOS.obj (.text:ti_sysbios_knl_Idle_loop__E)
                  0000800e    00000002     --HOLE-- [fill = 0]
                  00008010    0000000e                   : BIOS.obj (.text:ti_sysbios_knl_Queue_empty__E)
                  0000801e    00000002     --HOLE-- [fill = 0]
                  00008020    0000000c     acsndSensor_pem4f.oem4f (.text:.bootCodeSection:ti_catalog_arm_cortexm4_tiva_ce_Boot_init__I)
                  0000802c    0000000c     driverlib.lib : gpio.obj (.text:GPIOIntEnable)
                  00008038    0000000c     rtsv7M4_T_le_v4SPD16_eabi.lib : copy_zero_init.obj (.text:decompress:ZI)
                  00008044    00000004     --HOLE-- [fill = 0]
                  00008048    0000000c     sysbios.aem4f : BIOS.obj (.text:ti_sysbios_family_arm_lm4_Timer_getMaxTicks__E)
                  00008054    00000004     --HOLE-- [fill = 0]
                  00008058    0000000c                   : BIOS.obj (.text:ti_sysbios_family_arm_lm4_TimestampProvider_startTimer__E)
                  00008064    0000000c     acsndSensor_pem4f.oem4f (.text:ti_sysbios_family_arm_m3_Hwi_Params__init__S)
                  00008070    0000000c     sysbios.aem4f : BIOS.obj (.text:ti_sysbios_family_arm_m3_Hwi_disableFxn__E)
                  0000807c    00000004     --HOLE-- [fill = 0]
                  00008080    0000000c                   : BIOS.obj (.text:ti_sysbios_family_arm_m3_TaskSupport_checkStack__E)
                  0000808c    00000004     --HOLE-- [fill = 0]
                  00008090    0000000c                   : BIOS.obj (.text:ti_sysbios_gates_GateHwi_enter__E)
                  0000809c    0000000c     acsndSensor_pem4f.oem4f (.text:ti_sysbios_knl_Queue_Object__get__S)
                  000080a8    0000000c     acsndSensor_pem4f.oem4f (.text:ti_sysbios_knl_Semaphore_Params__init__S)
                  000080b4    0000000c     driverlib.lib : udma.obj (.text:uDMAControlBaseSet)
                  000080c0    0000000c                   : udma.obj (.text:uDMAErrorStatusClear)
                  000080cc    0000000c                   : udma.obj (.text:uDMAErrorStatusGet)
                  000080d8    0000000c                   : udma.obj (.text:uDMAIntStatus)
                  000080e4    0000000c     ti.targets.arm.rtsarm.aem4f : Error.oem4f (.text:xdc_runtime_Error_init__E)
                  000080f0    0000000c                                 : Gate.oem4f (.text:xdc_runtime_Gate_enterSystem__E)
                  000080fc    0000000c                                 : Memory.oem4f (.text:xdc_runtime_Memory_calloc__E)
                  00008108    0000000c                                 : Memory.oem4f (.text:xdc_runtime_Memory_getMaxDefaultTypeAlign__E)
                  00008114    0000000a     driverlib.lib : i2c.obj (.text:I2CMasterDisable)
                  0000811e    0000000a                   : i2c.obj (.text:I2CMasterEnable)
                  00008128    0000000a     drivers_tivaware.aem4f : I2CTiva.oem4f (.text:I2CTiva_init)
                  00008132    0000000a                            : I2C.oem4f (.text:I2C_transfer)
                  0000813c    0000000a                            : SPITivaDMA.oem4f (.text:SPITivaDMA_init)
                  00008146    0000000a                            : SPI.oem4f (.text:SPI_transfer)
                  00008150    0000000a     driverlib.lib : ssi.obj (.text:SSIDMADisable)
                  0000815a    0000000a                   : ssi.obj (.text:SSIDisable)
                  00008164    0000000a                   : ssi.obj (.text:SSIEnable)
                  0000816e    0000000a                   : ssi.obj (.text:SSIIntDisable)
                  00008178    0000000a     acsndSensor_pem4f.oem4f (.text:xdc_runtime_IHeap_alloc)
                  00008182    0000000a     acsndSensor_pem4f.oem4f (.text:xdc_runtime_IHeap_free)
                  0000818c    00000008     driverlib.lib : i2c.obj (.text:I2CMasterIntClear)
                  00008194    00000008                   : i2c.obj (.text:I2CMasterSlaveAddrSet)
                  0000819c    00000008     drivers_tivaware.aem4f : I2CTiva.oem4f (.text:I2CTiva_blockingCallback)
                  000081a4    00000008     driverlib.lib : ssi.obj (.text:SSIDMAEnable)
                  000081ac    00000008                   : ssi.obj (.text:SSIIntEnable)
                  000081b4    00000008     sysbios.aem4f : BIOS.obj (.text:ti_sysbios_family_arm_lm4_Timer_masterDisable__I)
                  000081bc    00000004     --HOLE-- [fill = 0]
                  000081c0    00000008                   : BIOS.obj (.text:ti_sysbios_family_arm_m3_Hwi_doSwiRestore__I)
                  000081c8    00000008                   : BIOS.obj (.text:ti_sysbios_family_arm_m3_Hwi_startup__E)
                  000081d0    00000006     driverlib.lib : gpio.obj (.text:GPIOPinRead)
                  000081d6    00000006                   : gpio.obj (.text:GPIOPinWrite)
                  000081dc    00000006                   : i2c.obj (.text:I2CMasterIntDisable)
                  000081e2    00000006                   : i2c.obj (.text:I2CMasterIntEnable)
                  000081e8    00000006     drivers_tivaware.aem4f : I2CTiva.oem4f (.text:I2CTiva_control)
                  000081ee    00000006                            : SPITivaDMA.oem4f (.text:SPITivaDMA_control)
                  000081f4    00000006                            : SPITivaDMA.oem4f (.text:SPITivaDMA_transferCallback)
                  000081fa    00000006     ti.targets.arm.rtsarm.aem4f : xdc_noinit.oem4f (.text:__xdc__init)
                  00008200    00000006     rtsv7M4_T_le_v4SPD16_eabi.lib : copy_decompress_rle.obj (.text:decompress:rle24)
                  00008206    00000006     acsndSensor.obj (.text:gpioPD1Fxn)
                  0000820c    00000006     Boot.aem4f : Boot_sysctl.oem4f (.text:ti_catalog_arm_cortexm4_tiva_ce_Boot_sysCtlDelayI__I)
                  00008212    00000006     ti.targets.arm.rtsarm.aem4f : System.oem4f (.text:xdc_runtime_System_Module_startup__E)
                  00008218    00000006     sysbios.aem4f : BIOS.obj (.text:ti_sysbios_family_arm_lm4_TimestampProvider_Module_startup__E)
                  0000821e    00000002     --HOLE-- [fill = 0]
                  00008220    00000006                   : BIOS.obj (.text:ti_sysbios_family_arm_m3_Hwi_restoreFxn__E)
                  00008226    00000002     --HOLE-- [fill = 0]
                  00008228    00000006                   : BIOS.obj (.text:ti_sysbios_gates_GateHwi_leave__E)
                  0000822e    00000002     --HOLE-- [fill = 0]
                  00008230    00000006                   : BIOS.obj (.text:ti_sysbios_heaps_HeapMem_isBlocking__E)
                  00008236    00000002     --HOLE-- [fill = 0]
                  00008238    00000006                   : BIOS.obj (.text:ti_sysbios_knl_Queue_Instance_init__E)
                  0000823e    00000002     --HOLE-- [fill = 0]
                  00008240    00000006                   : BIOS.obj (.text:ti_sysbios_knl_Swi_startup__E)
                  00008246    00000002     --HOLE-- [fill = 0]
                  00008248    00000004                   : BIOS.obj (.text:ti_sysbios_family_arm_lm4_Timer_getPeriod__E)
                  0000824c    00000004     --HOLE-- [fill = 0]
                  00008250    00000004                   : BIOS.obj (.text:ti_sysbios_gates_GateHwi_query__E)
                  00008254    00000004     --HOLE-- [fill = 0]
                  00008258    00000004                   : BIOS.obj (.text:ti_sysbios_gates_GateMutex_query__E)
                  0000825c    00000004     --HOLE-- [fill = 0]
                  00008260    00000004                   : BIOS.obj (.text:ti_sysbios_knl_Task_startup__E)
                  00008264    00000004     --HOLE-- [fill = 0]
                  00008268    00000002                   : BIOS.obj (.text:ti_sysbios_gates_GateHwi_Instance_init__E)

.const     0    0000826c    00002950     
                  0000826c    00001f42     acsndSensor_pem4f.oem4f (.const:xdc_runtime_Text_charTab__A)
                  0000a1ae    00000100     acsndSensor_pem4f.oem4f (.const:xdc_runtime_Text_nodeTab__A)
                  0000a2ae    00000002     acsndSensor_pem4f.oem4f (.const:ti_catalog_arm_cortexm4_tiva_ce_Boot_Module__id__C)
                  0000a2b0    00000090     driverlib.lib : gpio.obj (.const:g_pui32GPIOBaseAddrs)
                  0000a340    00000078     EK_TM4C123GXL.obj (.const:spiTivaDMAHWAttrs)
                  0000a3b8    00000064     drivers_tivaware.aem4f : SPITivaDMA.oem4f (.const)
                  0000a41c    00000060     acsndSensor_pem4f.oem4f (.const:ti_uia_loggers_LoggerStopMode_Module__FXNS__C)
                  0000a47c    00000054     drivers_tivaware.aem4f : GPIOTiva.oem4f (.const:.string)
                  0000a4d0    00000048     acsndSensor_pem4f.oem4f (.const:.string)
                  0000a518    00000048     drivers_tivaware.aem4f : GPIOTiva.oem4f (.const:gpioBaseAddresses)
                  0000a560    0000003c     EK_TM4C123GXL.obj (.const:I2C_config)
                  0000a59c    00000030     EK_TM4C123GXL.obj (.const:SPI_config)
                  0000a5cc    00000030     EK_TM4C123GXL.obj (.const:i2cTivaHWAttrs)
                  0000a5fc    00000030     acsndSensor_pem4f.oem4f (.const:ti_sysbios_family_arm_m3_Hwi_Object__PARAMS__C)
                  0000a62c    00000028     acsndSensor_pem4f.oem4f (.const:ti_sysbios_heaps_HeapMem_Module__FXNS__C)
                  0000a654    00000028     acsndSensor_pem4f.oem4f (.const:ti_uia_loggers_LoggerStopMode_Object__PARAMS__C)
                  0000a67c    00000028     acsndSensor_pem4f.oem4f (.const:xdc_runtime_Startup_sfxnTab__A)
                  0000a6a4    00000024     acsndSensor_pem4f.oem4f (.const:ti_sysbios_gates_GateHwi_Module__FXNS__C)
                  0000a6c8    00000024     acsndSensor_pem4f.oem4f (.const:ti_sysbios_gates_GateMutex_Module__FXNS__C)
                  0000a6ec    00000024     acsndSensor_pem4f.oem4f (.const:ti_sysbios_heaps_HeapMem_Object__PARAMS__C)
                  0000a710    00000024     acsndSensor_pem4f.oem4f (.const:ti_sysbios_knl_Semaphore_Object__PARAMS__C)
                  0000a734    00000020     drivers_tivaware.aem4f : SPI.oem4f (.const)
                  0000a754    00000020     acsndSensor_pem4f.oem4f (.const:ti_sysbios_family_arm_m3_Hwi_Object__DESC__C)
                  0000a774    00000020     acsndSensor_pem4f.oem4f (.const:ti_sysbios_gates_GateHwi_Object__DESC__C)
                  0000a794    00000020     acsndSensor_pem4f.oem4f (.const:ti_sysbios_gates_GateMutex_Object__DESC__C)
                  0000a7b4    00000020     acsndSensor_pem4f.oem4f (.const:ti_sysbios_heaps_HeapMem_Object__DESC__C)
                  0000a7d4    00000020     acsndSensor_pem4f.oem4f (.const:ti_sysbios_knl_Queue_Object__DESC__C)
                  0000a7f4    00000020     acsndSensor_pem4f.oem4f (.const:ti_sysbios_knl_Semaphore_Object__DESC__C)
                  0000a814    00000020     acsndSensor_pem4f.oem4f (.const:ti_uia_loggers_LoggerStopMode_Object__DESC__C)
                  0000a834    0000001c     drivers_tivaware.aem4f : I2CTiva.oem4f (.const)
                  0000a850    00000018     acsndSensor_pem4f.oem4f (.const:ti_sysbios_gates_GateHwi_Object__PARAMS__C)
                  0000a868    00000018     acsndSensor_pem4f.oem4f (.const:ti_sysbios_gates_GateMutex_Object__PARAMS__C)
                  0000a880    00000018     acsndSensor_pem4f.oem4f (.const:ti_sysbios_knl_Queue_Object__PARAMS__C)
                  0000a898    00000014     EK_TM4C123GXL.obj (.const:GPIOTiva_config)
                  0000a8ac    00000014     acsndSensor_pem4f.oem4f (.const:xdc_runtime_Startup_firstFxns__A)
                  0000a8c0    00000014     acsndSensor_pem4f.oem4f (.const:xdc_runtime_Startup_sfxnRts__A)
                  0000a8d4    00000011     ti.targets.arm.rtsarm.aem4f : System.oem4f (.const:.string)
                  0000a8e5    00000001     acsndSensor_pem4f.oem4f (.const:xdc_runtime_Error_policy__C)
                  0000a8e6    00000002     acsndSensor_pem4f.oem4f (.const:ti_sysbios_family_arm_lm4_TimestampProvider_useClockTimer__C)
                  0000a8e8    00000010     drivers_tivaware.aem4f : I2C.oem4f (.const)
                  0000a8f8    00000008     acsndSensor_pem4f.oem4f (.const:ti_sysbios_family_arm_m3_Hwi_excHookFuncs__A)
                  0000a900    00000008     acsndSensor_pem4f.oem4f (.const:ti_sysbios_knl_Idle_funcList__A)
                  0000a908    00000008     acsndSensor_pem4f.oem4f (.const:ti_sysbios_knl_Idle_funcList__C)
                  0000a910    00000008     acsndSensor_pem4f.oem4f (.const:xdc_runtime_Startup_firstFxns__C)
                  0000a918    00000008     acsndSensor_pem4f.oem4f (.const:xdc_runtime_Startup_lastFxns__C)
                  0000a920    00000004     acsndSensor_pem4f.oem4f (.const:ti_catalog_arm_cortexm4_tiva_ce_Boot_A_mustUseEnhancedClockMode__C)
                  0000a924    00000004     acsndSensor_pem4f.oem4f (.const:ti_catalog_arm_cortexm4_tiva_ce_Boot_Module__diagsEnabled__C)
                  0000a928    00000004     acsndSensor_pem4f.oem4f (.const:ti_catalog_arm_cortexm4_tiva_ce_Boot_Module__diagsIncluded__C)
                  0000a92c    00000004     acsndSensor_pem4f.oem4f (.const:ti_catalog_arm_cortexm4_tiva_ce_Boot_Module__diagsMask__C)
                  0000a930    00000004     acsndSensor_pem4f.oem4f (.const:ti_sysbios_family_arm_lm4_Timer_enableFunc__C)
                  0000a934    00000004     acsndSensor_pem4f.oem4f (.const:ti_sysbios_family_arm_lm4_Timer_numTimerDevices__C)
                  0000a938    00000004     acsndSensor_pem4f.oem4f (.const:ti_sysbios_family_arm_lm4_Timer_startupNeeded__C)
                  0000a93c    00000004     acsndSensor_pem4f.oem4f (.const:ti_sysbios_family_arm_m3_Hwi_E_NMI__C)
                  0000a940    00000004     acsndSensor_pem4f.oem4f (.const:ti_sysbios_family_arm_m3_Hwi_E_alreadyDefined__C)
                  0000a944    00000004     acsndSensor_pem4f.oem4f (.const:ti_sysbios_family_arm_m3_Hwi_E_busFault__C)
                  0000a948    00000004     acsndSensor_pem4f.oem4f (.const:ti_sysbios_family_arm_m3_Hwi_E_debugMon__C)
                  0000a94c    00000004     acsndSensor_pem4f.oem4f (.const:ti_sysbios_family_arm_m3_Hwi_E_hardFault__C)
                  0000a950    00000004     acsndSensor_pem4f.oem4f (.const:ti_sysbios_family_arm_m3_Hwi_E_memFault__C)
                  0000a954    00000004     acsndSensor_pem4f.oem4f (.const:ti_sysbios_family_arm_m3_Hwi_E_noIsr__C)
                  0000a958    00000004     acsndSensor_pem4f.oem4f (.const:ti_sysbios_family_arm_m3_Hwi_E_reserved__C)
                  0000a95c    00000004     acsndSensor_pem4f.oem4f (.const:ti_sysbios_family_arm_m3_Hwi_E_svCall__C)
                  0000a960    00000004     acsndSensor_pem4f.oem4f (.const:ti_sysbios_family_arm_m3_Hwi_E_usageFault__C)
                  0000a964    00000004     acsndSensor_pem4f.oem4f (.const:ti_sysbios_family_arm_m3_Hwi_LD_end__C)
                  0000a968    00000004     acsndSensor_pem4f.oem4f (.const:ti_sysbios_family_arm_m3_Hwi_LM_begin__C)
                  0000a96c    00000004     acsndSensor_pem4f.oem4f (.const:ti_sysbios_family_arm_m3_Hwi_Module__diagsEnabled__C)
                  0000a970    00000004     acsndSensor_pem4f.oem4f (.const:ti_sysbios_family_arm_m3_Hwi_Module__diagsIncluded__C)
                  0000a974    00000004     acsndSensor_pem4f.oem4f (.const:ti_sysbios_family_arm_m3_Hwi_Module__diagsMask__C)
                  0000a978    00000004     acsndSensor_pem4f.oem4f (.const:ti_sysbios_family_arm_m3_Hwi_Module__loggerFxn1__C)
                  0000a97c    00000004     acsndSensor_pem4f.oem4f (.const:ti_sysbios_family_arm_m3_Hwi_Module__loggerFxn8__C)
                  0000a980    00000004     acsndSensor_pem4f.oem4f (.const:ti_sysbios_family_arm_m3_Hwi_Module__loggerObj__C)
                  0000a984    00000004     acsndSensor_pem4f.oem4f (.const:ti_sysbios_family_arm_m3_Hwi_NUM_INTERRUPTS__C)
                  0000a988    00000004     acsndSensor_pem4f.oem4f (.const:ti_sysbios_family_arm_m3_Hwi_Object__count__C)
                  0000a98c    00000004     acsndSensor_pem4f.oem4f (.const:ti_sysbios_family_arm_m3_Hwi_ccr__C)
                  0000a990    00000004     acsndSensor_pem4f.oem4f (.const:ti_sysbios_family_arm_m3_Hwi_excHandlerFunc__C)
                  0000a994    00000004     acsndSensor_pem4f.oem4f (.const:ti_sysbios_family_arm_m3_Hwi_excHookFuncs__C)
                  0000a998    00000004     acsndSensor_pem4f.oem4f (.const:ti_sysbios_family_arm_m3_Hwi_nullIsrFunc__C)
                  0000a99c    00000004     acsndSensor_pem4f.oem4f (.const:ti_sysbios_family_arm_m3_Hwi_priGroup__C)
                  0000a9a0    00000004     acsndSensor_pem4f.oem4f (.const:ti_sysbios_gates_GateMutex_A_badContext__C)
                  0000a9a4    00000004     acsndSensor_pem4f.oem4f (.const:ti_sysbios_gates_GateMutex_Instance_State_sem__O)
                  0000a9a8    00000004     acsndSensor_pem4f.oem4f (.const:ti_sysbios_gates_GateMutex_Module__diagsEnabled__C)
                  0000a9ac    00000004     acsndSensor_pem4f.oem4f (.const:ti_sysbios_gates_GateMutex_Module__diagsIncluded__C)
                  0000a9b0    00000004     acsndSensor_pem4f.oem4f (.const:ti_sysbios_gates_GateMutex_Module__diagsMask__C)
                  0000a9b4    00000004     acsndSensor_pem4f.oem4f (.const:ti_sysbios_hal_Hwi_E_stackOverflow__C)
                  0000a9b8    00000004     acsndSensor_pem4f.oem4f (.const:ti_sysbios_heaps_HeapMem_A_align__C)
                  0000a9bc    00000004     acsndSensor_pem4f.oem4f (.const:ti_sysbios_heaps_HeapMem_A_heapSize__C)
                  0000a9c0    00000004     acsndSensor_pem4f.oem4f (.const:ti_sysbios_heaps_HeapMem_A_invalidFree__C)
                  0000a9c4    00000004     acsndSensor_pem4f.oem4f (.const:ti_sysbios_heaps_HeapMem_A_zeroBlock__C)
                  0000a9c8    00000004     acsndSensor_pem4f.oem4f (.const:ti_sysbios_heaps_HeapMem_E_memory__C)
                  0000a9cc    00000004     acsndSensor_pem4f.oem4f (.const:ti_sysbios_heaps_HeapMem_Module__diagsEnabled__C)
                  0000a9d0    00000004     acsndSensor_pem4f.oem4f (.const:ti_sysbios_heaps_HeapMem_Module__diagsIncluded__C)
                  0000a9d4    00000004     acsndSensor_pem4f.oem4f (.const:ti_sysbios_heaps_HeapMem_Module__diagsMask__C)
                  0000a9d8    00000004     acsndSensor_pem4f.oem4f (.const:ti_sysbios_heaps_HeapMem_Module__gateObj__C)
                  0000a9dc    00000004     acsndSensor_pem4f.oem4f (.const:ti_sysbios_heaps_HeapMem_Object__count__C)
                  0000a9e0    00000004     acsndSensor_pem4f.oem4f (.const:ti_sysbios_heaps_HeapMem_reqAlign__C)
                  0000a9e4    00000004     acsndSensor_pem4f.oem4f (.const:ti_sysbios_knl_Clock_LM_begin__C)
                  0000a9e8    00000004     acsndSensor_pem4f.oem4f (.const:ti_sysbios_knl_Clock_LM_tick__C)
                  0000a9ec    00000004     acsndSensor_pem4f.oem4f (.const:ti_sysbios_knl_Clock_LW_delayed__C)
                  0000a9f0    00000004     acsndSensor_pem4f.oem4f (.const:ti_sysbios_knl_Clock_Module_State_clockQ__O)
                  0000a9f4    00000004     acsndSensor_pem4f.oem4f (.const:ti_sysbios_knl_Clock_Module__diagsEnabled__C)
                  0000a9f8    00000004     acsndSensor_pem4f.oem4f (.const:ti_sysbios_knl_Clock_Module__diagsIncluded__C)
                  0000a9fc    00000004     acsndSensor_pem4f.oem4f (.const:ti_sysbios_knl_Clock_Module__diagsMask__C)
                  0000aa00    00000004     acsndSensor_pem4f.oem4f (.const:ti_sysbios_knl_Clock_Module__loggerFxn1__C)
                  0000aa04    00000004     acsndSensor_pem4f.oem4f (.const:ti_sysbios_knl_Clock_Module__loggerFxn2__C)
                  0000aa08    00000004     acsndSensor_pem4f.oem4f (.const:ti_sysbios_knl_Clock_Module__loggerObj__C)
                  0000aa0c    00000004     acsndSensor_pem4f.oem4f (.const:ti_sysbios_knl_Semaphore_A_badContext__C)
                  0000aa10    00000004     acsndSensor_pem4f.oem4f (.const:ti_sysbios_knl_Semaphore_A_noEvents__C)
                  0000aa14    00000004     acsndSensor_pem4f.oem4f (.const:ti_sysbios_knl_Semaphore_A_overflow__C)
                  0000aa18    00000004     acsndSensor_pem4f.oem4f (.const:ti_sysbios_knl_Semaphore_A_pendTaskDisabled__C)
                  0000aa1c    00000004     acsndSensor_pem4f.oem4f (.const:ti_sysbios_knl_Semaphore_Instance_State_pendQ__O)
                  0000aa20    00000004     acsndSensor_pem4f.oem4f (.const:ti_sysbios_knl_Semaphore_LM_pend__C)
                  0000aa24    00000004     acsndSensor_pem4f.oem4f (.const:ti_sysbios_knl_Semaphore_LM_post__C)
                  0000aa28    00000004     acsndSensor_pem4f.oem4f (.const:ti_sysbios_knl_Semaphore_Module__diagsEnabled__C)
                  0000aa2c    00000004     acsndSensor_pem4f.oem4f (.const:ti_sysbios_knl_Semaphore_Module__diagsIncluded__C)
                  0000aa30    00000004     acsndSensor_pem4f.oem4f (.const:ti_sysbios_knl_Semaphore_Module__diagsMask__C)
                  0000aa34    00000004     acsndSensor_pem4f.oem4f (.const:ti_sysbios_knl_Semaphore_Module__loggerFxn2__C)
                  0000aa38    00000004     acsndSensor_pem4f.oem4f (.const:ti_sysbios_knl_Semaphore_Module__loggerFxn4__C)
                  0000aa3c    00000004     acsndSensor_pem4f.oem4f (.const:ti_sysbios_knl_Semaphore_Module__loggerObj__C)
                  0000aa40    00000004     acsndSensor_pem4f.oem4f (.const:ti_sysbios_knl_Swi_LD_end__C)
                  0000aa44    00000004     acsndSensor_pem4f.oem4f (.const:ti_sysbios_knl_Swi_LM_begin__C)
                  0000aa48    00000004     acsndSensor_pem4f.oem4f (.const:ti_sysbios_knl_Swi_LM_post__C)
                  0000aa4c    00000004     acsndSensor_pem4f.oem4f (.const:ti_sysbios_knl_Swi_Module__diagsEnabled__C)
                  0000aa50    00000004     acsndSensor_pem4f.oem4f (.const:ti_sysbios_knl_Swi_Module__diagsIncluded__C)
                  0000aa54    00000004     acsndSensor_pem4f.oem4f (.const:ti_sysbios_knl_Swi_Module__diagsMask__C)
                  0000aa58    00000004     acsndSensor_pem4f.oem4f (.const:ti_sysbios_knl_Swi_Module__loggerFxn1__C)
                  0000aa5c    00000004     acsndSensor_pem4f.oem4f (.const:ti_sysbios_knl_Swi_Module__loggerFxn4__C)
                  0000aa60    00000004     acsndSensor_pem4f.oem4f (.const:ti_sysbios_knl_Swi_Module__loggerObj__C)
                  0000aa64    00000004     acsndSensor_pem4f.oem4f (.const:ti_sysbios_knl_Swi_Object__count__C)
                  0000aa68    00000004     acsndSensor_pem4f.oem4f (.const:ti_sysbios_knl_Task_A_badTimeout__C)
                  0000aa6c    00000004     acsndSensor_pem4f.oem4f (.const:ti_sysbios_knl_Task_A_sleepTaskDisabled__C)
                  0000aa70    00000004     acsndSensor_pem4f.oem4f (.const:ti_sysbios_knl_Task_E_spOutOfBounds__C)
                  0000aa74    00000004     acsndSensor_pem4f.oem4f (.const:ti_sysbios_knl_Task_E_stackOverflow__C)
                  0000aa78    00000004     acsndSensor_pem4f.oem4f (.const:ti_sysbios_knl_Task_LD_block__C)
                  0000aa7c    00000004     acsndSensor_pem4f.oem4f (.const:ti_sysbios_knl_Task_LD_exit__C)
                  0000aa80    00000004     acsndSensor_pem4f.oem4f (.const:ti_sysbios_knl_Task_LD_ready__C)
                  0000aa84    00000004     acsndSensor_pem4f.oem4f (.const:ti_sysbios_knl_Task_LM_sleep__C)
                  0000aa88    00000004     acsndSensor_pem4f.oem4f (.const:ti_sysbios_knl_Task_LM_switch__C)
                  0000aa8c    00000004     acsndSensor_pem4f.oem4f (.const:ti_sysbios_knl_Task_Module_State_inactiveQ__O)
                  0000aa90    00000004     acsndSensor_pem4f.oem4f (.const:ti_sysbios_knl_Task_Module__diagsEnabled__C)
                  0000aa94    00000004     acsndSensor_pem4f.oem4f (.const:ti_sysbios_knl_Task_Module__diagsIncluded__C)
                  0000aa98    00000004     acsndSensor_pem4f.oem4f (.const:ti_sysbios_knl_Task_Module__diagsMask__C)
                  0000aa9c    00000004     acsndSensor_pem4f.oem4f (.const:ti_sysbios_knl_Task_Module__loggerFxn2__C)
                  0000aaa0    00000004     acsndSensor_pem4f.oem4f (.const:ti_sysbios_knl_Task_Module__loggerFxn4__C)
                  0000aaa4    00000004     acsndSensor_pem4f.oem4f (.const:ti_sysbios_knl_Task_Module__loggerObj__C)
                  0000aaa8    00000004     acsndSensor_pem4f.oem4f (.const:ti_sysbios_knl_Task_Object__count__C)
                  0000aaac    00000004     acsndSensor_pem4f.oem4f (.const:ti_sysbios_knl_Task_allBlockedFunc__C)
                  0000aab0    00000004     acsndSensor_pem4f.oem4f (.const:ti_sysbios_knl_Task_numConstructedTasks__C)
                  0000aab4    00000004     acsndSensor_pem4f.oem4f (.const:ti_sysbios_utils_Load_LS_cpuLoad__C)
                  0000aab8    00000004     acsndSensor_pem4f.oem4f (.const:ti_sysbios_utils_Load_Module__diagsEnabled__C)
                  0000aabc    00000004     acsndSensor_pem4f.oem4f (.const:ti_sysbios_utils_Load_Module__diagsIncluded__C)
                  0000aac0    00000004     acsndSensor_pem4f.oem4f (.const:ti_sysbios_utils_Load_Module__diagsMask__C)
                  0000aac4    00000004     acsndSensor_pem4f.oem4f (.const:ti_sysbios_utils_Load_Module__loggerFxn1__C)
                  0000aac8    00000004     acsndSensor_pem4f.oem4f (.const:ti_sysbios_utils_Load_Module__loggerObj__C)
                  0000aacc    00000004     acsndSensor_pem4f.oem4f (.const:ti_sysbios_utils_Load_postUpdate__C)
                  0000aad0    00000004     acsndSensor_pem4f.oem4f (.const:ti_sysbios_utils_Load_windowInMs__C)
                  0000aad4    00000004     acsndSensor_pem4f.oem4f (.const:ti_uia_loggers_LoggerStopMode_Module__diagsEnabled__C)
                  0000aad8    00000004     acsndSensor_pem4f.oem4f (.const:ti_uia_loggers_LoggerStopMode_Module__diagsIncluded__C)
                  0000aadc    00000004     acsndSensor_pem4f.oem4f (.const:ti_uia_loggers_LoggerStopMode_Module__diagsMask__C)
                  0000aae0    00000004     acsndSensor_pem4f.oem4f (.const:ti_uia_loggers_LoggerStopMode_Object__count__C)
                  0000aae4    00000004     acsndSensor_pem4f.oem4f (.const:ti_uia_runtime_ILoggerSnapshot_Interface__BASE__C)
                  0000aae8    00000004     acsndSensor_pem4f.oem4f (.const:ti_uia_runtime_IUIATransfer_Interface__BASE__C)
                  0000aaec    00000004     acsndSensor_pem4f.oem4f (.const:xdc_runtime_Assert_E_assertFailed__C)
                  0000aaf0    00000004     acsndSensor_pem4f.oem4f (.const:xdc_runtime_Core_A_initializedParams__C)
                  0000aaf4    00000004     acsndSensor_pem4f.oem4f (.const:xdc_runtime_Core_Module__diagsEnabled__C)
                  0000aaf8    00000004     acsndSensor_pem4f.oem4f (.const:xdc_runtime_Core_Module__diagsIncluded__C)
                  0000aafc    00000004     acsndSensor_pem4f.oem4f (.const:xdc_runtime_Core_Module__diagsMask__C)
                  0000ab00    00000004     acsndSensor_pem4f.oem4f (.const:xdc_runtime_Error_E_memory__C)
                  0000ab04    00000004     acsndSensor_pem4f.oem4f (.const:xdc_runtime_Error_Module__diagsEnabled__C)
                  0000ab08    00000004     acsndSensor_pem4f.oem4f (.const:xdc_runtime_Error_Module__diagsIncluded__C)
                  0000ab0c    00000004     acsndSensor_pem4f.oem4f (.const:xdc_runtime_Error_Module__diagsMask__C)
                  0000ab10    00000004     acsndSensor_pem4f.oem4f (.const:xdc_runtime_Error_Module__loggerFxn8__C)
                  0000ab14    00000004     acsndSensor_pem4f.oem4f (.const:xdc_runtime_Error_Module__loggerObj__C)
                  0000ab18    00000004     acsndSensor_pem4f.oem4f (.const:xdc_runtime_Error_policyFxn__C)
                  0000ab1c    00000004     acsndSensor_pem4f.oem4f (.const:xdc_runtime_Error_raiseHook__C)
                  0000ab20    00000004     acsndSensor_pem4f.oem4f (.const:xdc_runtime_IFilterLogger_Interface__BASE__C)
                  0000ab24    00000004     acsndSensor_pem4f.oem4f (.const:xdc_runtime_IGateProvider_Interface__BASE__C)
                  0000ab28    00000004     acsndSensor_pem4f.oem4f (.const:xdc_runtime_IHeap_Interface__BASE__C)
                  0000ab2c    00000004     acsndSensor_pem4f.oem4f (.const:xdc_runtime_ILogger_Interface__BASE__C)
                  0000ab30    00000004     acsndSensor_pem4f.oem4f (.const:xdc_runtime_IModule_Interface__BASE__C)
                  0000ab34    00000004     acsndSensor_pem4f.oem4f (.const:xdc_runtime_Log_L_error__C)
                  0000ab38    00000004     acsndSensor_pem4f.oem4f (.const:xdc_runtime_Memory_defaultHeapInstance__C)
                  0000ab3c    00000004     acsndSensor_pem4f.oem4f (.const:xdc_runtime_Startup_execImpl__C)
                  0000ab40    00000004     acsndSensor_pem4f.oem4f (.const:xdc_runtime_Startup_lastFxns__A)
                  0000ab44    00000004     acsndSensor_pem4f.oem4f (.const:xdc_runtime_Startup_maxPasses__C)
                  0000ab48    00000004     acsndSensor_pem4f.oem4f (.const:xdc_runtime_Startup_sfxnRts__C)
                  0000ab4c    00000004     acsndSensor_pem4f.oem4f (.const:xdc_runtime_Startup_sfxnTab__C)
                  0000ab50    00000004     acsndSensor_pem4f.oem4f (.const:xdc_runtime_SysMin_bufSize__C)
                  0000ab54    00000004     acsndSensor_pem4f.oem4f (.const:xdc_runtime_SysMin_outputFunc__C)
                  0000ab58    00000004     acsndSensor_pem4f.oem4f (.const:xdc_runtime_System_Module__gateObj__C)
                  0000ab5c    00000004     acsndSensor_pem4f.oem4f (.const:xdc_runtime_System_abortFxn__C)
                  0000ab60    00000004     acsndSensor_pem4f.oem4f (.const:xdc_runtime_System_exitFxn__C)
                  0000ab64    00000004     acsndSensor_pem4f.oem4f (.const:xdc_runtime_System_extendFxn__C)
                  0000ab68    00000004     acsndSensor_pem4f.oem4f (.const:xdc_runtime_System_maxAtexitHandlers__C)
                  0000ab6c    00000004     acsndSensor_pem4f.oem4f (.const:xdc_runtime_Text_charTab__C)
                  0000ab70    00000004     acsndSensor_pem4f.oem4f (.const:xdc_runtime_Text_nameEmpty__C)
                  0000ab74    00000004     acsndSensor_pem4f.oem4f (.const:xdc_runtime_Text_nameStatic__C)
                  0000ab78    00000004     acsndSensor_pem4f.oem4f (.const:xdc_runtime_Text_nameUnknown__C)
                  0000ab7c    00000004     acsndSensor_pem4f.oem4f (.const:xdc_runtime_Text_nodeTab__C)
                  0000ab80    00000004     acsndSensor_pem4f.oem4f (.const:xdc_runtime_Text_visitRopeFxn__C)
                  0000ab84    00000002     acsndSensor_pem4f.oem4f (.const:ti_sysbios_family_arm_m3_Hwi_Module__id__C)
                  0000ab86    00000002     acsndSensor_pem4f.oem4f (.const:ti_sysbios_family_arm_m3_Hwi_Module__loggerDefined__C)
                  0000ab88    00000002     acsndSensor_pem4f.oem4f (.const:ti_sysbios_gates_GateMutex_Module__id__C)
                  0000ab8a    00000002     acsndSensor_pem4f.oem4f (.const:ti_sysbios_hal_Hwi_Module__id__C)
                  0000ab8c    00000002     acsndSensor_pem4f.oem4f (.const:ti_sysbios_heaps_HeapMem_Module__id__C)
                  0000ab8e    00000002     acsndSensor_pem4f.oem4f (.const:ti_sysbios_knl_Clock_Module__id__C)
                  0000ab90    00000002     acsndSensor_pem4f.oem4f (.const:ti_sysbios_knl_Clock_Module__loggerDefined__C)
                  0000ab92    00000002     acsndSensor_pem4f.oem4f (.const:ti_sysbios_knl_Semaphore_Module__id__C)
                  0000ab94    00000002     acsndSensor_pem4f.oem4f (.const:ti_sysbios_knl_Semaphore_Module__loggerDefined__C)
                  0000ab96    00000002     acsndSensor_pem4f.oem4f (.const:ti_sysbios_knl_Swi_Module__id__C)
                  0000ab98    00000002     acsndSensor_pem4f.oem4f (.const:ti_sysbios_knl_Swi_Module__loggerDefined__C)
                  0000ab9a    00000002     acsndSensor_pem4f.oem4f (.const:ti_sysbios_knl_Task_Module__id__C)
                  0000ab9c    00000002     acsndSensor_pem4f.oem4f (.const:ti_sysbios_knl_Task_Module__loggerDefined__C)
                  0000ab9e    00000002     acsndSensor_pem4f.oem4f (.const:ti_sysbios_knl_Task_initStackFlag__C)
                  0000aba0    00000002     acsndSensor_pem4f.oem4f (.const:ti_sysbios_utils_Load_Module__id__C)
                  0000aba2    00000002     acsndSensor_pem4f.oem4f (.const:ti_sysbios_utils_Load_Module__loggerDefined__C)
                  0000aba4    00000002     acsndSensor_pem4f.oem4f (.const:ti_sysbios_utils_Load_updateInIdle__C)
                  0000aba6    00000002     acsndSensor_pem4f.oem4f (.const:ti_uia_loggers_LoggerStopMode_Module__id__C)
                  0000aba8    00000002     acsndSensor_pem4f.oem4f (.const:ti_uia_loggers_LoggerStopMode_isTimestampEnabled__C)
                  0000abaa    00000002     acsndSensor_pem4f.oem4f (.const:xdc_runtime_Core_Module__id__C)
                  0000abac    00000002     acsndSensor_pem4f.oem4f (.const:xdc_runtime_Error_Module__loggerDefined__C)
                  0000abae    00000002     acsndSensor_pem4f.oem4f (.const:xdc_runtime_Error_maxDepth__C)
                  0000abb0    00000002     acsndSensor_pem4f.oem4f (.const:xdc_runtime_Memory_Module__id__C)
                  0000abb2    00000002     acsndSensor_pem4f.oem4f (.const:xdc_runtime_SysMin_flushAtExit__C)
                  0000abb4    00000002     acsndSensor_pem4f.oem4f (.const:xdc_runtime_Text_charCnt__C)
                  0000abb6    00000002     acsndSensor_pem4f.oem4f (.const:xdc_runtime_Text_isLoaded__C)
                  0000abb8    00000002     acsndSensor_pem4f.oem4f (.const:xdc_runtime_Text_registryModsLastId__C)
                  0000abba    00000002     acsndSensor_pem4f.oem4f (.const:xdc_runtime_Text_unnamedModsLastId__C)

.cinit     0    0000abc0    00000478     
                  0000abc0    0000043d     (.cinit..data.load) [load image, compression = rle]
                  0000affd    00000003     --HOLE-- [fill = 0]
                  0000b000    0000000c     (__TI_handler_table)
                  0000b00c    00000004     --HOLE-- [fill = 0]
                  0000b010    00000008     (.cinit..bss.load) [load image, compression = zero_init]
                  0000b018    00000008     (.cinit..vecs.load) [load image, compression = zero_init]
                  0000b020    00000018     (__TI_cinit_table)

.init_array 
*          0    00000000    00000000     UNINITIALIZED

.vecs      0    20000000    00000360     UNINITIALIZED
                  20000000    00000360     acsndSensor_pem4f.oem4f (.vecs)

.bss       0    20000400    0000384c     UNINITIALIZED
                  20000400    00001000     acsndSensor_pem4f.oem4f (.bss:ti_sysbios_heaps_HeapMem_Instance_State_0_buf__A)
                  20001400    00000f00     acsndSensor_pem4f.oem4f (.bss:taskStackSection)
                  20002300    00000400     acsndSensor_pem4f.oem4f (.bss:ti_uia_loggers_LoggerStopMode_Instance_State_1_packetArray__A)
                  20002700    00000400     acsndSensor_pem4f.oem4f (.bss:ti_uia_loggers_LoggerStopMode_Instance_State_2_packetArray__A)
                  20002b00    00000400     acsndSensor_pem4f.oem4f (.bss:xdc_runtime_SysMin_Module_State_0_outbuf__A)
                  20002f00    00000360     acsndSensor_pem4f.oem4f (.bss:ti_sysbios_family_arm_m3_Hwi_dispatchTable)
                  20003260    00000120     rtsv7M4_T_le_v4SPD16_eabi.lib : trgmsg.obj (.bss:__CIOBUF_)
                  20003380    00000030     acsndSensor_pem4f.oem4f (.bss:ti_uia_loggers_LoggerStopMode_Instance_State_0_hdr__A)
                  200033b0    0000001c     (.common:hwiStruct)
                  200033cc    0000001c     (.common:i2cTransaction)
                  200033e8    00000014     (.common:fullBuffer1)
                  200033fc    00000004     (.common:AD7745Cap)
                  20003400    00000200     EK_TM4C123GXL.obj (.bss:dmaControlTable)
                  20003600    00000200     EK_TM4C123GXL.obj (.bss:i2cTivaObjects)
                  20003800    00000200     acsndSensor_pem4f.oem4f (.bss:ti_uia_loggers_LoggerStopMode_Instance_State_0_packetArray__A)
                  20003a00    000000e4     EK_TM4C123GXL.obj (.bss:spiTivaDMAObjects)
                  20003ae4    00000090     drivers_tivaware.aem4f : GPIOTiva.oem4f (.bss:gpioCallbackInfo)
                  20003b74    00000008     (.common:parmbuf)
                  20003b7c    00000004     (.common:AD7745Temp)
                  20003b80    00000030     acsndSensor_pem4f.oem4f (.bss:ti_uia_loggers_LoggerStopMode_Instance_State_1_hdr__A)
                  20003bb0    00000014     (.common:fullBuffer2)
                  20003bc4    00000014     (.common:slaveRxBuffer)
                  20003bd8    00000010     (.common:i2cParams)
                  20003be8    00000004     (.common:LTC2485ExtTemp)
                  20003bec    00000004     (.common:Si7020Hum)
                  20003bf0    00000004     (.common:Si7020Temp)
                  20003bf4    00000004     (.common:gpioInterruptVectors)
                  20003bf8    00000004     (.common:i2c)
                  20003bfc    00000004     --HOLE--
                  20003c00    00000030     acsndSensor_pem4f.oem4f (.bss:ti_uia_loggers_LoggerStopMode_Instance_State_2_hdr__A)
                  20003c30    00000010     --HOLE--
                  20003c40    0000000c     (.common:spiTivaDMAscratchBuf)

.data      0    20003c4c    000006b8     UNINITIALIZED
                  20003c4c    00000198     acsndSensor_pem4f.oem4f (.data)
                  20003de4    000000e4     acsndSensor_pem4f.oem4f (.data:ti_sysbios_knl_Task_Object__table__V)
                  20003ec8    0000009c     acsndSensor_pem4f.oem4f (.data:ti_uia_loggers_LoggerStopMode_Object__table__V)
                  20003f64    00000098     acsndSensor_pem4f.oem4f (.data:ti_sysbios_utils_Load_Module__state__V)
                  20003ffc    00000080     acsndSensor_pem4f.oem4f (.data:ti_sysbios_family_arm_lm4_Timer_Object__table__V)
                  2000407c    00000080     acsndSensor_pem4f.oem4f (.data:ti_sysbios_knl_Swi_Module_State_0_readyQ__A)
                  200040fc    00000044     acsndSensor_pem4f.oem4f (.data:ti_sysbios_knl_Task_Module__state__V)
                  20004140    00000038     acsndSensor_pem4f.oem4f (.data:ti_sysbios_gates_GateMutex_Object__table__V)
                  20004178    00000034     acsndSensor_pem4f.oem4f (.data:ti_sysbios_family_arm_m3_Hwi_Module__state__V)
                  200041ac    00000030     acsndSensor_pem4f.oem4f (.data:ti_sysbios_family_arm_lm4_Timer_Module_State_0_device__A)
                  200041dc    00000030     acsndSensor_pem4f.oem4f (.data:ti_sysbios_family_arm_m3_Hwi_Object__table__V)
                  2000420c    00000030     acsndSensor_pem4f.oem4f (.data:ti_sysbios_knl_Swi_Object__table__V)
                  2000423c    0000002c     acsndSensor.obj (.data)
                  20004268    0000002c     acsndSensor_pem4f.oem4f (.data:ti_sysbios_knl_Clock_Module__state__V)
                  20004294    00000024     acsndSensor_pem4f.oem4f (.data:ti_sysbios_BIOS_Module__state__V)
                  200042b8    00000020     EK_TM4C123GXL.obj (.data)
                  200042d8    00000008     rtsv7M4_T_le_v4SPD16_eabi.lib : _lock.obj (.data)
                  200042e0    00000008                                   : exit.obj (.data)
[...]
0000a9a4  ti_sysbios_gates_GateMutex_Instance_State_sem__O                  
0000a9a8  ti_sysbios_gates_GateMutex_Module__diagsEnabled__C                
0000a9ac  ti_sysbios_gates_GateMutex_Module__diagsIncluded__C               
0000a9b0  ti_sysbios_gates_GateMutex_Module__diagsMask__C                   
0000a9b4  ti_sysbios_hal_Hwi_E_stackOverflow__C                             
0000a9b8  ti_sysbios_heaps_HeapMem_A_align__C                               
0000a9bc  ti_sysbios_heaps_HeapMem_A_heapSize__C                            
0000a9c0  ti_sysbios_heaps_HeapMem_A_invalidFree__C                         
0000a9c4  ti_sysbios_heaps_HeapMem_A_zeroBlock__C                           
0000a9c8  ti_sysbios_heaps_HeapMem_E_memory__C                              
0000a9cc  ti_sysbios_heaps_HeapMem_Module__diagsEnabled__C                  
0000a9d0  ti_sysbios_heaps_HeapMem_Module__diagsIncluded__C                 
0000a9d4  ti_sysbios_heaps_HeapMem_Module__diagsMask__C                     
0000a9d8  ti_sysbios_heaps_HeapMem_Module__gateObj__C                       
0000a9dc  ti_sysbios_heaps_HeapMem_Object__count__C                         
0000a9e0  ti_sysbios_heaps_HeapMem_reqAlign__C                              
0000a9e4  ti_sysbios_knl_Clock_LM_begin__C                                  
0000a9e8  ti_sysbios_knl_Clock_LM_tick__C                                   
0000a9ec  ti_sysbios_knl_Clock_LW_delayed__C                                
0000a9f0  ti_sysbios_knl_Clock_Module_State_clockQ__O                       
0000a9f4  ti_sysbios_knl_Clock_Module__diagsEnabled__C                      
0000a9f8  ti_sysbios_knl_Clock_Module__diagsIncluded__C                     
0000a9fc  ti_sysbios_knl_Clock_Module__diagsMask__C                         
0000aa00  ti_sysbios_knl_Clock_Module__loggerFxn1__C                        
0000aa04  ti_sysbios_knl_Clock_Module__loggerFxn2__C                        
0000aa08  ti_sysbios_knl_Clock_Module__loggerObj__C                         
0000aa0c  ti_sysbios_knl_Semaphore_A_badContext__C                          
0000aa10  ti_sysbios_knl_Semaphore_A_noEvents__C                            
0000aa14  ti_sysbios_knl_Semaphore_A_overflow__C                            
0000aa18  ti_sysbios_knl_Semaphore_A_pendTaskDisabled__C                    
0000aa1c  ti_sysbios_knl_Semaphore_Instance_State_pendQ__O                  
0000aa20  ti_sysbios_knl_Semaphore_LM_pend__C                               
0000aa24  ti_sysbios_knl_Semaphore_LM_post__C                               
0000aa28  ti_sysbios_knl_Semaphore_Module__diagsEnabled__C                  
0000aa2c  ti_sysbios_knl_Semaphore_Module__diagsIncluded__C                 
0000aa30  ti_sysbios_knl_Semaphore_Module__diagsMask__C                     
0000aa34  ti_sysbios_knl_Semaphore_Module__loggerFxn2__C                    
0000aa38  ti_sysbios_knl_Semaphore_Module__loggerFxn4__C                    
0000aa3c  ti_sysbios_knl_Semaphore_Module__loggerObj__C                     
0000aa40  ti_sysbios_knl_Swi_LD_end__C                                      
0000aa44  ti_sysbios_knl_Swi_LM_begin__C                                    
0000aa48  ti_sysbios_knl_Swi_LM_post__C                                     
0000aa4c  ti_sysbios_knl_Swi_Module__diagsEnabled__C                        
0000aa50  ti_sysbios_knl_Swi_Module__diagsIncluded__C                       
0000aa54  ti_sysbios_knl_Swi_Module__diagsMask__C                           
0000aa58  ti_sysbios_knl_Swi_Module__loggerFxn1__C                          
0000aa5c  ti_sysbios_knl_Swi_Module__loggerFxn4__C                          
0000aa60  ti_sysbios_knl_Swi_Module__loggerObj__C                           
0000aa64  ti_sysbios_knl_Swi_Object__count__C                               
0000aa68  ti_sysbios_knl_Task_A_badTimeout__C                               
0000aa6c  ti_sysbios_knl_Task_A_sleepTaskDisabled__C                        
0000aa70  ti_sysbios_knl_Task_E_spOutOfBounds__C                            
0000aa74  ti_sysbios_knl_Task_E_stackOverflow__C                            
0000aa78  ti_sysbios_knl_Task_LD_block__C                                   
0000aa7c  ti_sysbios_knl_Task_LD_exit__C                                    
0000aa80  ti_sysbios_knl_Task_LD_ready__C                                   
0000aa84  ti_sysbios_knl_Task_LM_sleep__C                                   
0000aa88  ti_sysbios_knl_Task_LM_switch__C                                  
0000aa8c  ti_sysbios_knl_Task_Module_State_inactiveQ__O                     
0000aa90  ti_sysbios_knl_Task_Module__diagsEnabled__C                       
0000aa94  ti_sysbios_knl_Task_Module__diagsIncluded__C                      
0000aa98  ti_sysbios_knl_Task_Module__diagsMask__C                          
0000aa9c  ti_sysbios_knl_Task_Module__loggerFxn2__C                         
0000aaa0  ti_sysbios_knl_Task_Module__loggerFxn4__C                         
0000aaa4  ti_sysbios_knl_Task_Module__loggerObj__C                          
0000aaa8  ti_sysbios_knl_Task_Object__count__C                              
0000aaac  ti_sysbios_knl_Task_allBlockedFunc__C                             
0000aab0  ti_sysbios_knl_Task_numConstructedTasks__C                        
0000aab4  ti_sysbios_utils_Load_LS_cpuLoad__C                               
0000aab8  ti_sysbios_utils_Load_Module__diagsEnabled__C                     
0000aabc  ti_sysbios_utils_Load_Module__diagsIncluded__C                    
0000aac0  ti_sysbios_utils_Load_Module__diagsMask__C                        
0000aac4  ti_sysbios_utils_Load_Module__loggerFxn1__C                       
0000aac8  ti_sysbios_utils_Load_Module__loggerObj__C                        
0000aacc  ti_sysbios_utils_Load_postUpdate__C                               
0000aad0  ti_sysbios_utils_Load_windowInMs__C                               
0000aad4  ti_uia_loggers_LoggerStopMode_Module__diagsEnabled__C             
0000aad8  ti_uia_loggers_LoggerStopMode_Module__diagsIncluded__C            
0000aadc  ti_uia_loggers_LoggerStopMode_Module__diagsMask__C                
0000aae0  ti_uia_loggers_LoggerStopMode_Object__count__C                    
0000aae4  ti_uia_runtime_ILoggerSnapshot_Interface__BASE__C                 
0000aae8  ti_uia_runtime_IUIATransfer_Interface__BASE__C                    
0000aaec  xdc_runtime_Assert_E_assertFailed__C                              
0000aaf0  xdc_runtime_Core_A_initializedParams__C                           
0000aaf4  xdc_runtime_Core_Module__diagsEnabled__C                          
0000aaf8  xdc_runtime_Core_Module__diagsIncluded__C                         
0000aafc  xdc_runtime_Core_Module__diagsMask__C                             
0000ab00  xdc_runtime_Error_E_memory__C                                     
0000ab04  xdc_runtime_Error_Module__diagsEnabled__C                         
0000ab08  xdc_runtime_Error_Module__diagsIncluded__C                        
0000ab0c  xdc_runtime_Error_Module__diagsMask__C                            
0000ab10  xdc_runtime_Error_Module__loggerFxn8__C                           
0000ab14  xdc_runtime_Error_Module__loggerObj__C                            
0000ab18  xdc_runtime_Error_policyFxn__C                                    
0000ab1c  xdc_runtime_Error_raiseHook__C                                    
0000ab20  xdc_runtime_IFilterLogger_Interface__BASE__C                      
0000ab24  xdc_runtime_IGateProvider_Interface__BASE__C                      
0000ab28  xdc_runtime_IHeap_Interface__BASE__C                              
0000ab2c  xdc_runtime_ILogger_Interface__BASE__C                            
0000ab30  xdc_runtime_IModule_Interface__BASE__C                            
0000ab34  xdc_runtime_Log_L_error__C                                        
0000ab38  xdc_runtime_Memory_defaultHeapInstance__C                         
0000ab3c  xdc_runtime_Startup_execImpl__C                                   
0000ab40  xdc_runtime_Startup_lastFxns__A                                   
0000ab44  xdc_runtime_Startup_maxPasses__C                                  
0000ab48  xdc_runtime_Startup_sfxnRts__C                                    
0000ab4c  xdc_runtime_Startup_sfxnTab__C                                    
0000ab50  xdc_runtime_SysMin_bufSize__C                                     
0000ab54  xdc_runtime_SysMin_outputFunc__C                                  
0000ab58  xdc_runtime_System_Module__gateObj__C                             
0000ab5c  xdc_runtime_System_abortFxn__C                                    
0000ab60  xdc_runtime_System_exitFxn__C                                     
0000ab64  xdc_runtime_System_extendFxn__C                                   
0000ab68  xdc_runtime_System_maxAtexitHandlers__C                           
0000ab6c  xdc_runtime_Text_charTab__C                                       
0000ab70  xdc_runtime_Text_nameEmpty__C                                     
0000ab74  xdc_runtime_Text_nameStatic__C                                    
0000ab78  xdc_runtime_Text_nameUnknown__C                                   
0000ab7c  xdc_runtime_Text_nodeTab__C                                       
0000ab80  xdc_runtime_Text_visitRopeFxn__C                                  
0000ab84  ti_sysbios_family_arm_m3_Hwi_Module__id__C                        
0000ab86  ti_sysbios_family_arm_m3_Hwi_Module__loggerDefined__C             
0000ab88  ti_sysbios_gates_GateMutex_Module__id__C                          
0000ab8a  ti_sysbios_hal_Hwi_Module__id__C                                  
0000ab8c  ti_sysbios_heaps_HeapMem_Module__id__C                            
0000ab8e  ti_sysbios_knl_Clock_Module__id__C                                
0000ab90  ti_sysbios_knl_Clock_Module__loggerDefined__C                     
0000ab92  ti_sysbios_knl_Semaphore_Module__id__C                            
0000ab94  ti_sysbios_knl_Semaphore_Module__loggerDefined__C                 
0000ab96  ti_sysbios_knl_Swi_Module__id__C                                  
0000ab98  ti_sysbios_knl_Swi_Module__loggerDefined__C                       
0000ab9a  ti_sysbios_knl_Task_Module__id__C                                 
0000ab9c  ti_sysbios_knl_Task_Module__loggerDefined__C                      
0000ab9e  ti_sysbios_knl_Task_initStackFlag__C                              
0000aba0  ti_sysbios_utils_Load_Module__id__C                               
0000aba2  ti_sysbios_utils_Load_Module__loggerDefined__C                    
0000aba4  ti_sysbios_utils_Load_updateInIdle__C                             
0000aba6  ti_uia_loggers_LoggerStopMode_Module__id__C                       
0000aba8  ti_uia_loggers_LoggerStopMode_isTimestampEnabled__C               
0000abaa  xdc_runtime_Core_Module__id__C                                    
0000abac  xdc_runtime_Error_Module__loggerDefined__C                        
0000abae  xdc_runtime_Error_maxDepth__C                                     
0000abb0  xdc_runtime_Memory_Module__id__C                                  
0000abb2  xdc_runtime_SysMin_flushAtExit__C                                 
0000abb4  xdc_runtime_Text_charCnt__C                                       
0000abb6  xdc_runtime_Text_isLoaded__C                                      
0000abb8  xdc_runtime_Text_registryModsLastId__C                            
0000abba  xdc_runtime_Text_unnamedModsLastId__C                             
0000abc0  __TI_static_base__                                                
0000b000  __TI_Handler_Table_Base                                           
0000b00c  __TI_Handler_Table_Limit                                          
0000b020  __TI_CINIT_Base                                                   
0000b038  __TI_CINIT_Limit                                                  
20000000  ti_sysbios_family_arm_m3_Hwi_ramVectors                           
20000400  ti_sysbios_heaps_HeapMem_Instance_State_0_buf__A                  
20001400  ti_sysbios_knl_Task_Instance_State_0_stack__A                     
20001800  ti_sysbios_knl_Task_Instance_State_1_stack__A                     
20001b00  ti_sysbios_knl_Task_Instance_State_2_stack__A                     
20002300  ti_uia_loggers_LoggerStopMode_Instance_State_1_packetArray__A     
20002700  ti_uia_loggers_LoggerStopMode_Instance_State_2_packetArray__A     
20002b00  xdc_runtime_SysMin_Module_State_0_outbuf__A                       
20002f00  ti_sysbios_family_arm_m3_Hwi_dispatchTable                        
20003260  __CIOBUF_                                                         
20003380  ti_uia_loggers_LoggerStopMode_Instance_State_0_hdr__A             
200033cc  i2cTransaction                                                    
200033e8  fullBuffer1                                                       
200033fc  AD7745Cap                                                         
20003600  i2cTivaObjects                                                    
20003800  ti_uia_loggers_LoggerStopMode_Instance_State_0_packetArray__A     
20003a00  spiTivaDMAObjects                                                 
20003b7c  AD7745Temp                                                        
20003b80  ti_uia_loggers_LoggerStopMode_Instance_State_1_hdr__A             
20003bb0  fullBuffer2                                                       
20003bc4  slaveRxBuffer                                                     
20003bd8  i2cParams                                                         
20003be8  LTC2485ExtTemp                                                    
20003bec  Si7020Hum                                                         
20003bf0  Si7020Temp                                                        
20003bf8  i2c                                                               
20003c00  ti_uia_loggers_LoggerStopMode_Instance_State_2_hdr__A             
20003c40  spiTivaDMAscratchBuf                                              
20003c4c  xdc_runtime_Diags_dictElems                                       
20003c6c  ti_sysbios_family_arm_lm4_Timer_Module__root__V                   
20003c74  ti_sysbios_family_arm_lm4_Timer_Module_State_0_handles__A         
20003c8c  ti_sysbios_family_arm_lm4_Timer_Module__state__V                  
20003c98  ti_sysbios_family_arm_lm4_TimestampProvider_Module__state__V      
20003ca0  ti_sysbios_family_arm_m3_Hwi_Module__root__V                      
20003ca8  ti_sysbios_family_arm_m3_Hwi_Module_State_0_excActive__A          
20003cac  ti_sysbios_family_arm_m3_Hwi_Module_State_0_excContext__A         
20003cb0  ti_sysbios_family_arm_m3_Hwi_Module_State_0_excStack__A           
20003cb4  ti_sysbios_gates_GateHwi_Module__root__V                          
20003cbc  ti_sysbios_gates_GateHwi_Object__table__V                         
20003cc0  ti_sysbios_gates_GateMutex_Module__root__V                        
20003cc8  ti_sysbios_hal_Hwi_Module__root__V                                
20003cd0  ti_sysbios_heaps_HeapMem_Module__root__V                          
20003cd8  ti_sysbios_heaps_HeapMem_Object__table__V                         
20003cf0  ti_sysbios_knl_Clock_Module__root__V                              
20003cf8  ti_sysbios_knl_Event_Module__root__V                              
20003d04  ti_sysbios_knl_Queue_Module__root__V                              
20003d0c  ti_sysbios_knl_Semaphore_Module__root__V                          
20003d14  ti_sysbios_knl_Swi_Module__root__V                                
20003d1c  ti_sysbios_knl_Swi_Module__state__V                               
20003d38  ti_sysbios_knl_Task_Module__root__V                               
20003d44  ti_sysbios_knl_Task_Module_State_0_readyQ__A                      
20003d64  ti_sysbios_knl_Task_Module_State_0_idleTask__A                    
20003d68  ti_sysbios_utils_Load_Module_State_0_taskStartTime__A             
20003d6c  ti_sysbios_utils_Load_Module_State_0_runningTask__A               
20003d70  ti_uia_loggers_LoggerStopMode_Module__root__V                     
20003d78  ti_uia_loggers_LoggerStopMode_Module__state__V                    
20003d80  ti_uia_runtime_QueueDescriptor_Module__state__V                   
20003d8c  xdc_runtime_Error_Module__state__V                                
20003d8e  xdc_runtime_Main_Module__root__V                                  
20003d90  xdc_runtime_Memory_Module__state__V                               
20003d94  xdc_runtime_Registry_Module__state__V                             
20003d9c  xdc_runtime_Startup_Module__state__V                              
20003da4  xdc_runtime_SysMin_Module__state__V                               
20003db0  xdc_runtime_System_Module_State_0_atexitHandlers__A               
20003dd0  xdc_runtime_System_Module__state__V                               
20003dd8  xdc_runtime_Text_Module__state__V                                 
20003de0  __xdc__init__addr                                                 
20003de4  ti_sysbios_knl_Task_Object__table__V                              
20003e7c  TSK_idle                                                          
20003ec8  ti_uia_loggers_LoggerStopMode_Object__table__V                    
20003f64  ti_sysbios_utils_Load_Module__state__V                            
20003ffc  ti_sysbios_family_arm_lm4_Timer_Object__table__V                  
2000407c  ti_sysbios_knl_Swi_Module_State_0_readyQ__A                       
200040fc  ti_sysbios_knl_Task_Module__state__V                              
20004140  ti_sysbios_gates_GateMutex_Object__table__V                       
20004178  ti_sysbios_family_arm_m3_Hwi_Module__state__V                     
200041ac  ti_sysbios_family_arm_lm4_Timer_Module_State_0_device__A          
200041dc  ti_sysbios_family_arm_m3_Hwi_Object__table__V                     
2000420c  ti_sysbios_knl_Swi_Object__table__V                               
2000423c  buffer                                                            
20004240  spiConnected                                                      
20004244  masterTxBuffer                                                    
20004256  slaveTxBuffer                                                     
20004268  ti_sysbios_knl_Clock_Module__state__V                             
20004294  ti_sysbios_BIOS_Module__state__V                                  
200042bc  gpioPinConfigs                                                    
200042d0  gpioCallbackFunctions                                             
200042d8  _lock                                                             
200042dc  _unlock                                                           
200042e0  __TI_cleanup_ptr                                                  
200042e4  __TI_dtors_ptr                                                    
200042e8  ti_uia_runtime_QueueDescriptor_gPtrToFirstDescriptor              
200042ec  ti_uia_runtime_QueueDescriptor_gUpdateCount                       
20004300  main_func_sp                                                      
20004304  __stack                                                           
20004504  __STACK_TOP                                                       
20004604  __STACK_END                                                       
e000e000  ti_sysbios_family_arm_m3_Hwi_nvic                                 
ffffffff  __binit__                                                         
ffffffff  __c_args__                                                        
ffffffff  binit                                                             
UNDEFED   SHT$$INIT_ARRAY$$Base                                             
UNDEFED   SHT$$INIT_ARRAY$$Limit                                            

[785 symbols]
